[0.104s] Invoking command in '/tmp/agrobot-next-build-ybgPHn/build/robot_bringup': AMENT_PREFIX_PATH=/tmp/agrobot-next-build-ybgPHn/install/moveit_config:/tmp/agrobot-next-build-ybgPHn/install/robot_description:${AMENT_PREFIX_PATH} CMAKE_PREFIX_PATH=/tmp/agrobot-next-build-ybgPHn/install/moveit_config:/tmp/agrobot-next-build-ybgPHn/install/robot_description:/opt/ros/jazzy/opt/gz_sim_vendor:/opt/ros/jazzy/opt/gz_sensors_vendor:/opt/ros/jazzy/opt/gz_physics_vendor:/opt/ros/jazzy/opt/sdformat_vendor:/opt/ros/jazzy/opt/gz_gui_vendor:/opt/ros/jazzy/opt/gz_transport_vendor:/opt/ros/jazzy/opt/gz_rendering_vendor:/opt/ros/jazzy/opt/gz_plugin_vendor:/opt/ros/jazzy/opt/gz_fuel_tools_vendor:/opt/ros/jazzy/opt/gz_msgs_vendor:/opt/ros/jazzy/opt/gz_common_vendor:/opt/ros/jazzy/opt/gz_math_vendor:/opt/ros/jazzy/opt/gz_utils_vendor:/opt/ros/jazzy/opt/gz_tools_vendor:/opt/ros/jazzy/opt/gz_ogre_next_vendor:/opt/ros/jazzy/opt/gz_dartsim_vendor:/opt/ros/jazzy/opt/gz_cmake_vendor:/opt/ros/jazzy /usr/bin/cmake /home/gsylvia/agrobot-reverse-engineering/Agrobot/src/robot_bringup -DCMAKE_INSTALL_PREFIX=/tmp/agrobot-next-build-ybgPHn/install/robot_bringup
[0.225s] -- The C compiler identification is GNU 13.3.0
[0.883s] -- The CXX compiler identification is GNU 13.3.0
[1.412s] -- Detecting C compiler ABI info
[1.636s] -- Detecting C compiler ABI info - done
[1.641s] -- Check for working C compiler: /usr/bin/cc - skipped
[1.641s] -- Detecting C compile features
[1.641s] -- Detecting C compile features - done
[1.726s] -- Detecting CXX compiler ABI info
[1.951s] -- Detecting CXX compiler ABI info - done
[1.956s] -- Check for working CXX compiler: /usr/bin/c++ - skipped
[1.957s] -- Detecting CXX compile features
[1.957s] -- Detecting CXX compile features - done
[1.959s] -- Found ament_cmake: 2.5.6 (/opt/ros/jazzy/share/ament_cmake/cmake)
[2.064s] -- Found Python3: /usr/bin/python3 (found version "3.12.3") found components: Interpreter 
[2.203s] -- Configuring done (2.1s)
[2.204s] -- Generating done (0.0s)
[2.205s] -- Build files have been written to: /tmp/agrobot-next-build-ybgPHn/build/robot_bringup
[2.209s] Invoked command in '/tmp/agrobot-next-build-ybgPHn/build/robot_bringup' returned '0': AMENT_PREFIX_PATH=/tmp/agrobot-next-build-ybgPHn/install/moveit_config:/tmp/agrobot-next-build-ybgPHn/install/robot_description:${AMENT_PREFIX_PATH} CMAKE_PREFIX_PATH=/tmp/agrobot-next-build-ybgPHn/install/moveit_config:/tmp/agrobot-next-build-ybgPHn/install/robot_description:/opt/ros/jazzy/opt/gz_sim_vendor:/opt/ros/jazzy/opt/gz_sensors_vendor:/opt/ros/jazzy/opt/gz_physics_vendor:/opt/ros/jazzy/opt/sdformat_vendor:/opt/ros/jazzy/opt/gz_gui_vendor:/opt/ros/jazzy/opt/gz_transport_vendor:/opt/ros/jazzy/opt/gz_rendering_vendor:/opt/ros/jazzy/opt/gz_plugin_vendor:/opt/ros/jazzy/opt/gz_fuel_tools_vendor:/opt/ros/jazzy/opt/gz_msgs_vendor:/opt/ros/jazzy/opt/gz_common_vendor:/opt/ros/jazzy/opt/gz_math_vendor:/opt/ros/jazzy/opt/gz_utils_vendor:/opt/ros/jazzy/opt/gz_tools_vendor:/opt/ros/jazzy/opt/gz_ogre_next_vendor:/opt/ros/jazzy/opt/gz_dartsim_vendor:/opt/ros/jazzy/opt/gz_cmake_vendor:/opt/ros/jazzy /usr/bin/cmake /home/gsylvia/agrobot-reverse-engineering/Agrobot/src/robot_bringup -DCMAKE_INSTALL_PREFIX=/tmp/agrobot-next-build-ybgPHn/install/robot_bringup
[2.210s] Invoking command in '/tmp/agrobot-next-build-ybgPHn/build/robot_bringup': AMENT_PREFIX_PATH=/tmp/agrobot-next-build-ybgPHn/install/moveit_config:/tmp/agrobot-next-build-ybgPHn/install/robot_description:${AMENT_PREFIX_PATH} CMAKE_PREFIX_PATH=/tmp/agrobot-next-build-ybgPHn/install/moveit_config:/tmp/agrobot-next-build-ybgPHn/install/robot_description:/opt/ros/jazzy/opt/gz_sim_vendor:/opt/ros/jazzy/opt/gz_sensors_vendor:/opt/ros/jazzy/opt/gz_physics_vendor:/opt/ros/jazzy/opt/sdformat_vendor:/opt/ros/jazzy/opt/gz_gui_vendor:/opt/ros/jazzy/opt/gz_transport_vendor:/opt/ros/jazzy/opt/gz_rendering_vendor:/opt/ros/jazzy/opt/gz_plugin_vendor:/opt/ros/jazzy/opt/gz_fuel_tools_vendor:/opt/ros/jazzy/opt/gz_msgs_vendor:/opt/ros/jazzy/opt/gz_common_vendor:/opt/ros/jazzy/opt/gz_math_vendor:/opt/ros/jazzy/opt/gz_utils_vendor:/opt/ros/jazzy/opt/gz_tools_vendor:/opt/ros/jazzy/opt/gz_ogre_next_vendor:/opt/ros/jazzy/opt/gz_dartsim_vendor:/opt/ros/jazzy/opt/gz_cmake_vendor:/opt/ros/jazzy /usr/bin/cmake --build /tmp/agrobot-next-build-ybgPHn/build/robot_bringup -- -j16 -l16
[2.238s] Invoked command in '/tmp/agrobot-next-build-ybgPHn/build/robot_bringup' returned '0': AMENT_PREFIX_PATH=/tmp/agrobot-next-build-ybgPHn/install/moveit_config:/tmp/agrobot-next-build-ybgPHn/install/robot_description:${AMENT_PREFIX_PATH} CMAKE_PREFIX_PATH=/tmp/agrobot-next-build-ybgPHn/install/moveit_config:/tmp/agrobot-next-build-ybgPHn/install/robot_description:/opt/ros/jazzy/opt/gz_sim_vendor:/opt/ros/jazzy/opt/gz_sensors_vendor:/opt/ros/jazzy/opt/gz_physics_vendor:/opt/ros/jazzy/opt/sdformat_vendor:/opt/ros/jazzy/opt/gz_gui_vendor:/opt/ros/jazzy/opt/gz_transport_vendor:/opt/ros/jazzy/opt/gz_rendering_vendor:/opt/ros/jazzy/opt/gz_plugin_vendor:/opt/ros/jazzy/opt/gz_fuel_tools_vendor:/opt/ros/jazzy/opt/gz_msgs_vendor:/opt/ros/jazzy/opt/gz_common_vendor:/opt/ros/jazzy/opt/gz_math_vendor:/opt/ros/jazzy/opt/gz_utils_vendor:/opt/ros/jazzy/opt/gz_tools_vendor:/opt/ros/jazzy/opt/gz_ogre_next_vendor:/opt/ros/jazzy/opt/gz_dartsim_vendor:/opt/ros/jazzy/opt/gz_cmake_vendor:/opt/ros/jazzy /usr/bin/cmake --build /tmp/agrobot-next-build-ybgPHn/build/robot_bringup -- -j16 -l16
[2.239s] Invoking command in '/tmp/agrobot-next-build-ybgPHn/build/robot_bringup': AMENT_PREFIX_PATH=/tmp/agrobot-next-build-ybgPHn/install/moveit_config:/tmp/agrobot-next-build-ybgPHn/install/robot_description:${AMENT_PREFIX_PATH} CMAKE_PREFIX_PATH=/tmp/agrobot-next-build-ybgPHn/install/moveit_config:/tmp/agrobot-next-build-ybgPHn/install/robot_description:/opt/ros/jazzy/opt/gz_sim_vendor:/opt/ros/jazzy/opt/gz_sensors_vendor:/opt/ros/jazzy/opt/gz_physics_vendor:/opt/ros/jazzy/opt/sdformat_vendor:/opt/ros/jazzy/opt/gz_gui_vendor:/opt/ros/jazzy/opt/gz_transport_vendor:/opt/ros/jazzy/opt/gz_rendering_vendor:/opt/ros/jazzy/opt/gz_plugin_vendor:/opt/ros/jazzy/opt/gz_fuel_tools_vendor:/opt/ros/jazzy/opt/gz_msgs_vendor:/opt/ros/jazzy/opt/gz_common_vendor:/opt/ros/jazzy/opt/gz_math_vendor:/opt/ros/jazzy/opt/gz_utils_vendor:/opt/ros/jazzy/opt/gz_tools_vendor:/opt/ros/jazzy/opt/gz_ogre_next_vendor:/opt/ros/jazzy/opt/gz_dartsim_vendor:/opt/ros/jazzy/opt/gz_cmake_vendor:/opt/ros/jazzy /usr/bin/cmake --install /tmp/agrobot-next-build-ybgPHn/build/robot_bringup
[2.245s] -- Install configuration: ""
[2.245s] -- Installing: /tmp/agrobot-next-build-ybgPHn/install/robot_bringup/share/robot_bringup//config
[2.246s] -- Installing: /tmp/agrobot-next-build-ybgPHn/install/robot_bringup/share/robot_bringup//config/display.rviz
[2.246s] -- Installing: /tmp/agrobot-next-build-ybgPHn/install/robot_bringup/share/robot_bringup//config/ros2_controllers.yaml
[2.246s] -- Installing: /tmp/agrobot-next-build-ybgPHn/install/robot_bringup/share/robot_bringup//config/robot_moveit.rviz
[2.246s] -- Installing: /tmp/agrobot-next-build-ybgPHn/install/robot_bringup/share/robot_bringup//launch
[2.246s] -- Installing: /tmp/agrobot-next-build-ybgPHn/install/robot_bringup/share/robot_bringup//launch/robot.launch.xml
[2.246s] -- Installing: /tmp/agrobot-next-build-ybgPHn/install/robot_bringup/share/robot_bringup//launch/display.launch.xml
[2.247s] -- Installing: /tmp/agrobot-next-build-ybgPHn/install/robot_bringup/share/ament_index/resource_index/package_run_dependencies/robot_bringup
[2.247s] -- Installing: /tmp/agrobot-next-build-ybgPHn/install/robot_bringup/share/ament_index/resource_index/parent_prefix_path/robot_bringup
[2.247s] -- Installing: /tmp/agrobot-next-build-ybgPHn/install/robot_bringup/share/robot_bringup/environment/ament_prefix_path.sh
[2.247s] -- Installing: /tmp/agrobot-next-build-ybgPHn/install/robot_bringup/share/robot_bringup/environment/ament_prefix_path.dsv
[2.247s] -- Installing: /tmp/agrobot-next-build-ybgPHn/install/robot_bringup/share/robot_bringup/environment/path.sh
[2.247s] -- Installing: /tmp/agrobot-next-build-ybgPHn/install/robot_bringup/share/robot_bringup/environment/path.dsv
[2.247s] -- Installing: /tmp/agrobot-next-build-ybgPHn/install/robot_bringup/share/robot_bringup/local_setup.bash
[2.247s] -- Installing: /tmp/agrobot-next-build-ybgPHn/install/robot_bringup/share/robot_bringup/local_setup.sh
[2.248s] -- Installing: /tmp/agrobot-next-build-ybgPHn/install/robot_bringup/share/robot_bringup/local_setup.zsh
[2.248s] -- Installing: /tmp/agrobot-next-build-ybgPHn/install/robot_bringup/share/robot_bringup/local_setup.dsv
[2.248s] -- Installing: /tmp/agrobot-next-build-ybgPHn/install/robot_bringup/share/robot_bringup/package.dsv
[2.248s] -- Installing: /tmp/agrobot-next-build-ybgPHn/install/robot_bringup/share/ament_index/resource_index/packages/robot_bringup
[2.248s] -- Installing: /tmp/agrobot-next-build-ybgPHn/install/robot_bringup/share/robot_bringup/cmake/robot_bringupConfig.cmake
[2.248s] -- Installing: /tmp/agrobot-next-build-ybgPHn/install/robot_bringup/share/robot_bringup/cmake/robot_bringupConfig-version.cmake
[2.248s] -- Installing: /tmp/agrobot-next-build-ybgPHn/install/robot_bringup/share/robot_bringup/package.xml
[2.249s] Invoked command in '/tmp/agrobot-next-build-ybgPHn/build/robot_bringup' returned '0': AMENT_PREFIX_PATH=/tmp/agrobot-next-build-ybgPHn/install/moveit_config:/tmp/agrobot-next-build-ybgPHn/install/robot_description:${AMENT_PREFIX_PATH} CMAKE_PREFIX_PATH=/tmp/agrobot-next-build-ybgPHn/install/moveit_config:/tmp/agrobot-next-build-ybgPHn/install/robot_description:/opt/ros/jazzy/opt/gz_sim_vendor:/opt/ros/jazzy/opt/gz_sensors_vendor:/opt/ros/jazzy/opt/gz_physics_vendor:/opt/ros/jazzy/opt/sdformat_vendor:/opt/ros/jazzy/opt/gz_gui_vendor:/opt/ros/jazzy/opt/gz_transport_vendor:/opt/ros/jazzy/opt/gz_rendering_vendor:/opt/ros/jazzy/opt/gz_plugin_vendor:/opt/ros/jazzy/opt/gz_fuel_tools_vendor:/opt/ros/jazzy/opt/gz_msgs_vendor:/opt/ros/jazzy/opt/gz_common_vendor:/opt/ros/jazzy/opt/gz_math_vendor:/opt/ros/jazzy/opt/gz_utils_vendor:/opt/ros/jazzy/opt/gz_tools_vendor:/opt/ros/jazzy/opt/gz_ogre_next_vendor:/opt/ros/jazzy/opt/gz_dartsim_vendor:/opt/ros/jazzy/opt/gz_cmake_vendor:/opt/ros/jazzy /usr/bin/cmake --install /tmp/agrobot-next-build-ybgPHn/build/robot_bringup
