-- The C compiler identification is GNU 13.3.0
-- The CXX compiler identification is GNU 13.3.0
-- Detecting C compiler ABI info
-- Detecting C compiler ABI info - done
-- Check for working C compiler: /usr/bin/cc - skipped
-- Detecting C compile features
-- Detecting C compile features - done
-- Detecting CXX compiler ABI info
-- Detecting CXX compiler ABI info - done
-- Check for working CXX compiler: /usr/bin/c++ - skipped
-- Detecting CXX compile features
-- Detecting CXX compile features - done
-- Found ament_cmake: 2.5.6 (/opt/ros/jazzy/share/ament_cmake/cmake)
-- Found Python3: /usr/bin/python3 (found version "3.12.3") found components: Interpreter 
-- Found lely_core_libraries: 0.3.1 (/tmp/agrobot-next-build-ybgPHn/install/lely_core_libraries/share/lely_core_libraries/cmake)
-- Found lifecycle_msgs: 2.0.4 (/opt/ros/jazzy/share/lifecycle_msgs/cmake)
-- Found rosidl_generator_c: 4.6.9 (/opt/ros/jazzy/share/rosidl_generator_c/cmake)
-- Found rosidl_generator_cpp: 4.6.9 (/opt/ros/jazzy/share/rosidl_generator_cpp/cmake)
-- Using all available rosidl_typesupport_c: rosidl_typesupport_fastrtps_c;rosidl_typesupport_introspection_c
-- Using all available rosidl_typesupport_cpp: rosidl_typesupport_fastrtps_cpp;rosidl_typesupport_introspection_cpp
-- Found rclcpp: 28.1.22 (/opt/ros/jazzy/share/rclcpp/cmake)
-- Found rmw_implementation_cmake: 7.3.3 (/opt/ros/jazzy/share/rmw_implementation_cmake/cmake)
-- Found rmw_fastrtps_cpp: 8.4.4 (/opt/ros/jazzy/share/rmw_fastrtps_cpp/cmake)
-- Found OpenSSL: /usr/lib/x86_64-linux-gnu/libcrypto.so (found version "3.0.13")  
-- Found FastRTPS: /opt/ros/jazzy/include (Required is at least version "2.13") 
-- Using RMW implementation 'rmw_fastrtps_cpp' as default
-- Found rclcpp_lifecycle: 28.1.22 (/opt/ros/jazzy/share/rclcpp_lifecycle/cmake)
-- Found ament_lint_auto: 0.17.5 (/opt/ros/jazzy/share/ament_lint_auto/cmake)
-- Configuring done (2.4s)
-- Generating done (0.0s)
-- Build files have been written to: /tmp/agrobot-next-build-ybgPHn/build/canopen_fake_slaves
[ 33%] Building CXX object CMakeFiles/motion_generator.dir/src/motion_generator.cpp.o
[ 33%] Building CXX object CMakeFiles/basic_slave_node.dir/src/basic_slave.cpp.o
[ 50%] Linking CXX shared library libmotion_generator.so
[ 50%] Built target motion_generator
[ 66%] Building CXX object CMakeFiles/cia402_slave_node.dir/src/cia402_slave.cpp.o
In file included from /home/gsylvia/agrobot-reverse-engineering/Agrobot/src/ros2_canopen/canopen_fake_slaves/src/basic_slave.cpp:15:
/home/gsylvia/agrobot-reverse-engineering/Agrobot/src/ros2_canopen/canopen_fake_slaves/include/canopen_fake_slaves/basic_slave.hpp: In member function ‘uint32_t ros2_canopen::SimpleSlave::GetValue(uint16_t, uint8_t) const’:
/home/gsylvia/agrobot-reverse-engineering/Agrobot/src/ros2_canopen/canopen_fake_slaves/include/canopen_fake_slaves/basic_slave.hpp:123:12: warning: possibly dangling reference to a temporary [-Wdangling-reference]
  123 |     auto & type = (*this)[idx][subidx].Type();
      |            ^~~~
/home/gsylvia/agrobot-reverse-engineering/Agrobot/src/ros2_canopen/canopen_fake_slaves/include/canopen_fake_slaves/basic_slave.hpp:123:44: note: the temporary was destroyed at the end of the full expression ‘((const ros2_canopen::SimpleSlave*)this)->ros2_canopen::SimpleSlave::<anonymous>.lely::canopen::BasicSlave::operator[](((std::ptrdiff_t)((uint16_t)idx))).lely::canopen::BasicSlave::ConstObject::operator[](((int)((uint8_t)subidx))).lely::canopen::BasicSlave::ConstSubObject::Type()’
  123 |     auto & type = (*this)[idx][subidx].Type();
      |                   ~~~~~~~~~~~~~~~~~~~~~~~~~^~
[ 83%] Linking CXX executable basic_slave_node
[ 83%] Built target basic_slave_node
[100%] Linking CXX executable cia402_slave_node
[100%] Built target cia402_slave_node
-- Install configuration: ""
-- Installing: /tmp/agrobot-next-build-ybgPHn/install/canopen_fake_slaves/lib/canopen_fake_slaves/libmotion_generator.so
-- Installing: /tmp/agrobot-next-build-ybgPHn/install/canopen_fake_slaves/lib/canopen_fake_slaves/basic_slave_node
-- Set non-toolchain portion of runtime path of "/tmp/agrobot-next-build-ybgPHn/install/canopen_fake_slaves/lib/canopen_fake_slaves/basic_slave_node" to ""
-- Installing: /tmp/agrobot-next-build-ybgPHn/install/canopen_fake_slaves/lib/canopen_fake_slaves/cia402_slave_node
-- Set non-toolchain portion of runtime path of "/tmp/agrobot-next-build-ybgPHn/install/canopen_fake_slaves/lib/canopen_fake_slaves/cia402_slave_node" to ""
-- Installing: /tmp/agrobot-next-build-ybgPHn/install/canopen_fake_slaves/share/canopen_fake_slaves/launch/
-- Installing: /tmp/agrobot-next-build-ybgPHn/install/canopen_fake_slaves/share/canopen_fake_slaves/launch//basic_slave.launch.py
-- Installing: /tmp/agrobot-next-build-ybgPHn/install/canopen_fake_slaves/share/canopen_fake_slaves/launch//cia402_slave.launch.py
-- Installing: /tmp/agrobot-next-build-ybgPHn/install/canopen_fake_slaves/share/canopen_fake_slaves/config/
-- Installing: /tmp/agrobot-next-build-ybgPHn/install/canopen_fake_slaves/share/canopen_fake_slaves/config//simple_slave.eds
-- Installing: /tmp/agrobot-next-build-ybgPHn/install/canopen_fake_slaves/share/canopen_fake_slaves/config//cia402_slave.eds
-- Installing: /tmp/agrobot-next-build-ybgPHn/install/canopen_fake_slaves/include
-- Installing: /tmp/agrobot-next-build-ybgPHn/install/canopen_fake_slaves/include/canopen_fake_slaves
-- Installing: /tmp/agrobot-next-build-ybgPHn/install/canopen_fake_slaves/include/canopen_fake_slaves/motion_generator.hpp
-- Installing: /tmp/agrobot-next-build-ybgPHn/install/canopen_fake_slaves/include/canopen_fake_slaves/base_slave.hpp
-- Installing: /tmp/agrobot-next-build-ybgPHn/install/canopen_fake_slaves/include/canopen_fake_slaves/basic_slave.hpp
-- Installing: /tmp/agrobot-next-build-ybgPHn/install/canopen_fake_slaves/include/canopen_fake_slaves/cia402_slave.hpp
-- Installing: /tmp/agrobot-next-build-ybgPHn/install/canopen_fake_slaves/share/ament_index/resource_index/package_run_dependencies/canopen_fake_slaves
-- Installing: /tmp/agrobot-next-build-ybgPHn/install/canopen_fake_slaves/share/ament_index/resource_index/parent_prefix_path/canopen_fake_slaves
-- Installing: /tmp/agrobot-next-build-ybgPHn/install/canopen_fake_slaves/share/canopen_fake_slaves/environment/ament_prefix_path.sh
-- Installing: /tmp/agrobot-next-build-ybgPHn/install/canopen_fake_slaves/share/canopen_fake_slaves/environment/ament_prefix_path.dsv
-- Installing: /tmp/agrobot-next-build-ybgPHn/install/canopen_fake_slaves/share/canopen_fake_slaves/environment/path.sh
-- Installing: /tmp/agrobot-next-build-ybgPHn/install/canopen_fake_slaves/share/canopen_fake_slaves/environment/path.dsv
-- Installing: /tmp/agrobot-next-build-ybgPHn/install/canopen_fake_slaves/share/canopen_fake_slaves/local_setup.bash
-- Installing: /tmp/agrobot-next-build-ybgPHn/install/canopen_fake_slaves/share/canopen_fake_slaves/local_setup.sh
-- Installing: /tmp/agrobot-next-build-ybgPHn/install/canopen_fake_slaves/share/canopen_fake_slaves/local_setup.zsh
-- Installing: /tmp/agrobot-next-build-ybgPHn/install/canopen_fake_slaves/share/canopen_fake_slaves/local_setup.dsv
-- Installing: /tmp/agrobot-next-build-ybgPHn/install/canopen_fake_slaves/share/canopen_fake_slaves/package.dsv
-- Installing: /tmp/agrobot-next-build-ybgPHn/install/canopen_fake_slaves/share/ament_index/resource_index/packages/canopen_fake_slaves
-- Installing: /tmp/agrobot-next-build-ybgPHn/install/canopen_fake_slaves/share/canopen_fake_slaves/cmake/ament_cmake_export_include_directories-extras.cmake
-- Installing: /tmp/agrobot-next-build-ybgPHn/install/canopen_fake_slaves/share/canopen_fake_slaves/cmake/ament_cmake_export_dependencies-extras.cmake
-- Installing: /tmp/agrobot-next-build-ybgPHn/install/canopen_fake_slaves/share/canopen_fake_slaves/cmake/canopen_fake_slavesConfig.cmake
-- Installing: /tmp/agrobot-next-build-ybgPHn/install/canopen_fake_slaves/share/canopen_fake_slaves/cmake/canopen_fake_slavesConfig-version.cmake
-- Installing: /tmp/agrobot-next-build-ybgPHn/install/canopen_fake_slaves/share/canopen_fake_slaves/package.xml
