[0.164s] Invoking command in '/tmp/agrobot-next-build-ybgPHn/build/canopen_fake_slaves': AMENT_PREFIX_PATH=/tmp/agrobot-next-build-ybgPHn/install/lely_core_libraries:${AMENT_PREFIX_PATH} CMAKE_PREFIX_PATH=/tmp/agrobot-next-build-ybgPHn/install/lely_core_libraries:/opt/ros/jazzy/opt/gz_sim_vendor:/opt/ros/jazzy/opt/gz_sensors_vendor:/opt/ros/jazzy/opt/gz_physics_vendor:/opt/ros/jazzy/opt/sdformat_vendor:/opt/ros/jazzy/opt/gz_gui_vendor:/opt/ros/jazzy/opt/gz_transport_vendor:/opt/ros/jazzy/opt/gz_rendering_vendor:/opt/ros/jazzy/opt/gz_plugin_vendor:/opt/ros/jazzy/opt/gz_fuel_tools_vendor:/opt/ros/jazzy/opt/gz_msgs_vendor:/opt/ros/jazzy/opt/gz_common_vendor:/opt/ros/jazzy/opt/gz_math_vendor:/opt/ros/jazzy/opt/gz_utils_vendor:/opt/ros/jazzy/opt/gz_tools_vendor:/opt/ros/jazzy/opt/gz_ogre_next_vendor:/opt/ros/jazzy/opt/gz_dartsim_vendor:/opt/ros/jazzy/opt/gz_cmake_vendor:/opt/ros/jazzy LD_LIBRARY_PATH=/tmp/agrobot-next-build-ybgPHn/install/lely_core_libraries/lib:${LD_LIBRARY_PATH} PATH=/tmp/agrobot-next-build-ybgPHn/install/lely_core_libraries/bin:${PATH} PYTHONPATH=/tmp/agrobot-next-build-ybgPHn/install/lely_core_libraries/lib/python3.12/site-packages:${PYTHONPATH} /usr/bin/cmake /home/gsylvia/agrobot-reverse-engineering/Agrobot/src/ros2_canopen/canopen_fake_slaves -DCMAKE_INSTALL_PREFIX=/tmp/agrobot-next-build-ybgPHn/install/canopen_fake_slaves
[0.289s] -- The C compiler identification is GNU 13.3.0
[0.721s] -- The CXX compiler identification is GNU 13.3.0
[1.038s] -- Detecting C compiler ABI info
[1.245s] -- Detecting C compiler ABI info - done
[1.250s] -- Check for working C compiler: /usr/bin/cc - skipped
[1.250s] -- Detecting C compile features
[1.250s] -- Detecting C compile features - done
[1.332s] -- Detecting CXX compiler ABI info
[1.566s] -- Detecting CXX compiler ABI info - done
[1.571s] -- Check for working CXX compiler: /usr/bin/c++ - skipped
[1.571s] -- Detecting CXX compile features
[1.571s] -- Detecting CXX compile features - done
[1.573s] -- Found ament_cmake: 2.5.6 (/opt/ros/jazzy/share/ament_cmake/cmake)
[1.675s] -- Found Python3: /usr/bin/python3 (found version "3.12.3") found components: Interpreter 
[1.753s] -- Found lely_core_libraries: 0.3.1 (/tmp/agrobot-next-build-ybgPHn/install/lely_core_libraries/share/lely_core_libraries/cmake)
[1.757s] -- Found lifecycle_msgs: 2.0.4 (/opt/ros/jazzy/share/lifecycle_msgs/cmake)
[1.926s] -- Found rosidl_generator_c: 4.6.9 (/opt/ros/jazzy/share/rosidl_generator_c/cmake)
[1.936s] -- Found rosidl_generator_cpp: 4.6.9 (/opt/ros/jazzy/share/rosidl_generator_cpp/cmake)
[1.948s] -- Using all available rosidl_typesupport_c: rosidl_typesupport_fastrtps_c;rosidl_typesupport_introspection_c
[1.961s] -- Using all available rosidl_typesupport_cpp: rosidl_typesupport_fastrtps_cpp;rosidl_typesupport_introspection_cpp
[1.999s] -- Found rclcpp: 28.1.22 (/opt/ros/jazzy/share/rclcpp/cmake)
[2.030s] -- Found rmw_implementation_cmake: 7.3.3 (/opt/ros/jazzy/share/rmw_implementation_cmake/cmake)
[2.032s] -- Found rmw_fastrtps_cpp: 8.4.4 (/opt/ros/jazzy/share/rmw_fastrtps_cpp/cmake)
[2.086s] -- Found OpenSSL: /usr/lib/x86_64-linux-gnu/libcrypto.so (found version "3.0.13")  
[2.287s] -- Found FastRTPS: /opt/ros/jazzy/include (Required is at least version "2.13") 
[2.372s] -- Using RMW implementation 'rmw_fastrtps_cpp' as default
[2.530s] -- Found rclcpp_lifecycle: 28.1.22 (/opt/ros/jazzy/share/rclcpp_lifecycle/cmake)
[2.544s] -- Found ament_lint_auto: 0.17.5 (/opt/ros/jazzy/share/ament_lint_auto/cmake)
[2.607s] -- Configuring done (2.4s)
[2.620s] -- Generating done (0.0s)
[2.624s] -- Build files have been written to: /tmp/agrobot-next-build-ybgPHn/build/canopen_fake_slaves
[2.632s] Invoked command in '/tmp/agrobot-next-build-ybgPHn/build/canopen_fake_slaves' returned '0': AMENT_PREFIX_PATH=/tmp/agrobot-next-build-ybgPHn/install/lely_core_libraries:${AMENT_PREFIX_PATH} CMAKE_PREFIX_PATH=/tmp/agrobot-next-build-ybgPHn/install/lely_core_libraries:/opt/ros/jazzy/opt/gz_sim_vendor:/opt/ros/jazzy/opt/gz_sensors_vendor:/opt/ros/jazzy/opt/gz_physics_vendor:/opt/ros/jazzy/opt/sdformat_vendor:/opt/ros/jazzy/opt/gz_gui_vendor:/opt/ros/jazzy/opt/gz_transport_vendor:/opt/ros/jazzy/opt/gz_rendering_vendor:/opt/ros/jazzy/opt/gz_plugin_vendor:/opt/ros/jazzy/opt/gz_fuel_tools_vendor:/opt/ros/jazzy/opt/gz_msgs_vendor:/opt/ros/jazzy/opt/gz_common_vendor:/opt/ros/jazzy/opt/gz_math_vendor:/opt/ros/jazzy/opt/gz_utils_vendor:/opt/ros/jazzy/opt/gz_tools_vendor:/opt/ros/jazzy/opt/gz_ogre_next_vendor:/opt/ros/jazzy/opt/gz_dartsim_vendor:/opt/ros/jazzy/opt/gz_cmake_vendor:/opt/ros/jazzy LD_LIBRARY_PATH=/tmp/agrobot-next-build-ybgPHn/install/lely_core_libraries/lib:${LD_LIBRARY_PATH} PATH=/tmp/agrobot-next-build-ybgPHn/install/lely_core_libraries/bin:${PATH} PYTHONPATH=/tmp/agrobot-next-build-ybgPHn/install/lely_core_libraries/lib/python3.12/site-packages:${PYTHONPATH} /usr/bin/cmake /home/gsylvia/agrobot-reverse-engineering/Agrobot/src/ros2_canopen/canopen_fake_slaves -DCMAKE_INSTALL_PREFIX=/tmp/agrobot-next-build-ybgPHn/install/canopen_fake_slaves
[2.633s] Invoking command in '/tmp/agrobot-next-build-ybgPHn/build/canopen_fake_slaves': AMENT_PREFIX_PATH=/tmp/agrobot-next-build-ybgPHn/install/lely_core_libraries:${AMENT_PREFIX_PATH} CMAKE_PREFIX_PATH=/tmp/agrobot-next-build-ybgPHn/install/lely_core_libraries:/opt/ros/jazzy/opt/gz_sim_vendor:/opt/ros/jazzy/opt/gz_sensors_vendor:/opt/ros/jazzy/opt/gz_physics_vendor:/opt/ros/jazzy/opt/sdformat_vendor:/opt/ros/jazzy/opt/gz_gui_vendor:/opt/ros/jazzy/opt/gz_transport_vendor:/opt/ros/jazzy/opt/gz_rendering_vendor:/opt/ros/jazzy/opt/gz_plugin_vendor:/opt/ros/jazzy/opt/gz_fuel_tools_vendor:/opt/ros/jazzy/opt/gz_msgs_vendor:/opt/ros/jazzy/opt/gz_common_vendor:/opt/ros/jazzy/opt/gz_math_vendor:/opt/ros/jazzy/opt/gz_utils_vendor:/opt/ros/jazzy/opt/gz_tools_vendor:/opt/ros/jazzy/opt/gz_ogre_next_vendor:/opt/ros/jazzy/opt/gz_dartsim_vendor:/opt/ros/jazzy/opt/gz_cmake_vendor:/opt/ros/jazzy LD_LIBRARY_PATH=/tmp/agrobot-next-build-ybgPHn/install/lely_core_libraries/lib:${LD_LIBRARY_PATH} PATH=/tmp/agrobot-next-build-ybgPHn/install/lely_core_libraries/bin:${PATH} PYTHONPATH=/tmp/agrobot-next-build-ybgPHn/install/lely_core_libraries/lib/python3.12/site-packages:${PYTHONPATH} /usr/bin/cmake --build /tmp/agrobot-next-build-ybgPHn/build/canopen_fake_slaves -- -j16 -l16
[2.671s] [ 33%] Building CXX object CMakeFiles/motion_generator.dir/src/motion_generator.cpp.o
[2.671s] [ 33%] Building CXX object CMakeFiles/basic_slave_node.dir/src/basic_slave.cpp.o
[2.922s] [ 50%] Linking CXX shared library libmotion_generator.so
[3.075s] [ 50%] Built target motion_generator
[3.092s] [ 66%] Building CXX object CMakeFiles/cia402_slave_node.dir/src/cia402_slave.cpp.o
[3.986s] In file included from /home/gsylvia/agrobot-reverse-engineering/Agrobot/src/ros2_canopen/canopen_fake_slaves/src/basic_slave.cpp:15:
[3.987s] /home/gsylvia/agrobot-reverse-engineering/Agrobot/src/ros2_canopen/canopen_fake_slaves/include/canopen_fake_slaves/basic_slave.hpp: In member function ‘uint32_t ros2_canopen::SimpleSlave::GetValue(uint16_t, uint8_t) const’:
[3.987s] /home/gsylvia/agrobot-reverse-engineering/Agrobot/src/ros2_canopen/canopen_fake_slaves/include/canopen_fake_slaves/basic_slave.hpp:123:12: warning: possibly dangling reference to a temporary [-Wdangling-reference]
[3.987s]   123 |     auto & type = (*this)[idx][subidx].Type();
[3.987s]       |            ^~~~
[3.987s] /home/gsylvia/agrobot-reverse-engineering/Agrobot/src/ros2_canopen/canopen_fake_slaves/include/canopen_fake_slaves/basic_slave.hpp:123:44: note: the temporary was destroyed at the end of the full expression ‘((const ros2_canopen::SimpleSlave*)this)->ros2_canopen::SimpleSlave::<anonymous>.lely::canopen::BasicSlave::operator[](((std::ptrdiff_t)((uint16_t)idx))).lely::canopen::BasicSlave::ConstObject::operator[](((int)((uint8_t)subidx))).lely::canopen::BasicSlave::ConstSubObject::Type()’
[3.987s]   123 |     auto & type = (*this)[idx][subidx].Type();
[3.987s]       |                   ~~~~~~~~~~~~~~~~~~~~~~~~~^~
[8.400s] [ 83%] Linking CXX executable basic_slave_node
[8.683s] [ 83%] Built target basic_slave_node
[9.006s] [100%] Linking CXX executable cia402_slave_node
[9.215s] [100%] Built target cia402_slave_node
[9.225s] Invoked command in '/tmp/agrobot-next-build-ybgPHn/build/canopen_fake_slaves' returned '0': AMENT_PREFIX_PATH=/tmp/agrobot-next-build-ybgPHn/install/lely_core_libraries:${AMENT_PREFIX_PATH} CMAKE_PREFIX_PATH=/tmp/agrobot-next-build-ybgPHn/install/lely_core_libraries:/opt/ros/jazzy/opt/gz_sim_vendor:/opt/ros/jazzy/opt/gz_sensors_vendor:/opt/ros/jazzy/opt/gz_physics_vendor:/opt/ros/jazzy/opt/sdformat_vendor:/opt/ros/jazzy/opt/gz_gui_vendor:/opt/ros/jazzy/opt/gz_transport_vendor:/opt/ros/jazzy/opt/gz_rendering_vendor:/opt/ros/jazzy/opt/gz_plugin_vendor:/opt/ros/jazzy/opt/gz_fuel_tools_vendor:/opt/ros/jazzy/opt/gz_msgs_vendor:/opt/ros/jazzy/opt/gz_common_vendor:/opt/ros/jazzy/opt/gz_math_vendor:/opt/ros/jazzy/opt/gz_utils_vendor:/opt/ros/jazzy/opt/gz_tools_vendor:/opt/ros/jazzy/opt/gz_ogre_next_vendor:/opt/ros/jazzy/opt/gz_dartsim_vendor:/opt/ros/jazzy/opt/gz_cmake_vendor:/opt/ros/jazzy LD_LIBRARY_PATH=/tmp/agrobot-next-build-ybgPHn/install/lely_core_libraries/lib:${LD_LIBRARY_PATH} PATH=/tmp/agrobot-next-build-ybgPHn/install/lely_core_libraries/bin:${PATH} PYTHONPATH=/tmp/agrobot-next-build-ybgPHn/install/lely_core_libraries/lib/python3.12/site-packages:${PYTHONPATH} /usr/bin/cmake --build /tmp/agrobot-next-build-ybgPHn/build/canopen_fake_slaves -- -j16 -l16
[9.226s] Invoking command in '/tmp/agrobot-next-build-ybgPHn/build/canopen_fake_slaves': AMENT_PREFIX_PATH=/tmp/agrobot-next-build-ybgPHn/install/lely_core_libraries:${AMENT_PREFIX_PATH} CMAKE_PREFIX_PATH=/tmp/agrobot-next-build-ybgPHn/install/lely_core_libraries:/opt/ros/jazzy/opt/gz_sim_vendor:/opt/ros/jazzy/opt/gz_sensors_vendor:/opt/ros/jazzy/opt/gz_physics_vendor:/opt/ros/jazzy/opt/sdformat_vendor:/opt/ros/jazzy/opt/gz_gui_vendor:/opt/ros/jazzy/opt/gz_transport_vendor:/opt/ros/jazzy/opt/gz_rendering_vendor:/opt/ros/jazzy/opt/gz_plugin_vendor:/opt/ros/jazzy/opt/gz_fuel_tools_vendor:/opt/ros/jazzy/opt/gz_msgs_vendor:/opt/ros/jazzy/opt/gz_common_vendor:/opt/ros/jazzy/opt/gz_math_vendor:/opt/ros/jazzy/opt/gz_utils_vendor:/opt/ros/jazzy/opt/gz_tools_vendor:/opt/ros/jazzy/opt/gz_ogre_next_vendor:/opt/ros/jazzy/opt/gz_dartsim_vendor:/opt/ros/jazzy/opt/gz_cmake_vendor:/opt/ros/jazzy LD_LIBRARY_PATH=/tmp/agrobot-next-build-ybgPHn/install/lely_core_libraries/lib:${LD_LIBRARY_PATH} PATH=/tmp/agrobot-next-build-ybgPHn/install/lely_core_libraries/bin:${PATH} PYTHONPATH=/tmp/agrobot-next-build-ybgPHn/install/lely_core_libraries/lib/python3.12/site-packages:${PYTHONPATH} /usr/bin/cmake --install /tmp/agrobot-next-build-ybgPHn/build/canopen_fake_slaves
[9.233s] -- Install configuration: ""
[9.234s] -- Installing: /tmp/agrobot-next-build-ybgPHn/install/canopen_fake_slaves/lib/canopen_fake_slaves/libmotion_generator.so
[9.234s] -- Installing: /tmp/agrobot-next-build-ybgPHn/install/canopen_fake_slaves/lib/canopen_fake_slaves/basic_slave_node
[9.234s] -- Set non-toolchain portion of runtime path of "/tmp/agrobot-next-build-ybgPHn/install/canopen_fake_slaves/lib/canopen_fake_slaves/basic_slave_node" to ""
[9.234s] -- Installing: /tmp/agrobot-next-build-ybgPHn/install/canopen_fake_slaves/lib/canopen_fake_slaves/cia402_slave_node
[9.235s] -- Set non-toolchain portion of runtime path of "/tmp/agrobot-next-build-ybgPHn/install/canopen_fake_slaves/lib/canopen_fake_slaves/cia402_slave_node" to ""
[9.235s] -- Installing: /tmp/agrobot-next-build-ybgPHn/install/canopen_fake_slaves/share/canopen_fake_slaves/launch/
[9.235s] -- Installing: /tmp/agrobot-next-build-ybgPHn/install/canopen_fake_slaves/share/canopen_fake_slaves/launch//basic_slave.launch.py
[9.235s] -- Installing: /tmp/agrobot-next-build-ybgPHn/install/canopen_fake_slaves/share/canopen_fake_slaves/launch//cia402_slave.launch.py
[9.236s] -- Installing: /tmp/agrobot-next-build-ybgPHn/install/canopen_fake_slaves/share/canopen_fake_slaves/config/
[9.236s] -- Installing: /tmp/agrobot-next-build-ybgPHn/install/canopen_fake_slaves/share/canopen_fake_slaves/config//simple_slave.eds
[9.236s] -- Installing: /tmp/agrobot-next-build-ybgPHn/install/canopen_fake_slaves/share/canopen_fake_slaves/config//cia402_slave.eds
[9.236s] -- Installing: /tmp/agrobot-next-build-ybgPHn/install/canopen_fake_slaves/include
[9.236s] -- Installing: /tmp/agrobot-next-build-ybgPHn/install/canopen_fake_slaves/include/canopen_fake_slaves
[9.237s] -- Installing: /tmp/agrobot-next-build-ybgPHn/install/canopen_fake_slaves/include/canopen_fake_slaves/motion_generator.hpp
[9.237s] -- Installing: /tmp/agrobot-next-build-ybgPHn/install/canopen_fake_slaves/include/canopen_fake_slaves/base_slave.hpp
[9.237s] -- Installing: /tmp/agrobot-next-build-ybgPHn/install/canopen_fake_slaves/include/canopen_fake_slaves/basic_slave.hpp
[9.237s] -- Installing: /tmp/agrobot-next-build-ybgPHn/install/canopen_fake_slaves/include/canopen_fake_slaves/cia402_slave.hpp
[9.237s] -- Installing: /tmp/agrobot-next-build-ybgPHn/install/canopen_fake_slaves/share/ament_index/resource_index/package_run_dependencies/canopen_fake_slaves
[9.237s] -- Installing: /tmp/agrobot-next-build-ybgPHn/install/canopen_fake_slaves/share/ament_index/resource_index/parent_prefix_path/canopen_fake_slaves
[9.238s] -- Installing: /tmp/agrobot-next-build-ybgPHn/install/canopen_fake_slaves/share/canopen_fake_slaves/environment/ament_prefix_path.sh
[9.238s] -- Installing: /tmp/agrobot-next-build-ybgPHn/install/canopen_fake_slaves/share/canopen_fake_slaves/environment/ament_prefix_path.dsv
[9.238s] -- Installing: /tmp/agrobot-next-build-ybgPHn/install/canopen_fake_slaves/share/canopen_fake_slaves/environment/path.sh
[9.238s] -- Installing: /tmp/agrobot-next-build-ybgPHn/install/canopen_fake_slaves/share/canopen_fake_slaves/environment/path.dsv
[9.238s] -- Installing: /tmp/agrobot-next-build-ybgPHn/install/canopen_fake_slaves/share/canopen_fake_slaves/local_setup.bash
[9.238s] -- Installing: /tmp/agrobot-next-build-ybgPHn/install/canopen_fake_slaves/share/canopen_fake_slaves/local_setup.sh
[9.238s] -- Installing: /tmp/agrobot-next-build-ybgPHn/install/canopen_fake_slaves/share/canopen_fake_slaves/local_setup.zsh
[9.238s] -- Installing: /tmp/agrobot-next-build-ybgPHn/install/canopen_fake_slaves/share/canopen_fake_slaves/local_setup.dsv
[9.238s] -- Installing: /tmp/agrobot-next-build-ybgPHn/install/canopen_fake_slaves/share/canopen_fake_slaves/package.dsv
[9.239s] -- Installing: /tmp/agrobot-next-build-ybgPHn/install/canopen_fake_slaves/share/ament_index/resource_index/packages/canopen_fake_slaves
[9.239s] -- Installing: /tmp/agrobot-next-build-ybgPHn/install/canopen_fake_slaves/share/canopen_fake_slaves/cmake/ament_cmake_export_include_directories-extras.cmake
[9.239s] -- Installing: /tmp/agrobot-next-build-ybgPHn/install/canopen_fake_slaves/share/canopen_fake_slaves/cmake/ament_cmake_export_dependencies-extras.cmake
[9.239s] -- Installing: /tmp/agrobot-next-build-ybgPHn/install/canopen_fake_slaves/share/canopen_fake_slaves/cmake/canopen_fake_slavesConfig.cmake
[9.239s] -- Installing: /tmp/agrobot-next-build-ybgPHn/install/canopen_fake_slaves/share/canopen_fake_slaves/cmake/canopen_fake_slavesConfig-version.cmake
[9.240s] -- Installing: /tmp/agrobot-next-build-ybgPHn/install/canopen_fake_slaves/share/canopen_fake_slaves/package.xml
[9.241s] Invoked command in '/tmp/agrobot-next-build-ybgPHn/build/canopen_fake_slaves' returned '0': AMENT_PREFIX_PATH=/tmp/agrobot-next-build-ybgPHn/install/lely_core_libraries:${AMENT_PREFIX_PATH} CMAKE_PREFIX_PATH=/tmp/agrobot-next-build-ybgPHn/install/lely_core_libraries:/opt/ros/jazzy/opt/gz_sim_vendor:/opt/ros/jazzy/opt/gz_sensors_vendor:/opt/ros/jazzy/opt/gz_physics_vendor:/opt/ros/jazzy/opt/sdformat_vendor:/opt/ros/jazzy/opt/gz_gui_vendor:/opt/ros/jazzy/opt/gz_transport_vendor:/opt/ros/jazzy/opt/gz_rendering_vendor:/opt/ros/jazzy/opt/gz_plugin_vendor:/opt/ros/jazzy/opt/gz_fuel_tools_vendor:/opt/ros/jazzy/opt/gz_msgs_vendor:/opt/ros/jazzy/opt/gz_common_vendor:/opt/ros/jazzy/opt/gz_math_vendor:/opt/ros/jazzy/opt/gz_utils_vendor:/opt/ros/jazzy/opt/gz_tools_vendor:/opt/ros/jazzy/opt/gz_ogre_next_vendor:/opt/ros/jazzy/opt/gz_dartsim_vendor:/opt/ros/jazzy/opt/gz_cmake_vendor:/opt/ros/jazzy LD_LIBRARY_PATH=/tmp/agrobot-next-build-ybgPHn/install/lely_core_libraries/lib:${LD_LIBRARY_PATH} PATH=/tmp/agrobot-next-build-ybgPHn/install/lely_core_libraries/bin:${PATH} PYTHONPATH=/tmp/agrobot-next-build-ybgPHn/install/lely_core_libraries/lib/python3.12/site-packages:${PYTHONPATH} /usr/bin/cmake --install /tmp/agrobot-next-build-ybgPHn/build/canopen_fake_slaves
