running egg_info
creating ../../../../../../tmp/agrobot-next-build-ybgPHn/build/epos2_bridge/epos2_bridge.egg-info
writing ../../../../../../tmp/agrobot-next-build-ybgPHn/build/epos2_bridge/epos2_bridge.egg-info/PKG-INFO
writing dependency_links to ../../../../../../tmp/agrobot-next-build-ybgPHn/build/epos2_bridge/epos2_bridge.egg-info/dependency_links.txt
writing entry points to ../../../../../../tmp/agrobot-next-build-ybgPHn/build/epos2_bridge/epos2_bridge.egg-info/entry_points.txt
writing requirements to ../../../../../../tmp/agrobot-next-build-ybgPHn/build/epos2_bridge/epos2_bridge.egg-info/requires.txt
writing top-level names to ../../../../../../tmp/agrobot-next-build-ybgPHn/build/epos2_bridge/epos2_bridge.egg-info/top_level.txt
writing manifest file '../../../../../../tmp/agrobot-next-build-ybgPHn/build/epos2_bridge/epos2_bridge.egg-info/SOURCES.txt'
reading manifest file '../../../../../../tmp/agrobot-next-build-ybgPHn/build/epos2_bridge/epos2_bridge.egg-info/SOURCES.txt'
adding license file 'LICENSE'
writing manifest file '../../../../../../tmp/agrobot-next-build-ybgPHn/build/epos2_bridge/epos2_bridge.egg-info/SOURCES.txt'
running build
running build_py
creating /tmp/agrobot-next-build-ybgPHn/build/epos2_bridge/build
creating /tmp/agrobot-next-build-ybgPHn/build/epos2_bridge/build/lib
creating /tmp/agrobot-next-build-ybgPHn/build/epos2_bridge/build/lib/epos2_bridge
copying epos2_bridge/epos2_j3_bridge_WORKING.py -> /tmp/agrobot-next-build-ybgPHn/build/epos2_bridge/build/lib/epos2_bridge
copying epos2_bridge/epos2_joint_bridge_prototype_safe.py -> /tmp/agrobot-next-build-ybgPHn/build/epos2_bridge/build/lib/epos2_bridge
copying epos2_bridge/epos2_arm_controller.py -> /tmp/agrobot-next-build-ybgPHn/build/epos2_bridge/build/lib/epos2_bridge
copying epos2_bridge/epos2_j3_bridge.py -> /tmp/agrobot-next-build-ybgPHn/build/epos2_bridge/build/lib/epos2_bridge
copying epos2_bridge/epos2_fjt_fanout.py -> /tmp/agrobot-next-build-ybgPHn/build/epos2_bridge/build/lib/epos2_bridge
copying epos2_bridge/epos2_joint_bridge.py -> /tmp/agrobot-next-build-ybgPHn/build/epos2_bridge/build/lib/epos2_bridge
copying epos2_bridge/__init__.py -> /tmp/agrobot-next-build-ybgPHn/build/epos2_bridge/build/lib/epos2_bridge
copying epos2_bridge/pvt_reduce.py -> /tmp/agrobot-next-build-ybgPHn/build/epos2_bridge/build/lib/epos2_bridge
copying epos2_bridge/epos2_j3_bridge_clean.py -> /tmp/agrobot-next-build-ybgPHn/build/epos2_bridge/build/lib/epos2_bridge
running install
running install_lib
creating /tmp/agrobot-next-build-ybgPHn/install/epos2_bridge/lib/python3.12/site-packages/epos2_bridge
copying /tmp/agrobot-next-build-ybgPHn/build/epos2_bridge/build/lib/epos2_bridge/epos2_j3_bridge_WORKING.py -> /tmp/agrobot-next-build-ybgPHn/install/epos2_bridge/lib/python3.12/site-packages/epos2_bridge
copying /tmp/agrobot-next-build-ybgPHn/build/epos2_bridge/build/lib/epos2_bridge/epos2_joint_bridge_prototype_safe.py -> /tmp/agrobot-next-build-ybgPHn/install/epos2_bridge/lib/python3.12/site-packages/epos2_bridge
copying /tmp/agrobot-next-build-ybgPHn/build/epos2_bridge/build/lib/epos2_bridge/epos2_arm_controller.py -> /tmp/agrobot-next-build-ybgPHn/install/epos2_bridge/lib/python3.12/site-packages/epos2_bridge
copying /tmp/agrobot-next-build-ybgPHn/build/epos2_bridge/build/lib/epos2_bridge/epos2_j3_bridge.py -> /tmp/agrobot-next-build-ybgPHn/install/epos2_bridge/lib/python3.12/site-packages/epos2_bridge
copying /tmp/agrobot-next-build-ybgPHn/build/epos2_bridge/build/lib/epos2_bridge/epos2_fjt_fanout.py -> /tmp/agrobot-next-build-ybgPHn/install/epos2_bridge/lib/python3.12/site-packages/epos2_bridge
copying /tmp/agrobot-next-build-ybgPHn/build/epos2_bridge/build/lib/epos2_bridge/epos2_joint_bridge.py -> /tmp/agrobot-next-build-ybgPHn/install/epos2_bridge/lib/python3.12/site-packages/epos2_bridge
copying /tmp/agrobot-next-build-ybgPHn/build/epos2_bridge/build/lib/epos2_bridge/__init__.py -> /tmp/agrobot-next-build-ybgPHn/install/epos2_bridge/lib/python3.12/site-packages/epos2_bridge
copying /tmp/agrobot-next-build-ybgPHn/build/epos2_bridge/build/lib/epos2_bridge/pvt_reduce.py -> /tmp/agrobot-next-build-ybgPHn/install/epos2_bridge/lib/python3.12/site-packages/epos2_bridge
copying /tmp/agrobot-next-build-ybgPHn/build/epos2_bridge/build/lib/epos2_bridge/epos2_j3_bridge_clean.py -> /tmp/agrobot-next-build-ybgPHn/install/epos2_bridge/lib/python3.12/site-packages/epos2_bridge
byte-compiling /tmp/agrobot-next-build-ybgPHn/install/epos2_bridge/lib/python3.12/site-packages/epos2_bridge/epos2_j3_bridge_WORKING.py to epos2_j3_bridge_WORKING.cpython-312.pyc
byte-compiling /tmp/agrobot-next-build-ybgPHn/install/epos2_bridge/lib/python3.12/site-packages/epos2_bridge/epos2_joint_bridge_prototype_safe.py to epos2_joint_bridge_prototype_safe.cpython-312.pyc
byte-compiling /tmp/agrobot-next-build-ybgPHn/install/epos2_bridge/lib/python3.12/site-packages/epos2_bridge/epos2_arm_controller.py to epos2_arm_controller.cpython-312.pyc
byte-compiling /tmp/agrobot-next-build-ybgPHn/install/epos2_bridge/lib/python3.12/site-packages/epos2_bridge/epos2_j3_bridge.py to epos2_j3_bridge.cpython-312.pyc
byte-compiling /tmp/agrobot-next-build-ybgPHn/install/epos2_bridge/lib/python3.12/site-packages/epos2_bridge/epos2_fjt_fanout.py to epos2_fjt_fanout.cpython-312.pyc
byte-compiling /tmp/agrobot-next-build-ybgPHn/install/epos2_bridge/lib/python3.12/site-packages/epos2_bridge/epos2_joint_bridge.py to epos2_joint_bridge.cpython-312.pyc
byte-compiling /tmp/agrobot-next-build-ybgPHn/install/epos2_bridge/lib/python3.12/site-packages/epos2_bridge/__init__.py to __init__.cpython-312.pyc
byte-compiling /tmp/agrobot-next-build-ybgPHn/install/epos2_bridge/lib/python3.12/site-packages/epos2_bridge/pvt_reduce.py to pvt_reduce.cpython-312.pyc
byte-compiling /tmp/agrobot-next-build-ybgPHn/install/epos2_bridge/lib/python3.12/site-packages/epos2_bridge/epos2_j3_bridge_clean.py to epos2_j3_bridge_clean.cpython-312.pyc
running install_data
creating /tmp/agrobot-next-build-ybgPHn/install/epos2_bridge/share/epos2_bridge/config
copying config/epos2_fjt_fanout.yaml -> /tmp/agrobot-next-build-ybgPHn/install/epos2_bridge/share/epos2_bridge/config
copying config/epos2_arm_controller.yaml -> /tmp/agrobot-next-build-ybgPHn/install/epos2_bridge/share/epos2_bridge/config
creating /tmp/agrobot-next-build-ybgPHn/install/epos2_bridge/share/epos2_bridge/config/joints
copying config/joints/j6.yaml -> /tmp/agrobot-next-build-ybgPHn/install/epos2_bridge/share/epos2_bridge/config/joints
copying config/joints/j3.yaml -> /tmp/agrobot-next-build-ybgPHn/install/epos2_bridge/share/epos2_bridge/config/joints
copying config/joints/j4.yaml -> /tmp/agrobot-next-build-ybgPHn/install/epos2_bridge/share/epos2_bridge/config/joints
copying config/joints/j5.yaml -> /tmp/agrobot-next-build-ybgPHn/install/epos2_bridge/share/epos2_bridge/config/joints
copying config/joints/j2.yaml -> /tmp/agrobot-next-build-ybgPHn/install/epos2_bridge/share/epos2_bridge/config/joints
creating /tmp/agrobot-next-build-ybgPHn/install/epos2_bridge/share/ament_index
creating /tmp/agrobot-next-build-ybgPHn/install/epos2_bridge/share/ament_index/resource_index
creating /tmp/agrobot-next-build-ybgPHn/install/epos2_bridge/share/ament_index/resource_index/packages
copying resource/epos2_bridge -> /tmp/agrobot-next-build-ybgPHn/install/epos2_bridge/share/ament_index/resource_index/packages
copying package.xml -> /tmp/agrobot-next-build-ybgPHn/install/epos2_bridge/share/epos2_bridge
creating /tmp/agrobot-next-build-ybgPHn/install/epos2_bridge/share/epos2_bridge/launch
copying launch/epos2_fjt_fanout.launch.py -> /tmp/agrobot-next-build-ybgPHn/install/epos2_bridge/share/epos2_bridge/launch
copying launch/epos2_j4_bridge.launch.py -> /tmp/agrobot-next-build-ybgPHn/install/epos2_bridge/share/epos2_bridge/launch
copying launch/epos2_j1_bridge.launch.py -> /tmp/agrobot-next-build-ybgPHn/install/epos2_bridge/share/epos2_bridge/launch
copying launch/epos2_system.launch.py -> /tmp/agrobot-next-build-ybgPHn/install/epos2_bridge/share/epos2_bridge/launch
copying launch/epos2_j6_bridge.launch.py -> /tmp/agrobot-next-build-ybgPHn/install/epos2_bridge/share/epos2_bridge/launch
copying launch/epos2_j6_generic.launch.py -> /tmp/agrobot-next-build-ybgPHn/install/epos2_bridge/share/epos2_bridge/launch
copying launch/epos2_j5_bridge.launch.py -> /tmp/agrobot-next-build-ybgPHn/install/epos2_bridge/share/epos2_bridge/launch
copying launch/epos2_j5_generic.launch.py -> /tmp/agrobot-next-build-ybgPHn/install/epos2_bridge/share/epos2_bridge/launch
copying launch/epos2_j3_generic.launch.py -> /tmp/agrobot-next-build-ybgPHn/install/epos2_bridge/share/epos2_bridge/launch
copying launch/epos2_arm_epos2_generic.launch.py -> /tmp/agrobot-next-build-ybgPHn/install/epos2_bridge/share/epos2_bridge/launch
copying launch/epos2_j2_generic.launch.py -> /tmp/agrobot-next-build-ybgPHn/install/epos2_bridge/share/epos2_bridge/launch
copying launch/epos2_j4_generic.launch.py -> /tmp/agrobot-next-build-ybgPHn/install/epos2_bridge/share/epos2_bridge/launch
copying launch/epos2_j2_bridge.launch.py -> /tmp/agrobot-next-build-ybgPHn/install/epos2_bridge/share/epos2_bridge/launch
copying launch/epos2_arm_controller.launch.py -> /tmp/agrobot-next-build-ybgPHn/install/epos2_bridge/share/epos2_bridge/launch
copying launch/epos2_arm.launch.py -> /tmp/agrobot-next-build-ybgPHn/install/epos2_bridge/share/epos2_bridge/launch
copying launch/epos2_j3_bridge.launch.py -> /tmp/agrobot-next-build-ybgPHn/install/epos2_bridge/share/epos2_bridge/launch
running install_egg_info
Copying ../../../../../../tmp/agrobot-next-build-ybgPHn/build/epos2_bridge/epos2_bridge.egg-info to /tmp/agrobot-next-build-ybgPHn/install/epos2_bridge/lib/python3.12/site-packages/epos2_bridge-0.0.1-py3.12.egg-info
running install_scripts
Installing epos2_arm_controller script to /tmp/agrobot-next-build-ybgPHn/install/epos2_bridge/lib/epos2_bridge
Installing epos2_fjt_fanout script to /tmp/agrobot-next-build-ybgPHn/install/epos2_bridge/lib/epos2_bridge
Installing epos2_j3_bridge script to /tmp/agrobot-next-build-ybgPHn/install/epos2_bridge/lib/epos2_bridge
Installing epos2_joint_bridge script to /tmp/agrobot-next-build-ybgPHn/install/epos2_bridge/lib/epos2_bridge
writing list of installed files to '/tmp/agrobot-next-build-ybgPHn/build/epos2_bridge/install.log'
