[1.088s] Invoking command in '/home/gsylvia/agrobot-reverse-engineering/Agrobot/src/epos2_bridge': AMENT_PREFIX_PATH=/tmp/agrobot-next-build-ybgPHn/install/epos2_bridge_interfaces:/tmp/agrobot-next-build-ybgPHn/install/canopen_interfaces:${AMENT_PREFIX_PATH} CMAKE_PREFIX_PATH=/tmp/agrobot-next-build-ybgPHn/install/epos2_bridge_interfaces:/tmp/agrobot-next-build-ybgPHn/install/canopen_interfaces:${CMAKE_PREFIX_PATH} LD_LIBRARY_PATH=/tmp/agrobot-next-build-ybgPHn/install/epos2_bridge_interfaces/lib:/tmp/agrobot-next-build-ybgPHn/install/canopen_interfaces/lib:${LD_LIBRARY_PATH} PYTHONPATH=/tmp/agrobot-next-build-ybgPHn/build/epos2_bridge/prefix_override:/usr/lib/python3/dist-packages/colcon_core/task/python/colcon_distutils_commands:/tmp/agrobot-next-build-ybgPHn/install/epos2_bridge/lib/python3.12/site-packages:/tmp/agrobot-next-build-ybgPHn/install/epos2_bridge_interfaces/lib/python3.12/site-packages:/tmp/agrobot-next-build-ybgPHn/install/canopen_interfaces/lib/python3.12/site-packages:${PYTHONPATH} /usr/bin/python3 -W ignore:setup.py install is deprecated -W ignore:easy_install command is deprecated setup.py egg_info --egg-base ../../../../../../tmp/agrobot-next-build-ybgPHn/build/epos2_bridge build --build-base /tmp/agrobot-next-build-ybgPHn/build/epos2_bridge/build install --record /tmp/agrobot-next-build-ybgPHn/build/epos2_bridge/install.log --install-scripts $base/lib/epos2_bridge --single-version-externally-managed install_data
[1.259s] running egg_info
[1.259s] creating ../../../../../../tmp/agrobot-next-build-ybgPHn/build/epos2_bridge/epos2_bridge.egg-info
[1.272s] writing ../../../../../../tmp/agrobot-next-build-ybgPHn/build/epos2_bridge/epos2_bridge.egg-info/PKG-INFO
[1.272s] writing dependency_links to ../../../../../../tmp/agrobot-next-build-ybgPHn/build/epos2_bridge/epos2_bridge.egg-info/dependency_links.txt
[1.272s] writing entry points to ../../../../../../tmp/agrobot-next-build-ybgPHn/build/epos2_bridge/epos2_bridge.egg-info/entry_points.txt
[1.272s] writing requirements to ../../../../../../tmp/agrobot-next-build-ybgPHn/build/epos2_bridge/epos2_bridge.egg-info/requires.txt
[1.273s] writing top-level names to ../../../../../../tmp/agrobot-next-build-ybgPHn/build/epos2_bridge/epos2_bridge.egg-info/top_level.txt
[1.273s] writing manifest file '../../../../../../tmp/agrobot-next-build-ybgPHn/build/epos2_bridge/epos2_bridge.egg-info/SOURCES.txt'
[1.295s] reading manifest file '../../../../../../tmp/agrobot-next-build-ybgPHn/build/epos2_bridge/epos2_bridge.egg-info/SOURCES.txt'
[1.295s] adding license file 'LICENSE'
[1.295s] writing manifest file '../../../../../../tmp/agrobot-next-build-ybgPHn/build/epos2_bridge/epos2_bridge.egg-info/SOURCES.txt'
[1.295s] running build
[1.296s] running build_py
[1.296s] creating /tmp/agrobot-next-build-ybgPHn/build/epos2_bridge/build
[1.296s] creating /tmp/agrobot-next-build-ybgPHn/build/epos2_bridge/build/lib
[1.296s] creating /tmp/agrobot-next-build-ybgPHn/build/epos2_bridge/build/lib/epos2_bridge
[1.296s] copying epos2_bridge/epos2_j3_bridge_WORKING.py -> /tmp/agrobot-next-build-ybgPHn/build/epos2_bridge/build/lib/epos2_bridge
[1.296s] copying epos2_bridge/epos2_joint_bridge_prototype_safe.py -> /tmp/agrobot-next-build-ybgPHn/build/epos2_bridge/build/lib/epos2_bridge
[1.296s] copying epos2_bridge/epos2_arm_controller.py -> /tmp/agrobot-next-build-ybgPHn/build/epos2_bridge/build/lib/epos2_bridge
[1.297s] copying epos2_bridge/epos2_j3_bridge.py -> /tmp/agrobot-next-build-ybgPHn/build/epos2_bridge/build/lib/epos2_bridge
[1.297s] copying epos2_bridge/epos2_fjt_fanout.py -> /tmp/agrobot-next-build-ybgPHn/build/epos2_bridge/build/lib/epos2_bridge
[1.297s] copying epos2_bridge/epos2_joint_bridge.py -> /tmp/agrobot-next-build-ybgPHn/build/epos2_bridge/build/lib/epos2_bridge
[1.297s] copying epos2_bridge/__init__.py -> /tmp/agrobot-next-build-ybgPHn/build/epos2_bridge/build/lib/epos2_bridge
[1.297s] copying epos2_bridge/pvt_reduce.py -> /tmp/agrobot-next-build-ybgPHn/build/epos2_bridge/build/lib/epos2_bridge
[1.297s] copying epos2_bridge/epos2_j3_bridge_clean.py -> /tmp/agrobot-next-build-ybgPHn/build/epos2_bridge/build/lib/epos2_bridge
[1.297s] running install
[1.301s] running install_lib
[1.316s] creating /tmp/agrobot-next-build-ybgPHn/install/epos2_bridge/lib/python3.12/site-packages/epos2_bridge
[1.316s] copying /tmp/agrobot-next-build-ybgPHn/build/epos2_bridge/build/lib/epos2_bridge/epos2_j3_bridge_WORKING.py -> /tmp/agrobot-next-build-ybgPHn/install/epos2_bridge/lib/python3.12/site-packages/epos2_bridge
[1.316s] copying /tmp/agrobot-next-build-ybgPHn/build/epos2_bridge/build/lib/epos2_bridge/epos2_joint_bridge_prototype_safe.py -> /tmp/agrobot-next-build-ybgPHn/install/epos2_bridge/lib/python3.12/site-packages/epos2_bridge
[1.316s] copying /tmp/agrobot-next-build-ybgPHn/build/epos2_bridge/build/lib/epos2_bridge/epos2_arm_controller.py -> /tmp/agrobot-next-build-ybgPHn/install/epos2_bridge/lib/python3.12/site-packages/epos2_bridge
[1.316s] copying /tmp/agrobot-next-build-ybgPHn/build/epos2_bridge/build/lib/epos2_bridge/epos2_j3_bridge.py -> /tmp/agrobot-next-build-ybgPHn/install/epos2_bridge/lib/python3.12/site-packages/epos2_bridge
[1.316s] copying /tmp/agrobot-next-build-ybgPHn/build/epos2_bridge/build/lib/epos2_bridge/epos2_fjt_fanout.py -> /tmp/agrobot-next-build-ybgPHn/install/epos2_bridge/lib/python3.12/site-packages/epos2_bridge
[1.316s] copying /tmp/agrobot-next-build-ybgPHn/build/epos2_bridge/build/lib/epos2_bridge/epos2_joint_bridge.py -> /tmp/agrobot-next-build-ybgPHn/install/epos2_bridge/lib/python3.12/site-packages/epos2_bridge
[1.317s] copying /tmp/agrobot-next-build-ybgPHn/build/epos2_bridge/build/lib/epos2_bridge/__init__.py -> /tmp/agrobot-next-build-ybgPHn/install/epos2_bridge/lib/python3.12/site-packages/epos2_bridge
[1.317s] copying /tmp/agrobot-next-build-ybgPHn/build/epos2_bridge/build/lib/epos2_bridge/pvt_reduce.py -> /tmp/agrobot-next-build-ybgPHn/install/epos2_bridge/lib/python3.12/site-packages/epos2_bridge
[1.317s] copying /tmp/agrobot-next-build-ybgPHn/build/epos2_bridge/build/lib/epos2_bridge/epos2_j3_bridge_clean.py -> /tmp/agrobot-next-build-ybgPHn/install/epos2_bridge/lib/python3.12/site-packages/epos2_bridge
[1.317s] byte-compiling /tmp/agrobot-next-build-ybgPHn/install/epos2_bridge/lib/python3.12/site-packages/epos2_bridge/epos2_j3_bridge_WORKING.py to epos2_j3_bridge_WORKING.cpython-312.pyc
[1.324s] byte-compiling /tmp/agrobot-next-build-ybgPHn/install/epos2_bridge/lib/python3.12/site-packages/epos2_bridge/epos2_joint_bridge_prototype_safe.py to epos2_joint_bridge_prototype_safe.cpython-312.pyc
[1.338s] byte-compiling /tmp/agrobot-next-build-ybgPHn/install/epos2_bridge/lib/python3.12/site-packages/epos2_bridge/epos2_arm_controller.py to epos2_arm_controller.cpython-312.pyc
[1.340s] byte-compiling /tmp/agrobot-next-build-ybgPHn/install/epos2_bridge/lib/python3.12/site-packages/epos2_bridge/epos2_j3_bridge.py to epos2_j3_bridge.cpython-312.pyc
[1.353s] byte-compiling /tmp/agrobot-next-build-ybgPHn/install/epos2_bridge/lib/python3.12/site-packages/epos2_bridge/epos2_fjt_fanout.py to epos2_fjt_fanout.cpython-312.pyc
[1.355s] byte-compiling /tmp/agrobot-next-build-ybgPHn/install/epos2_bridge/lib/python3.12/site-packages/epos2_bridge/epos2_joint_bridge.py to epos2_joint_bridge.cpython-312.pyc
[1.377s] byte-compiling /tmp/agrobot-next-build-ybgPHn/install/epos2_bridge/lib/python3.12/site-packages/epos2_bridge/__init__.py to __init__.cpython-312.pyc
[1.377s] byte-compiling /tmp/agrobot-next-build-ybgPHn/install/epos2_bridge/lib/python3.12/site-packages/epos2_bridge/pvt_reduce.py to pvt_reduce.cpython-312.pyc
[1.377s] byte-compiling /tmp/agrobot-next-build-ybgPHn/install/epos2_bridge/lib/python3.12/site-packages/epos2_bridge/epos2_j3_bridge_clean.py to epos2_j3_bridge_clean.cpython-312.pyc
[1.384s] running install_data
[1.384s] creating /tmp/agrobot-next-build-ybgPHn/install/epos2_bridge/share/epos2_bridge/config
[1.384s] copying config/epos2_fjt_fanout.yaml -> /tmp/agrobot-next-build-ybgPHn/install/epos2_bridge/share/epos2_bridge/config
[1.385s] copying config/epos2_arm_controller.yaml -> /tmp/agrobot-next-build-ybgPHn/install/epos2_bridge/share/epos2_bridge/config
[1.385s] creating /tmp/agrobot-next-build-ybgPHn/install/epos2_bridge/share/epos2_bridge/config/joints
[1.385s] copying config/joints/j6.yaml -> /tmp/agrobot-next-build-ybgPHn/install/epos2_bridge/share/epos2_bridge/config/joints
[1.386s] copying config/joints/j3.yaml -> /tmp/agrobot-next-build-ybgPHn/install/epos2_bridge/share/epos2_bridge/config/joints
[1.386s] copying config/joints/j4.yaml -> /tmp/agrobot-next-build-ybgPHn/install/epos2_bridge/share/epos2_bridge/config/joints
[1.386s] copying config/joints/j5.yaml -> /tmp/agrobot-next-build-ybgPHn/install/epos2_bridge/share/epos2_bridge/config/joints
[1.386s] copying config/joints/j2.yaml -> /tmp/agrobot-next-build-ybgPHn/install/epos2_bridge/share/epos2_bridge/config/joints
[1.386s] creating /tmp/agrobot-next-build-ybgPHn/install/epos2_bridge/share/ament_index
[1.386s] creating /tmp/agrobot-next-build-ybgPHn/install/epos2_bridge/share/ament_index/resource_index
[1.386s] creating /tmp/agrobot-next-build-ybgPHn/install/epos2_bridge/share/ament_index/resource_index/packages
[1.387s] copying resource/epos2_bridge -> /tmp/agrobot-next-build-ybgPHn/install/epos2_bridge/share/ament_index/resource_index/packages
[1.387s] copying package.xml -> /tmp/agrobot-next-build-ybgPHn/install/epos2_bridge/share/epos2_bridge
[1.387s] creating /tmp/agrobot-next-build-ybgPHn/install/epos2_bridge/share/epos2_bridge/launch
[1.387s] copying launch/epos2_fjt_fanout.launch.py -> /tmp/agrobot-next-build-ybgPHn/install/epos2_bridge/share/epos2_bridge/launch
[1.388s] copying launch/epos2_j4_bridge.launch.py -> /tmp/agrobot-next-build-ybgPHn/install/epos2_bridge/share/epos2_bridge/launch
[1.388s] copying launch/epos2_j1_bridge.launch.py -> /tmp/agrobot-next-build-ybgPHn/install/epos2_bridge/share/epos2_bridge/launch
[1.388s] copying launch/epos2_system.launch.py -> /tmp/agrobot-next-build-ybgPHn/install/epos2_bridge/share/epos2_bridge/launch
[1.388s] copying launch/epos2_j6_bridge.launch.py -> /tmp/agrobot-next-build-ybgPHn/install/epos2_bridge/share/epos2_bridge/launch
[1.388s] copying launch/epos2_j6_generic.launch.py -> /tmp/agrobot-next-build-ybgPHn/install/epos2_bridge/share/epos2_bridge/launch
[1.388s] copying launch/epos2_j5_bridge.launch.py -> /tmp/agrobot-next-build-ybgPHn/install/epos2_bridge/share/epos2_bridge/launch
[1.388s] copying launch/epos2_j5_generic.launch.py -> /tmp/agrobot-next-build-ybgPHn/install/epos2_bridge/share/epos2_bridge/launch
[1.388s] copying launch/epos2_j3_generic.launch.py -> /tmp/agrobot-next-build-ybgPHn/install/epos2_bridge/share/epos2_bridge/launch
[1.388s] copying launch/epos2_arm_epos2_generic.launch.py -> /tmp/agrobot-next-build-ybgPHn/install/epos2_bridge/share/epos2_bridge/launch
[1.388s] copying launch/epos2_j2_generic.launch.py -> /tmp/agrobot-next-build-ybgPHn/install/epos2_bridge/share/epos2_bridge/launch
[1.388s] copying launch/epos2_j4_generic.launch.py -> /tmp/agrobot-next-build-ybgPHn/install/epos2_bridge/share/epos2_bridge/launch
[1.389s] copying launch/epos2_j2_bridge.launch.py -> /tmp/agrobot-next-build-ybgPHn/install/epos2_bridge/share/epos2_bridge/launch
[1.389s] copying launch/epos2_arm_controller.launch.py -> /tmp/agrobot-next-build-ybgPHn/install/epos2_bridge/share/epos2_bridge/launch
[1.389s] copying launch/epos2_arm.launch.py -> /tmp/agrobot-next-build-ybgPHn/install/epos2_bridge/share/epos2_bridge/launch
[1.389s] copying launch/epos2_j3_bridge.launch.py -> /tmp/agrobot-next-build-ybgPHn/install/epos2_bridge/share/epos2_bridge/launch
[1.389s] running install_egg_info
[1.401s] Copying ../../../../../../tmp/agrobot-next-build-ybgPHn/build/epos2_bridge/epos2_bridge.egg-info to /tmp/agrobot-next-build-ybgPHn/install/epos2_bridge/lib/python3.12/site-packages/epos2_bridge-0.0.1-py3.12.egg-info
[1.401s] running install_scripts
[1.482s] Installing epos2_arm_controller script to /tmp/agrobot-next-build-ybgPHn/install/epos2_bridge/lib/epos2_bridge
[1.482s] Installing epos2_fjt_fanout script to /tmp/agrobot-next-build-ybgPHn/install/epos2_bridge/lib/epos2_bridge
[1.482s] Installing epos2_j3_bridge script to /tmp/agrobot-next-build-ybgPHn/install/epos2_bridge/lib/epos2_bridge
[1.482s] Installing epos2_joint_bridge script to /tmp/agrobot-next-build-ybgPHn/install/epos2_bridge/lib/epos2_bridge
[1.482s] writing list of installed files to '/tmp/agrobot-next-build-ybgPHn/build/epos2_bridge/install.log'
[1.503s] Invoked command in '/home/gsylvia/agrobot-reverse-engineering/Agrobot/src/epos2_bridge' returned '0': AMENT_PREFIX_PATH=/tmp/agrobot-next-build-ybgPHn/install/epos2_bridge_interfaces:/tmp/agrobot-next-build-ybgPHn/install/canopen_interfaces:${AMENT_PREFIX_PATH} CMAKE_PREFIX_PATH=/tmp/agrobot-next-build-ybgPHn/install/epos2_bridge_interfaces:/tmp/agrobot-next-build-ybgPHn/install/canopen_interfaces:${CMAKE_PREFIX_PATH} LD_LIBRARY_PATH=/tmp/agrobot-next-build-ybgPHn/install/epos2_bridge_interfaces/lib:/tmp/agrobot-next-build-ybgPHn/install/canopen_interfaces/lib:${LD_LIBRARY_PATH} PYTHONPATH=/tmp/agrobot-next-build-ybgPHn/build/epos2_bridge/prefix_override:/usr/lib/python3/dist-packages/colcon_core/task/python/colcon_distutils_commands:/tmp/agrobot-next-build-ybgPHn/install/epos2_bridge/lib/python3.12/site-packages:/tmp/agrobot-next-build-ybgPHn/install/epos2_bridge_interfaces/lib/python3.12/site-packages:/tmp/agrobot-next-build-ybgPHn/install/canopen_interfaces/lib/python3.12/site-packages:${PYTHONPATH} /usr/bin/python3 -W ignore:setup.py install is deprecated -W ignore:easy_install command is deprecated setup.py egg_info --egg-base ../../../../../../tmp/agrobot-next-build-ybgPHn/build/epos2_bridge build --build-base /tmp/agrobot-next-build-ybgPHn/build/epos2_bridge/build install --record /tmp/agrobot-next-build-ybgPHn/build/epos2_bridge/install.log --install-scripts $base/lib/epos2_bridge --single-version-externally-managed install_data
