[0.017s] Invoking command in '/home/gsylvia/agrobot-reverse-engineering/Agrobot/build/canopen_interfaces': CMAKE_PREFIX_PATH=${CMAKE_PREFIX_PATH}:/opt/ros/jazzy /usr/bin/cmake --build /home/gsylvia/agrobot-reverse-engineering/Agrobot/build/canopen_interfaces -- -j16 -l16
[0.076s] [  1%] Built target canopen_interfaces__rs
[0.076s] [  2%] Built target canopen_interfaces__rosidl_generator_type_description
[0.111s] [  2%] Built target canopen_interfaces__cpp
[0.111s] [ 27%] Built target canopen_interfaces__rosidl_generator_c
[0.111s] [ 27%] Built target ament_cmake_python_copy_canopen_interfaces
[0.147s] [ 37%] Built target canopen_interfaces__rosidl_typesupport_c
[0.148s] [ 47%] Built target canopen_interfaces__rosidl_typesupport_introspection_c
[0.153s] [ 56%] Built target canopen_interfaces__rosidl_typesupport_fastrtps_cpp
[0.157s] [ 65%] Built target canopen_interfaces__rosidl_typesupport_introspection_cpp
[0.164s] [ 75%] Built target canopen_interfaces__rosidl_typesupport_fastrtps_c
[0.170s] [ 84%] Built target canopen_interfaces__rosidl_typesupport_cpp
[0.197s] [ 84%] Built target canopen_interfaces
[0.251s] [ 85%] Built target canopen_interfaces__py
[0.286s] [ 94%] Built target canopen_interfaces__rosidl_generator_py
[0.317s] [ 96%] Built target canopen_interfaces_s__rosidl_typesupport_introspection_c
[0.317s] [ 98%] Built target canopen_interfaces_s__rosidl_typesupport_fastrtps_c
[0.317s] [100%] Built target canopen_interfaces_s__rosidl_typesupport_c
[0.360s] running egg_info
[0.372s] writing canopen_interfaces.egg-info/PKG-INFO
[0.372s] writing dependency_links to canopen_interfaces.egg-info/dependency_links.txt
[0.372s] writing top-level names to canopen_interfaces.egg-info/top_level.txt
[0.415s] reading manifest file 'canopen_interfaces.egg-info/SOURCES.txt'
[0.416s] writing manifest file 'canopen_interfaces.egg-info/SOURCES.txt'
[0.440s] [100%] Built target ament_cmake_python_build_canopen_interfaces_egg
[0.450s] Invoked command in '/home/gsylvia/agrobot-reverse-engineering/Agrobot/build/canopen_interfaces' returned '0': CMAKE_PREFIX_PATH=${CMAKE_PREFIX_PATH}:/opt/ros/jazzy /usr/bin/cmake --build /home/gsylvia/agrobot-reverse-engineering/Agrobot/build/canopen_interfaces -- -j16 -l16
[0.452s] Invoking command in '/home/gsylvia/agrobot-reverse-engineering/Agrobot/build/canopen_interfaces': CMAKE_PREFIX_PATH=${CMAKE_PREFIX_PATH}:/opt/ros/jazzy /usr/bin/cmake --install /home/gsylvia/agrobot-reverse-engineering/Agrobot/build/canopen_interfaces
[0.460s] -- Install configuration: ""
[0.460s] -- Up-to-date: /home/gsylvia/agrobot-reverse-engineering/Agrobot/install/canopen_interfaces/share/ament_index/resource_index/rosidl_interfaces/canopen_interfaces
[0.460s] -- Up-to-date: /home/gsylvia/agrobot-reverse-engineering/Agrobot/install/canopen_interfaces/share/canopen_interfaces/srv/COHeartbeatID.json
[0.460s] -- Up-to-date: /home/gsylvia/agrobot-reverse-engineering/Agrobot/install/canopen_interfaces/share/canopen_interfaces/srv/CONmtID.json
[0.461s] -- Up-to-date: /home/gsylvia/agrobot-reverse-engineering/Agrobot/install/canopen_interfaces/share/canopen_interfaces/srv/CORead.json
[0.461s] -- Up-to-date: /home/gsylvia/agrobot-reverse-engineering/Agrobot/install/canopen_interfaces/share/canopen_interfaces/srv/COReadID.json
[0.461s] -- Up-to-date: /home/gsylvia/agrobot-reverse-engineering/Agrobot/install/canopen_interfaces/share/canopen_interfaces/srv/COWrite.json
[0.461s] -- Up-to-date: /home/gsylvia/agrobot-reverse-engineering/Agrobot/install/canopen_interfaces/share/canopen_interfaces/srv/COWriteID.json
[0.461s] -- Up-to-date: /home/gsylvia/agrobot-reverse-engineering/Agrobot/install/canopen_interfaces/share/canopen_interfaces/srv/COTargetDouble.json
[0.461s] -- Up-to-date: /home/gsylvia/agrobot-reverse-engineering/Agrobot/install/canopen_interfaces/share/canopen_interfaces/srv/CONode.json
[0.461s] -- Up-to-date: /home/gsylvia/agrobot-reverse-engineering/Agrobot/install/canopen_interfaces/share/canopen_interfaces/msg/COData.json
[0.461s] -- Up-to-date: /home/gsylvia/agrobot-reverse-engineering/Agrobot/install/canopen_interfaces/include/canopen_interfaces/canopen_interfaces
[0.461s] -- Up-to-date: /home/gsylvia/agrobot-reverse-engineering/Agrobot/install/canopen_interfaces/include/canopen_interfaces/canopen_interfaces/srv
[0.461s] -- Up-to-date: /home/gsylvia/agrobot-reverse-engineering/Agrobot/install/canopen_interfaces/include/canopen_interfaces/canopen_interfaces/srv/co_write.h
[0.461s] -- Up-to-date: /home/gsylvia/agrobot-reverse-engineering/Agrobot/install/canopen_interfaces/include/canopen_interfaces/canopen_interfaces/srv/co_nmt_id.h
[0.462s] -- Up-to-date: /home/gsylvia/agrobot-reverse-engineering/Agrobot/install/canopen_interfaces/include/canopen_interfaces/canopen_interfaces/srv/co_read_id.h
[0.462s] -- Up-to-date: /home/gsylvia/agrobot-reverse-engineering/Agrobot/install/canopen_interfaces/include/canopen_interfaces/canopen_interfaces/srv/co_target_double.h
[0.462s] -- Up-to-date: /home/gsylvia/agrobot-reverse-engineering/Agrobot/install/canopen_interfaces/include/canopen_interfaces/canopen_interfaces/srv/co_read.h
[0.462s] -- Up-to-date: /home/gsylvia/agrobot-reverse-engineering/Agrobot/install/canopen_interfaces/include/canopen_interfaces/canopen_interfaces/srv/co_write_id.h
[0.462s] -- Up-to-date: /home/gsylvia/agrobot-reverse-engineering/Agrobot/install/canopen_interfaces/include/canopen_interfaces/canopen_interfaces/srv/co_heartbeat_id.h
[0.462s] -- Up-to-date: /home/gsylvia/agrobot-reverse-engineering/Agrobot/install/canopen_interfaces/include/canopen_interfaces/canopen_interfaces/srv/detail
[0.462s] -- Up-to-date: /home/gsylvia/agrobot-reverse-engineering/Agrobot/install/canopen_interfaces/include/canopen_interfaces/canopen_interfaces/srv/detail/co_write__struct.h
[0.462s] -- Up-to-date: /home/gsylvia/agrobot-reverse-engineering/Agrobot/install/canopen_interfaces/include/canopen_interfaces/canopen_interfaces/srv/detail/co_read__description.c
[0.462s] -- Up-to-date: /home/gsylvia/agrobot-reverse-engineering/Agrobot/install/canopen_interfaces/include/canopen_interfaces/canopen_interfaces/srv/detail/co_target_double__type_support.h
[0.462s] -- Up-to-date: /home/gsylvia/agrobot-reverse-engineering/Agrobot/install/canopen_interfaces/include/canopen_interfaces/canopen_interfaces/srv/detail/co_nmt_id__functions.c
[0.462s] -- Up-to-date: /home/gsylvia/agrobot-reverse-engineering/Agrobot/install/canopen_interfaces/include/canopen_interfaces/canopen_interfaces/srv/detail/co_target_double__struct.h
[0.462s] -- Up-to-date: /home/gsylvia/agrobot-reverse-engineering/Agrobot/install/canopen_interfaces/include/canopen_interfaces/canopen_interfaces/srv/detail/co_write_id__type_support.h
[0.462s] -- Up-to-date: /home/gsylvia/agrobot-reverse-engineering/Agrobot/install/canopen_interfaces/include/canopen_interfaces/canopen_interfaces/srv/detail/co_node__type_support.h
[0.463s] -- Installing: /home/gsylvia/agrobot-reverse-engineering/Agrobot/install/canopen_interfaces/include/canopen_interfaces/canopen_interfaces/srv/detail/co_read_id__type_support.c
[0.463s] -- Installing: /home/gsylvia/agrobot-reverse-engineering/Agrobot/install/canopen_interfaces/include/canopen_interfaces/canopen_interfaces/srv/detail/co_heartbeat_id__type_support.c
[0.463s] -- Up-to-date: /home/gsylvia/agrobot-reverse-engineering/Agrobot/install/canopen_interfaces/include/canopen_interfaces/canopen_interfaces/srv/detail/co_read__functions.c
[0.463s] -- Up-to-date: /home/gsylvia/agrobot-reverse-engineering/Agrobot/install/canopen_interfaces/include/canopen_interfaces/canopen_interfaces/srv/detail/co_read_id__functions.h
[0.463s] -- Up-to-date: /home/gsylvia/agrobot-reverse-engineering/Agrobot/install/canopen_interfaces/include/canopen_interfaces/canopen_interfaces/srv/detail/co_write__functions.h
[0.463s] -- Up-to-date: /home/gsylvia/agrobot-reverse-engineering/Agrobot/install/canopen_interfaces/include/canopen_interfaces/canopen_interfaces/srv/detail/co_read_id__functions.c
[0.463s] -- Up-to-date: /home/gsylvia/agrobot-reverse-engineering/Agrobot/install/canopen_interfaces/include/canopen_interfaces/canopen_interfaces/srv/detail/co_target_double__functions.h
[0.463s] -- Up-to-date: /home/gsylvia/agrobot-reverse-engineering/Agrobot/install/canopen_interfaces/include/canopen_interfaces/canopen_interfaces/srv/detail/co_heartbeat_id__functions.h
[0.463s] -- Up-to-date: /home/gsylvia/agrobot-reverse-engineering/Agrobot/install/canopen_interfaces/include/canopen_interfaces/canopen_interfaces/srv/detail/co_nmt_id__functions.h
[0.463s] -- Up-to-date: /home/gsylvia/agrobot-reverse-engineering/Agrobot/install/canopen_interfaces/include/canopen_interfaces/canopen_interfaces/srv/detail/co_write_id__description.c
[0.463s] -- Up-to-date: /home/gsylvia/agrobot-reverse-engineering/Agrobot/install/canopen_interfaces/include/canopen_interfaces/canopen_interfaces/srv/detail/co_write__description.c
[0.464s] -- Installing: /home/gsylvia/agrobot-reverse-engineering/Agrobot/install/canopen_interfaces/include/canopen_interfaces/canopen_interfaces/srv/detail/co_write__type_support.c
[0.464s] -- Up-to-date: /home/gsylvia/agrobot-reverse-engineering/Agrobot/install/canopen_interfaces/include/canopen_interfaces/canopen_interfaces/srv/detail/co_read_id__type_support.h
[0.464s] -- Up-to-date: /home/gsylvia/agrobot-reverse-engineering/Agrobot/install/canopen_interfaces/include/canopen_interfaces/canopen_interfaces/srv/detail/co_node__functions.h
[0.464s] -- Up-to-date: /home/gsylvia/agrobot-reverse-engineering/Agrobot/install/canopen_interfaces/include/canopen_interfaces/canopen_interfaces/srv/detail/co_write_id__functions.c
[0.464s] -- Up-to-date: /home/gsylvia/agrobot-reverse-engineering/Agrobot/install/canopen_interfaces/include/canopen_interfaces/canopen_interfaces/srv/detail/co_write_id__struct.h
[0.464s] -- Up-to-date: /home/gsylvia/agrobot-reverse-engineering/Agrobot/install/canopen_interfaces/include/canopen_interfaces/canopen_interfaces/srv/detail/co_node__struct.h
[0.464s] -- Up-to-date: /home/gsylvia/agrobot-reverse-engineering/Agrobot/install/canopen_interfaces/include/canopen_interfaces/canopen_interfaces/srv/detail/co_nmt_id__type_support.h
[0.464s] -- Up-to-date: /home/gsylvia/agrobot-reverse-engineering/Agrobot/install/canopen_interfaces/include/canopen_interfaces/canopen_interfaces/srv/detail/co_write__type_support.h
[0.464s] -- Installing: /home/gsylvia/agrobot-reverse-engineering/Agrobot/install/canopen_interfaces/include/canopen_interfaces/canopen_interfaces/srv/detail/co_write_id__type_support.c
[0.464s] -- Up-to-date: /home/gsylvia/agrobot-reverse-engineering/Agrobot/install/canopen_interfaces/include/canopen_interfaces/canopen_interfaces/srv/detail/co_heartbeat_id__struct.h
[0.464s] -- Installing: /home/gsylvia/agrobot-reverse-engineering/Agrobot/install/canopen_interfaces/include/canopen_interfaces/canopen_interfaces/srv/detail/co_nmt_id__type_support.c
[0.464s] -- Up-to-date: /home/gsylvia/agrobot-reverse-engineering/Agrobot/install/canopen_interfaces/include/canopen_interfaces/canopen_interfaces/srv/detail/co_heartbeat_id__functions.c
[0.464s] -- Up-to-date: /home/gsylvia/agrobot-reverse-engineering/Agrobot/install/canopen_interfaces/include/canopen_interfaces/canopen_interfaces/srv/detail/co_read__type_support.h
[0.464s] -- Up-to-date: /home/gsylvia/agrobot-reverse-engineering/Agrobot/install/canopen_interfaces/include/canopen_interfaces/canopen_interfaces/srv/detail/co_nmt_id__description.c
[0.464s] -- Up-to-date: /home/gsylvia/agrobot-reverse-engineering/Agrobot/install/canopen_interfaces/include/canopen_interfaces/canopen_interfaces/srv/detail/co_heartbeat_id__type_support.h
[0.464s] -- Up-to-date: /home/gsylvia/agrobot-reverse-engineering/Agrobot/install/canopen_interfaces/include/canopen_interfaces/canopen_interfaces/srv/detail/co_read_id__description.c
[0.464s] -- Up-to-date: /home/gsylvia/agrobot-reverse-engineering/Agrobot/install/canopen_interfaces/include/canopen_interfaces/canopen_interfaces/srv/detail/co_read_id__struct.h
[0.464s] -- Up-to-date: /home/gsylvia/agrobot-reverse-engineering/Agrobot/install/canopen_interfaces/include/canopen_interfaces/canopen_interfaces/srv/detail/co_nmt_id__struct.h
[0.465s] -- Up-to-date: /home/gsylvia/agrobot-reverse-engineering/Agrobot/install/canopen_interfaces/include/canopen_interfaces/canopen_interfaces/srv/detail/co_heartbeat_id__description.c
[0.465s] -- Installing: /home/gsylvia/agrobot-reverse-engineering/Agrobot/install/canopen_interfaces/include/canopen_interfaces/canopen_interfaces/srv/detail/co_read__type_support.c
[0.465s] -- Up-to-date: /home/gsylvia/agrobot-reverse-engineering/Agrobot/install/canopen_interfaces/include/canopen_interfaces/canopen_interfaces/srv/detail/co_write__functions.c
[0.465s] -- Installing: /home/gsylvia/agrobot-reverse-engineering/Agrobot/install/canopen_interfaces/include/canopen_interfaces/canopen_interfaces/srv/detail/co_target_double__type_support.c
[0.465s] -- Up-to-date: /home/gsylvia/agrobot-reverse-engineering/Agrobot/install/canopen_interfaces/include/canopen_interfaces/canopen_interfaces/srv/detail/co_read__struct.h
[0.465s] -- Up-to-date: /home/gsylvia/agrobot-reverse-engineering/Agrobot/install/canopen_interfaces/include/canopen_interfaces/canopen_interfaces/srv/detail/co_write_id__functions.h
[0.465s] -- Installing: /home/gsylvia/agrobot-reverse-engineering/Agrobot/install/canopen_interfaces/include/canopen_interfaces/canopen_interfaces/srv/detail/co_node__type_support.c
[0.465s] -- Up-to-date: /home/gsylvia/agrobot-reverse-engineering/Agrobot/install/canopen_interfaces/include/canopen_interfaces/canopen_interfaces/srv/detail/co_target_double__description.c
[0.465s] -- Up-to-date: /home/gsylvia/agrobot-reverse-engineering/Agrobot/install/canopen_interfaces/include/canopen_interfaces/canopen_interfaces/srv/detail/co_target_double__functions.c
[0.465s] -- Up-to-date: /home/gsylvia/agrobot-reverse-engineering/Agrobot/install/canopen_interfaces/include/canopen_interfaces/canopen_interfaces/srv/detail/co_node__description.c
[0.466s] -- Up-to-date: /home/gsylvia/agrobot-reverse-engineering/Agrobot/install/canopen_interfaces/include/canopen_interfaces/canopen_interfaces/srv/detail/co_read__functions.h
[0.466s] -- Up-to-date: /home/gsylvia/agrobot-reverse-engineering/Agrobot/install/canopen_interfaces/include/canopen_interfaces/canopen_interfaces/srv/detail/co_node__functions.c
[0.466s] -- Up-to-date: /home/gsylvia/agrobot-reverse-engineering/Agrobot/install/canopen_interfaces/include/canopen_interfaces/canopen_interfaces/srv/co_node.h
[0.466s] -- Up-to-date: /home/gsylvia/agrobot-reverse-engineering/Agrobot/install/canopen_interfaces/include/canopen_interfaces/canopen_interfaces/msg
[0.466s] -- Up-to-date: /home/gsylvia/agrobot-reverse-engineering/Agrobot/install/canopen_interfaces/include/canopen_interfaces/canopen_interfaces/msg/rosidl_generator_c__visibility_control.h
[0.466s] -- Up-to-date: /home/gsylvia/agrobot-reverse-engineering/Agrobot/install/canopen_interfaces/include/canopen_interfaces/canopen_interfaces/msg/detail
[0.466s] -- Up-to-date: /home/gsylvia/agrobot-reverse-engineering/Agrobot/install/canopen_interfaces/include/canopen_interfaces/canopen_interfaces/msg/detail/co_data__struct.h
[0.466s] -- Up-to-date: /home/gsylvia/agrobot-reverse-engineering/Agrobot/install/canopen_interfaces/include/canopen_interfaces/canopen_interfaces/msg/detail/co_data__functions.h
[0.466s] -- Up-to-date: /home/gsylvia/agrobot-reverse-engineering/Agrobot/install/canopen_interfaces/include/canopen_interfaces/canopen_interfaces/msg/detail/co_data__description.c
[0.466s] -- Up-to-date: /home/gsylvia/agrobot-reverse-engineering/Agrobot/install/canopen_interfaces/include/canopen_interfaces/canopen_interfaces/msg/detail/co_data__functions.c
[0.466s] -- Installing: /home/gsylvia/agrobot-reverse-engineering/Agrobot/install/canopen_interfaces/include/canopen_interfaces/canopen_interfaces/msg/detail/co_data__type_support.c
[0.466s] -- Up-to-date: /home/gsylvia/agrobot-reverse-engineering/Agrobot/install/canopen_interfaces/include/canopen_interfaces/canopen_interfaces/msg/detail/co_data__type_support.h
[0.466s] -- Up-to-date: /home/gsylvia/agrobot-reverse-engineering/Agrobot/install/canopen_interfaces/include/canopen_interfaces/canopen_interfaces/msg/co_data.h
[0.467s] -- Up-to-date: /home/gsylvia/agrobot-reverse-engineering/Agrobot/install/canopen_interfaces/share/canopen_interfaces/environment/library_path.sh
[0.467s] -- Up-to-date: /home/gsylvia/agrobot-reverse-engineering/Agrobot/install/canopen_interfaces/share/canopen_interfaces/environment/library_path.dsv
[0.469s] -- Up-to-date: /home/gsylvia/agrobot-reverse-engineering/Agrobot/install/canopen_interfaces/lib/libcanopen_interfaces__rosidl_generator_c.so
[0.469s] -- Up-to-date: /home/gsylvia/agrobot-reverse-engineering/Agrobot/install/canopen_interfaces/include/canopen_interfaces/canopen_interfaces
[0.469s] -- Up-to-date: /home/gsylvia/agrobot-reverse-engineering/Agrobot/install/canopen_interfaces/include/canopen_interfaces/canopen_interfaces/srv
[0.469s] -- Up-to-date: /home/gsylvia/agrobot-reverse-engineering/Agrobot/install/canopen_interfaces/include/canopen_interfaces/canopen_interfaces/srv/detail
[0.469s] -- Up-to-date: /home/gsylvia/agrobot-reverse-engineering/Agrobot/install/canopen_interfaces/include/canopen_interfaces/canopen_interfaces/srv/detail/co_target_double__rosidl_typesupport_fastrtps_c.h
[0.469s] -- Up-to-date: /home/gsylvia/agrobot-reverse-engineering/Agrobot/install/canopen_interfaces/include/canopen_interfaces/canopen_interfaces/srv/detail/co_read__rosidl_typesupport_fastrtps_c.h
[0.469s] -- Up-to-date: /home/gsylvia/agrobot-reverse-engineering/Agrobot/install/canopen_interfaces/include/canopen_interfaces/canopen_interfaces/srv/detail/co_heartbeat_id__rosidl_typesupport_fastrtps_c.h
[0.469s] -- Up-to-date: /home/gsylvia/agrobot-reverse-engineering/Agrobot/install/canopen_interfaces/include/canopen_interfaces/canopen_interfaces/srv/detail/co_write_id__rosidl_typesupport_fastrtps_c.h
[0.469s] -- Up-to-date: /home/gsylvia/agrobot-reverse-engineering/Agrobot/install/canopen_interfaces/include/canopen_interfaces/canopen_interfaces/srv/detail/co_read_id__rosidl_typesupport_fastrtps_c.h
[0.469s] -- Up-to-date: /home/gsylvia/agrobot-reverse-engineering/Agrobot/install/canopen_interfaces/include/canopen_interfaces/canopen_interfaces/srv/detail/co_write__rosidl_typesupport_fastrtps_c.h
[0.470s] -- Up-to-date: /home/gsylvia/agrobot-reverse-engineering/Agrobot/install/canopen_interfaces/include/canopen_interfaces/canopen_interfaces/srv/detail/co_nmt_id__rosidl_typesupport_fastrtps_c.h
[0.470s] -- Up-to-date: /home/gsylvia/agrobot-reverse-engineering/Agrobot/install/canopen_interfaces/include/canopen_interfaces/canopen_interfaces/srv/detail/co_node__rosidl_typesupport_fastrtps_c.h
[0.470s] -- Up-to-date: /home/gsylvia/agrobot-reverse-engineering/Agrobot/install/canopen_interfaces/include/canopen_interfaces/canopen_interfaces/msg
[0.470s] -- Up-to-date: /home/gsylvia/agrobot-reverse-engineering/Agrobot/install/canopen_interfaces/include/canopen_interfaces/canopen_interfaces/msg/detail
[0.470s] -- Up-to-date: /home/gsylvia/agrobot-reverse-engineering/Agrobot/install/canopen_interfaces/include/canopen_interfaces/canopen_interfaces/msg/detail/co_data__rosidl_typesupport_fastrtps_c.h
[0.470s] -- Up-to-date: /home/gsylvia/agrobot-reverse-engineering/Agrobot/install/canopen_interfaces/include/canopen_interfaces/canopen_interfaces/msg/rosidl_typesupport_fastrtps_c__visibility_control.h
[0.471s] -- Up-to-date: /home/gsylvia/agrobot-reverse-engineering/Agrobot/install/canopen_interfaces/lib/libcanopen_interfaces__rosidl_typesupport_fastrtps_c.so
[0.472s] -- Up-to-date: /home/gsylvia/agrobot-reverse-engineering/Agrobot/install/canopen_interfaces/include/canopen_interfaces/canopen_interfaces
[0.472s] -- Up-to-date: /home/gsylvia/agrobot-reverse-engineering/Agrobot/install/canopen_interfaces/include/canopen_interfaces/canopen_interfaces/srv
[0.472s] -- Up-to-date: /home/gsylvia/agrobot-reverse-engineering/Agrobot/install/canopen_interfaces/include/canopen_interfaces/canopen_interfaces/srv/detail
[0.472s] -- Up-to-date: /home/gsylvia/agrobot-reverse-engineering/Agrobot/install/canopen_interfaces/include/canopen_interfaces/canopen_interfaces/srv/detail/co_heartbeat_id__rosidl_typesupport_introspection_c.h
[0.472s] -- Up-to-date: /home/gsylvia/agrobot-reverse-engineering/Agrobot/install/canopen_interfaces/include/canopen_interfaces/canopen_interfaces/srv/detail/co_target_double__rosidl_typesupport_introspection_c.h
[0.472s] -- Installing: /home/gsylvia/agrobot-reverse-engineering/Agrobot/install/canopen_interfaces/include/canopen_interfaces/canopen_interfaces/srv/detail/co_read_id__type_support.c
[0.472s] -- Up-to-date: /home/gsylvia/agrobot-reverse-engineering/Agrobot/install/canopen_interfaces/include/canopen_interfaces/canopen_interfaces/srv/detail/co_read__rosidl_typesupport_introspection_c.h
[0.472s] -- Installing: /home/gsylvia/agrobot-reverse-engineering/Agrobot/install/canopen_interfaces/include/canopen_interfaces/canopen_interfaces/srv/detail/co_heartbeat_id__type_support.c
[0.472s] -- Up-to-date: /home/gsylvia/agrobot-reverse-engineering/Agrobot/install/canopen_interfaces/include/canopen_interfaces/canopen_interfaces/srv/detail/co_read_id__rosidl_typesupport_introspection_c.h
[0.472s] -- Installing: /home/gsylvia/agrobot-reverse-engineering/Agrobot/install/canopen_interfaces/include/canopen_interfaces/canopen_interfaces/srv/detail/co_write__type_support.c
[0.472s] -- Up-to-date: /home/gsylvia/agrobot-reverse-engineering/Agrobot/install/canopen_interfaces/include/canopen_interfaces/canopen_interfaces/srv/detail/co_nmt_id__rosidl_typesupport_introspection_c.h
[0.472s] -- Up-to-date: /home/gsylvia/agrobot-reverse-engineering/Agrobot/install/canopen_interfaces/include/canopen_interfaces/canopen_interfaces/srv/detail/co_write__rosidl_typesupport_introspection_c.h
[0.472s] -- Installing: /home/gsylvia/agrobot-reverse-engineering/Agrobot/install/canopen_interfaces/include/canopen_interfaces/canopen_interfaces/srv/detail/co_write_id__type_support.c
[0.473s] -- Up-to-date: /home/gsylvia/agrobot-reverse-engineering/Agrobot/install/canopen_interfaces/include/canopen_interfaces/canopen_interfaces/srv/detail/co_node__rosidl_typesupport_introspection_c.h
[0.473s] -- Installing: /home/gsylvia/agrobot-reverse-engineering/Agrobot/install/canopen_interfaces/include/canopen_interfaces/canopen_interfaces/srv/detail/co_nmt_id__type_support.c
[0.473s] -- Installing: /home/gsylvia/agrobot-reverse-engineering/Agrobot/install/canopen_interfaces/include/canopen_interfaces/canopen_interfaces/srv/detail/co_read__type_support.c
[0.473s] -- Installing: /home/gsylvia/agrobot-reverse-engineering/Agrobot/install/canopen_interfaces/include/canopen_interfaces/canopen_interfaces/srv/detail/co_target_double__type_support.c
[0.474s] -- Up-to-date: /home/gsylvia/agrobot-reverse-engineering/Agrobot/install/canopen_interfaces/include/canopen_interfaces/canopen_interfaces/srv/detail/co_write_id__rosidl_typesupport_introspection_c.h
[0.474s] -- Installing: /home/gsylvia/agrobot-reverse-engineering/Agrobot/install/canopen_interfaces/include/canopen_interfaces/canopen_interfaces/srv/detail/co_node__type_support.c
[0.474s] -- Up-to-date: /home/gsylvia/agrobot-reverse-engineering/Agrobot/install/canopen_interfaces/include/canopen_interfaces/canopen_interfaces/msg
[0.474s] -- Up-to-date: /home/gsylvia/agrobot-reverse-engineering/Agrobot/install/canopen_interfaces/include/canopen_interfaces/canopen_interfaces/msg/rosidl_typesupport_introspection_c__visibility_control.h
[0.474s] -- Up-to-date: /home/gsylvia/agrobot-reverse-engineering/Agrobot/install/canopen_interfaces/include/canopen_interfaces/canopen_interfaces/msg/detail
[0.474s] -- Up-to-date: /home/gsylvia/agrobot-reverse-engineering/Agrobot/install/canopen_interfaces/include/canopen_interfaces/canopen_interfaces/msg/detail/co_data__rosidl_typesupport_introspection_c.h
[0.474s] -- Installing: /home/gsylvia/agrobot-reverse-engineering/Agrobot/install/canopen_interfaces/include/canopen_interfaces/canopen_interfaces/msg/detail/co_data__type_support.c
[0.476s] -- Up-to-date: /home/gsylvia/agrobot-reverse-engineering/Agrobot/install/canopen_interfaces/lib/libcanopen_interfaces__rosidl_typesupport_introspection_c.so
[0.477s] -- Up-to-date: /home/gsylvia/agrobot-reverse-engineering/Agrobot/install/canopen_interfaces/lib/libcanopen_interfaces__rosidl_typesupport_c.so
[0.477s] -- Up-to-date: /home/gsylvia/agrobot-reverse-engineering/Agrobot/install/canopen_interfaces/include/canopen_interfaces/canopen_interfaces
[0.477s] -- Up-to-date: /home/gsylvia/agrobot-reverse-engineering/Agrobot/install/canopen_interfaces/include/canopen_interfaces/canopen_interfaces/srv
[0.477s] -- Up-to-date: /home/gsylvia/agrobot-reverse-engineering/Agrobot/install/canopen_interfaces/include/canopen_interfaces/canopen_interfaces/srv/co_write_id.hpp
[0.477s] -- Up-to-date: /home/gsylvia/agrobot-reverse-engineering/Agrobot/install/canopen_interfaces/include/canopen_interfaces/canopen_interfaces/srv/co_write.hpp
[0.478s] -- Up-to-date: /home/gsylvia/agrobot-reverse-engineering/Agrobot/install/canopen_interfaces/include/canopen_interfaces/canopen_interfaces/srv/co_nmt_id.hpp
[0.478s] -- Up-to-date: /home/gsylvia/agrobot-reverse-engineering/Agrobot/install/canopen_interfaces/include/canopen_interfaces/canopen_interfaces/srv/co_node.hpp
[0.478s] -- Up-to-date: /home/gsylvia/agrobot-reverse-engineering/Agrobot/install/canopen_interfaces/include/canopen_interfaces/canopen_interfaces/srv/co_heartbeat_id.hpp
[0.478s] -- Up-to-date: /home/gsylvia/agrobot-reverse-engineering/Agrobot/install/canopen_interfaces/include/canopen_interfaces/canopen_interfaces/srv/detail
[0.478s] -- Up-to-date: /home/gsylvia/agrobot-reverse-engineering/Agrobot/install/canopen_interfaces/include/canopen_interfaces/canopen_interfaces/srv/detail/co_nmt_id__traits.hpp
[0.478s] -- Up-to-date: /home/gsylvia/agrobot-reverse-engineering/Agrobot/install/canopen_interfaces/include/canopen_interfaces/canopen_interfaces/srv/detail/co_read__type_support.hpp
[0.478s] -- Up-to-date: /home/gsylvia/agrobot-reverse-engineering/Agrobot/install/canopen_interfaces/include/canopen_interfaces/canopen_interfaces/srv/detail/co_target_double__type_support.hpp
[0.478s] -- Up-to-date: /home/gsylvia/agrobot-reverse-engineering/Agrobot/install/canopen_interfaces/include/canopen_interfaces/canopen_interfaces/srv/detail/co_heartbeat_id__struct.hpp
[0.478s] -- Up-to-date: /home/gsylvia/agrobot-reverse-engineering/Agrobot/install/canopen_interfaces/include/canopen_interfaces/canopen_interfaces/srv/detail/co_target_double__builder.hpp
[0.478s] -- Up-to-date: /home/gsylvia/agrobot-reverse-engineering/Agrobot/install/canopen_interfaces/include/canopen_interfaces/canopen_interfaces/srv/detail/co_read_id__type_support.hpp
[0.478s] -- Up-to-date: /home/gsylvia/agrobot-reverse-engineering/Agrobot/install/canopen_interfaces/include/canopen_interfaces/canopen_interfaces/srv/detail/co_read__builder.hpp
[0.478s] -- Up-to-date: /home/gsylvia/agrobot-reverse-engineering/Agrobot/install/canopen_interfaces/include/canopen_interfaces/canopen_interfaces/srv/detail/co_nmt_id__struct.hpp
[0.478s] -- Up-to-date: /home/gsylvia/agrobot-reverse-engineering/Agrobot/install/canopen_interfaces/include/canopen_interfaces/canopen_interfaces/srv/detail/co_target_double__traits.hpp
[0.478s] -- Up-to-date: /home/gsylvia/agrobot-reverse-engineering/Agrobot/install/canopen_interfaces/include/canopen_interfaces/canopen_interfaces/srv/detail/co_read_id__struct.hpp
[0.478s] -- Up-to-date: /home/gsylvia/agrobot-reverse-engineering/Agrobot/install/canopen_interfaces/include/canopen_interfaces/canopen_interfaces/srv/detail/co_write_id__traits.hpp
[0.478s] -- Up-to-date: /home/gsylvia/agrobot-reverse-engineering/Agrobot/install/canopen_interfaces/include/canopen_interfaces/canopen_interfaces/srv/detail/co_heartbeat_id__traits.hpp
[0.478s] -- Up-to-date: /home/gsylvia/agrobot-reverse-engineering/Agrobot/install/canopen_interfaces/include/canopen_interfaces/canopen_interfaces/srv/detail/co_read_id__traits.hpp
[0.478s] -- Up-to-date: /home/gsylvia/agrobot-reverse-engineering/Agrobot/install/canopen_interfaces/include/canopen_interfaces/canopen_interfaces/srv/detail/co_read_id__builder.hpp
[0.478s] -- Up-to-date: /home/gsylvia/agrobot-reverse-engineering/Agrobot/install/canopen_interfaces/include/canopen_interfaces/canopen_interfaces/srv/detail/co_read__traits.hpp
[0.478s] -- Up-to-date: /home/gsylvia/agrobot-reverse-engineering/Agrobot/install/canopen_interfaces/include/canopen_interfaces/canopen_interfaces/srv/detail/co_node__type_support.hpp
[0.478s] -- Up-to-date: /home/gsylvia/agrobot-reverse-engineering/Agrobot/install/canopen_interfaces/include/canopen_interfaces/canopen_interfaces/srv/detail/co_nmt_id__builder.hpp
[0.478s] -- Up-to-date: /home/gsylvia/agrobot-reverse-engineering/Agrobot/install/canopen_interfaces/include/canopen_interfaces/canopen_interfaces/srv/detail/co_write__struct.hpp
[0.478s] -- Up-to-date: /home/gsylvia/agrobot-reverse-engineering/Agrobot/install/canopen_interfaces/include/canopen_interfaces/canopen_interfaces/srv/detail/co_read__struct.hpp
[0.478s] -- Up-to-date: /home/gsylvia/agrobot-reverse-engineering/Agrobot/install/canopen_interfaces/include/canopen_interfaces/canopen_interfaces/srv/detail/co_write__builder.hpp
[0.478s] -- Up-to-date: /home/gsylvia/agrobot-reverse-engineering/Agrobot/install/canopen_interfaces/include/canopen_interfaces/canopen_interfaces/srv/detail/co_write__type_support.hpp
[0.478s] -- Up-to-date: /home/gsylvia/agrobot-reverse-engineering/Agrobot/install/canopen_interfaces/include/canopen_interfaces/canopen_interfaces/srv/detail/co_nmt_id__type_support.hpp
[0.478s] -- Up-to-date: /home/gsylvia/agrobot-reverse-engineering/Agrobot/install/canopen_interfaces/include/canopen_interfaces/canopen_interfaces/srv/detail/co_write_id__builder.hpp
[0.478s] -- Up-to-date: /home/gsylvia/agrobot-reverse-engineering/Agrobot/install/canopen_interfaces/include/canopen_interfaces/canopen_interfaces/srv/detail/co_write_id__type_support.hpp
[0.478s] -- Up-to-date: /home/gsylvia/agrobot-reverse-engineering/Agrobot/install/canopen_interfaces/include/canopen_interfaces/canopen_interfaces/srv/detail/co_node__builder.hpp
[0.478s] -- Up-to-date: /home/gsylvia/agrobot-reverse-engineering/Agrobot/install/canopen_interfaces/include/canopen_interfaces/canopen_interfaces/srv/detail/co_node__traits.hpp
[0.478s] -- Up-to-date: /home/gsylvia/agrobot-reverse-engineering/Agrobot/install/canopen_interfaces/include/canopen_interfaces/canopen_interfaces/srv/detail/co_write_id__struct.hpp
[0.478s] -- Up-to-date: /home/gsylvia/agrobot-reverse-engineering/Agrobot/install/canopen_interfaces/include/canopen_interfaces/canopen_interfaces/srv/detail/co_heartbeat_id__type_support.hpp
[0.478s] -- Up-to-date: /home/gsylvia/agrobot-reverse-engineering/Agrobot/install/canopen_interfaces/include/canopen_interfaces/canopen_interfaces/srv/detail/co_target_double__struct.hpp
[0.478s] -- Up-to-date: /home/gsylvia/agrobot-reverse-engineering/Agrobot/install/canopen_interfaces/include/canopen_interfaces/canopen_interfaces/srv/detail/co_heartbeat_id__builder.hpp
[0.479s] -- Up-to-date: /home/gsylvia/agrobot-reverse-engineering/Agrobot/install/canopen_interfaces/include/canopen_interfaces/canopen_interfaces/srv/detail/co_node__struct.hpp
[0.479s] -- Up-to-date: /home/gsylvia/agrobot-reverse-engineering/Agrobot/install/canopen_interfaces/include/canopen_interfaces/canopen_interfaces/srv/detail/co_write__traits.hpp
[0.479s] -- Up-to-date: /home/gsylvia/agrobot-reverse-engineering/Agrobot/install/canopen_interfaces/include/canopen_interfaces/canopen_interfaces/srv/co_read.hpp
[0.479s] -- Up-to-date: /home/gsylvia/agrobot-reverse-engineering/Agrobot/install/canopen_interfaces/include/canopen_interfaces/canopen_interfaces/srv/co_read_id.hpp
[0.479s] -- Up-to-date: /home/gsylvia/agrobot-reverse-engineering/Agrobot/install/canopen_interfaces/include/canopen_interfaces/canopen_interfaces/srv/co_target_double.hpp
[0.479s] -- Up-to-date: /home/gsylvia/agrobot-reverse-engineering/Agrobot/install/canopen_interfaces/include/canopen_interfaces/canopen_interfaces/msg
[0.479s] -- Up-to-date: /home/gsylvia/agrobot-reverse-engineering/Agrobot/install/canopen_interfaces/include/canopen_interfaces/canopen_interfaces/msg/detail
[0.479s] -- Up-to-date: /home/gsylvia/agrobot-reverse-engineering/Agrobot/install/canopen_interfaces/include/canopen_interfaces/canopen_interfaces/msg/detail/co_data__traits.hpp
[0.479s] -- Up-to-date: /home/gsylvia/agrobot-reverse-engineering/Agrobot/install/canopen_interfaces/include/canopen_interfaces/canopen_interfaces/msg/detail/co_data__builder.hpp
[0.479s] -- Up-to-date: /home/gsylvia/agrobot-reverse-engineering/Agrobot/install/canopen_interfaces/include/canopen_interfaces/canopen_interfaces/msg/detail/co_data__type_support.hpp
[0.479s] -- Up-to-date: /home/gsylvia/agrobot-reverse-engineering/Agrobot/install/canopen_interfaces/include/canopen_interfaces/canopen_interfaces/msg/detail/co_data__struct.hpp
[0.479s] -- Up-to-date: /home/gsylvia/agrobot-reverse-engineering/Agrobot/install/canopen_interfaces/include/canopen_interfaces/canopen_interfaces/msg/rosidl_generator_cpp__visibility_control.hpp
[0.479s] -- Up-to-date: /home/gsylvia/agrobot-reverse-engineering/Agrobot/install/canopen_interfaces/include/canopen_interfaces/canopen_interfaces/msg/co_data.hpp
[0.479s] -- Up-to-date: /home/gsylvia/agrobot-reverse-engineering/Agrobot/install/canopen_interfaces/include/canopen_interfaces/canopen_interfaces
[0.480s] -- Up-to-date: /home/gsylvia/agrobot-reverse-engineering/Agrobot/install/canopen_interfaces/include/canopen_interfaces/canopen_interfaces/srv
[0.480s] -- Up-to-date: /home/gsylvia/agrobot-reverse-engineering/Agrobot/install/canopen_interfaces/include/canopen_interfaces/canopen_interfaces/srv/detail
[0.480s] -- Up-to-date: /home/gsylvia/agrobot-reverse-engineering/Agrobot/install/canopen_interfaces/include/canopen_interfaces/canopen_interfaces/srv/detail/co_write__rosidl_typesupport_fastrtps_cpp.hpp
[0.480s] -- Up-to-date: /home/gsylvia/agrobot-reverse-engineering/Agrobot/install/canopen_interfaces/include/canopen_interfaces/canopen_interfaces/srv/detail/co_nmt_id__rosidl_typesupport_fastrtps_cpp.hpp
[0.480s] -- Up-to-date: /home/gsylvia/agrobot-reverse-engineering/Agrobot/install/canopen_interfaces/include/canopen_interfaces/canopen_interfaces/srv/detail/dds_fastrtps
[0.480s] -- Up-to-date: /home/gsylvia/agrobot-reverse-engineering/Agrobot/install/canopen_interfaces/include/canopen_interfaces/canopen_interfaces/srv/detail/co_heartbeat_id__rosidl_typesupport_fastrtps_cpp.hpp
[0.480s] -- Up-to-date: /home/gsylvia/agrobot-reverse-engineering/Agrobot/install/canopen_interfaces/include/canopen_interfaces/canopen_interfaces/srv/detail/co_read_id__rosidl_typesupport_fastrtps_cpp.hpp
[0.480s] -- Up-to-date: /home/gsylvia/agrobot-reverse-engineering/Agrobot/install/canopen_interfaces/include/canopen_interfaces/canopen_interfaces/srv/detail/co_write_id__rosidl_typesupport_fastrtps_cpp.hpp
[0.480s] -- Up-to-date: /home/gsylvia/agrobot-reverse-engineering/Agrobot/install/canopen_interfaces/include/canopen_interfaces/canopen_interfaces/srv/detail/co_read__rosidl_typesupport_fastrtps_cpp.hpp
[0.480s] -- Up-to-date: /home/gsylvia/agrobot-reverse-engineering/Agrobot/install/canopen_interfaces/include/canopen_interfaces/canopen_interfaces/srv/detail/co_node__rosidl_typesupport_fastrtps_cpp.hpp
[0.480s] -- Up-to-date: /home/gsylvia/agrobot-reverse-engineering/Agrobot/install/canopen_interfaces/include/canopen_interfaces/canopen_interfaces/srv/detail/co_target_double__rosidl_typesupport_fastrtps_cpp.hpp
[0.480s] -- Up-to-date: /home/gsylvia/agrobot-reverse-engineering/Agrobot/install/canopen_interfaces/include/canopen_interfaces/canopen_interfaces/msg
[0.480s] -- Up-to-date: /home/gsylvia/agrobot-reverse-engineering/Agrobot/install/canopen_interfaces/include/canopen_interfaces/canopen_interfaces/msg/detail
[0.480s] -- Up-to-date: /home/gsylvia/agrobot-reverse-engineering/Agrobot/install/canopen_interfaces/include/canopen_interfaces/canopen_interfaces/msg/detail/dds_fastrtps
[0.480s] -- Up-to-date: /home/gsylvia/agrobot-reverse-engineering/Agrobot/install/canopen_interfaces/include/canopen_interfaces/canopen_interfaces/msg/detail/co_data__rosidl_typesupport_fastrtps_cpp.hpp
[0.480s] -- Up-to-date: /home/gsylvia/agrobot-reverse-engineering/Agrobot/install/canopen_interfaces/include/canopen_interfaces/canopen_interfaces/msg/rosidl_typesupport_fastrtps_cpp__visibility_control.h
[0.480s] -- Up-to-date: /home/gsylvia/agrobot-reverse-engineering/Agrobot/install/canopen_interfaces/lib/libcanopen_interfaces__rosidl_typesupport_fastrtps_cpp.so
[0.480s] -- Up-to-date: /home/gsylvia/agrobot-reverse-engineering/Agrobot/install/canopen_interfaces/include/canopen_interfaces/canopen_interfaces
[0.480s] -- Up-to-date: /home/gsylvia/agrobot-reverse-engineering/Agrobot/install/canopen_interfaces/include/canopen_interfaces/canopen_interfaces/srv
[0.480s] -- Up-to-date: /home/gsylvia/agrobot-reverse-engineering/Agrobot/install/canopen_interfaces/include/canopen_interfaces/canopen_interfaces/srv/detail
[0.480s] -- Up-to-date: /home/gsylvia/agrobot-reverse-engineering/Agrobot/install/canopen_interfaces/include/canopen_interfaces/canopen_interfaces/srv/detail/co_read_id__rosidl_typesupport_introspection_cpp.hpp
[0.480s] -- Up-to-date: /home/gsylvia/agrobot-reverse-engineering/Agrobot/install/canopen_interfaces/include/canopen_interfaces/canopen_interfaces/srv/detail/co_write__type_support.cpp
[0.480s] -- Up-to-date: /home/gsylvia/agrobot-reverse-engineering/Agrobot/install/canopen_interfaces/include/canopen_interfaces/canopen_interfaces/srv/detail/co_read__type_support.cpp
[0.480s] -- Up-to-date: /home/gsylvia/agrobot-reverse-engineering/Agrobot/install/canopen_interfaces/include/canopen_interfaces/canopen_interfaces/srv/detail/co_heartbeat_id__rosidl_typesupport_introspection_cpp.hpp
[0.480s] -- Up-to-date: /home/gsylvia/agrobot-reverse-engineering/Agrobot/install/canopen_interfaces/include/canopen_interfaces/canopen_interfaces/srv/detail/co_target_double__type_support.cpp
[0.480s] -- Up-to-date: /home/gsylvia/agrobot-reverse-engineering/Agrobot/install/canopen_interfaces/include/canopen_interfaces/canopen_interfaces/srv/detail/co_nmt_id__rosidl_typesupport_introspection_cpp.hpp
[0.480s] -- Up-to-date: /home/gsylvia/agrobot-reverse-engineering/Agrobot/install/canopen_interfaces/include/canopen_interfaces/canopen_interfaces/srv/detail/co_node__type_support.cpp
[0.480s] -- Up-to-date: /home/gsylvia/agrobot-reverse-engineering/Agrobot/install/canopen_interfaces/include/canopen_interfaces/canopen_interfaces/srv/detail/co_heartbeat_id__type_support.cpp
[0.480s] -- Up-to-date: /home/gsylvia/agrobot-reverse-engineering/Agrobot/install/canopen_interfaces/include/canopen_interfaces/canopen_interfaces/srv/detail/co_read_id__type_support.cpp
[0.480s] -- Up-to-date: /home/gsylvia/agrobot-reverse-engineering/Agrobot/install/canopen_interfaces/include/canopen_interfaces/canopen_interfaces/srv/detail/co_write_id__type_support.cpp
[0.480s] -- Up-to-date: /home/gsylvia/agrobot-reverse-engineering/Agrobot/install/canopen_interfaces/include/canopen_interfaces/canopen_interfaces/srv/detail/co_nmt_id__type_support.cpp
[0.480s] -- Up-to-date: /home/gsylvia/agrobot-reverse-engineering/Agrobot/install/canopen_interfaces/include/canopen_interfaces/canopen_interfaces/srv/detail/co_node__rosidl_typesupport_introspection_cpp.hpp
[0.481s] -- Up-to-date: /home/gsylvia/agrobot-reverse-engineering/Agrobot/install/canopen_interfaces/include/canopen_interfaces/canopen_interfaces/srv/detail/co_write__rosidl_typesupport_introspection_cpp.hpp
[0.481s] -- Up-to-date: /home/gsylvia/agrobot-reverse-engineering/Agrobot/install/canopen_interfaces/include/canopen_interfaces/canopen_interfaces/srv/detail/co_read__rosidl_typesupport_introspection_cpp.hpp
[0.481s] -- Up-to-date: /home/gsylvia/agrobot-reverse-engineering/Agrobot/install/canopen_interfaces/include/canopen_interfaces/canopen_interfaces/srv/detail/co_target_double__rosidl_typesupport_introspection_cpp.hpp
[0.481s] -- Up-to-date: /home/gsylvia/agrobot-reverse-engineering/Agrobot/install/canopen_interfaces/include/canopen_interfaces/canopen_interfaces/srv/detail/co_write_id__rosidl_typesupport_introspection_cpp.hpp
[0.481s] -- Up-to-date: /home/gsylvia/agrobot-reverse-engineering/Agrobot/install/canopen_interfaces/include/canopen_interfaces/canopen_interfaces/msg
[0.481s] -- Up-to-date: /home/gsylvia/agrobot-reverse-engineering/Agrobot/install/canopen_interfaces/include/canopen_interfaces/canopen_interfaces/msg/detail
[0.481s] -- Up-to-date: /home/gsylvia/agrobot-reverse-engineering/Agrobot/install/canopen_interfaces/include/canopen_interfaces/canopen_interfaces/msg/detail/co_data__rosidl_typesupport_introspection_cpp.hpp
[0.481s] -- Up-to-date: /home/gsylvia/agrobot-reverse-engineering/Agrobot/install/canopen_interfaces/include/canopen_interfaces/canopen_interfaces/msg/detail/co_data__type_support.cpp
[0.481s] -- Up-to-date: /home/gsylvia/agrobot-reverse-engineering/Agrobot/install/canopen_interfaces/lib/libcanopen_interfaces__rosidl_typesupport_introspection_cpp.so
[0.481s] -- Up-to-date: /home/gsylvia/agrobot-reverse-engineering/Agrobot/install/canopen_interfaces/lib/libcanopen_interfaces__rosidl_typesupport_cpp.so
[0.482s] -- Up-to-date: /home/gsylvia/agrobot-reverse-engineering/Agrobot/install/canopen_interfaces/share/canopen_interfaces/environment/pythonpath.sh
[0.482s] -- Up-to-date: /home/gsylvia/agrobot-reverse-engineering/Agrobot/install/canopen_interfaces/share/canopen_interfaces/environment/pythonpath.dsv
[0.482s] -- Up-to-date: /home/gsylvia/agrobot-reverse-engineering/Agrobot/install/canopen_interfaces/lib/python3.12/site-packages/canopen_interfaces-0.3.1-py3.12.egg-info
[0.482s] -- Installing: /home/gsylvia/agrobot-reverse-engineering/Agrobot/install/canopen_interfaces/lib/python3.12/site-packages/canopen_interfaces-0.3.1-py3.12.egg-info/PKG-INFO
[0.482s] -- Installing: /home/gsylvia/agrobot-reverse-engineering/Agrobot/install/canopen_interfaces/lib/python3.12/site-packages/canopen_interfaces-0.3.1-py3.12.egg-info/dependency_links.txt
[0.482s] -- Installing: /home/gsylvia/agrobot-reverse-engineering/Agrobot/install/canopen_interfaces/lib/python3.12/site-packages/canopen_interfaces-0.3.1-py3.12.egg-info/top_level.txt
[0.482s] -- Installing: /home/gsylvia/agrobot-reverse-engineering/Agrobot/install/canopen_interfaces/lib/python3.12/site-packages/canopen_interfaces-0.3.1-py3.12.egg-info/SOURCES.txt
[0.482s] -- Up-to-date: /home/gsylvia/agrobot-reverse-engineering/Agrobot/install/canopen_interfaces/lib/python3.12/site-packages/canopen_interfaces
[0.482s] -- Up-to-date: /home/gsylvia/agrobot-reverse-engineering/Agrobot/install/canopen_interfaces/lib/python3.12/site-packages/canopen_interfaces/_canopen_interfaces_s.ep.rosidl_typesupport_fastrtps_c.c
[0.482s] -- Up-to-date: /home/gsylvia/agrobot-reverse-engineering/Agrobot/install/canopen_interfaces/lib/python3.12/site-packages/canopen_interfaces/_canopen_interfaces_s.ep.rosidl_typesupport_c.c
[0.483s] -- Up-to-date: /home/gsylvia/agrobot-reverse-engineering/Agrobot/install/canopen_interfaces/lib/python3.12/site-packages/canopen_interfaces/canopen_interfaces_s__rosidl_typesupport_c.so
[0.483s] -- Up-to-date: /home/gsylvia/agrobot-reverse-engineering/Agrobot/install/canopen_interfaces/lib/python3.12/site-packages/canopen_interfaces/srv
[0.483s] -- Up-to-date: /home/gsylvia/agrobot-reverse-engineering/Agrobot/install/canopen_interfaces/lib/python3.12/site-packages/canopen_interfaces/srv/_co_heartbeat_id.py
[0.483s] -- Up-to-date: /home/gsylvia/agrobot-reverse-engineering/Agrobot/install/canopen_interfaces/lib/python3.12/site-packages/canopen_interfaces/srv/_co_read_id_s.c
[0.483s] -- Up-to-date: /home/gsylvia/agrobot-reverse-engineering/Agrobot/install/canopen_interfaces/lib/python3.12/site-packages/canopen_interfaces/srv/_co_write_s.c
[0.483s] -- Up-to-date: /home/gsylvia/agrobot-reverse-engineering/Agrobot/install/canopen_interfaces/lib/python3.12/site-packages/canopen_interfaces/srv/_co_node_s.c
[0.483s] -- Up-to-date: /home/gsylvia/agrobot-reverse-engineering/Agrobot/install/canopen_interfaces/lib/python3.12/site-packages/canopen_interfaces/srv/_co_read_id.py
[0.483s] -- Up-to-date: /home/gsylvia/agrobot-reverse-engineering/Agrobot/install/canopen_interfaces/lib/python3.12/site-packages/canopen_interfaces/srv/_co_nmt_id.py
[0.483s] -- Up-to-date: /home/gsylvia/agrobot-reverse-engineering/Agrobot/install/canopen_interfaces/lib/python3.12/site-packages/canopen_interfaces/srv/_co_write_id.py
[0.483s] -- Up-to-date: /home/gsylvia/agrobot-reverse-engineering/Agrobot/install/canopen_interfaces/lib/python3.12/site-packages/canopen_interfaces/srv/_co_heartbeat_id_s.c
[0.483s] -- Up-to-date: /home/gsylvia/agrobot-reverse-engineering/Agrobot/install/canopen_interfaces/lib/python3.12/site-packages/canopen_interfaces/srv/_co_target_double.py
[0.483s] -- Up-to-date: /home/gsylvia/agrobot-reverse-engineering/Agrobot/install/canopen_interfaces/lib/python3.12/site-packages/canopen_interfaces/srv/_co_target_double_s.c
[0.483s] -- Up-to-date: /home/gsylvia/agrobot-reverse-engineering/Agrobot/install/canopen_interfaces/lib/python3.12/site-packages/canopen_interfaces/srv/_co_read_s.c
[0.483s] -- Up-to-date: /home/gsylvia/agrobot-reverse-engineering/Agrobot/install/canopen_interfaces/lib/python3.12/site-packages/canopen_interfaces/srv/__init__.py
[0.483s] -- Up-to-date: /home/gsylvia/agrobot-reverse-engineering/Agrobot/install/canopen_interfaces/lib/python3.12/site-packages/canopen_interfaces/srv/_co_node.py
[0.483s] -- Up-to-date: /home/gsylvia/agrobot-reverse-engineering/Agrobot/install/canopen_interfaces/lib/python3.12/site-packages/canopen_interfaces/srv/_co_read.py
[0.483s] -- Up-to-date: /home/gsylvia/agrobot-reverse-engineering/Agrobot/install/canopen_interfaces/lib/python3.12/site-packages/canopen_interfaces/srv/_co_write.py
[0.483s] -- Up-to-date: /home/gsylvia/agrobot-reverse-engineering/Agrobot/install/canopen_interfaces/lib/python3.12/site-packages/canopen_interfaces/srv/_co_nmt_id_s.c
[0.483s] -- Up-to-date: /home/gsylvia/agrobot-reverse-engineering/Agrobot/install/canopen_interfaces/lib/python3.12/site-packages/canopen_interfaces/srv/_co_write_id_s.c
[0.483s] -- Up-to-date: /home/gsylvia/agrobot-reverse-engineering/Agrobot/install/canopen_interfaces/lib/python3.12/site-packages/canopen_interfaces/__init__.py
[0.483s] -- Up-to-date: /home/gsylvia/agrobot-reverse-engineering/Agrobot/install/canopen_interfaces/lib/python3.12/site-packages/canopen_interfaces/canopen_interfaces_s__rosidl_typesupport_fastrtps_c.so
[0.483s] -- Up-to-date: /home/gsylvia/agrobot-reverse-engineering/Agrobot/install/canopen_interfaces/lib/python3.12/site-packages/canopen_interfaces/msg
[0.483s] -- Up-to-date: /home/gsylvia/agrobot-reverse-engineering/Agrobot/install/canopen_interfaces/lib/python3.12/site-packages/canopen_interfaces/msg/_co_data_s.c
[0.484s] -- Up-to-date: /home/gsylvia/agrobot-reverse-engineering/Agrobot/install/canopen_interfaces/lib/python3.12/site-packages/canopen_interfaces/msg/_co_data.py
[0.484s] -- Up-to-date: /home/gsylvia/agrobot-reverse-engineering/Agrobot/install/canopen_interfaces/lib/python3.12/site-packages/canopen_interfaces/msg/__init__.py
[0.484s] -- Up-to-date: /home/gsylvia/agrobot-reverse-engineering/Agrobot/install/canopen_interfaces/lib/python3.12/site-packages/canopen_interfaces/_canopen_interfaces_s.ep.rosidl_typesupport_introspection_c.c
[0.484s] -- Up-to-date: /home/gsylvia/agrobot-reverse-engineering/Agrobot/install/canopen_interfaces/lib/python3.12/site-packages/canopen_interfaces/canopen_interfaces_s__rosidl_typesupport_introspection_c.so
[0.525s] Listing '/home/gsylvia/agrobot-reverse-engineering/Agrobot/install/canopen_interfaces/lib/python3.12/site-packages/canopen_interfaces'...
[0.526s] Listing '/home/gsylvia/agrobot-reverse-engineering/Agrobot/install/canopen_interfaces/lib/python3.12/site-packages/canopen_interfaces/msg'...
[0.526s] Listing '/home/gsylvia/agrobot-reverse-engineering/Agrobot/install/canopen_interfaces/lib/python3.12/site-packages/canopen_interfaces/srv'...
[0.526s] -- Up-to-date: /home/gsylvia/agrobot-reverse-engineering/Agrobot/install/canopen_interfaces/lib/python3.12/site-packages/canopen_interfaces/canopen_interfaces_s__rosidl_typesupport_fastrtps_c.so
[0.526s] -- Up-to-date: /home/gsylvia/agrobot-reverse-engineering/Agrobot/install/canopen_interfaces/lib/python3.12/site-packages/canopen_interfaces/canopen_interfaces_s__rosidl_typesupport_introspection_c.so
[0.526s] -- Up-to-date: /home/gsylvia/agrobot-reverse-engineering/Agrobot/install/canopen_interfaces/lib/python3.12/site-packages/canopen_interfaces/canopen_interfaces_s__rosidl_typesupport_c.so
[0.526s] -- Up-to-date: /home/gsylvia/agrobot-reverse-engineering/Agrobot/install/canopen_interfaces/lib/libcanopen_interfaces__rosidl_generator_py.so
[0.526s] -- Up-to-date: /home/gsylvia/agrobot-reverse-engineering/Agrobot/install/canopen_interfaces/share/canopen_interfaces/rust
[0.526s] -- Up-to-date: /home/gsylvia/agrobot-reverse-engineering/Agrobot/install/canopen_interfaces/share/canopen_interfaces/rust/build.rs
[0.526s] -- Up-to-date: /home/gsylvia/agrobot-reverse-engineering/Agrobot/install/canopen_interfaces/share/canopen_interfaces/rust/Cargo.toml
[0.526s] -- Up-to-date: /home/gsylvia/agrobot-reverse-engineering/Agrobot/install/canopen_interfaces/share/canopen_interfaces/rust/src
[0.526s] -- Up-to-date: /home/gsylvia/agrobot-reverse-engineering/Agrobot/install/canopen_interfaces/share/canopen_interfaces/rust/src/msg.rs
[0.526s] -- Up-to-date: /home/gsylvia/agrobot-reverse-engineering/Agrobot/install/canopen_interfaces/share/canopen_interfaces/rust/src/srv.rs
[0.527s] -- Up-to-date: /home/gsylvia/agrobot-reverse-engineering/Agrobot/install/canopen_interfaces/share/canopen_interfaces/rust/src/srv
[0.527s] -- Up-to-date: /home/gsylvia/agrobot-reverse-engineering/Agrobot/install/canopen_interfaces/share/canopen_interfaces/rust/src/srv/rmw.rs
[0.527s] -- Up-to-date: /home/gsylvia/agrobot-reverse-engineering/Agrobot/install/canopen_interfaces/share/canopen_interfaces/rust/src/msg
[0.527s] -- Up-to-date: /home/gsylvia/agrobot-reverse-engineering/Agrobot/install/canopen_interfaces/share/canopen_interfaces/rust/src/msg/rmw.rs
[0.527s] -- Up-to-date: /home/gsylvia/agrobot-reverse-engineering/Agrobot/install/canopen_interfaces/share/canopen_interfaces/rust/src/lib.rs
[0.527s] -- Up-to-date: /home/gsylvia/agrobot-reverse-engineering/Agrobot/install/canopen_interfaces/share/canopen_interfaces/srv/COHeartbeatID.idl
[0.527s] -- Up-to-date: /home/gsylvia/agrobot-reverse-engineering/Agrobot/install/canopen_interfaces/share/canopen_interfaces/srv/CONmtID.idl
[0.527s] -- Up-to-date: /home/gsylvia/agrobot-reverse-engineering/Agrobot/install/canopen_interfaces/share/canopen_interfaces/srv/CORead.idl
[0.527s] -- Up-to-date: /home/gsylvia/agrobot-reverse-engineering/Agrobot/install/canopen_interfaces/share/canopen_interfaces/srv/COReadID.idl
[0.528s] -- Up-to-date: /home/gsylvia/agrobot-reverse-engineering/Agrobot/install/canopen_interfaces/share/canopen_interfaces/srv/COWrite.idl
[0.528s] -- Up-to-date: /home/gsylvia/agrobot-reverse-engineering/Agrobot/install/canopen_interfaces/share/canopen_interfaces/srv/COWriteID.idl
[0.528s] -- Up-to-date: /home/gsylvia/agrobot-reverse-engineering/Agrobot/install/canopen_interfaces/share/canopen_interfaces/srv/COTargetDouble.idl
[0.528s] -- Up-to-date: /home/gsylvia/agrobot-reverse-engineering/Agrobot/install/canopen_interfaces/share/canopen_interfaces/srv/CONode.idl
[0.529s] -- Up-to-date: /home/gsylvia/agrobot-reverse-engineering/Agrobot/install/canopen_interfaces/share/canopen_interfaces/msg/COData.idl
[0.529s] -- Up-to-date: /home/gsylvia/agrobot-reverse-engineering/Agrobot/install/canopen_interfaces/share/canopen_interfaces/srv/COHeartbeatID.srv
[0.529s] -- Up-to-date: /home/gsylvia/agrobot-reverse-engineering/Agrobot/install/canopen_interfaces/share/canopen_interfaces/srv/CONmtID.srv
[0.529s] -- Up-to-date: /home/gsylvia/agrobot-reverse-engineering/Agrobot/install/canopen_interfaces/share/canopen_interfaces/srv/CORead.srv
[0.529s] -- Up-to-date: /home/gsylvia/agrobot-reverse-engineering/Agrobot/install/canopen_interfaces/share/canopen_interfaces/srv/COReadID.srv
[0.529s] -- Up-to-date: /home/gsylvia/agrobot-reverse-engineering/Agrobot/install/canopen_interfaces/share/canopen_interfaces/srv/COWrite.srv
[0.529s] -- Up-to-date: /home/gsylvia/agrobot-reverse-engineering/Agrobot/install/canopen_interfaces/share/canopen_interfaces/srv/COWriteID.srv
[0.529s] -- Up-to-date: /home/gsylvia/agrobot-reverse-engineering/Agrobot/install/canopen_interfaces/share/canopen_interfaces/srv/COTargetDouble.srv
[0.529s] -- Up-to-date: /home/gsylvia/agrobot-reverse-engineering/Agrobot/install/canopen_interfaces/share/canopen_interfaces/srv/CONode.srv
[0.529s] -- Up-to-date: /home/gsylvia/agrobot-reverse-engineering/Agrobot/install/canopen_interfaces/share/canopen_interfaces/msg/COData.msg
[0.530s] -- Up-to-date: /home/gsylvia/agrobot-reverse-engineering/Agrobot/install/canopen_interfaces/share/ament_index/resource_index/package_run_dependencies/canopen_interfaces
[0.530s] -- Up-to-date: /home/gsylvia/agrobot-reverse-engineering/Agrobot/install/canopen_interfaces/share/ament_index/resource_index/parent_prefix_path/canopen_interfaces
[0.530s] -- Up-to-date: /home/gsylvia/agrobot-reverse-engineering/Agrobot/install/canopen_interfaces/share/canopen_interfaces/environment/ament_prefix_path.sh
[0.530s] -- Up-to-date: /home/gsylvia/agrobot-reverse-engineering/Agrobot/install/canopen_interfaces/share/canopen_interfaces/environment/ament_prefix_path.dsv
[0.531s] -- Up-to-date: /home/gsylvia/agrobot-reverse-engineering/Agrobot/install/canopen_interfaces/share/canopen_interfaces/environment/path.sh
[0.531s] -- Up-to-date: /home/gsylvia/agrobot-reverse-engineering/Agrobot/install/canopen_interfaces/share/canopen_interfaces/environment/path.dsv
[0.531s] -- Up-to-date: /home/gsylvia/agrobot-reverse-engineering/Agrobot/install/canopen_interfaces/share/canopen_interfaces/local_setup.bash
[0.531s] -- Up-to-date: /home/gsylvia/agrobot-reverse-engineering/Agrobot/install/canopen_interfaces/share/canopen_interfaces/local_setup.sh
[0.531s] -- Up-to-date: /home/gsylvia/agrobot-reverse-engineering/Agrobot/install/canopen_interfaces/share/canopen_interfaces/local_setup.zsh
[0.532s] -- Up-to-date: /home/gsylvia/agrobot-reverse-engineering/Agrobot/install/canopen_interfaces/share/canopen_interfaces/local_setup.dsv
[0.532s] -- Installing: /home/gsylvia/agrobot-reverse-engineering/Agrobot/install/canopen_interfaces/share/canopen_interfaces/package.dsv
[0.532s] -- Up-to-date: /home/gsylvia/agrobot-reverse-engineering/Agrobot/install/canopen_interfaces/share/ament_index/resource_index/packages/canopen_interfaces
[0.532s] -- Up-to-date: /home/gsylvia/agrobot-reverse-engineering/Agrobot/install/canopen_interfaces/share/canopen_interfaces/cmake/export_canopen_interfaces__rosidl_generator_cExport.cmake
[0.532s] -- Up-to-date: /home/gsylvia/agrobot-reverse-engineering/Agrobot/install/canopen_interfaces/share/canopen_interfaces/cmake/export_canopen_interfaces__rosidl_generator_cExport-noconfig.cmake
[0.532s] -- Up-to-date: /home/gsylvia/agrobot-reverse-engineering/Agrobot/install/canopen_interfaces/share/canopen_interfaces/cmake/export_canopen_interfaces__rosidl_typesupport_fastrtps_cExport.cmake
[0.532s] -- Up-to-date: /home/gsylvia/agrobot-reverse-engineering/Agrobot/install/canopen_interfaces/share/canopen_interfaces/cmake/export_canopen_interfaces__rosidl_typesupport_fastrtps_cExport-noconfig.cmake
[0.532s] -- Up-to-date: /home/gsylvia/agrobot-reverse-engineering/Agrobot/install/canopen_interfaces/share/canopen_interfaces/cmake/canopen_interfaces__rosidl_typesupport_introspection_cExport.cmake
[0.532s] -- Up-to-date: /home/gsylvia/agrobot-reverse-engineering/Agrobot/install/canopen_interfaces/share/canopen_interfaces/cmake/canopen_interfaces__rosidl_typesupport_introspection_cExport-noconfig.cmake
[0.532s] -- Up-to-date: /home/gsylvia/agrobot-reverse-engineering/Agrobot/install/canopen_interfaces/share/canopen_interfaces/cmake/canopen_interfaces__rosidl_typesupport_cExport.cmake
[0.532s] -- Up-to-date: /home/gsylvia/agrobot-reverse-engineering/Agrobot/install/canopen_interfaces/share/canopen_interfaces/cmake/canopen_interfaces__rosidl_typesupport_cExport-noconfig.cmake
[0.532s] -- Up-to-date: /home/gsylvia/agrobot-reverse-engineering/Agrobot/install/canopen_interfaces/share/canopen_interfaces/cmake/export_canopen_interfaces__rosidl_generator_cppExport.cmake
[0.532s] -- Up-to-date: /home/gsylvia/agrobot-reverse-engineering/Agrobot/install/canopen_interfaces/share/canopen_interfaces/cmake/export_canopen_interfaces__rosidl_typesupport_fastrtps_cppExport.cmake
[0.532s] -- Up-to-date: /home/gsylvia/agrobot-reverse-engineering/Agrobot/install/canopen_interfaces/share/canopen_interfaces/cmake/export_canopen_interfaces__rosidl_typesupport_fastrtps_cppExport-noconfig.cmake
[0.532s] -- Up-to-date: /home/gsylvia/agrobot-reverse-engineering/Agrobot/install/canopen_interfaces/share/canopen_interfaces/cmake/canopen_interfaces__rosidl_typesupport_introspection_cppExport.cmake
[0.532s] -- Up-to-date: /home/gsylvia/agrobot-reverse-engineering/Agrobot/install/canopen_interfaces/share/canopen_interfaces/cmake/canopen_interfaces__rosidl_typesupport_introspection_cppExport-noconfig.cmake
[0.532s] -- Up-to-date: /home/gsylvia/agrobot-reverse-engineering/Agrobot/install/canopen_interfaces/share/canopen_interfaces/cmake/canopen_interfaces__rosidl_typesupport_cppExport.cmake
[0.533s] -- Up-to-date: /home/gsylvia/agrobot-reverse-engineering/Agrobot/install/canopen_interfaces/share/canopen_interfaces/cmake/canopen_interfaces__rosidl_typesupport_cppExport-noconfig.cmake
[0.533s] -- Up-to-date: /home/gsylvia/agrobot-reverse-engineering/Agrobot/install/canopen_interfaces/share/canopen_interfaces/cmake/export_canopen_interfaces__rosidl_generator_pyExport.cmake
[0.533s] -- Up-to-date: /home/gsylvia/agrobot-reverse-engineering/Agrobot/install/canopen_interfaces/share/canopen_interfaces/cmake/export_canopen_interfaces__rosidl_generator_pyExport-noconfig.cmake
[0.533s] -- Up-to-date: /home/gsylvia/agrobot-reverse-engineering/Agrobot/install/canopen_interfaces/share/canopen_interfaces/cmake/rosidl_cmake-extras.cmake
[0.533s] -- Up-to-date: /home/gsylvia/agrobot-reverse-engineering/Agrobot/install/canopen_interfaces/share/canopen_interfaces/cmake/ament_cmake_export_dependencies-extras.cmake
[0.533s] -- Up-to-date: /home/gsylvia/agrobot-reverse-engineering/Agrobot/install/canopen_interfaces/share/canopen_interfaces/cmake/ament_cmake_export_include_directories-extras.cmake
[0.533s] -- Up-to-date: /home/gsylvia/agrobot-reverse-engineering/Agrobot/install/canopen_interfaces/share/canopen_interfaces/cmake/ament_cmake_export_libraries-extras.cmake
[0.533s] -- Up-to-date: /home/gsylvia/agrobot-reverse-engineering/Agrobot/install/canopen_interfaces/share/canopen_interfaces/cmake/ament_cmake_export_targets-extras.cmake
[0.533s] -- Up-to-date: /home/gsylvia/agrobot-reverse-engineering/Agrobot/install/canopen_interfaces/share/canopen_interfaces/cmake/rosidl_cmake_export_typesupport_targets-extras.cmake
[0.533s] -- Up-to-date: /home/gsylvia/agrobot-reverse-engineering/Agrobot/install/canopen_interfaces/share/canopen_interfaces/cmake/rosidl_cmake_export_typesupport_libraries-extras.cmake
[0.533s] -- Up-to-date: /home/gsylvia/agrobot-reverse-engineering/Agrobot/install/canopen_interfaces/share/canopen_interfaces/cmake/rosidl_cmake_aggregate_target-extras.cmake
[0.534s] -- Up-to-date: /home/gsylvia/agrobot-reverse-engineering/Agrobot/install/canopen_interfaces/share/canopen_interfaces/cmake/canopen_interfacesConfig.cmake
[0.534s] -- Up-to-date: /home/gsylvia/agrobot-reverse-engineering/Agrobot/install/canopen_interfaces/share/canopen_interfaces/cmake/canopen_interfacesConfig-version.cmake
[0.534s] -- Up-to-date: /home/gsylvia/agrobot-reverse-engineering/Agrobot/install/canopen_interfaces/share/canopen_interfaces/package.xml
[0.535s] Invoked command in '/home/gsylvia/agrobot-reverse-engineering/Agrobot/build/canopen_interfaces' returned '0': CMAKE_PREFIX_PATH=${CMAKE_PREFIX_PATH}:/opt/ros/jazzy /usr/bin/cmake --install /home/gsylvia/agrobot-reverse-engineering/Agrobot/build/canopen_interfaces
