[0.326s] Invoking command in '/home/gsylvia/agrobot-reverse-engineering/Agrobot/build/canopen_base_driver': AMENT_PREFIX_PATH=/home/gsylvia/agrobot-reverse-engineering/Agrobot/install/canopen_core:/home/gsylvia/agrobot-reverse-engineering/Agrobot/install/lely_core_libraries:/home/gsylvia/agrobot-reverse-engineering/Agrobot/install/canopen_interfaces:${AMENT_PREFIX_PATH} CMAKE_PREFIX_PATH=/home/gsylvia/agrobot-reverse-engineering/Agrobot/install/canopen_core:/home/gsylvia/agrobot-reverse-engineering/Agrobot/install/lely_core_libraries:/home/gsylvia/agrobot-reverse-engineering/Agrobot/install/canopen_interfaces:/opt/ros/jazzy/opt/gz_sim_vendor:/opt/ros/jazzy/opt/gz_sensors_vendor:/opt/ros/jazzy/opt/gz_physics_vendor:/opt/ros/jazzy/opt/sdformat_vendor:/opt/ros/jazzy/opt/gz_gui_vendor:/opt/ros/jazzy/opt/gz_transport_vendor:/opt/ros/jazzy/opt/gz_rendering_vendor:/opt/ros/jazzy/opt/gz_plugin_vendor:/opt/ros/jazzy/opt/gz_fuel_tools_vendor:/opt/ros/jazzy/opt/gz_msgs_vendor:/opt/ros/jazzy/opt/gz_common_vendor:/opt/ros/jazzy/opt/gz_math_vendor:/opt/ros/jazzy/opt/gz_utils_vendor:/opt/ros/jazzy/opt/gz_tools_vendor:/opt/ros/jazzy/opt/gz_ogre_next_vendor:/opt/ros/jazzy/opt/gz_dartsim_vendor:/opt/ros/jazzy/opt/gz_cmake_vendor:/opt/ros/jazzy LD_LIBRARY_PATH=/home/gsylvia/agrobot-reverse-engineering/Agrobot/install/canopen_core/lib:/home/gsylvia/agrobot-reverse-engineering/Agrobot/install/lely_core_libraries/lib:/home/gsylvia/agrobot-reverse-engineering/Agrobot/install/canopen_interfaces/lib:${LD_LIBRARY_PATH} PATH=/home/gsylvia/agrobot-reverse-engineering/Agrobot/install/lely_core_libraries/bin:${PATH} PYTHONPATH=/home/gsylvia/agrobot-reverse-engineering/Agrobot/install/lely_core_libraries/lib/python3.12/site-packages:/home/gsylvia/agrobot-reverse-engineering/Agrobot/install/canopen_interfaces/lib/python3.12/site-packages:${PYTHONPATH} /usr/bin/cmake --build /home/gsylvia/agrobot-reverse-engineering/Agrobot/build/canopen_base_driver -- -j16 -l16
[0.370s] [ 25%] Built target gtest
[0.370s] [ 25%] Built target gtest_main
[0.387s] [ 31%] Building CXX object CMakeFiles/lely_driver_bridge.dir/src/lely_driver_bridge.cpp.o
[0.408s] [ 37%] Building CXX object test/CMakeFiles/test_base_driver_component.dir/test_base_driver_component.cpp.o
[4.501s] [ 43%] Linking CXX shared library liblely_driver_bridge.so
[4.677s] [ 43%] Built target lely_driver_bridge
[4.714s] [ 50%] Building CXX object CMakeFiles/node_canopen_base_driver.dir/src/node_interfaces/node_canopen_base_driver.cpp.o
[4.830s] [ 56%] Linking CXX executable test_base_driver_component
[5.064s] [ 56%] Built target test_base_driver_component
[9.626s] [ 62%] Linking CXX shared library libnode_canopen_base_driver.so
[9.894s] [ 62%] Built target node_canopen_base_driver
[9.936s] [ 81%] Building CXX object CMakeFiles/base_driver.dir/src/base_driver.cpp.o
[9.936s] [ 81%] Building CXX object test/CMakeFiles/test_node_canopen_base_driver_ros.dir/test_node_canopen_base_driver_ros.cpp.o
[9.936s] [ 81%] Building CXX object CMakeFiles/lifecycle_base_driver.dir/src/lifecycle_base_driver.cpp.o
[14.940s] [ 87%] Linking CXX shared library libbase_driver.so
[15.196s] [ 87%] Built target base_driver
[15.314s] [ 93%] Linking CXX executable test_node_canopen_base_driver_ros
[15.555s] [100%] Linking CXX shared library liblifecycle_base_driver.so
[15.662s] [100%] Built target test_node_canopen_base_driver_ros
[15.815s] [100%] Built target lifecycle_base_driver
[15.826s] Invoked command in '/home/gsylvia/agrobot-reverse-engineering/Agrobot/build/canopen_base_driver' returned '0': AMENT_PREFIX_PATH=/home/gsylvia/agrobot-reverse-engineering/Agrobot/install/canopen_core:/home/gsylvia/agrobot-reverse-engineering/Agrobot/install/lely_core_libraries:/home/gsylvia/agrobot-reverse-engineering/Agrobot/install/canopen_interfaces:${AMENT_PREFIX_PATH} CMAKE_PREFIX_PATH=/home/gsylvia/agrobot-reverse-engineering/Agrobot/install/canopen_core:/home/gsylvia/agrobot-reverse-engineering/Agrobot/install/lely_core_libraries:/home/gsylvia/agrobot-reverse-engineering/Agrobot/install/canopen_interfaces:/opt/ros/jazzy/opt/gz_sim_vendor:/opt/ros/jazzy/opt/gz_sensors_vendor:/opt/ros/jazzy/opt/gz_physics_vendor:/opt/ros/jazzy/opt/sdformat_vendor:/opt/ros/jazzy/opt/gz_gui_vendor:/opt/ros/jazzy/opt/gz_transport_vendor:/opt/ros/jazzy/opt/gz_rendering_vendor:/opt/ros/jazzy/opt/gz_plugin_vendor:/opt/ros/jazzy/opt/gz_fuel_tools_vendor:/opt/ros/jazzy/opt/gz_msgs_vendor:/opt/ros/jazzy/opt/gz_common_vendor:/opt/ros/jazzy/opt/gz_math_vendor:/opt/ros/jazzy/opt/gz_utils_vendor:/opt/ros/jazzy/opt/gz_tools_vendor:/opt/ros/jazzy/opt/gz_ogre_next_vendor:/opt/ros/jazzy/opt/gz_dartsim_vendor:/opt/ros/jazzy/opt/gz_cmake_vendor:/opt/ros/jazzy LD_LIBRARY_PATH=/home/gsylvia/agrobot-reverse-engineering/Agrobot/install/canopen_core/lib:/home/gsylvia/agrobot-reverse-engineering/Agrobot/install/lely_core_libraries/lib:/home/gsylvia/agrobot-reverse-engineering/Agrobot/install/canopen_interfaces/lib:${LD_LIBRARY_PATH} PATH=/home/gsylvia/agrobot-reverse-engineering/Agrobot/install/lely_core_libraries/bin:${PATH} PYTHONPATH=/home/gsylvia/agrobot-reverse-engineering/Agrobot/install/lely_core_libraries/lib/python3.12/site-packages:/home/gsylvia/agrobot-reverse-engineering/Agrobot/install/canopen_interfaces/lib/python3.12/site-packages:${PYTHONPATH} /usr/bin/cmake --build /home/gsylvia/agrobot-reverse-engineering/Agrobot/build/canopen_base_driver -- -j16 -l16
[15.828s] Invoking command in '/home/gsylvia/agrobot-reverse-engineering/Agrobot/build/canopen_base_driver': AMENT_PREFIX_PATH=/home/gsylvia/agrobot-reverse-engineering/Agrobot/install/canopen_core:/home/gsylvia/agrobot-reverse-engineering/Agrobot/install/lely_core_libraries:/home/gsylvia/agrobot-reverse-engineering/Agrobot/install/canopen_interfaces:${AMENT_PREFIX_PATH} CMAKE_PREFIX_PATH=/home/gsylvia/agrobot-reverse-engineering/Agrobot/install/canopen_core:/home/gsylvia/agrobot-reverse-engineering/Agrobot/install/lely_core_libraries:/home/gsylvia/agrobot-reverse-engineering/Agrobot/install/canopen_interfaces:/opt/ros/jazzy/opt/gz_sim_vendor:/opt/ros/jazzy/opt/gz_sensors_vendor:/opt/ros/jazzy/opt/gz_physics_vendor:/opt/ros/jazzy/opt/sdformat_vendor:/opt/ros/jazzy/opt/gz_gui_vendor:/opt/ros/jazzy/opt/gz_transport_vendor:/opt/ros/jazzy/opt/gz_rendering_vendor:/opt/ros/jazzy/opt/gz_plugin_vendor:/opt/ros/jazzy/opt/gz_fuel_tools_vendor:/opt/ros/jazzy/opt/gz_msgs_vendor:/opt/ros/jazzy/opt/gz_common_vendor:/opt/ros/jazzy/opt/gz_math_vendor:/opt/ros/jazzy/opt/gz_utils_vendor:/opt/ros/jazzy/opt/gz_tools_vendor:/opt/ros/jazzy/opt/gz_ogre_next_vendor:/opt/ros/jazzy/opt/gz_dartsim_vendor:/opt/ros/jazzy/opt/gz_cmake_vendor:/opt/ros/jazzy LD_LIBRARY_PATH=/home/gsylvia/agrobot-reverse-engineering/Agrobot/install/canopen_core/lib:/home/gsylvia/agrobot-reverse-engineering/Agrobot/install/lely_core_libraries/lib:/home/gsylvia/agrobot-reverse-engineering/Agrobot/install/canopen_interfaces/lib:${LD_LIBRARY_PATH} PATH=/home/gsylvia/agrobot-reverse-engineering/Agrobot/install/lely_core_libraries/bin:${PATH} PYTHONPATH=/home/gsylvia/agrobot-reverse-engineering/Agrobot/install/lely_core_libraries/lib/python3.12/site-packages:/home/gsylvia/agrobot-reverse-engineering/Agrobot/install/canopen_interfaces/lib/python3.12/site-packages:${PYTHONPATH} /usr/bin/cmake --install /home/gsylvia/agrobot-reverse-engineering/Agrobot/build/canopen_base_driver
[15.837s] -- Install configuration: ""
[15.838s] -- Up-to-date: /home/gsylvia/agrobot-reverse-engineering/Agrobot/install/canopen_base_driver/include
[15.838s] -- Up-to-date: /home/gsylvia/agrobot-reverse-engineering/Agrobot/install/canopen_base_driver/include/canopen_base_driver
[15.838s] -- Up-to-date: /home/gsylvia/agrobot-reverse-engineering/Agrobot/install/canopen_base_driver/include/canopen_base_driver/node_interfaces
[15.838s] -- Up-to-date: /home/gsylvia/agrobot-reverse-engineering/Agrobot/install/canopen_base_driver/include/canopen_base_driver/node_interfaces/node_canopen_base_driver.hpp
[15.838s] -- Up-to-date: /home/gsylvia/agrobot-reverse-engineering/Agrobot/install/canopen_base_driver/include/canopen_base_driver/node_interfaces/node_canopen_base_driver_impl.hpp
[15.838s] -- Up-to-date: /home/gsylvia/agrobot-reverse-engineering/Agrobot/install/canopen_base_driver/include/canopen_base_driver/lely_driver_bridge.hpp
[15.838s] -- Up-to-date: /home/gsylvia/agrobot-reverse-engineering/Agrobot/install/canopen_base_driver/include/canopen_base_driver/visibility_control.h
[15.838s] -- Up-to-date: /home/gsylvia/agrobot-reverse-engineering/Agrobot/install/canopen_base_driver/include/canopen_base_driver/lifecycle_base_driver.hpp
[15.838s] -- Up-to-date: /home/gsylvia/agrobot-reverse-engineering/Agrobot/install/canopen_base_driver/include/canopen_base_driver/diagnostic_collector.hpp
[15.838s] -- Up-to-date: /home/gsylvia/agrobot-reverse-engineering/Agrobot/install/canopen_base_driver/include/canopen_base_driver/base_driver.hpp
[15.839s] -- Installing: /home/gsylvia/agrobot-reverse-engineering/Agrobot/install/canopen_base_driver/lib/liblifecycle_base_driver.so
[15.839s] -- Set non-toolchain portion of runtime path of "/home/gsylvia/agrobot-reverse-engineering/Agrobot/install/canopen_base_driver/lib/liblifecycle_base_driver.so" to ""
[15.840s] -- Installing: /home/gsylvia/agrobot-reverse-engineering/Agrobot/install/canopen_base_driver/lib/libbase_driver.so
[15.841s] -- Set non-toolchain portion of runtime path of "/home/gsylvia/agrobot-reverse-engineering/Agrobot/install/canopen_base_driver/lib/libbase_driver.so" to ""
[15.842s] -- Installing: /home/gsylvia/agrobot-reverse-engineering/Agrobot/install/canopen_base_driver/lib/libnode_canopen_base_driver.so
[15.844s] -- Set non-toolchain portion of runtime path of "/home/gsylvia/agrobot-reverse-engineering/Agrobot/install/canopen_base_driver/lib/libnode_canopen_base_driver.so" to ""
[15.845s] -- Installing: /home/gsylvia/agrobot-reverse-engineering/Agrobot/install/canopen_base_driver/lib/liblely_driver_bridge.so
[15.847s] -- Set non-toolchain portion of runtime path of "/home/gsylvia/agrobot-reverse-engineering/Agrobot/install/canopen_base_driver/lib/liblely_driver_bridge.so" to ""
[15.847s] -- Up-to-date: /home/gsylvia/agrobot-reverse-engineering/Agrobot/install/canopen_base_driver/share/canopen_base_driver/environment/library_path.sh
[15.847s] -- Up-to-date: /home/gsylvia/agrobot-reverse-engineering/Agrobot/install/canopen_base_driver/share/canopen_base_driver/environment/library_path.dsv
[15.847s] -- Up-to-date: /home/gsylvia/agrobot-reverse-engineering/Agrobot/install/canopen_base_driver/share/ament_index/resource_index/package_run_dependencies/canopen_base_driver
[15.847s] -- Up-to-date: /home/gsylvia/agrobot-reverse-engineering/Agrobot/install/canopen_base_driver/share/ament_index/resource_index/parent_prefix_path/canopen_base_driver
[15.847s] -- Up-to-date: /home/gsylvia/agrobot-reverse-engineering/Agrobot/install/canopen_base_driver/share/canopen_base_driver/environment/ament_prefix_path.sh
[15.847s] -- Up-to-date: /home/gsylvia/agrobot-reverse-engineering/Agrobot/install/canopen_base_driver/share/canopen_base_driver/environment/ament_prefix_path.dsv
[15.847s] -- Up-to-date: /home/gsylvia/agrobot-reverse-engineering/Agrobot/install/canopen_base_driver/share/canopen_base_driver/environment/path.sh
[15.847s] -- Up-to-date: /home/gsylvia/agrobot-reverse-engineering/Agrobot/install/canopen_base_driver/share/canopen_base_driver/environment/path.dsv
[15.847s] -- Up-to-date: /home/gsylvia/agrobot-reverse-engineering/Agrobot/install/canopen_base_driver/share/canopen_base_driver/local_setup.bash
[15.847s] -- Up-to-date: /home/gsylvia/agrobot-reverse-engineering/Agrobot/install/canopen_base_driver/share/canopen_base_driver/local_setup.sh
[15.847s] -- Up-to-date: /home/gsylvia/agrobot-reverse-engineering/Agrobot/install/canopen_base_driver/share/canopen_base_driver/local_setup.zsh
[15.847s] -- Up-to-date: /home/gsylvia/agrobot-reverse-engineering/Agrobot/install/canopen_base_driver/share/canopen_base_driver/local_setup.dsv
[15.847s] -- Installing: /home/gsylvia/agrobot-reverse-engineering/Agrobot/install/canopen_base_driver/share/canopen_base_driver/package.dsv
[15.848s] -- Up-to-date: /home/gsylvia/agrobot-reverse-engineering/Agrobot/install/canopen_base_driver/share/ament_index/resource_index/packages/canopen_base_driver
[15.848s] -- Up-to-date: /home/gsylvia/agrobot-reverse-engineering/Agrobot/install/canopen_base_driver/share/ament_index/resource_index/rclcpp_components/canopen_base_driver
[15.848s] -- Up-to-date: /home/gsylvia/agrobot-reverse-engineering/Agrobot/install/canopen_base_driver/share/canopen_base_driver/cmake/export_canopen_base_driverExport.cmake
[15.849s] -- Up-to-date: /home/gsylvia/agrobot-reverse-engineering/Agrobot/install/canopen_base_driver/share/canopen_base_driver/cmake/export_canopen_base_driverExport-noconfig.cmake
[15.849s] -- Up-to-date: /home/gsylvia/agrobot-reverse-engineering/Agrobot/install/canopen_base_driver/share/canopen_base_driver/cmake/ament_cmake_export_include_directories-extras.cmake
[15.849s] -- Up-to-date: /home/gsylvia/agrobot-reverse-engineering/Agrobot/install/canopen_base_driver/share/canopen_base_driver/cmake/ament_cmake_export_libraries-extras.cmake
[15.849s] -- Up-to-date: /home/gsylvia/agrobot-reverse-engineering/Agrobot/install/canopen_base_driver/share/canopen_base_driver/cmake/ament_cmake_export_targets-extras.cmake
[15.849s] -- Up-to-date: /home/gsylvia/agrobot-reverse-engineering/Agrobot/install/canopen_base_driver/share/canopen_base_driver/cmake/ament_cmake_export_dependencies-extras.cmake
[15.849s] -- Up-to-date: /home/gsylvia/agrobot-reverse-engineering/Agrobot/install/canopen_base_driver/share/canopen_base_driver/cmake/canopen_base_driverConfig.cmake
[15.849s] -- Up-to-date: /home/gsylvia/agrobot-reverse-engineering/Agrobot/install/canopen_base_driver/share/canopen_base_driver/cmake/canopen_base_driverConfig-version.cmake
[15.849s] -- Up-to-date: /home/gsylvia/agrobot-reverse-engineering/Agrobot/install/canopen_base_driver/share/canopen_base_driver/package.xml
[15.852s] Invoked command in '/home/gsylvia/agrobot-reverse-engineering/Agrobot/build/canopen_base_driver' returned '0': AMENT_PREFIX_PATH=/home/gsylvia/agrobot-reverse-engineering/Agrobot/install/canopen_core:/home/gsylvia/agrobot-reverse-engineering/Agrobot/install/lely_core_libraries:/home/gsylvia/agrobot-reverse-engineering/Agrobot/install/canopen_interfaces:${AMENT_PREFIX_PATH} CMAKE_PREFIX_PATH=/home/gsylvia/agrobot-reverse-engineering/Agrobot/install/canopen_core:/home/gsylvia/agrobot-reverse-engineering/Agrobot/install/lely_core_libraries:/home/gsylvia/agrobot-reverse-engineering/Agrobot/install/canopen_interfaces:/opt/ros/jazzy/opt/gz_sim_vendor:/opt/ros/jazzy/opt/gz_sensors_vendor:/opt/ros/jazzy/opt/gz_physics_vendor:/opt/ros/jazzy/opt/sdformat_vendor:/opt/ros/jazzy/opt/gz_gui_vendor:/opt/ros/jazzy/opt/gz_transport_vendor:/opt/ros/jazzy/opt/gz_rendering_vendor:/opt/ros/jazzy/opt/gz_plugin_vendor:/opt/ros/jazzy/opt/gz_fuel_tools_vendor:/opt/ros/jazzy/opt/gz_msgs_vendor:/opt/ros/jazzy/opt/gz_common_vendor:/opt/ros/jazzy/opt/gz_math_vendor:/opt/ros/jazzy/opt/gz_utils_vendor:/opt/ros/jazzy/opt/gz_tools_vendor:/opt/ros/jazzy/opt/gz_ogre_next_vendor:/opt/ros/jazzy/opt/gz_dartsim_vendor:/opt/ros/jazzy/opt/gz_cmake_vendor:/opt/ros/jazzy LD_LIBRARY_PATH=/home/gsylvia/agrobot-reverse-engineering/Agrobot/install/canopen_core/lib:/home/gsylvia/agrobot-reverse-engineering/Agrobot/install/lely_core_libraries/lib:/home/gsylvia/agrobot-reverse-engineering/Agrobot/install/canopen_interfaces/lib:${LD_LIBRARY_PATH} PATH=/home/gsylvia/agrobot-reverse-engineering/Agrobot/install/lely_core_libraries/bin:${PATH} PYTHONPATH=/home/gsylvia/agrobot-reverse-engineering/Agrobot/install/lely_core_libraries/lib/python3.12/site-packages:/home/gsylvia/agrobot-reverse-engineering/Agrobot/install/canopen_interfaces/lib/python3.12/site-packages:${PYTHONPATH} /usr/bin/cmake --install /home/gsylvia/agrobot-reverse-engineering/Agrobot/build/canopen_base_driver
