-- The C compiler identification is GNU 13.3.0
-- The CXX compiler identification is GNU 13.3.0
-- Detecting C compiler ABI info
-- Detecting C compiler ABI info - done
-- Check for working C compiler: /usr/bin/cc - skipped
-- Detecting C compile features
-- Detecting C compile features - done
-- Detecting CXX compiler ABI info
-- Detecting CXX compiler ABI info - done
-- Check for working CXX compiler: /usr/bin/c++ - skipped
-- Detecting CXX compile features
-- Detecting CXX compile features - done
-- Found ament_cmake: 2.5.6 (/opt/ros/jazzy/share/ament_cmake/cmake)
-- Found Python3: /usr/bin/python3 (found version "3.12.3") found components: Interpreter 
-- Found canopen_interfaces: 0.3.1 (/tmp/agrobot-next-build-ybgPHn/install/canopen_interfaces/share/canopen_interfaces/cmake)
-- Found rosidl_generator_c: 4.6.9 (/opt/ros/jazzy/share/rosidl_generator_c/cmake)
-- Found rosidl_generator_cpp: 4.6.9 (/opt/ros/jazzy/share/rosidl_generator_cpp/cmake)
-- Using all available rosidl_typesupport_c: rosidl_typesupport_fastrtps_c;rosidl_typesupport_introspection_c
-- Using all available rosidl_typesupport_cpp: rosidl_typesupport_fastrtps_cpp;rosidl_typesupport_introspection_cpp
-- Found lely_core_libraries: 0.3.1 (/tmp/agrobot-next-build-ybgPHn/install/lely_core_libraries/share/lely_core_libraries/cmake)
-- Found lifecycle_msgs: 2.0.4 (/opt/ros/jazzy/share/lifecycle_msgs/cmake)
-- Found rclcpp: 28.1.22 (/opt/ros/jazzy/share/rclcpp/cmake)
-- Found rmw_implementation_cmake: 7.3.3 (/opt/ros/jazzy/share/rmw_implementation_cmake/cmake)
-- Found rmw_fastrtps_cpp: 8.4.4 (/opt/ros/jazzy/share/rmw_fastrtps_cpp/cmake)
-- Found OpenSSL: /usr/lib/x86_64-linux-gnu/libcrypto.so (found version "3.0.13")  
-- Found FastRTPS: /opt/ros/jazzy/include (Required is at least version "2.13") 
-- Using RMW implementation 'rmw_fastrtps_cpp' as default
-- Found rclcpp_components: 28.1.22 (/opt/ros/jazzy/share/rclcpp_components/cmake)
-- Found rclcpp_lifecycle: 28.1.22 (/opt/ros/jazzy/share/rclcpp_lifecycle/cmake)
-- Found yaml_cpp_vendor: 9.0.1 (/opt/ros/jazzy/share/yaml_cpp_vendor/cmake)
-- Setting yaml-cpp_DIR to: '/opt/ros/jazzy/share/yaml_cpp_vendor/cmake/../../../opt/yaml_cpp_vendor/share/cmake/yaml-cpp'
-- Found Boost: /usr/lib/x86_64-linux-gnu/cmake/Boost-1.83.0/BoostConfig.cmake (found version "1.83.0") found components: system thread 
-- Found ament_cmake_gtest: 2.5.6 (/opt/ros/jazzy/share/ament_cmake_gtest/cmake)
-- Found ament_cmake_gmock: 2.5.6 (/opt/ros/jazzy/share/ament_cmake_gmock/cmake)
-- Found gmock sources under '/opt/ros/jazzy/src/gmock_vendor': C++ tests using 'Google Mock' will be built
-- Found gtest sources under '/opt/ros/jazzy/src/gtest_vendor': C++ tests using 'Google Test' will be built
-- Configuring done (2.7s)
-- Generating done (0.1s)
-- Build files have been written to: /tmp/agrobot-next-build-ybgPHn/build/canopen_core
[ 13%] Building CXX object gmock/CMakeFiles/gmock.dir/opt/ros/jazzy/src/gtest_vendor/src/gtest-all.cc.o
[ 13%] Building CXX object CMakeFiles/node_canopen_driver.dir/src/node_interfaces/node_canopen_driver.cpp.o
[ 13%] Building CXX object CMakeFiles/node_canopen_driver.dir/src/driver_node.cpp.o
[ 13%] Building CXX object gmock/CMakeFiles/gmock.dir/src/gmock-all.cc.o
[ 13%] Building CXX object CMakeFiles/node_canopen_driver.dir/src/driver_error.cpp.o
[ 16%] Building CXX object CMakeFiles/node_canopen_master.dir/src/master_node.cpp.o
[ 22%] Building CXX object CMakeFiles/node_canopen_master.dir/src/master_error.cpp.o
[ 22%] Building CXX object gmock/CMakeFiles/gmock_main.dir/src/gmock_main.cc.o
[ 25%] Building CXX object CMakeFiles/node_canopen_master.dir/src/node_interfaces/node_canopen_master.cpp.o
[ 27%] Linking CXX static library libgmock_main.a
[ 27%] Built target gmock_main
[ 33%] Linking CXX static library libgmock.a
[ 33%] Linking CXX shared library libnode_canopen_master.so
[ 33%] Built target gmock
[ 33%] Built target node_canopen_master
[ 36%] Building CXX object test/CMakeFiles/test_lifecycle_canopen_master.dir/test_lifecycle_canopen_master.cpp.o
[ 38%] Building CXX object test/CMakeFiles/test_canopen_master.dir/test_canopen_master.cpp.o
[ 41%] Building CXX object test/CMakeFiles/test_node_canopen_master.dir/test_node_canopen_master.cpp.o
[ 44%] Linking CXX shared library libnode_canopen_driver.so
[ 44%] Built target node_canopen_driver
[ 52%] Building CXX object CMakeFiles/device_container.dir/src/lifecycle_manager.cpp.o
[ 52%] Building CXX object test/CMakeFiles/test_canopen_driver.dir/test_canopen_driver.cpp.o
[ 52%] Building CXX object CMakeFiles/device_container.dir/src/device_container_error.cpp.o
[ 55%] Building CXX object CMakeFiles/device_container.dir/src/configuration_manager.cpp.o
[ 58%] Building CXX object CMakeFiles/device_container.dir/src/device_container.cpp.o
[ 61%] Building CXX object test/CMakeFiles/test_node_canopen_driver.dir/test_node_canopen_driver.cpp.o
[ 63%] Building CXX object test/CMakeFiles/test_lifecycle_canopen_driver.dir/test_lifecycle_canopen_driver.cpp.o
[ 66%] Linking CXX executable test_canopen_master
[ 66%] Built target test_canopen_master
[ 69%] Linking CXX executable test_node_canopen_driver
[ 72%] Linking CXX executable test_canopen_driver
[ 75%] Linking CXX executable test_lifecycle_canopen_master
[ 75%] Built target test_node_canopen_driver
[ 75%] Built target test_canopen_driver
[ 77%] Linking CXX executable test_node_canopen_master
[ 77%] Built target test_lifecycle_canopen_master
[ 80%] Linking CXX executable test_lifecycle_canopen_driver
[ 80%] Built target test_node_canopen_master
[ 80%] Built target test_lifecycle_canopen_driver
[ 83%] Linking CXX shared library libdevice_container.so
[ 83%] Built target device_container
[ 88%] Building CXX object test/CMakeFiles/test_lifecycle_manager.dir/test_lifecycle_manager.cpp.o
[ 88%] Building CXX object CMakeFiles/device_container_node.dir/src/device_container_node.cpp.o
[ 91%] Building CXX object test/CMakeFiles/test_errors.dir/test_errors.cpp.o
[ 94%] Linking CXX executable test_errors
[ 94%] Built target test_errors
[ 97%] Linking CXX executable device_container_node
[ 97%] Built target device_container_node
[100%] Linking CXX executable test_lifecycle_manager
[100%] Built target test_lifecycle_manager
-- Install configuration: ""
-- Installing: /tmp/agrobot-next-build-ybgPHn/install/canopen_core/include
-- Installing: /tmp/agrobot-next-build-ybgPHn/install/canopen_core/include/canopen_core
-- Installing: /tmp/agrobot-next-build-ybgPHn/install/canopen_core/include/canopen_core/device_container_error.hpp
-- Installing: /tmp/agrobot-next-build-ybgPHn/install/canopen_core/include/canopen_core/node_interfaces
-- Installing: /tmp/agrobot-next-build-ybgPHn/install/canopen_core/include/canopen_core/node_interfaces/node_canopen_driver.hpp
-- Installing: /tmp/agrobot-next-build-ybgPHn/install/canopen_core/include/canopen_core/node_interfaces/node_canopen_driver_interface.hpp
-- Installing: /tmp/agrobot-next-build-ybgPHn/install/canopen_core/include/canopen_core/node_interfaces/node_canopen_master.hpp
-- Installing: /tmp/agrobot-next-build-ybgPHn/install/canopen_core/include/canopen_core/node_interfaces/node_canopen_master_interface.hpp
-- Installing: /tmp/agrobot-next-build-ybgPHn/install/canopen_core/include/canopen_core/master_node.hpp
-- Installing: /tmp/agrobot-next-build-ybgPHn/install/canopen_core/include/canopen_core/device_container.hpp
-- Installing: /tmp/agrobot-next-build-ybgPHn/install/canopen_core/include/canopen_core/exchange.hpp
-- Installing: /tmp/agrobot-next-build-ybgPHn/install/canopen_core/include/canopen_core/visibility_control.h
-- Installing: /tmp/agrobot-next-build-ybgPHn/install/canopen_core/include/canopen_core/driver_node.hpp
-- Installing: /tmp/agrobot-next-build-ybgPHn/install/canopen_core/include/canopen_core/configuration_manager.hpp
-- Installing: /tmp/agrobot-next-build-ybgPHn/install/canopen_core/include/canopen_core/driver_error.hpp
-- Installing: /tmp/agrobot-next-build-ybgPHn/install/canopen_core/include/canopen_core/master_error.hpp
-- Installing: /tmp/agrobot-next-build-ybgPHn/install/canopen_core/include/canopen_core/lifecycle_manager.hpp
-- Installing: /tmp/agrobot-next-build-ybgPHn/install/canopen_core/share/canopen_core/launch/
-- Installing: /tmp/agrobot-next-build-ybgPHn/install/canopen_core/share/canopen_core/launch//canopen.launch.py
-- Installing: /tmp/agrobot-next-build-ybgPHn/install/canopen_core/lib/libnode_canopen_driver.so
-- Set non-toolchain portion of runtime path of "/tmp/agrobot-next-build-ybgPHn/install/canopen_core/lib/libnode_canopen_driver.so" to ""
-- Installing: /tmp/agrobot-next-build-ybgPHn/install/canopen_core/lib/libnode_canopen_master.so
-- Set non-toolchain portion of runtime path of "/tmp/agrobot-next-build-ybgPHn/install/canopen_core/lib/libnode_canopen_master.so" to ""
-- Installing: /tmp/agrobot-next-build-ybgPHn/install/canopen_core/lib/libdevice_container.so
-- Set non-toolchain portion of runtime path of "/tmp/agrobot-next-build-ybgPHn/install/canopen_core/lib/libdevice_container.so" to ""
-- Installing: /tmp/agrobot-next-build-ybgPHn/install/canopen_core/lib/canopen_core/device_container_node
-- Set non-toolchain portion of runtime path of "/tmp/agrobot-next-build-ybgPHn/install/canopen_core/lib/canopen_core/device_container_node" to ""
-- Installing: /tmp/agrobot-next-build-ybgPHn/install/canopen_core/share/canopen_core/environment/library_path.sh
-- Installing: /tmp/agrobot-next-build-ybgPHn/install/canopen_core/share/canopen_core/environment/library_path.dsv
-- Installing: /tmp/agrobot-next-build-ybgPHn/install/canopen_core/share/ament_index/resource_index/package_run_dependencies/canopen_core
-- Installing: /tmp/agrobot-next-build-ybgPHn/install/canopen_core/share/ament_index/resource_index/parent_prefix_path/canopen_core
-- Installing: /tmp/agrobot-next-build-ybgPHn/install/canopen_core/share/canopen_core/environment/ament_prefix_path.sh
-- Installing: /tmp/agrobot-next-build-ybgPHn/install/canopen_core/share/canopen_core/environment/ament_prefix_path.dsv
-- Installing: /tmp/agrobot-next-build-ybgPHn/install/canopen_core/share/canopen_core/environment/path.sh
-- Installing: /tmp/agrobot-next-build-ybgPHn/install/canopen_core/share/canopen_core/environment/path.dsv
-- Installing: /tmp/agrobot-next-build-ybgPHn/install/canopen_core/share/canopen_core/local_setup.bash
-- Installing: /tmp/agrobot-next-build-ybgPHn/install/canopen_core/share/canopen_core/local_setup.sh
-- Installing: /tmp/agrobot-next-build-ybgPHn/install/canopen_core/share/canopen_core/local_setup.zsh
-- Installing: /tmp/agrobot-next-build-ybgPHn/install/canopen_core/share/canopen_core/local_setup.dsv
-- Installing: /tmp/agrobot-next-build-ybgPHn/install/canopen_core/share/canopen_core/package.dsv
-- Installing: /tmp/agrobot-next-build-ybgPHn/install/canopen_core/share/ament_index/resource_index/packages/canopen_core
-- Installing: /tmp/agrobot-next-build-ybgPHn/install/canopen_core/share/canopen_core/cmake/export_canopen_coreExport.cmake
-- Installing: /tmp/agrobot-next-build-ybgPHn/install/canopen_core/share/canopen_core/cmake/export_canopen_coreExport-noconfig.cmake
-- Installing: /tmp/agrobot-next-build-ybgPHn/install/canopen_core/share/canopen_core/cmake/ConfigExtras.cmake
-- Installing: /tmp/agrobot-next-build-ybgPHn/install/canopen_core/share/canopen_core/cmake/ament_cmake_export_include_directories-extras.cmake
-- Installing: /tmp/agrobot-next-build-ybgPHn/install/canopen_core/share/canopen_core/cmake/ament_cmake_export_libraries-extras.cmake
-- Installing: /tmp/agrobot-next-build-ybgPHn/install/canopen_core/share/canopen_core/cmake/ament_cmake_export_targets-extras.cmake
-- Installing: /tmp/agrobot-next-build-ybgPHn/install/canopen_core/share/canopen_core/cmake/ament_cmake_export_dependencies-extras.cmake
-- Installing: /tmp/agrobot-next-build-ybgPHn/install/canopen_core/share/canopen_core/cmake/canopen_coreConfig.cmake
-- Installing: /tmp/agrobot-next-build-ybgPHn/install/canopen_core/share/canopen_core/cmake/canopen_coreConfig-version.cmake
-- Installing: /tmp/agrobot-next-build-ybgPHn/install/canopen_core/share/canopen_core/package.xml
