-- Install configuration: ""
-- Up-to-date: /home/gsylvia/agrobot-reverse-engineering/Agrobot/install/robot_bringup/share/robot_bringup//config
-- Up-to-date: /home/gsylvia/agrobot-reverse-engineering/Agrobot/install/robot_bringup/share/robot_bringup//config/display.rviz
-- Up-to-date: /home/gsylvia/agrobot-reverse-engineering/Agrobot/install/robot_bringup/share/robot_bringup//config/ros2_controllers.yaml
-- Up-to-date: /home/gsylvia/agrobot-reverse-engineering/Agrobot/install/robot_bringup/share/robot_bringup//config/robot_moveit.rviz
-- Up-to-date: /home/gsylvia/agrobot-reverse-engineering/Agrobot/install/robot_bringup/share/robot_bringup//launch
-- Up-to-date: /home/gsylvia/agrobot-reverse-engineering/Agrobot/install/robot_bringup/share/robot_bringup//launch/robot.launch.xml
-- Up-to-date: /home/gsylvia/agrobot-reverse-engineering/Agrobot/install/robot_bringup/share/robot_bringup//launch/display.launch.xml
-- Up-to-date: /home/gsylvia/agrobot-reverse-engineering/Agrobot/install/robot_bringup/share/ament_index/resource_index/package_run_dependencies/robot_bringup
-- Up-to-date: /home/gsylvia/agrobot-reverse-engineering/Agrobot/install/robot_bringup/share/ament_index/resource_index/parent_prefix_path/robot_bringup
-- Up-to-date: /home/gsylvia/agrobot-reverse-engineering/Agrobot/install/robot_bringup/share/robot_bringup/environment/ament_prefix_path.sh
-- Up-to-date: /home/gsylvia/agrobot-reverse-engineering/Agrobot/install/robot_bringup/share/robot_bringup/environment/ament_prefix_path.dsv
-- Up-to-date: /home/gsylvia/agrobot-reverse-engineering/Agrobot/install/robot_bringup/share/robot_bringup/environment/path.sh
-- Up-to-date: /home/gsylvia/agrobot-reverse-engineering/Agrobot/install/robot_bringup/share/robot_bringup/environment/path.dsv
-- Up-to-date: /home/gsylvia/agrobot-reverse-engineering/Agrobot/install/robot_bringup/share/robot_bringup/local_setup.bash
-- Up-to-date: /home/gsylvia/agrobot-reverse-engineering/Agrobot/install/robot_bringup/share/robot_bringup/local_setup.sh
-- Up-to-date: /home/gsylvia/agrobot-reverse-engineering/Agrobot/install/robot_bringup/share/robot_bringup/local_setup.zsh
-- Up-to-date: /home/gsylvia/agrobot-reverse-engineering/Agrobot/install/robot_bringup/share/robot_bringup/local_setup.dsv
-- Installing: /home/gsylvia/agrobot-reverse-engineering/Agrobot/install/robot_bringup/share/robot_bringup/package.dsv
-- Up-to-date: /home/gsylvia/agrobot-reverse-engineering/Agrobot/install/robot_bringup/share/ament_index/resource_index/packages/robot_bringup
-- Up-to-date: /home/gsylvia/agrobot-reverse-engineering/Agrobot/install/robot_bringup/share/robot_bringup/cmake/robot_bringupConfig.cmake
-- Up-to-date: /home/gsylvia/agrobot-reverse-engineering/Agrobot/install/robot_bringup/share/robot_bringup/cmake/robot_bringupConfig-version.cmake
-- Up-to-date: /home/gsylvia/agrobot-reverse-engineering/Agrobot/install/robot_bringup/share/robot_bringup/package.xml
