[0.114s] Invoking command in '/home/gsylvia/agrobot-reverse-engineering/Agrobot/build/robot_bringup': AMENT_PREFIX_PATH=/home/gsylvia/agrobot-reverse-engineering/Agrobot/install/moveit_config:/home/gsylvia/agrobot-reverse-engineering/Agrobot/install/robot_description:${AMENT_PREFIX_PATH} CMAKE_PREFIX_PATH=/home/gsylvia/agrobot-reverse-engineering/Agrobot/install/moveit_config:/home/gsylvia/agrobot-reverse-engineering/Agrobot/install/robot_description:/opt/ros/jazzy/opt/gz_sim_vendor:/opt/ros/jazzy/opt/gz_sensors_vendor:/opt/ros/jazzy/opt/gz_physics_vendor:/opt/ros/jazzy/opt/sdformat_vendor:/opt/ros/jazzy/opt/gz_gui_vendor:/opt/ros/jazzy/opt/gz_transport_vendor:/opt/ros/jazzy/opt/gz_rendering_vendor:/opt/ros/jazzy/opt/gz_plugin_vendor:/opt/ros/jazzy/opt/gz_fuel_tools_vendor:/opt/ros/jazzy/opt/gz_msgs_vendor:/opt/ros/jazzy/opt/gz_common_vendor:/opt/ros/jazzy/opt/gz_math_vendor:/opt/ros/jazzy/opt/gz_utils_vendor:/opt/ros/jazzy/opt/gz_tools_vendor:/opt/ros/jazzy/opt/gz_ogre_next_vendor:/opt/ros/jazzy/opt/gz_dartsim_vendor:/opt/ros/jazzy/opt/gz_cmake_vendor:/opt/ros/jazzy /usr/bin/cmake --build /home/gsylvia/agrobot-reverse-engineering/Agrobot/build/robot_bringup -- -j16 -l16
[0.146s] Invoked command in '/home/gsylvia/agrobot-reverse-engineering/Agrobot/build/robot_bringup' returned '0': AMENT_PREFIX_PATH=/home/gsylvia/agrobot-reverse-engineering/Agrobot/install/moveit_config:/home/gsylvia/agrobot-reverse-engineering/Agrobot/install/robot_description:${AMENT_PREFIX_PATH} CMAKE_PREFIX_PATH=/home/gsylvia/agrobot-reverse-engineering/Agrobot/install/moveit_config:/home/gsylvia/agrobot-reverse-engineering/Agrobot/install/robot_description:/opt/ros/jazzy/opt/gz_sim_vendor:/opt/ros/jazzy/opt/gz_sensors_vendor:/opt/ros/jazzy/opt/gz_physics_vendor:/opt/ros/jazzy/opt/sdformat_vendor:/opt/ros/jazzy/opt/gz_gui_vendor:/opt/ros/jazzy/opt/gz_transport_vendor:/opt/ros/jazzy/opt/gz_rendering_vendor:/opt/ros/jazzy/opt/gz_plugin_vendor:/opt/ros/jazzy/opt/gz_fuel_tools_vendor:/opt/ros/jazzy/opt/gz_msgs_vendor:/opt/ros/jazzy/opt/gz_common_vendor:/opt/ros/jazzy/opt/gz_math_vendor:/opt/ros/jazzy/opt/gz_utils_vendor:/opt/ros/jazzy/opt/gz_tools_vendor:/opt/ros/jazzy/opt/gz_ogre_next_vendor:/opt/ros/jazzy/opt/gz_dartsim_vendor:/opt/ros/jazzy/opt/gz_cmake_vendor:/opt/ros/jazzy /usr/bin/cmake --build /home/gsylvia/agrobot-reverse-engineering/Agrobot/build/robot_bringup -- -j16 -l16
[0.148s] Invoking command in '/home/gsylvia/agrobot-reverse-engineering/Agrobot/build/robot_bringup': AMENT_PREFIX_PATH=/home/gsylvia/agrobot-reverse-engineering/Agrobot/install/moveit_config:/home/gsylvia/agrobot-reverse-engineering/Agrobot/install/robot_description:${AMENT_PREFIX_PATH} CMAKE_PREFIX_PATH=/home/gsylvia/agrobot-reverse-engineering/Agrobot/install/moveit_config:/home/gsylvia/agrobot-reverse-engineering/Agrobot/install/robot_description:/opt/ros/jazzy/opt/gz_sim_vendor:/opt/ros/jazzy/opt/gz_sensors_vendor:/opt/ros/jazzy/opt/gz_physics_vendor:/opt/ros/jazzy/opt/sdformat_vendor:/opt/ros/jazzy/opt/gz_gui_vendor:/opt/ros/jazzy/opt/gz_transport_vendor:/opt/ros/jazzy/opt/gz_rendering_vendor:/opt/ros/jazzy/opt/gz_plugin_vendor:/opt/ros/jazzy/opt/gz_fuel_tools_vendor:/opt/ros/jazzy/opt/gz_msgs_vendor:/opt/ros/jazzy/opt/gz_common_vendor:/opt/ros/jazzy/opt/gz_math_vendor:/opt/ros/jazzy/opt/gz_utils_vendor:/opt/ros/jazzy/opt/gz_tools_vendor:/opt/ros/jazzy/opt/gz_ogre_next_vendor:/opt/ros/jazzy/opt/gz_dartsim_vendor:/opt/ros/jazzy/opt/gz_cmake_vendor:/opt/ros/jazzy /usr/bin/cmake --install /home/gsylvia/agrobot-reverse-engineering/Agrobot/build/robot_bringup
[0.154s] -- Install configuration: ""
[0.154s] -- Up-to-date: /home/gsylvia/agrobot-reverse-engineering/Agrobot/install/robot_bringup/share/robot_bringup//config
[0.154s] -- Up-to-date: /home/gsylvia/agrobot-reverse-engineering/Agrobot/install/robot_bringup/share/robot_bringup//config/display.rviz
[0.154s] -- Up-to-date: /home/gsylvia/agrobot-reverse-engineering/Agrobot/install/robot_bringup/share/robot_bringup//config/ros2_controllers.yaml
[0.155s] -- Up-to-date: /home/gsylvia/agrobot-reverse-engineering/Agrobot/install/robot_bringup/share/robot_bringup//config/robot_moveit.rviz
[0.155s] -- Up-to-date: /home/gsylvia/agrobot-reverse-engineering/Agrobot/install/robot_bringup/share/robot_bringup//launch
[0.155s] -- Up-to-date: /home/gsylvia/agrobot-reverse-engineering/Agrobot/install/robot_bringup/share/robot_bringup//launch/robot.launch.xml
[0.155s] -- Up-to-date: /home/gsylvia/agrobot-reverse-engineering/Agrobot/install/robot_bringup/share/robot_bringup//launch/display.launch.xml
[0.155s] -- Up-to-date: /home/gsylvia/agrobot-reverse-engineering/Agrobot/install/robot_bringup/share/ament_index/resource_index/package_run_dependencies/robot_bringup
[0.155s] -- Up-to-date: /home/gsylvia/agrobot-reverse-engineering/Agrobot/install/robot_bringup/share/ament_index/resource_index/parent_prefix_path/robot_bringup
[0.155s] -- Up-to-date: /home/gsylvia/agrobot-reverse-engineering/Agrobot/install/robot_bringup/share/robot_bringup/environment/ament_prefix_path.sh
[0.155s] -- Up-to-date: /home/gsylvia/agrobot-reverse-engineering/Agrobot/install/robot_bringup/share/robot_bringup/environment/ament_prefix_path.dsv
[0.155s] -- Up-to-date: /home/gsylvia/agrobot-reverse-engineering/Agrobot/install/robot_bringup/share/robot_bringup/environment/path.sh
[0.155s] -- Up-to-date: /home/gsylvia/agrobot-reverse-engineering/Agrobot/install/robot_bringup/share/robot_bringup/environment/path.dsv
[0.155s] -- Up-to-date: /home/gsylvia/agrobot-reverse-engineering/Agrobot/install/robot_bringup/share/robot_bringup/local_setup.bash
[0.155s] -- Up-to-date: /home/gsylvia/agrobot-reverse-engineering/Agrobot/install/robot_bringup/share/robot_bringup/local_setup.sh
[0.155s] -- Up-to-date: /home/gsylvia/agrobot-reverse-engineering/Agrobot/install/robot_bringup/share/robot_bringup/local_setup.zsh
[0.155s] -- Up-to-date: /home/gsylvia/agrobot-reverse-engineering/Agrobot/install/robot_bringup/share/robot_bringup/local_setup.dsv
[0.155s] -- Installing: /home/gsylvia/agrobot-reverse-engineering/Agrobot/install/robot_bringup/share/robot_bringup/package.dsv
[0.155s] -- Up-to-date: /home/gsylvia/agrobot-reverse-engineering/Agrobot/install/robot_bringup/share/ament_index/resource_index/packages/robot_bringup
[0.155s] -- Up-to-date: /home/gsylvia/agrobot-reverse-engineering/Agrobot/install/robot_bringup/share/robot_bringup/cmake/robot_bringupConfig.cmake
[0.155s] -- Up-to-date: /home/gsylvia/agrobot-reverse-engineering/Agrobot/install/robot_bringup/share/robot_bringup/cmake/robot_bringupConfig-version.cmake
[0.155s] -- Up-to-date: /home/gsylvia/agrobot-reverse-engineering/Agrobot/install/robot_bringup/share/robot_bringup/package.xml
[0.156s] Invoked command in '/home/gsylvia/agrobot-reverse-engineering/Agrobot/build/robot_bringup' returned '0': AMENT_PREFIX_PATH=/home/gsylvia/agrobot-reverse-engineering/Agrobot/install/moveit_config:/home/gsylvia/agrobot-reverse-engineering/Agrobot/install/robot_description:${AMENT_PREFIX_PATH} CMAKE_PREFIX_PATH=/home/gsylvia/agrobot-reverse-engineering/Agrobot/install/moveit_config:/home/gsylvia/agrobot-reverse-engineering/Agrobot/install/robot_description:/opt/ros/jazzy/opt/gz_sim_vendor:/opt/ros/jazzy/opt/gz_sensors_vendor:/opt/ros/jazzy/opt/gz_physics_vendor:/opt/ros/jazzy/opt/sdformat_vendor:/opt/ros/jazzy/opt/gz_gui_vendor:/opt/ros/jazzy/opt/gz_transport_vendor:/opt/ros/jazzy/opt/gz_rendering_vendor:/opt/ros/jazzy/opt/gz_plugin_vendor:/opt/ros/jazzy/opt/gz_fuel_tools_vendor:/opt/ros/jazzy/opt/gz_msgs_vendor:/opt/ros/jazzy/opt/gz_common_vendor:/opt/ros/jazzy/opt/gz_math_vendor:/opt/ros/jazzy/opt/gz_utils_vendor:/opt/ros/jazzy/opt/gz_tools_vendor:/opt/ros/jazzy/opt/gz_ogre_next_vendor:/opt/ros/jazzy/opt/gz_dartsim_vendor:/opt/ros/jazzy/opt/gz_cmake_vendor:/opt/ros/jazzy /usr/bin/cmake --install /home/gsylvia/agrobot-reverse-engineering/Agrobot/build/robot_bringup
