[INFO] [1790195703.226937477] [move_group.moveit.moveit.ros.rdf_loader]: Loaded robot model in 0.00486976 seconds
[INFO] [1790195703.227327378] [move_group.moveit.moveit.core.robot_model]: Loading robot model 'robot'...
[INFO] [1790195703.438368907] [trac_ik_kinematics_plugin.trac_ik_kinematics_plugin]: IK Using joint base_link 0 1.565
[INFO] [1790195703.438411799] [trac_ik_kinematics_plugin.trac_ik_kinematics_plugin]: IK Using joint link1 -3.14159 3.14159
[INFO] [1790195703.438414178] [trac_ik_kinematics_plugin.trac_ik_kinematics_plugin]: IK Using joint link2 -1.57079 1.57079
[INFO] [1790195703.438415888] [trac_ik_kinematics_plugin.trac_ik_kinematics_plugin]: IK Using joint link3 -4.5 1.5
[INFO] [1790195703.438417679] [trac_ik_kinematics_plugin.trac_ik_kinematics_plugin]: IK Using joint link4 -3.14159 3.14159
[INFO] [1790195703.438419039] [trac_ik_kinematics_plugin.trac_ik_kinematics_plugin]: IK Using joint link5 -5 5
[INFO] [1790195703.438420773] [trac_ik_kinematics_plugin.trac_ik_kinematics_plugin]: IK Using joint link6 0 2.0944
[INFO] [1790195703.438421631] [trac_ik_kinematics_plugin.trac_ik_kinematics_plugin]: Using solve type Distance
[INFO] [1790195703.940593691] [move_group.moveit.moveit.ros.planning_scene_monitor]: Publishing maintained planning scene on 'monitored_planning_scene'
[INFO] [1790195703.940865623] [move_group.moveit.moveit.ros.moveit_cpp]: Listening to 'joint_states' for joint states
[INFO] [1790195703.941866757] [move_group.moveit.moveit.ros.current_state_monitor]: Listening to joint states on topic 'joint_states'
[INFO] [1790195703.942736152] [move_group.moveit.moveit.ros.planning_scene_monitor]: Listening to '/attached_collision_object' for attached collision objects
[INFO] [1790195703.942763871] [move_group.moveit.moveit.ros.planning_scene_monitor]: Stopping existing planning scene publisher.
[INFO] [1790195703.943115513] [move_group.moveit.moveit.ros.planning_scene_monitor]: Stopped publishing maintained planning scene.
[INFO] [1790195703.943776243] [move_group.moveit.moveit.ros.planning_scene_monitor]: Publishing maintained planning scene on 'monitored_planning_scene'
[INFO] [1790195703.943926122] [move_group.moveit.moveit.ros.planning_scene_monitor]: Starting planning scene monitor
[INFO] [1790195703.944519271] [move_group.moveit.moveit.ros.planning_scene_monitor]: Listening to '/planning_scene'
[INFO] [1790195703.944560060] [move_group.moveit.moveit.ros.planning_scene_monitor]: Starting world geometry update monitor for collision objects, attached objects, octomap updates.
[INFO] [1790195703.944951424] [move_group.moveit.moveit.ros.planning_scene_monitor]: Listening to 'collision_object'
[INFO] [1790195703.945332923] [move_group.moveit.moveit.ros.planning_scene_monitor]: Listening to 'planning_scene_world' for planning scene world geometry
[WARN] [1790195703.946003267] [move_group.moveit.moveit.ros.occupancy_map_monitor]: Resolution not specified for Octomap. Assuming resolution = 0.1 instead
[ERROR] [1790195703.946032091] [move_group.moveit.moveit.ros.occupancy_map_monitor]: No 3D sensor plugin(s) defined for octomap updates
[INFO] [1790195704.718638561] [move_group.moveit.moveit.ros.planning_pipeline]: Successfully loaded planner 'OMPL'
[INFO] [1790195704.719528634] [move_group]: Try loading adapter 'default_planning_request_adapters/ResolveConstraintFrames'
[INFO] [1790195704.720639911] [move_group]: Loaded adapter 'default_planning_request_adapters/ResolveConstraintFrames'
[INFO] [1790195704.720656159] [move_group]: Try loading adapter 'default_planning_request_adapters/ValidateWorkspaceBounds'
[INFO] [1790195704.721070108] [move_group]: Loaded adapter 'default_planning_request_adapters/ValidateWorkspaceBounds'
[INFO] [1790195704.721090257] [move_group]: Try loading adapter 'default_planning_request_adapters/CheckStartStateBounds'
[INFO] [1790195704.721137095] [move_group]: Loaded adapter 'default_planning_request_adapters/CheckStartStateBounds'
[INFO] [1790195704.721142109] [move_group]: Try loading adapter 'default_planning_request_adapters/CheckStartStateCollision'
[INFO] [1790195704.721152615] [move_group]: Loaded adapter 'default_planning_request_adapters/CheckStartStateCollision'
[INFO] [1790195704.721834927] [move_group]: Try loading adapter 'default_planning_response_adapters/AddTimeOptimalParameterization'
[INFO] [1790195704.724008563] [move_group]: Loaded adapter 'default_planning_response_adapters/AddTimeOptimalParameterization'
[INFO] [1790195704.724032454] [move_group]: Try loading adapter 'default_planning_response_adapters/ValidateSolution'
[INFO] [1790195704.726585248] [move_group]: Loaded adapter 'default_planning_response_adapters/ValidateSolution'
[INFO] [1790195704.726619237] [move_group]: Try loading adapter 'default_planning_response_adapters/DisplayMotionPath'
[INFO] [1790195704.727191693] [move_group]: Loaded adapter 'default_planning_response_adapters/DisplayMotionPath'
[INFO] [1790195704.730769700] [move_group.moveit.moveit.planners.pilz.joint_limits_aggregator]: Reading limits from namespace robot_description_planning
[INFO] [1790195704.742936206] [move_group.moveit.moveit.planners.pilz.command_planner]: Available plugins: pilz_industrial_motion_planner/PlanningContextLoaderCIRC pilz_industrial_motion_planner/PlanningContextLoaderLIN pilz_industrial_motion_planner/PlanningContextLoaderPTP 
[INFO] [1790195704.742976172] [move_group.moveit.moveit.planners.pilz.command_planner]: About to load: pilz_industrial_motion_planner/PlanningContextLoaderCIRC
[INFO] [1790195704.744683989] [move_group.moveit.moveit.planners.pilz.command_planner]: Registered Algorithm [CIRC]
[INFO] [1790195704.744713519] [move_group.moveit.moveit.planners.pilz.command_planner]: About to load: pilz_industrial_motion_planner/PlanningContextLoaderLIN
[INFO] [1790195704.745563422] [move_group.moveit.moveit.planners.pilz.command_planner]: Registered Algorithm [LIN]
[INFO] [1790195704.745591647] [move_group.moveit.moveit.planners.pilz.command_planner]: About to load: pilz_industrial_motion_planner/PlanningContextLoaderPTP
[INFO] [1790195704.746289891] [move_group.moveit.moveit.planners.pilz.command_planner]: Registered Algorithm [PTP]
[INFO] [1790195704.746320666] [move_group.moveit.moveit.ros.planning_pipeline]: Successfully loaded planner 'Pilz Industrial Motion Planner'
[INFO] [1790195704.747023656] [move_group]: Try loading adapter 'default_planning_request_adapters/ResolveConstraintFrames'
[INFO] [1790195704.747110267] [move_group]: Loaded adapter 'default_planning_request_adapters/ResolveConstraintFrames'
[INFO] [1790195704.747113608] [move_group]: Try loading adapter 'default_planning_request_adapters/ValidateWorkspaceBounds'
[INFO] [1790195704.747402786] [move_group]: Loaded adapter 'default_planning_request_adapters/ValidateWorkspaceBounds'
[INFO] [1790195704.747410310] [move_group]: Try loading adapter 'default_planning_request_adapters/CheckStartStateBounds'
[INFO] [1790195704.747421807] [move_group]: Loaded adapter 'default_planning_request_adapters/CheckStartStateBounds'
[INFO] [1790195704.747423927] [move_group]: Try loading adapter 'default_planning_request_adapters/CheckStartStateCollision'
[INFO] [1790195704.747429725] [move_group]: Loaded adapter 'default_planning_request_adapters/CheckStartStateCollision'
[INFO] [1790195704.748284074] [move_group]: Try loading adapter 'default_planning_response_adapters/ValidateSolution'
[INFO] [1790195704.749806365] [move_group]: Loaded adapter 'default_planning_response_adapters/ValidateSolution'
[INFO] [1790195704.749867243] [move_group]: Try loading adapter 'default_planning_response_adapters/DisplayMotionPath'
[INFO] [1790195704.750474013] [move_group]: Loaded adapter 'default_planning_response_adapters/DisplayMotionPath'
[INFO] [1790195704.754898613] [move_group.moveit.moveit.ros.planning_pipeline]: Successfully loaded planner 'STOMP'
[INFO] [1790195704.755715842] [move_group]: Try loading adapter 'default_planning_request_adapters/ResolveConstraintFrames'
[INFO] [1790195704.755815429] [move_group]: Loaded adapter 'default_planning_request_adapters/ResolveConstraintFrames'
[INFO] [1790195704.755819821] [move_group]: Try loading adapter 'default_planning_request_adapters/ValidateWorkspaceBounds'
[INFO] [1790195704.756243221] [move_group]: Loaded adapter 'default_planning_request_adapters/ValidateWorkspaceBounds'
[INFO] [1790195704.756271457] [move_group]: Try loading adapter 'default_planning_request_adapters/CheckStartStateBounds'
[INFO] [1790195704.756292542] [move_group]: Loaded adapter 'default_planning_request_adapters/CheckStartStateBounds'
[INFO] [1790195704.756295131] [move_group]: Try loading adapter 'default_planning_request_adapters/CheckStartStateCollision'
[INFO] [1790195704.756301673] [move_group]: Loaded adapter 'default_planning_request_adapters/CheckStartStateCollision'
[INFO] [1790195704.757093426] [move_group]: Try loading adapter 'default_planning_response_adapters/AddTimeOptimalParameterization'
[INFO] [1790195704.757864847] [move_group]: Loaded adapter 'default_planning_response_adapters/AddTimeOptimalParameterization'
[INFO] [1790195704.757910373] [move_group]: Try loading adapter 'default_planning_response_adapters/ValidateSolution'
[INFO] [1790195704.758423370] [move_group]: Loaded adapter 'default_planning_response_adapters/ValidateSolution'
[INFO] [1790195704.758444316] [move_group]: Try loading adapter 'default_planning_response_adapters/DisplayMotionPath'
[INFO] [1790195704.758739746] [move_group]: Loaded adapter 'default_planning_response_adapters/DisplayMotionPath'
[INFO] [1790195704.763959898] [move_group.moveit.moveit.ros.planning_pipeline]: Successfully loaded planner 'CHOMP'
[INFO] [1790195704.764790767] [move_group]: Try loading adapter 'default_planning_request_adapters/ResolveConstraintFrames'
[INFO] [1790195704.764882854] [move_group]: Loaded adapter 'default_planning_request_adapters/ResolveConstraintFrames'
[INFO] [1790195704.764888597] [move_group]: Try loading adapter 'default_planning_request_adapters/ValidateWorkspaceBounds'
[INFO] [1790195704.765129581] [move_group]: Loaded adapter 'default_planning_request_adapters/ValidateWorkspaceBounds'
[INFO] [1790195704.765134715] [move_group]: Try loading adapter 'default_planning_request_adapters/CheckStartStateBounds'
[INFO] [1790195704.765145292] [move_group]: Loaded adapter 'default_planning_request_adapters/CheckStartStateBounds'
[INFO] [1790195704.765147597] [move_group]: Try loading adapter 'default_planning_request_adapters/CheckStartStateCollision'
[INFO] [1790195704.765153293] [move_group]: Loaded adapter 'default_planning_request_adapters/CheckStartStateCollision'
[INFO] [1790195704.765717088] [move_group]: Try loading adapter 'default_planning_response_adapters/AddTimeOptimalParameterization'
[INFO] [1790195704.766011878] [move_group]: Loaded adapter 'default_planning_response_adapters/AddTimeOptimalParameterization'
[INFO] [1790195704.766032193] [move_group]: Try loading adapter 'default_planning_response_adapters/ValidateSolution'
[INFO] [1790195704.766569305] [move_group]: Loaded adapter 'default_planning_response_adapters/ValidateSolution'
[INFO] [1790195704.766586332] [move_group]: Try loading adapter 'default_planning_response_adapters/DisplayMotionPath'
[INFO] [1790195704.766904023] [move_group]: Loaded adapter 'default_planning_response_adapters/DisplayMotionPath'
[INFO] [1790195704.804637043] [move_group.moveit.moveit.plugins.simple_controller_manager]: Added FollowJointTrajectory controller for arm_controller
[INFO] [1790195704.804947729] [move_group.moveit.moveit.plugins.simple_controller_manager]: Returned 1 controllers in list
[INFO] [1790195704.804989927] [move_group.moveit.moveit.plugins.simple_controller_manager]: Returned 1 controllers in list
[INFO] [1790195704.805583097] [move_group.moveit.moveit.ros.trajectory_execution_manager]: Trajectory execution is managing controllers
[INFO] [1790195704.805640211] [move_group]: MoveGroup debug mode is ON
[INFO] [1790195704.827387469] [move_group.moveit.moveit.planners.pilz.move_group_sequence_action]: initialize move group sequence action
[INFO] [1790195704.830976931] [move_group.moveit.moveit.planners.pilz.joint_limits_aggregator]: Reading limits from namespace robot_description_planning
[INFO] [1790195704.831288208] [move_group.moveit.moveit.planners.pilz.joint_limits_aggregator]: Reading limits from namespace robot_description_planning
[INFO] [1790195704.832126514] [move_group.moveit.moveit.ros.move_group.executable]: 

********************************************************
* MoveGroup using: 
*     - apply_planning_scene_service
*     - clear_octomap_service
*     - get_group_urdf
*     - load_geometry_from_file
*     - CartesianPathService
*     - execute_trajectory_action
*     - get_planning_scene_service
*     - kinematics_service
*     - move_action
*     - motion_plan_service
*     - query_planners_service
*     - state_validation_service
*     - save_geometry_to_file
*     - SequenceAction
*     - SequenceService
********************************************************

[INFO] [1790195704.832206898] [move_group.moveit.moveit.ros.move_group.context]: MoveGroup context using pipeline ompl
[INFO] [1790195704.832215758] [move_group.moveit.moveit.ros.move_group.context]: MoveGroup context initialization complete
