[ 33%] Built target motion_generator
[ 50%] Building CXX object CMakeFiles/basic_slave_node.dir/src/basic_slave.cpp.o
[ 66%] Building CXX object CMakeFiles/cia402_slave_node.dir/src/cia402_slave.cpp.o
In file included from /home/gsylvia/agrobot-reverse-engineering/Agrobot/src/ros2_canopen/canopen_fake_slaves/src/basic_slave.cpp:15:
/home/gsylvia/agrobot-reverse-engineering/Agrobot/src/ros2_canopen/canopen_fake_slaves/include/canopen_fake_slaves/basic_slave.hpp: In member function ‘uint32_t ros2_canopen::SimpleSlave::GetValue(uint16_t, uint8_t) const’:
/home/gsylvia/agrobot-reverse-engineering/Agrobot/src/ros2_canopen/canopen_fake_slaves/include/canopen_fake_slaves/basic_slave.hpp:123:12: warning: possibly dangling reference to a temporary [-Wdangling-reference]
  123 |     auto & type = (*this)[idx][subidx].Type();
      |            ^~~~
/home/gsylvia/agrobot-reverse-engineering/Agrobot/src/ros2_canopen/canopen_fake_slaves/include/canopen_fake_slaves/basic_slave.hpp:123:44: note: the temporary was destroyed at the end of the full expression ‘((const ros2_canopen::SimpleSlave*)this)->ros2_canopen::SimpleSlave::<anonymous>.lely::canopen::BasicSlave::operator[](((std::ptrdiff_t)((uint16_t)idx))).lely::canopen::BasicSlave::ConstObject::operator[](((int)((uint8_t)subidx))).lely::canopen::BasicSlave::ConstSubObject::Type()’
  123 |     auto & type = (*this)[idx][subidx].Type();
      |                   ~~~~~~~~~~~~~~~~~~~~~~~~~^~
[ 83%] Linking CXX executable basic_slave_node
[100%] Linking CXX executable cia402_slave_node
[100%] Built target basic_slave_node
[100%] Built target cia402_slave_node
-- Install configuration: ""
-- Up-to-date: /home/gsylvia/agrobot-reverse-engineering/Agrobot/install/canopen_fake_slaves/lib/canopen_fake_slaves/libmotion_generator.so
-- Installing: /home/gsylvia/agrobot-reverse-engineering/Agrobot/install/canopen_fake_slaves/lib/canopen_fake_slaves/basic_slave_node
-- Set non-toolchain portion of runtime path of "/home/gsylvia/agrobot-reverse-engineering/Agrobot/install/canopen_fake_slaves/lib/canopen_fake_slaves/basic_slave_node" to ""
-- Installing: /home/gsylvia/agrobot-reverse-engineering/Agrobot/install/canopen_fake_slaves/lib/canopen_fake_slaves/cia402_slave_node
-- Set non-toolchain portion of runtime path of "/home/gsylvia/agrobot-reverse-engineering/Agrobot/install/canopen_fake_slaves/lib/canopen_fake_slaves/cia402_slave_node" to ""
-- Up-to-date: /home/gsylvia/agrobot-reverse-engineering/Agrobot/install/canopen_fake_slaves/share/canopen_fake_slaves/launch/
-- Up-to-date: /home/gsylvia/agrobot-reverse-engineering/Agrobot/install/canopen_fake_slaves/share/canopen_fake_slaves/launch//basic_slave.launch.py
-- Up-to-date: /home/gsylvia/agrobot-reverse-engineering/Agrobot/install/canopen_fake_slaves/share/canopen_fake_slaves/launch//cia402_slave.launch.py
-- Up-to-date: /home/gsylvia/agrobot-reverse-engineering/Agrobot/install/canopen_fake_slaves/share/canopen_fake_slaves/config/
-- Up-to-date: /home/gsylvia/agrobot-reverse-engineering/Agrobot/install/canopen_fake_slaves/share/canopen_fake_slaves/config//simple_slave.eds
-- Up-to-date: /home/gsylvia/agrobot-reverse-engineering/Agrobot/install/canopen_fake_slaves/share/canopen_fake_slaves/config//cia402_slave.eds
-- Up-to-date: /home/gsylvia/agrobot-reverse-engineering/Agrobot/install/canopen_fake_slaves/include
-- Up-to-date: /home/gsylvia/agrobot-reverse-engineering/Agrobot/install/canopen_fake_slaves/include/canopen_fake_slaves
-- Up-to-date: /home/gsylvia/agrobot-reverse-engineering/Agrobot/install/canopen_fake_slaves/include/canopen_fake_slaves/motion_generator.hpp
-- Up-to-date: /home/gsylvia/agrobot-reverse-engineering/Agrobot/install/canopen_fake_slaves/include/canopen_fake_slaves/base_slave.hpp
-- Up-to-date: /home/gsylvia/agrobot-reverse-engineering/Agrobot/install/canopen_fake_slaves/include/canopen_fake_slaves/basic_slave.hpp
-- Up-to-date: /home/gsylvia/agrobot-reverse-engineering/Agrobot/install/canopen_fake_slaves/include/canopen_fake_slaves/cia402_slave.hpp
-- Up-to-date: /home/gsylvia/agrobot-reverse-engineering/Agrobot/install/canopen_fake_slaves/share/ament_index/resource_index/package_run_dependencies/canopen_fake_slaves
-- Up-to-date: /home/gsylvia/agrobot-reverse-engineering/Agrobot/install/canopen_fake_slaves/share/ament_index/resource_index/parent_prefix_path/canopen_fake_slaves
-- Up-to-date: /home/gsylvia/agrobot-reverse-engineering/Agrobot/install/canopen_fake_slaves/share/canopen_fake_slaves/environment/ament_prefix_path.sh
-- Up-to-date: /home/gsylvia/agrobot-reverse-engineering/Agrobot/install/canopen_fake_slaves/share/canopen_fake_slaves/environment/ament_prefix_path.dsv
-- Up-to-date: /home/gsylvia/agrobot-reverse-engineering/Agrobot/install/canopen_fake_slaves/share/canopen_fake_slaves/environment/path.sh
-- Up-to-date: /home/gsylvia/agrobot-reverse-engineering/Agrobot/install/canopen_fake_slaves/share/canopen_fake_slaves/environment/path.dsv
-- Up-to-date: /home/gsylvia/agrobot-reverse-engineering/Agrobot/install/canopen_fake_slaves/share/canopen_fake_slaves/local_setup.bash
-- Up-to-date: /home/gsylvia/agrobot-reverse-engineering/Agrobot/install/canopen_fake_slaves/share/canopen_fake_slaves/local_setup.sh
-- Up-to-date: /home/gsylvia/agrobot-reverse-engineering/Agrobot/install/canopen_fake_slaves/share/canopen_fake_slaves/local_setup.zsh
-- Up-to-date: /home/gsylvia/agrobot-reverse-engineering/Agrobot/install/canopen_fake_slaves/share/canopen_fake_slaves/local_setup.dsv
-- Installing: /home/gsylvia/agrobot-reverse-engineering/Agrobot/install/canopen_fake_slaves/share/canopen_fake_slaves/package.dsv
-- Up-to-date: /home/gsylvia/agrobot-reverse-engineering/Agrobot/install/canopen_fake_slaves/share/ament_index/resource_index/packages/canopen_fake_slaves
-- Up-to-date: /home/gsylvia/agrobot-reverse-engineering/Agrobot/install/canopen_fake_slaves/share/canopen_fake_slaves/cmake/ament_cmake_export_include_directories-extras.cmake
-- Up-to-date: /home/gsylvia/agrobot-reverse-engineering/Agrobot/install/canopen_fake_slaves/share/canopen_fake_slaves/cmake/ament_cmake_export_dependencies-extras.cmake
-- Up-to-date: /home/gsylvia/agrobot-reverse-engineering/Agrobot/install/canopen_fake_slaves/share/canopen_fake_slaves/cmake/canopen_fake_slavesConfig.cmake
-- Up-to-date: /home/gsylvia/agrobot-reverse-engineering/Agrobot/install/canopen_fake_slaves/share/canopen_fake_slaves/cmake/canopen_fake_slavesConfig-version.cmake
-- Up-to-date: /home/gsylvia/agrobot-reverse-engineering/Agrobot/install/canopen_fake_slaves/share/canopen_fake_slaves/package.xml
