-- The C compiler identification is GNU 13.3.0
-- The CXX compiler identification is GNU 13.3.0
-- Detecting C compiler ABI info
-- Detecting C compiler ABI info - done
-- Check for working C compiler: /usr/bin/cc - skipped
-- Detecting C compile features
-- Detecting C compile features - done
-- Detecting CXX compiler ABI info
-- Detecting CXX compiler ABI info - done
-- Check for working CXX compiler: /usr/bin/c++ - skipped
-- Detecting CXX compile features
-- Detecting CXX compile features - done
-- Found ament_cmake: 2.5.6 (/opt/ros/jazzy/share/ament_cmake/cmake)
-- Found Python3: /usr/bin/python3 (found version "3.12.3") found components: Interpreter 
-- Found rosidl_default_generators: 1.6.1 (/opt/ros/jazzy/share/rosidl_default_generators/cmake)
-- Using all available rosidl_typesupport_c: rosidl_typesupport_fastrtps_c;rosidl_typesupport_introspection_c
-- Using all available rosidl_typesupport_cpp: rosidl_typesupport_fastrtps_cpp;rosidl_typesupport_introspection_cpp
-- Found rosidl_adapter: 4.6.9 (/opt/ros/jazzy/share/rosidl_adapter/cmake)
-- Found ament_cmake_ros: 0.12.1 (/opt/ros/jazzy/share/ament_cmake_ros/cmake)
-- Using all available rosidl_typesupport_c: rosidl_typesupport_fastrtps_c;rosidl_typesupport_introspection_c
-- Using all available rosidl_typesupport_cpp: rosidl_typesupport_fastrtps_cpp;rosidl_typesupport_introspection_cpp
-- Found python_cmake_module: 0.11.1 (/opt/ros/jazzy/share/python_cmake_module/cmake)
-- Found PythonExtra: /usr/bin/python3  
-- Found Python3: /usr/bin/python3 (found version "3.12.3") found components: Interpreter Development NumPy Development.Module Development.Embed 
-- Found Python3: /usr/bin/python3 (found version "3.12.3") found components: Interpreter 
-- Configuring done (3.6s)
-- Generating done (0.0s)
-- Build files have been written to: /tmp/agrobot-next-build-ybgPHn/build/epos2_bridge_interfaces
[  3%] Generating Rust code for ROS interfaces
[  3%] Generating type hashes for ROS interfaces
[  3%] Built target ament_cmake_python_copy_epos2_bridge_interfaces
[  3%] Built target epos2_bridge_interfaces__rosidl_generator_type_description
[  5%] Generating C code for ROS interfaces
[  5%] Built target epos2_bridge_interfaces__rs
[  7%] Generating C++ code for ROS interfaces
running egg_info
creating epos2_bridge_interfaces.egg-info
writing epos2_bridge_interfaces.egg-info/PKG-INFO
writing dependency_links to epos2_bridge_interfaces.egg-info/dependency_links.txt
writing top-level names to epos2_bridge_interfaces.egg-info/top_level.txt
writing manifest file 'epos2_bridge_interfaces.egg-info/SOURCES.txt'
reading manifest file 'epos2_bridge_interfaces.egg-info/SOURCES.txt'
writing manifest file 'epos2_bridge_interfaces.egg-info/SOURCES.txt'
[  7%] Built target ament_cmake_python_build_epos2_bridge_interfaces_egg
[  7%] Built target epos2_bridge_interfaces__cpp
[ 10%] Building C object CMakeFiles/epos2_bridge_interfaces__rosidl_generator_c.dir/rosidl_generator_c/epos2_bridge_interfaces/srv/detail/move_absolute__description.c.o
[ 10%] Building C object CMakeFiles/epos2_bridge_interfaces__rosidl_generator_c.dir/rosidl_generator_c/epos2_bridge_interfaces/srv/detail/move_delta__description.c.o
[ 12%] Building C object CMakeFiles/epos2_bridge_interfaces__rosidl_generator_c.dir/rosidl_generator_c/epos2_bridge_interfaces/srv/detail/move_delta__functions.c.o
[ 14%] Building C object CMakeFiles/epos2_bridge_interfaces__rosidl_generator_c.dir/rosidl_generator_c/epos2_bridge_interfaces/srv/detail/move_delta__type_support.c.o
[ 16%] Building C object CMakeFiles/epos2_bridge_interfaces__rosidl_generator_c.dir/rosidl_generator_c/epos2_bridge_interfaces/srv/detail/move_absolute__functions.c.o
[ 18%] Building C object CMakeFiles/epos2_bridge_interfaces__rosidl_generator_c.dir/rosidl_generator_c/epos2_bridge_interfaces/srv/detail/move_absolute_timed__functions.c.o
[ 20%] Building C object CMakeFiles/epos2_bridge_interfaces__rosidl_generator_c.dir/rosidl_generator_c/epos2_bridge_interfaces/srv/detail/move_absolute__type_support.c.o
[ 23%] Building C object CMakeFiles/epos2_bridge_interfaces__rosidl_generator_c.dir/rosidl_generator_c/epos2_bridge_interfaces/srv/detail/move_absolute_timed__type_support.c.o
[ 23%] Building C object CMakeFiles/epos2_bridge_interfaces__rosidl_generator_c.dir/rosidl_generator_c/epos2_bridge_interfaces/srv/detail/move_absolute_timed__description.c.o
[ 25%] Linking C shared library libepos2_bridge_interfaces__rosidl_generator_c.so
[ 25%] Built target epos2_bridge_interfaces__rosidl_generator_c
[ 32%] Generating C type support for eProsima Fast-RTPS
[ 32%] Generating C type support dispatch for ROS interfaces
[ 32%] Generating C++ type support for eProsima Fast-RTPS
[ 32%] Generating C introspection for ROS interfaces
[ 34%] Generating C++ introspection for ROS interfaces
[ 36%] Generating C++ type support dispatch for ROS interfaces
[ 38%] Building CXX object CMakeFiles/epos2_bridge_interfaces__rosidl_typesupport_cpp.dir/rosidl_typesupport_cpp/epos2_bridge_interfaces/srv/move_delta__type_support.cpp.o
[ 41%] Building CXX object CMakeFiles/epos2_bridge_interfaces__rosidl_typesupport_c.dir/rosidl_typesupport_c/epos2_bridge_interfaces/srv/move_delta__type_support.cpp.o
[ 45%] Building CXX object CMakeFiles/epos2_bridge_interfaces__rosidl_typesupport_cpp.dir/rosidl_typesupport_cpp/epos2_bridge_interfaces/srv/move_absolute_timed__type_support.cpp.o
[ 45%] Building CXX object CMakeFiles/epos2_bridge_interfaces__rosidl_typesupport_c.dir/rosidl_typesupport_c/epos2_bridge_interfaces/srv/move_absolute_timed__type_support.cpp.o
[ 47%] Building CXX object CMakeFiles/epos2_bridge_interfaces__rosidl_typesupport_cpp.dir/rosidl_typesupport_cpp/epos2_bridge_interfaces/srv/move_absolute__type_support.cpp.o
[ 41%] Building CXX object CMakeFiles/epos2_bridge_interfaces__rosidl_typesupport_c.dir/rosidl_typesupport_c/epos2_bridge_interfaces/srv/move_absolute__type_support.cpp.o
[ 49%] Linking CXX shared library libepos2_bridge_interfaces__rosidl_typesupport_c.so
[ 52%] Building C object CMakeFiles/epos2_bridge_interfaces__rosidl_typesupport_introspection_c.dir/rosidl_typesupport_introspection_c/epos2_bridge_interfaces/srv/detail/move_absolute_timed__type_support.c.o
[ 52%] Building C object CMakeFiles/epos2_bridge_interfaces__rosidl_typesupport_introspection_c.dir/rosidl_typesupport_introspection_c/epos2_bridge_interfaces/srv/detail/move_delta__type_support.c.o
[ 54%] Building C object CMakeFiles/epos2_bridge_interfaces__rosidl_typesupport_introspection_c.dir/rosidl_typesupport_introspection_c/epos2_bridge_interfaces/srv/detail/move_absolute__type_support.c.o
[ 56%] Building CXX object CMakeFiles/epos2_bridge_interfaces__rosidl_typesupport_introspection_cpp.dir/rosidl_typesupport_introspection_cpp/epos2_bridge_interfaces/srv/detail/move_delta__type_support.cpp.o
[ 58%] Building CXX object CMakeFiles/epos2_bridge_interfaces__rosidl_typesupport_introspection_cpp.dir/rosidl_typesupport_introspection_cpp/epos2_bridge_interfaces/srv/detail/move_absolute__type_support.cpp.o
[ 60%] Building CXX object CMakeFiles/epos2_bridge_interfaces__rosidl_typesupport_introspection_cpp.dir/rosidl_typesupport_introspection_cpp/epos2_bridge_interfaces/srv/detail/move_absolute_timed__type_support.cpp.o
[ 61%] Linking C shared library libepos2_bridge_interfaces__rosidl_typesupport_introspection_c.so
[ 63%] Building CXX object CMakeFiles/epos2_bridge_interfaces__rosidl_typesupport_fastrtps_cpp.dir/rosidl_typesupport_fastrtps_cpp/epos2_bridge_interfaces/srv/detail/dds_fastrtps/move_delta__type_support.cpp.o
[ 65%] Building CXX object CMakeFiles/epos2_bridge_interfaces__rosidl_typesupport_fastrtps_cpp.dir/rosidl_typesupport_fastrtps_cpp/epos2_bridge_interfaces/srv/detail/dds_fastrtps/move_absolute__type_support.cpp.o
[ 67%] Building CXX object CMakeFiles/epos2_bridge_interfaces__rosidl_typesupport_fastrtps_cpp.dir/rosidl_typesupport_fastrtps_cpp/epos2_bridge_interfaces/srv/detail/dds_fastrtps/move_absolute_timed__type_support.cpp.o
[ 69%] Building CXX object CMakeFiles/epos2_bridge_interfaces__rosidl_typesupport_fastrtps_c.dir/rosidl_typesupport_fastrtps_c/epos2_bridge_interfaces/srv/detail/move_absolute__type_support_c.cpp.o
[ 70%] Building CXX object CMakeFiles/epos2_bridge_interfaces__rosidl_typesupport_fastrtps_c.dir/rosidl_typesupport_fastrtps_c/epos2_bridge_interfaces/srv/detail/move_delta__type_support_c.cpp.o
[ 72%] Building CXX object CMakeFiles/epos2_bridge_interfaces__rosidl_typesupport_fastrtps_c.dir/rosidl_typesupport_fastrtps_c/epos2_bridge_interfaces/srv/detail/move_absolute_timed__type_support_c.cpp.o
[ 72%] Built target epos2_bridge_interfaces__rosidl_typesupport_c
[ 72%] Built target epos2_bridge_interfaces__rosidl_typesupport_introspection_c
[ 74%] Linking CXX shared library libepos2_bridge_interfaces__rosidl_typesupport_cpp.so
[ 76%] Linking CXX shared library libepos2_bridge_interfaces__rosidl_typesupport_introspection_cpp.so
[ 76%] Built target epos2_bridge_interfaces__rosidl_typesupport_cpp
[ 78%] Linking CXX shared library libepos2_bridge_interfaces__rosidl_typesupport_fastrtps_c.so
[ 78%] Built target epos2_bridge_interfaces__rosidl_typesupport_introspection_cpp
[ 80%] Linking CXX shared library libepos2_bridge_interfaces__rosidl_typesupport_fastrtps_cpp.so
[ 80%] Built target epos2_bridge_interfaces__rosidl_typesupport_fastrtps_c
[ 80%] Built target epos2_bridge_interfaces__rosidl_typesupport_fastrtps_cpp
[ 80%] Built target epos2_bridge_interfaces
[ 81%] Generating Python code for ROS interfaces
[ 81%] Built target epos2_bridge_interfaces__py
[ 83%] Building C object CMakeFiles/epos2_bridge_interfaces__rosidl_generator_py.dir/rosidl_generator_py/epos2_bridge_interfaces/srv/_move_delta_s.c.o
[ 85%] Building C object CMakeFiles/epos2_bridge_interfaces__rosidl_generator_py.dir/rosidl_generator_py/epos2_bridge_interfaces/srv/_move_absolute_s.c.o
[ 87%] Building C object CMakeFiles/epos2_bridge_interfaces__rosidl_generator_py.dir/rosidl_generator_py/epos2_bridge_interfaces/srv/_move_absolute_timed_s.c.o
[ 89%] Linking C shared library libepos2_bridge_interfaces__rosidl_generator_py.so
[ 89%] Built target epos2_bridge_interfaces__rosidl_generator_py
[ 90%] Building C object CMakeFiles/epos2_bridge_interfaces_s__rosidl_typesupport_c.dir/rosidl_generator_py/epos2_bridge_interfaces/_epos2_bridge_interfaces_s.ep.rosidl_typesupport_c.c.o
[ 92%] Building C object CMakeFiles/epos2_bridge_interfaces_s__rosidl_typesupport_fastrtps_c.dir/rosidl_generator_py/epos2_bridge_interfaces/_epos2_bridge_interfaces_s.ep.rosidl_typesupport_fastrtps_c.c.o
[ 94%] Building C object CMakeFiles/epos2_bridge_interfaces_s__rosidl_typesupport_introspection_c.dir/rosidl_generator_py/epos2_bridge_interfaces/_epos2_bridge_interfaces_s.ep.rosidl_typesupport_introspection_c.c.o
[ 96%] Linking C shared module rosidl_generator_py/epos2_bridge_interfaces/epos2_bridge_interfaces_s__rosidl_typesupport_c.so
[ 98%] Linking C shared module rosidl_generator_py/epos2_bridge_interfaces/epos2_bridge_interfaces_s__rosidl_typesupport_fastrtps_c.so
[100%] Linking C shared module rosidl_generator_py/epos2_bridge_interfaces/epos2_bridge_interfaces_s__rosidl_typesupport_introspection_c.so
[100%] Built target epos2_bridge_interfaces_s__rosidl_typesupport_c
[100%] Built target epos2_bridge_interfaces_s__rosidl_typesupport_introspection_c
[100%] Built target epos2_bridge_interfaces_s__rosidl_typesupport_fastrtps_c
-- Install configuration: ""
-- Installing: /tmp/agrobot-next-build-ybgPHn/install/epos2_bridge_interfaces/share/ament_index/resource_index/rosidl_interfaces/epos2_bridge_interfaces
-- Installing: /tmp/agrobot-next-build-ybgPHn/install/epos2_bridge_interfaces/share/epos2_bridge_interfaces/srv/MoveDelta.json
-- Installing: /tmp/agrobot-next-build-ybgPHn/install/epos2_bridge_interfaces/share/epos2_bridge_interfaces/srv/MoveAbsolute.json
-- Installing: /tmp/agrobot-next-build-ybgPHn/install/epos2_bridge_interfaces/share/epos2_bridge_interfaces/srv/MoveAbsoluteTimed.json
-- Installing: /tmp/agrobot-next-build-ybgPHn/install/epos2_bridge_interfaces/include/epos2_bridge_interfaces/epos2_bridge_interfaces
-- Installing: /tmp/agrobot-next-build-ybgPHn/install/epos2_bridge_interfaces/include/epos2_bridge_interfaces/epos2_bridge_interfaces/srv
-- Installing: /tmp/agrobot-next-build-ybgPHn/install/epos2_bridge_interfaces/include/epos2_bridge_interfaces/epos2_bridge_interfaces/srv/move_absolute_timed.h
-- Installing: /tmp/agrobot-next-build-ybgPHn/install/epos2_bridge_interfaces/include/epos2_bridge_interfaces/epos2_bridge_interfaces/srv/detail
-- Installing: /tmp/agrobot-next-build-ybgPHn/install/epos2_bridge_interfaces/include/epos2_bridge_interfaces/epos2_bridge_interfaces/srv/detail/move_absolute__struct.h
-- Installing: /tmp/agrobot-next-build-ybgPHn/install/epos2_bridge_interfaces/include/epos2_bridge_interfaces/epos2_bridge_interfaces/srv/detail/move_absolute__functions.c
-- Installing: /tmp/agrobot-next-build-ybgPHn/install/epos2_bridge_interfaces/include/epos2_bridge_interfaces/epos2_bridge_interfaces/srv/detail/move_absolute_timed__functions.c
-- Installing: /tmp/agrobot-next-build-ybgPHn/install/epos2_bridge_interfaces/include/epos2_bridge_interfaces/epos2_bridge_interfaces/srv/detail/move_delta__description.c
-- Installing: /tmp/agrobot-next-build-ybgPHn/install/epos2_bridge_interfaces/include/epos2_bridge_interfaces/epos2_bridge_interfaces/srv/detail/move_delta__functions.h
-- Installing: /tmp/agrobot-next-build-ybgPHn/install/epos2_bridge_interfaces/include/epos2_bridge_interfaces/epos2_bridge_interfaces/srv/detail/move_absolute__type_support.h
-- Installing: /tmp/agrobot-next-build-ybgPHn/install/epos2_bridge_interfaces/include/epos2_bridge_interfaces/epos2_bridge_interfaces/srv/detail/move_absolute_timed__struct.h
-- Installing: /tmp/agrobot-next-build-ybgPHn/install/epos2_bridge_interfaces/include/epos2_bridge_interfaces/epos2_bridge_interfaces/srv/detail/move_delta__functions.c
-- Installing: /tmp/agrobot-next-build-ybgPHn/install/epos2_bridge_interfaces/include/epos2_bridge_interfaces/epos2_bridge_interfaces/srv/detail/move_absolute_timed__type_support.c
-- Installing: /tmp/agrobot-next-build-ybgPHn/install/epos2_bridge_interfaces/include/epos2_bridge_interfaces/epos2_bridge_interfaces/srv/detail/move_delta__type_support.c
-- Installing: /tmp/agrobot-next-build-ybgPHn/install/epos2_bridge_interfaces/include/epos2_bridge_interfaces/epos2_bridge_interfaces/srv/detail/move_absolute__description.c
-- Installing: /tmp/agrobot-next-build-ybgPHn/install/epos2_bridge_interfaces/include/epos2_bridge_interfaces/epos2_bridge_interfaces/srv/detail/move_absolute__functions.h
-- Installing: /tmp/agrobot-next-build-ybgPHn/install/epos2_bridge_interfaces/include/epos2_bridge_interfaces/epos2_bridge_interfaces/srv/detail/move_absolute_timed__type_support.h
-- Installing: /tmp/agrobot-next-build-ybgPHn/install/epos2_bridge_interfaces/include/epos2_bridge_interfaces/epos2_bridge_interfaces/srv/detail/move_absolute__type_support.c
-- Installing: /tmp/agrobot-next-build-ybgPHn/install/epos2_bridge_interfaces/include/epos2_bridge_interfaces/epos2_bridge_interfaces/srv/detail/move_delta__struct.h
-- Installing: /tmp/agrobot-next-build-ybgPHn/install/epos2_bridge_interfaces/include/epos2_bridge_interfaces/epos2_bridge_interfaces/srv/detail/move_absolute_timed__description.c
-- Installing: /tmp/agrobot-next-build-ybgPHn/install/epos2_bridge_interfaces/include/epos2_bridge_interfaces/epos2_bridge_interfaces/srv/detail/move_delta__type_support.h
-- Installing: /tmp/agrobot-next-build-ybgPHn/install/epos2_bridge_interfaces/include/epos2_bridge_interfaces/epos2_bridge_interfaces/srv/detail/move_absolute_timed__functions.h
-- Installing: /tmp/agrobot-next-build-ybgPHn/install/epos2_bridge_interfaces/include/epos2_bridge_interfaces/epos2_bridge_interfaces/srv/move_absolute.h
-- Installing: /tmp/agrobot-next-build-ybgPHn/install/epos2_bridge_interfaces/include/epos2_bridge_interfaces/epos2_bridge_interfaces/srv/move_delta.h
-- Installing: /tmp/agrobot-next-build-ybgPHn/install/epos2_bridge_interfaces/include/epos2_bridge_interfaces/epos2_bridge_interfaces/msg
-- Installing: /tmp/agrobot-next-build-ybgPHn/install/epos2_bridge_interfaces/include/epos2_bridge_interfaces/epos2_bridge_interfaces/msg/rosidl_generator_c__visibility_control.h
-- Installing: /tmp/agrobot-next-build-ybgPHn/install/epos2_bridge_interfaces/share/epos2_bridge_interfaces/environment/library_path.sh
-- Installing: /tmp/agrobot-next-build-ybgPHn/install/epos2_bridge_interfaces/share/epos2_bridge_interfaces/environment/library_path.dsv
-- Installing: /tmp/agrobot-next-build-ybgPHn/install/epos2_bridge_interfaces/lib/libepos2_bridge_interfaces__rosidl_generator_c.so
-- Set non-toolchain portion of runtime path of "/tmp/agrobot-next-build-ybgPHn/install/epos2_bridge_interfaces/lib/libepos2_bridge_interfaces__rosidl_generator_c.so" to ""
-- Up-to-date: /tmp/agrobot-next-build-ybgPHn/install/epos2_bridge_interfaces/include/epos2_bridge_interfaces/epos2_bridge_interfaces
-- Up-to-date: /tmp/agrobot-next-build-ybgPHn/install/epos2_bridge_interfaces/include/epos2_bridge_interfaces/epos2_bridge_interfaces/srv
-- Up-to-date: /tmp/agrobot-next-build-ybgPHn/install/epos2_bridge_interfaces/include/epos2_bridge_interfaces/epos2_bridge_interfaces/srv/detail
-- Installing: /tmp/agrobot-next-build-ybgPHn/install/epos2_bridge_interfaces/include/epos2_bridge_interfaces/epos2_bridge_interfaces/srv/detail/move_absolute_timed__rosidl_typesupport_fastrtps_c.h
-- Installing: /tmp/agrobot-next-build-ybgPHn/install/epos2_bridge_interfaces/include/epos2_bridge_interfaces/epos2_bridge_interfaces/srv/detail/move_delta__rosidl_typesupport_fastrtps_c.h
-- Installing: /tmp/agrobot-next-build-ybgPHn/install/epos2_bridge_interfaces/include/epos2_bridge_interfaces/epos2_bridge_interfaces/srv/detail/move_absolute__rosidl_typesupport_fastrtps_c.h
-- Up-to-date: /tmp/agrobot-next-build-ybgPHn/install/epos2_bridge_interfaces/include/epos2_bridge_interfaces/epos2_bridge_interfaces/msg
-- Installing: /tmp/agrobot-next-build-ybgPHn/install/epos2_bridge_interfaces/include/epos2_bridge_interfaces/epos2_bridge_interfaces/msg/rosidl_typesupport_fastrtps_c__visibility_control.h
-- Installing: /tmp/agrobot-next-build-ybgPHn/install/epos2_bridge_interfaces/lib/libepos2_bridge_interfaces__rosidl_typesupport_fastrtps_c.so
-- Set non-toolchain portion of runtime path of "/tmp/agrobot-next-build-ybgPHn/install/epos2_bridge_interfaces/lib/libepos2_bridge_interfaces__rosidl_typesupport_fastrtps_c.so" to ""
-- Up-to-date: /tmp/agrobot-next-build-ybgPHn/install/epos2_bridge_interfaces/include/epos2_bridge_interfaces/epos2_bridge_interfaces
-- Up-to-date: /tmp/agrobot-next-build-ybgPHn/install/epos2_bridge_interfaces/include/epos2_bridge_interfaces/epos2_bridge_interfaces/srv
-- Up-to-date: /tmp/agrobot-next-build-ybgPHn/install/epos2_bridge_interfaces/include/epos2_bridge_interfaces/epos2_bridge_interfaces/srv/detail
-- Installing: /tmp/agrobot-next-build-ybgPHn/install/epos2_bridge_interfaces/include/epos2_bridge_interfaces/epos2_bridge_interfaces/srv/detail/move_absolute_timed__rosidl_typesupport_introspection_c.h
-- Installing: /tmp/agrobot-next-build-ybgPHn/install/epos2_bridge_interfaces/include/epos2_bridge_interfaces/epos2_bridge_interfaces/srv/detail/move_absolute__rosidl_typesupport_introspection_c.h
-- Installing: /tmp/agrobot-next-build-ybgPHn/install/epos2_bridge_interfaces/include/epos2_bridge_interfaces/epos2_bridge_interfaces/srv/detail/move_absolute_timed__type_support.c
-- Installing: /tmp/agrobot-next-build-ybgPHn/install/epos2_bridge_interfaces/include/epos2_bridge_interfaces/epos2_bridge_interfaces/srv/detail/move_delta__type_support.c
-- Installing: /tmp/agrobot-next-build-ybgPHn/install/epos2_bridge_interfaces/include/epos2_bridge_interfaces/epos2_bridge_interfaces/srv/detail/move_delta__rosidl_typesupport_introspection_c.h
-- Installing: /tmp/agrobot-next-build-ybgPHn/install/epos2_bridge_interfaces/include/epos2_bridge_interfaces/epos2_bridge_interfaces/srv/detail/move_absolute__type_support.c
-- Up-to-date: /tmp/agrobot-next-build-ybgPHn/install/epos2_bridge_interfaces/include/epos2_bridge_interfaces/epos2_bridge_interfaces/msg
-- Installing: /tmp/agrobot-next-build-ybgPHn/install/epos2_bridge_interfaces/include/epos2_bridge_interfaces/epos2_bridge_interfaces/msg/rosidl_typesupport_introspection_c__visibility_control.h
-- Installing: /tmp/agrobot-next-build-ybgPHn/install/epos2_bridge_interfaces/lib/libepos2_bridge_interfaces__rosidl_typesupport_introspection_c.so
-- Set non-toolchain portion of runtime path of "/tmp/agrobot-next-build-ybgPHn/install/epos2_bridge_interfaces/lib/libepos2_bridge_interfaces__rosidl_typesupport_introspection_c.so" to ""
-- Installing: /tmp/agrobot-next-build-ybgPHn/install/epos2_bridge_interfaces/lib/libepos2_bridge_interfaces__rosidl_typesupport_c.so
-- Set non-toolchain portion of runtime path of "/tmp/agrobot-next-build-ybgPHn/install/epos2_bridge_interfaces/lib/libepos2_bridge_interfaces__rosidl_typesupport_c.so" to ""
-- Up-to-date: /tmp/agrobot-next-build-ybgPHn/install/epos2_bridge_interfaces/include/epos2_bridge_interfaces/epos2_bridge_interfaces
-- Up-to-date: /tmp/agrobot-next-build-ybgPHn/install/epos2_bridge_interfaces/include/epos2_bridge_interfaces/epos2_bridge_interfaces/srv
-- Installing: /tmp/agrobot-next-build-ybgPHn/install/epos2_bridge_interfaces/include/epos2_bridge_interfaces/epos2_bridge_interfaces/srv/move_absolute.hpp
-- Installing: /tmp/agrobot-next-build-ybgPHn/install/epos2_bridge_interfaces/include/epos2_bridge_interfaces/epos2_bridge_interfaces/srv/move_delta.hpp
-- Up-to-date: /tmp/agrobot-next-build-ybgPHn/install/epos2_bridge_interfaces/include/epos2_bridge_interfaces/epos2_bridge_interfaces/srv/detail
-- Installing: /tmp/agrobot-next-build-ybgPHn/install/epos2_bridge_interfaces/include/epos2_bridge_interfaces/epos2_bridge_interfaces/srv/detail/move_delta__builder.hpp
-- Installing: /tmp/agrobot-next-build-ybgPHn/install/epos2_bridge_interfaces/include/epos2_bridge_interfaces/epos2_bridge_interfaces/srv/detail/move_delta__struct.hpp
-- Installing: /tmp/agrobot-next-build-ybgPHn/install/epos2_bridge_interfaces/include/epos2_bridge_interfaces/epos2_bridge_interfaces/srv/detail/move_absolute__struct.hpp
-- Installing: /tmp/agrobot-next-build-ybgPHn/install/epos2_bridge_interfaces/include/epos2_bridge_interfaces/epos2_bridge_interfaces/srv/detail/move_delta__type_support.hpp
-- Installing: /tmp/agrobot-next-build-ybgPHn/install/epos2_bridge_interfaces/include/epos2_bridge_interfaces/epos2_bridge_interfaces/srv/detail/move_absolute__type_support.hpp
-- Installing: /tmp/agrobot-next-build-ybgPHn/install/epos2_bridge_interfaces/include/epos2_bridge_interfaces/epos2_bridge_interfaces/srv/detail/move_absolute__builder.hpp
-- Installing: /tmp/agrobot-next-build-ybgPHn/install/epos2_bridge_interfaces/include/epos2_bridge_interfaces/epos2_bridge_interfaces/srv/detail/move_absolute_timed__struct.hpp
-- Installing: /tmp/agrobot-next-build-ybgPHn/install/epos2_bridge_interfaces/include/epos2_bridge_interfaces/epos2_bridge_interfaces/srv/detail/move_absolute_timed__builder.hpp
-- Installing: /tmp/agrobot-next-build-ybgPHn/install/epos2_bridge_interfaces/include/epos2_bridge_interfaces/epos2_bridge_interfaces/srv/detail/move_absolute__traits.hpp
-- Installing: /tmp/agrobot-next-build-ybgPHn/install/epos2_bridge_interfaces/include/epos2_bridge_interfaces/epos2_bridge_interfaces/srv/detail/move_absolute_timed__type_support.hpp
-- Installing: /tmp/agrobot-next-build-ybgPHn/install/epos2_bridge_interfaces/include/epos2_bridge_interfaces/epos2_bridge_interfaces/srv/detail/move_absolute_timed__traits.hpp
-- Installing: /tmp/agrobot-next-build-ybgPHn/install/epos2_bridge_interfaces/include/epos2_bridge_interfaces/epos2_bridge_interfaces/srv/detail/move_delta__traits.hpp
-- Installing: /tmp/agrobot-next-build-ybgPHn/install/epos2_bridge_interfaces/include/epos2_bridge_interfaces/epos2_bridge_interfaces/srv/move_absolute_timed.hpp
-- Up-to-date: /tmp/agrobot-next-build-ybgPHn/install/epos2_bridge_interfaces/include/epos2_bridge_interfaces/epos2_bridge_interfaces/msg
-- Installing: /tmp/agrobot-next-build-ybgPHn/install/epos2_bridge_interfaces/include/epos2_bridge_interfaces/epos2_bridge_interfaces/msg/rosidl_generator_cpp__visibility_control.hpp
-- Up-to-date: /tmp/agrobot-next-build-ybgPHn/install/epos2_bridge_interfaces/include/epos2_bridge_interfaces/epos2_bridge_interfaces
-- Up-to-date: /tmp/agrobot-next-build-ybgPHn/install/epos2_bridge_interfaces/include/epos2_bridge_interfaces/epos2_bridge_interfaces/srv
-- Up-to-date: /tmp/agrobot-next-build-ybgPHn/install/epos2_bridge_interfaces/include/epos2_bridge_interfaces/epos2_bridge_interfaces/srv/detail
-- Installing: /tmp/agrobot-next-build-ybgPHn/install/epos2_bridge_interfaces/include/epos2_bridge_interfaces/epos2_bridge_interfaces/srv/detail/move_absolute_timed__rosidl_typesupport_fastrtps_cpp.hpp
-- Installing: /tmp/agrobot-next-build-ybgPHn/install/epos2_bridge_interfaces/include/epos2_bridge_interfaces/epos2_bridge_interfaces/srv/detail/dds_fastrtps
-- Installing: /tmp/agrobot-next-build-ybgPHn/install/epos2_bridge_interfaces/include/epos2_bridge_interfaces/epos2_bridge_interfaces/srv/detail/move_absolute__rosidl_typesupport_fastrtps_cpp.hpp
-- Installing: /tmp/agrobot-next-build-ybgPHn/install/epos2_bridge_interfaces/include/epos2_bridge_interfaces/epos2_bridge_interfaces/srv/detail/move_delta__rosidl_typesupport_fastrtps_cpp.hpp
-- Up-to-date: /tmp/agrobot-next-build-ybgPHn/install/epos2_bridge_interfaces/include/epos2_bridge_interfaces/epos2_bridge_interfaces/msg
-- Installing: /tmp/agrobot-next-build-ybgPHn/install/epos2_bridge_interfaces/include/epos2_bridge_interfaces/epos2_bridge_interfaces/msg/rosidl_typesupport_fastrtps_cpp__visibility_control.h
-- Installing: /tmp/agrobot-next-build-ybgPHn/install/epos2_bridge_interfaces/lib/libepos2_bridge_interfaces__rosidl_typesupport_fastrtps_cpp.so
-- Set non-toolchain portion of runtime path of "/tmp/agrobot-next-build-ybgPHn/install/epos2_bridge_interfaces/lib/libepos2_bridge_interfaces__rosidl_typesupport_fastrtps_cpp.so" to ""
-- Up-to-date: /tmp/agrobot-next-build-ybgPHn/install/epos2_bridge_interfaces/include/epos2_bridge_interfaces/epos2_bridge_interfaces
-- Up-to-date: /tmp/agrobot-next-build-ybgPHn/install/epos2_bridge_interfaces/include/epos2_bridge_interfaces/epos2_bridge_interfaces/srv
-- Up-to-date: /tmp/agrobot-next-build-ybgPHn/install/epos2_bridge_interfaces/include/epos2_bridge_interfaces/epos2_bridge_interfaces/srv/detail
-- Installing: /tmp/agrobot-next-build-ybgPHn/install/epos2_bridge_interfaces/include/epos2_bridge_interfaces/epos2_bridge_interfaces/srv/detail/move_delta__rosidl_typesupport_introspection_cpp.hpp
-- Installing: /tmp/agrobot-next-build-ybgPHn/install/epos2_bridge_interfaces/include/epos2_bridge_interfaces/epos2_bridge_interfaces/srv/detail/move_absolute__rosidl_typesupport_introspection_cpp.hpp
-- Installing: /tmp/agrobot-next-build-ybgPHn/install/epos2_bridge_interfaces/include/epos2_bridge_interfaces/epos2_bridge_interfaces/srv/detail/move_absolute_timed__rosidl_typesupport_introspection_cpp.hpp
-- Installing: /tmp/agrobot-next-build-ybgPHn/install/epos2_bridge_interfaces/include/epos2_bridge_interfaces/epos2_bridge_interfaces/srv/detail/move_delta__type_support.cpp
-- Installing: /tmp/agrobot-next-build-ybgPHn/install/epos2_bridge_interfaces/include/epos2_bridge_interfaces/epos2_bridge_interfaces/srv/detail/move_absolute_timed__type_support.cpp
-- Installing: /tmp/agrobot-next-build-ybgPHn/install/epos2_bridge_interfaces/include/epos2_bridge_interfaces/epos2_bridge_interfaces/srv/detail/move_absolute__type_support.cpp
-- Installing: /tmp/agrobot-next-build-ybgPHn/install/epos2_bridge_interfaces/lib/libepos2_bridge_interfaces__rosidl_typesupport_introspection_cpp.so
-- Set non-toolchain portion of runtime path of "/tmp/agrobot-next-build-ybgPHn/install/epos2_bridge_interfaces/lib/libepos2_bridge_interfaces__rosidl_typesupport_introspection_cpp.so" to ""
-- Installing: /tmp/agrobot-next-build-ybgPHn/install/epos2_bridge_interfaces/lib/libepos2_bridge_interfaces__rosidl_typesupport_cpp.so
-- Set non-toolchain portion of runtime path of "/tmp/agrobot-next-build-ybgPHn/install/epos2_bridge_interfaces/lib/libepos2_bridge_interfaces__rosidl_typesupport_cpp.so" to ""
-- Installing: /tmp/agrobot-next-build-ybgPHn/install/epos2_bridge_interfaces/share/epos2_bridge_interfaces/environment/pythonpath.sh
-- Installing: /tmp/agrobot-next-build-ybgPHn/install/epos2_bridge_interfaces/share/epos2_bridge_interfaces/environment/pythonpath.dsv
-- Installing: /tmp/agrobot-next-build-ybgPHn/install/epos2_bridge_interfaces/lib/python3.12/site-packages/epos2_bridge_interfaces-0.0.1-py3.12.egg-info
-- Installing: /tmp/agrobot-next-build-ybgPHn/install/epos2_bridge_interfaces/lib/python3.12/site-packages/epos2_bridge_interfaces-0.0.1-py3.12.egg-info/PKG-INFO
-- Installing: /tmp/agrobot-next-build-ybgPHn/install/epos2_bridge_interfaces/lib/python3.12/site-packages/epos2_bridge_interfaces-0.0.1-py3.12.egg-info/dependency_links.txt
-- Installing: /tmp/agrobot-next-build-ybgPHn/install/epos2_bridge_interfaces/lib/python3.12/site-packages/epos2_bridge_interfaces-0.0.1-py3.12.egg-info/top_level.txt
-- Installing: /tmp/agrobot-next-build-ybgPHn/install/epos2_bridge_interfaces/lib/python3.12/site-packages/epos2_bridge_interfaces-0.0.1-py3.12.egg-info/SOURCES.txt
-- Installing: /tmp/agrobot-next-build-ybgPHn/install/epos2_bridge_interfaces/lib/python3.12/site-packages/epos2_bridge_interfaces
-- Installing: /tmp/agrobot-next-build-ybgPHn/install/epos2_bridge_interfaces/lib/python3.12/site-packages/epos2_bridge_interfaces/epos2_bridge_interfaces_s__rosidl_typesupport_introspection_c.so
-- Installing: /tmp/agrobot-next-build-ybgPHn/install/epos2_bridge_interfaces/lib/python3.12/site-packages/epos2_bridge_interfaces/_epos2_bridge_interfaces_s.ep.rosidl_typesupport_fastrtps_c.c
-- Installing: /tmp/agrobot-next-build-ybgPHn/install/epos2_bridge_interfaces/lib/python3.12/site-packages/epos2_bridge_interfaces/_epos2_bridge_interfaces_s.ep.rosidl_typesupport_c.c
-- Installing: /tmp/agrobot-next-build-ybgPHn/install/epos2_bridge_interfaces/lib/python3.12/site-packages/epos2_bridge_interfaces/srv
-- Installing: /tmp/agrobot-next-build-ybgPHn/install/epos2_bridge_interfaces/lib/python3.12/site-packages/epos2_bridge_interfaces/srv/_move_delta.py
-- Installing: /tmp/agrobot-next-build-ybgPHn/install/epos2_bridge_interfaces/lib/python3.12/site-packages/epos2_bridge_interfaces/srv/_move_absolute_timed_s.c
-- Installing: /tmp/agrobot-next-build-ybgPHn/install/epos2_bridge_interfaces/lib/python3.12/site-packages/epos2_bridge_interfaces/srv/_move_absolute_timed.py
-- Installing: /tmp/agrobot-next-build-ybgPHn/install/epos2_bridge_interfaces/lib/python3.12/site-packages/epos2_bridge_interfaces/srv/_move_absolute_s.c
-- Installing: /tmp/agrobot-next-build-ybgPHn/install/epos2_bridge_interfaces/lib/python3.12/site-packages/epos2_bridge_interfaces/srv/__init__.py
-- Installing: /tmp/agrobot-next-build-ybgPHn/install/epos2_bridge_interfaces/lib/python3.12/site-packages/epos2_bridge_interfaces/srv/_move_delta_s.c
-- Installing: /tmp/agrobot-next-build-ybgPHn/install/epos2_bridge_interfaces/lib/python3.12/site-packages/epos2_bridge_interfaces/srv/_move_absolute.py
-- Installing: /tmp/agrobot-next-build-ybgPHn/install/epos2_bridge_interfaces/lib/python3.12/site-packages/epos2_bridge_interfaces/__init__.py
-- Installing: /tmp/agrobot-next-build-ybgPHn/install/epos2_bridge_interfaces/lib/python3.12/site-packages/epos2_bridge_interfaces/epos2_bridge_interfaces_s__rosidl_typesupport_c.so
-- Installing: /tmp/agrobot-next-build-ybgPHn/install/epos2_bridge_interfaces/lib/python3.12/site-packages/epos2_bridge_interfaces/epos2_bridge_interfaces_s__rosidl_typesupport_fastrtps_c.so
-- Installing: /tmp/agrobot-next-build-ybgPHn/install/epos2_bridge_interfaces/lib/python3.12/site-packages/epos2_bridge_interfaces/_epos2_bridge_interfaces_s.ep.rosidl_typesupport_introspection_c.c
Listing '/tmp/agrobot-next-build-ybgPHn/install/epos2_bridge_interfaces/lib/python3.12/site-packages/epos2_bridge_interfaces'...
Compiling '/tmp/agrobot-next-build-ybgPHn/install/epos2_bridge_interfaces/lib/python3.12/site-packages/epos2_bridge_interfaces/__init__.py'...
Listing '/tmp/agrobot-next-build-ybgPHn/install/epos2_bridge_interfaces/lib/python3.12/site-packages/epos2_bridge_interfaces/srv'...
Compiling '/tmp/agrobot-next-build-ybgPHn/install/epos2_bridge_interfaces/lib/python3.12/site-packages/epos2_bridge_interfaces/srv/__init__.py'...
Compiling '/tmp/agrobot-next-build-ybgPHn/install/epos2_bridge_interfaces/lib/python3.12/site-packages/epos2_bridge_interfaces/srv/_move_absolute.py'...
Compiling '/tmp/agrobot-next-build-ybgPHn/install/epos2_bridge_interfaces/lib/python3.12/site-packages/epos2_bridge_interfaces/srv/_move_absolute_timed.py'...
Compiling '/tmp/agrobot-next-build-ybgPHn/install/epos2_bridge_interfaces/lib/python3.12/site-packages/epos2_bridge_interfaces/srv/_move_delta.py'...
-- Installing: /tmp/agrobot-next-build-ybgPHn/install/epos2_bridge_interfaces/lib/python3.12/site-packages/epos2_bridge_interfaces/epos2_bridge_interfaces_s__rosidl_typesupport_fastrtps_c.so
-- Set non-toolchain portion of runtime path of "/tmp/agrobot-next-build-ybgPHn/install/epos2_bridge_interfaces/lib/python3.12/site-packages/epos2_bridge_interfaces/epos2_bridge_interfaces_s__rosidl_typesupport_fastrtps_c.so" to ""
-- Installing: /tmp/agrobot-next-build-ybgPHn/install/epos2_bridge_interfaces/lib/python3.12/site-packages/epos2_bridge_interfaces/epos2_bridge_interfaces_s__rosidl_typesupport_introspection_c.so
-- Set non-toolchain portion of runtime path of "/tmp/agrobot-next-build-ybgPHn/install/epos2_bridge_interfaces/lib/python3.12/site-packages/epos2_bridge_interfaces/epos2_bridge_interfaces_s__rosidl_typesupport_introspection_c.so" to ""
-- Installing: /tmp/agrobot-next-build-ybgPHn/install/epos2_bridge_interfaces/lib/python3.12/site-packages/epos2_bridge_interfaces/epos2_bridge_interfaces_s__rosidl_typesupport_c.so
-- Set non-toolchain portion of runtime path of "/tmp/agrobot-next-build-ybgPHn/install/epos2_bridge_interfaces/lib/python3.12/site-packages/epos2_bridge_interfaces/epos2_bridge_interfaces_s__rosidl_typesupport_c.so" to ""
-- Installing: /tmp/agrobot-next-build-ybgPHn/install/epos2_bridge_interfaces/lib/libepos2_bridge_interfaces__rosidl_generator_py.so
-- Set non-toolchain portion of runtime path of "/tmp/agrobot-next-build-ybgPHn/install/epos2_bridge_interfaces/lib/libepos2_bridge_interfaces__rosidl_generator_py.so" to ""
-- Installing: /tmp/agrobot-next-build-ybgPHn/install/epos2_bridge_interfaces/share/epos2_bridge_interfaces/rust
-- Installing: /tmp/agrobot-next-build-ybgPHn/install/epos2_bridge_interfaces/share/epos2_bridge_interfaces/rust/build.rs
-- Installing: /tmp/agrobot-next-build-ybgPHn/install/epos2_bridge_interfaces/share/epos2_bridge_interfaces/rust/Cargo.toml
-- Installing: /tmp/agrobot-next-build-ybgPHn/install/epos2_bridge_interfaces/share/epos2_bridge_interfaces/rust/src
-- Installing: /tmp/agrobot-next-build-ybgPHn/install/epos2_bridge_interfaces/share/epos2_bridge_interfaces/rust/src/srv.rs
-- Installing: /tmp/agrobot-next-build-ybgPHn/install/epos2_bridge_interfaces/share/epos2_bridge_interfaces/rust/src/srv
-- Installing: /tmp/agrobot-next-build-ybgPHn/install/epos2_bridge_interfaces/share/epos2_bridge_interfaces/rust/src/srv/rmw.rs
-- Installing: /tmp/agrobot-next-build-ybgPHn/install/epos2_bridge_interfaces/share/epos2_bridge_interfaces/rust/src/lib.rs
-- Installing: /tmp/agrobot-next-build-ybgPHn/install/epos2_bridge_interfaces/share/epos2_bridge_interfaces/srv/MoveDelta.idl
-- Installing: /tmp/agrobot-next-build-ybgPHn/install/epos2_bridge_interfaces/share/epos2_bridge_interfaces/srv/MoveAbsolute.idl
-- Installing: /tmp/agrobot-next-build-ybgPHn/install/epos2_bridge_interfaces/share/epos2_bridge_interfaces/srv/MoveAbsoluteTimed.idl
-- Installing: /tmp/agrobot-next-build-ybgPHn/install/epos2_bridge_interfaces/share/epos2_bridge_interfaces/srv/MoveDelta.srv
-- Installing: /tmp/agrobot-next-build-ybgPHn/install/epos2_bridge_interfaces/share/epos2_bridge_interfaces/srv/MoveAbsolute.srv
-- Installing: /tmp/agrobot-next-build-ybgPHn/install/epos2_bridge_interfaces/share/epos2_bridge_interfaces/srv/MoveAbsoluteTimed.srv
-- Installing: /tmp/agrobot-next-build-ybgPHn/install/epos2_bridge_interfaces/share/ament_index/resource_index/package_run_dependencies/epos2_bridge_interfaces
-- Installing: /tmp/agrobot-next-build-ybgPHn/install/epos2_bridge_interfaces/share/ament_index/resource_index/parent_prefix_path/epos2_bridge_interfaces
-- Installing: /tmp/agrobot-next-build-ybgPHn/install/epos2_bridge_interfaces/share/epos2_bridge_interfaces/environment/ament_prefix_path.sh
-- Installing: /tmp/agrobot-next-build-ybgPHn/install/epos2_bridge_interfaces/share/epos2_bridge_interfaces/environment/ament_prefix_path.dsv
-- Installing: /tmp/agrobot-next-build-ybgPHn/install/epos2_bridge_interfaces/share/epos2_bridge_interfaces/environment/path.sh
-- Installing: /tmp/agrobot-next-build-ybgPHn/install/epos2_bridge_interfaces/share/epos2_bridge_interfaces/environment/path.dsv
-- Installing: /tmp/agrobot-next-build-ybgPHn/install/epos2_bridge_interfaces/share/epos2_bridge_interfaces/local_setup.bash
-- Installing: /tmp/agrobot-next-build-ybgPHn/install/epos2_bridge_interfaces/share/epos2_bridge_interfaces/local_setup.sh
-- Installing: /tmp/agrobot-next-build-ybgPHn/install/epos2_bridge_interfaces/share/epos2_bridge_interfaces/local_setup.zsh
-- Installing: /tmp/agrobot-next-build-ybgPHn/install/epos2_bridge_interfaces/share/epos2_bridge_interfaces/local_setup.dsv
-- Installing: /tmp/agrobot-next-build-ybgPHn/install/epos2_bridge_interfaces/share/epos2_bridge_interfaces/package.dsv
-- Installing: /tmp/agrobot-next-build-ybgPHn/install/epos2_bridge_interfaces/share/ament_index/resource_index/packages/epos2_bridge_interfaces
-- Installing: /tmp/agrobot-next-build-ybgPHn/install/epos2_bridge_interfaces/share/epos2_bridge_interfaces/cmake/export_epos2_bridge_interfaces__rosidl_generator_cExport.cmake
-- Installing: /tmp/agrobot-next-build-ybgPHn/install/epos2_bridge_interfaces/share/epos2_bridge_interfaces/cmake/export_epos2_bridge_interfaces__rosidl_generator_cExport-noconfig.cmake
-- Installing: /tmp/agrobot-next-build-ybgPHn/install/epos2_bridge_interfaces/share/epos2_bridge_interfaces/cmake/export_epos2_bridge_interfaces__rosidl_typesupport_fastrtps_cExport.cmake
-- Installing: /tmp/agrobot-next-build-ybgPHn/install/epos2_bridge_interfaces/share/epos2_bridge_interfaces/cmake/export_epos2_bridge_interfaces__rosidl_typesupport_fastrtps_cExport-noconfig.cmake
-- Installing: /tmp/agrobot-next-build-ybgPHn/install/epos2_bridge_interfaces/share/epos2_bridge_interfaces/cmake/epos2_bridge_interfaces__rosidl_typesupport_introspection_cExport.cmake
-- Installing: /tmp/agrobot-next-build-ybgPHn/install/epos2_bridge_interfaces/share/epos2_bridge_interfaces/cmake/epos2_bridge_interfaces__rosidl_typesupport_introspection_cExport-noconfig.cmake
-- Installing: /tmp/agrobot-next-build-ybgPHn/install/epos2_bridge_interfaces/share/epos2_bridge_interfaces/cmake/epos2_bridge_interfaces__rosidl_typesupport_cExport.cmake
-- Installing: /tmp/agrobot-next-build-ybgPHn/install/epos2_bridge_interfaces/share/epos2_bridge_interfaces/cmake/epos2_bridge_interfaces__rosidl_typesupport_cExport-noconfig.cmake
-- Installing: /tmp/agrobot-next-build-ybgPHn/install/epos2_bridge_interfaces/share/epos2_bridge_interfaces/cmake/export_epos2_bridge_interfaces__rosidl_generator_cppExport.cmake
-- Installing: /tmp/agrobot-next-build-ybgPHn/install/epos2_bridge_interfaces/share/epos2_bridge_interfaces/cmake/export_epos2_bridge_interfaces__rosidl_typesupport_fastrtps_cppExport.cmake
-- Installing: /tmp/agrobot-next-build-ybgPHn/install/epos2_bridge_interfaces/share/epos2_bridge_interfaces/cmake/export_epos2_bridge_interfaces__rosidl_typesupport_fastrtps_cppExport-noconfig.cmake
-- Installing: /tmp/agrobot-next-build-ybgPHn/install/epos2_bridge_interfaces/share/epos2_bridge_interfaces/cmake/epos2_bridge_interfaces__rosidl_typesupport_introspection_cppExport.cmake
-- Installing: /tmp/agrobot-next-build-ybgPHn/install/epos2_bridge_interfaces/share/epos2_bridge_interfaces/cmake/epos2_bridge_interfaces__rosidl_typesupport_introspection_cppExport-noconfig.cmake
-- Installing: /tmp/agrobot-next-build-ybgPHn/install/epos2_bridge_interfaces/share/epos2_bridge_interfaces/cmake/epos2_bridge_interfaces__rosidl_typesupport_cppExport.cmake
-- Installing: /tmp/agrobot-next-build-ybgPHn/install/epos2_bridge_interfaces/share/epos2_bridge_interfaces/cmake/epos2_bridge_interfaces__rosidl_typesupport_cppExport-noconfig.cmake
-- Installing: /tmp/agrobot-next-build-ybgPHn/install/epos2_bridge_interfaces/share/epos2_bridge_interfaces/cmake/export_epos2_bridge_interfaces__rosidl_generator_pyExport.cmake
-- Installing: /tmp/agrobot-next-build-ybgPHn/install/epos2_bridge_interfaces/share/epos2_bridge_interfaces/cmake/export_epos2_bridge_interfaces__rosidl_generator_pyExport-noconfig.cmake
-- Installing: /tmp/agrobot-next-build-ybgPHn/install/epos2_bridge_interfaces/share/epos2_bridge_interfaces/cmake/rosidl_cmake-extras.cmake
-- Installing: /tmp/agrobot-next-build-ybgPHn/install/epos2_bridge_interfaces/share/epos2_bridge_interfaces/cmake/ament_cmake_export_dependencies-extras.cmake
-- Installing: /tmp/agrobot-next-build-ybgPHn/install/epos2_bridge_interfaces/share/epos2_bridge_interfaces/cmake/ament_cmake_export_include_directories-extras.cmake
-- Installing: /tmp/agrobot-next-build-ybgPHn/install/epos2_bridge_interfaces/share/epos2_bridge_interfaces/cmake/ament_cmake_export_libraries-extras.cmake
-- Installing: /tmp/agrobot-next-build-ybgPHn/install/epos2_bridge_interfaces/share/epos2_bridge_interfaces/cmake/ament_cmake_export_targets-extras.cmake
-- Installing: /tmp/agrobot-next-build-ybgPHn/install/epos2_bridge_interfaces/share/epos2_bridge_interfaces/cmake/rosidl_cmake_export_typesupport_targets-extras.cmake
-- Installing: /tmp/agrobot-next-build-ybgPHn/install/epos2_bridge_interfaces/share/epos2_bridge_interfaces/cmake/rosidl_cmake_export_typesupport_libraries-extras.cmake
-- Installing: /tmp/agrobot-next-build-ybgPHn/install/epos2_bridge_interfaces/share/epos2_bridge_interfaces/cmake/rosidl_cmake_aggregate_target-extras.cmake
-- Installing: /tmp/agrobot-next-build-ybgPHn/install/epos2_bridge_interfaces/share/epos2_bridge_interfaces/cmake/epos2_bridge_interfacesConfig.cmake
-- Installing: /tmp/agrobot-next-build-ybgPHn/install/epos2_bridge_interfaces/share/epos2_bridge_interfaces/cmake/epos2_bridge_interfacesConfig-version.cmake
-- Installing: /tmp/agrobot-next-build-ybgPHn/install/epos2_bridge_interfaces/share/epos2_bridge_interfaces/package.xml
