[0.009s] Invoking command in '/tmp/agrobot-next-build-ybgPHn/build/epos2_bridge_interfaces': CMAKE_PREFIX_PATH=${CMAKE_PREFIX_PATH}:/opt/ros/jazzy /usr/bin/cmake /home/gsylvia/agrobot-reverse-engineering/Agrobot/src/epos2_bridge_interfaces -DCMAKE_INSTALL_PREFIX=/tmp/agrobot-next-build-ybgPHn/install/epos2_bridge_interfaces
[0.107s] -- The C compiler identification is GNU 13.3.0
[0.694s] -- The CXX compiler identification is GNU 13.3.0
[1.225s] -- Detecting C compiler ABI info
[1.401s] -- Detecting C compiler ABI info - done
[1.405s] -- Check for working C compiler: /usr/bin/cc - skipped
[1.405s] -- Detecting C compile features
[1.406s] -- Detecting C compile features - done
[1.467s] -- Detecting CXX compiler ABI info
[1.648s] -- Detecting CXX compiler ABI info - done
[1.653s] -- Check for working CXX compiler: /usr/bin/c++ - skipped
[1.653s] -- Detecting CXX compile features
[1.654s] -- Detecting CXX compile features - done
[1.655s] -- Found ament_cmake: 2.5.6 (/opt/ros/jazzy/share/ament_cmake/cmake)
[1.756s] -- Found Python3: /usr/bin/python3 (found version "3.12.3") found components: Interpreter 
[1.831s] -- Found rosidl_default_generators: 1.6.1 (/opt/ros/jazzy/share/rosidl_default_generators/cmake)
[1.836s] -- Using all available rosidl_typesupport_c: rosidl_typesupport_fastrtps_c;rosidl_typesupport_introspection_c
[2.030s] -- Using all available rosidl_typesupport_cpp: rosidl_typesupport_fastrtps_cpp;rosidl_typesupport_introspection_cpp
[2.065s] -- Found rosidl_adapter: 4.6.9 (/opt/ros/jazzy/share/rosidl_adapter/cmake)
[2.491s] -- Found ament_cmake_ros: 0.12.1 (/opt/ros/jazzy/share/ament_cmake_ros/cmake)
[2.778s] -- Using all available rosidl_typesupport_c: rosidl_typesupport_fastrtps_c;rosidl_typesupport_introspection_c
[3.146s] -- Using all available rosidl_typesupport_cpp: rosidl_typesupport_fastrtps_cpp;rosidl_typesupport_introspection_cpp
[3.148s] -- Found python_cmake_module: 0.11.1 (/opt/ros/jazzy/share/python_cmake_module/cmake)
[3.241s] -- Found PythonExtra: /usr/bin/python3  
[3.535s] -- Found Python3: /usr/bin/python3 (found version "3.12.3") found components: Interpreter Development NumPy Development.Module Development.Embed 
[3.580s] -- Found Python3: /usr/bin/python3 (found version "3.12.3") found components: Interpreter 
[3.585s] -- Configuring done (3.6s)
[3.619s] -- Generating done (0.0s)
[3.627s] -- Build files have been written to: /tmp/agrobot-next-build-ybgPHn/build/epos2_bridge_interfaces
[3.637s] Invoked command in '/tmp/agrobot-next-build-ybgPHn/build/epos2_bridge_interfaces' returned '0': CMAKE_PREFIX_PATH=${CMAKE_PREFIX_PATH}:/opt/ros/jazzy /usr/bin/cmake /home/gsylvia/agrobot-reverse-engineering/Agrobot/src/epos2_bridge_interfaces -DCMAKE_INSTALL_PREFIX=/tmp/agrobot-next-build-ybgPHn/install/epos2_bridge_interfaces
[3.638s] Invoking command in '/tmp/agrobot-next-build-ybgPHn/build/epos2_bridge_interfaces': CMAKE_PREFIX_PATH=${CMAKE_PREFIX_PATH}:/opt/ros/jazzy /usr/bin/cmake --build /tmp/agrobot-next-build-ybgPHn/build/epos2_bridge_interfaces -- -j16 -l16
[3.680s] [  3%] Generating Rust code for ROS interfaces
[3.680s] [  3%] Generating type hashes for ROS interfaces
[3.688s] [  3%] Built target ament_cmake_python_copy_epos2_bridge_interfaces
[3.831s] [  3%] Built target epos2_bridge_interfaces__rosidl_generator_type_description
[3.840s] [  5%] Generating C code for ROS interfaces
[3.843s] [  5%] Built target epos2_bridge_interfaces__rs
[3.849s] [  7%] Generating C++ code for ROS interfaces
[3.851s] running egg_info
[3.852s] creating epos2_bridge_interfaces.egg-info
[3.866s] writing epos2_bridge_interfaces.egg-info/PKG-INFO
[3.866s] writing dependency_links to epos2_bridge_interfaces.egg-info/dependency_links.txt
[3.866s] writing top-level names to epos2_bridge_interfaces.egg-info/top_level.txt
[3.866s] writing manifest file 'epos2_bridge_interfaces.egg-info/SOURCES.txt'
[3.901s] reading manifest file 'epos2_bridge_interfaces.egg-info/SOURCES.txt'
[3.902s] writing manifest file 'epos2_bridge_interfaces.egg-info/SOURCES.txt'
[3.937s] [  7%] Built target ament_cmake_python_build_epos2_bridge_interfaces_egg
[4.114s] [  7%] Built target epos2_bridge_interfaces__cpp
[4.150s] [ 10%] Building C object CMakeFiles/epos2_bridge_interfaces__rosidl_generator_c.dir/rosidl_generator_c/epos2_bridge_interfaces/srv/detail/move_absolute__description.c.o
[4.150s] [ 10%] Building C object CMakeFiles/epos2_bridge_interfaces__rosidl_generator_c.dir/rosidl_generator_c/epos2_bridge_interfaces/srv/detail/move_delta__description.c.o
[4.150s] [ 12%] Building C object CMakeFiles/epos2_bridge_interfaces__rosidl_generator_c.dir/rosidl_generator_c/epos2_bridge_interfaces/srv/detail/move_delta__functions.c.o
[4.152s] [ 14%] Building C object CMakeFiles/epos2_bridge_interfaces__rosidl_generator_c.dir/rosidl_generator_c/epos2_bridge_interfaces/srv/detail/move_delta__type_support.c.o
[4.152s] [ 16%] Building C object CMakeFiles/epos2_bridge_interfaces__rosidl_generator_c.dir/rosidl_generator_c/epos2_bridge_interfaces/srv/detail/move_absolute__functions.c.o
[4.157s] [ 18%] Building C object CMakeFiles/epos2_bridge_interfaces__rosidl_generator_c.dir/rosidl_generator_c/epos2_bridge_interfaces/srv/detail/move_absolute_timed__functions.c.o
[4.158s] [ 20%] Building C object CMakeFiles/epos2_bridge_interfaces__rosidl_generator_c.dir/rosidl_generator_c/epos2_bridge_interfaces/srv/detail/move_absolute__type_support.c.o
[4.160s] [ 23%] Building C object CMakeFiles/epos2_bridge_interfaces__rosidl_generator_c.dir/rosidl_generator_c/epos2_bridge_interfaces/srv/detail/move_absolute_timed__type_support.c.o
[4.161s] [ 23%] Building C object CMakeFiles/epos2_bridge_interfaces__rosidl_generator_c.dir/rosidl_generator_c/epos2_bridge_interfaces/srv/detail/move_absolute_timed__description.c.o
[4.214s] [ 25%] Linking C shared library libepos2_bridge_interfaces__rosidl_generator_c.so
[4.326s] [ 25%] Built target epos2_bridge_interfaces__rosidl_generator_c
[4.334s] [ 32%] Generating C type support for eProsima Fast-RTPS
[4.334s] [ 32%] Generating C type support dispatch for ROS interfaces
[4.334s] [ 32%] Generating C++ type support for eProsima Fast-RTPS
[4.335s] [ 32%] Generating C introspection for ROS interfaces
[4.335s] [ 34%] Generating C++ introspection for ROS interfaces
[4.336s] [ 36%] Generating C++ type support dispatch for ROS interfaces
[4.524s] [ 38%] Building CXX object CMakeFiles/epos2_bridge_interfaces__rosidl_typesupport_cpp.dir/rosidl_typesupport_cpp/epos2_bridge_interfaces/srv/move_delta__type_support.cpp.o
[4.525s] [ 41%] Building CXX object CMakeFiles/epos2_bridge_interfaces__rosidl_typesupport_c.dir/rosidl_typesupport_c/epos2_bridge_interfaces/srv/move_delta__type_support.cpp.o
[4.525s] [ 45%] Building CXX object CMakeFiles/epos2_bridge_interfaces__rosidl_typesupport_cpp.dir/rosidl_typesupport_cpp/epos2_bridge_interfaces/srv/move_absolute_timed__type_support.cpp.o
[4.525s] [ 45%] Building CXX object CMakeFiles/epos2_bridge_interfaces__rosidl_typesupport_c.dir/rosidl_typesupport_c/epos2_bridge_interfaces/srv/move_absolute_timed__type_support.cpp.o
[4.525s] [ 47%] Building CXX object CMakeFiles/epos2_bridge_interfaces__rosidl_typesupport_cpp.dir/rosidl_typesupport_cpp/epos2_bridge_interfaces/srv/move_absolute__type_support.cpp.o
[4.526s] [ 41%] Building CXX object CMakeFiles/epos2_bridge_interfaces__rosidl_typesupport_c.dir/rosidl_typesupport_c/epos2_bridge_interfaces/srv/move_absolute__type_support.cpp.o
[4.576s] [ 49%] Linking CXX shared library libepos2_bridge_interfaces__rosidl_typesupport_c.so
[4.577s] [ 52%] Building C object CMakeFiles/epos2_bridge_interfaces__rosidl_typesupport_introspection_c.dir/rosidl_typesupport_introspection_c/epos2_bridge_interfaces/srv/detail/move_absolute_timed__type_support.c.o
[4.577s] [ 52%] Building C object CMakeFiles/epos2_bridge_interfaces__rosidl_typesupport_introspection_c.dir/rosidl_typesupport_introspection_c/epos2_bridge_interfaces/srv/detail/move_delta__type_support.c.o
[4.577s] [ 54%] Building C object CMakeFiles/epos2_bridge_interfaces__rosidl_typesupport_introspection_c.dir/rosidl_typesupport_introspection_c/epos2_bridge_interfaces/srv/detail/move_absolute__type_support.c.o
[4.589s] [ 56%] Building CXX object CMakeFiles/epos2_bridge_interfaces__rosidl_typesupport_introspection_cpp.dir/rosidl_typesupport_introspection_cpp/epos2_bridge_interfaces/srv/detail/move_delta__type_support.cpp.o
[4.589s] [ 58%] Building CXX object CMakeFiles/epos2_bridge_interfaces__rosidl_typesupport_introspection_cpp.dir/rosidl_typesupport_introspection_cpp/epos2_bridge_interfaces/srv/detail/move_absolute__type_support.cpp.o
[4.592s] [ 60%] Building CXX object CMakeFiles/epos2_bridge_interfaces__rosidl_typesupport_introspection_cpp.dir/rosidl_typesupport_introspection_cpp/epos2_bridge_interfaces/srv/detail/move_absolute_timed__type_support.cpp.o
[4.628s] [ 61%] Linking C shared library libepos2_bridge_interfaces__rosidl_typesupport_introspection_c.so
[4.691s] [ 63%] Building CXX object CMakeFiles/epos2_bridge_interfaces__rosidl_typesupport_fastrtps_cpp.dir/rosidl_typesupport_fastrtps_cpp/epos2_bridge_interfaces/srv/detail/dds_fastrtps/move_delta__type_support.cpp.o
[4.692s] [ 65%] Building CXX object CMakeFiles/epos2_bridge_interfaces__rosidl_typesupport_fastrtps_cpp.dir/rosidl_typesupport_fastrtps_cpp/epos2_bridge_interfaces/srv/detail/dds_fastrtps/move_absolute__type_support.cpp.o
[4.695s] [ 67%] Building CXX object CMakeFiles/epos2_bridge_interfaces__rosidl_typesupport_fastrtps_cpp.dir/rosidl_typesupport_fastrtps_cpp/epos2_bridge_interfaces/srv/detail/dds_fastrtps/move_absolute_timed__type_support.cpp.o
[4.759s] [ 69%] Building CXX object CMakeFiles/epos2_bridge_interfaces__rosidl_typesupport_fastrtps_c.dir/rosidl_typesupport_fastrtps_c/epos2_bridge_interfaces/srv/detail/move_absolute__type_support_c.cpp.o
[4.762s] [ 70%] Building CXX object CMakeFiles/epos2_bridge_interfaces__rosidl_typesupport_fastrtps_c.dir/rosidl_typesupport_fastrtps_c/epos2_bridge_interfaces/srv/detail/move_delta__type_support_c.cpp.o
[4.768s] [ 72%] Building CXX object CMakeFiles/epos2_bridge_interfaces__rosidl_typesupport_fastrtps_c.dir/rosidl_typesupport_fastrtps_c/epos2_bridge_interfaces/srv/detail/move_absolute_timed__type_support_c.cpp.o
[4.891s] [ 72%] Built target epos2_bridge_interfaces__rosidl_typesupport_c
[4.910s] [ 72%] Built target epos2_bridge_interfaces__rosidl_typesupport_introspection_c
[4.966s] [ 74%] Linking CXX shared library libepos2_bridge_interfaces__rosidl_typesupport_cpp.so
[6.260s] [ 76%] Linking CXX shared library libepos2_bridge_interfaces__rosidl_typesupport_introspection_cpp.so
[6.323s] [ 76%] Built target epos2_bridge_interfaces__rosidl_typesupport_cpp
[6.452s] [ 78%] Linking CXX shared library libepos2_bridge_interfaces__rosidl_typesupport_fastrtps_c.so
[6.456s] [ 78%] Built target epos2_bridge_interfaces__rosidl_typesupport_introspection_cpp
[6.484s] [ 80%] Linking CXX shared library libepos2_bridge_interfaces__rosidl_typesupport_fastrtps_cpp.so
[6.634s] [ 80%] Built target epos2_bridge_interfaces__rosidl_typesupport_fastrtps_c
[6.665s] [ 80%] Built target epos2_bridge_interfaces__rosidl_typesupport_fastrtps_cpp
[6.683s] [ 80%] Built target epos2_bridge_interfaces
[6.706s] [ 81%] Generating Python code for ROS interfaces
[7.350s] [ 81%] Built target epos2_bridge_interfaces__py
[7.403s] [ 83%] Building C object CMakeFiles/epos2_bridge_interfaces__rosidl_generator_py.dir/rosidl_generator_py/epos2_bridge_interfaces/srv/_move_delta_s.c.o
[7.413s] [ 85%] Building C object CMakeFiles/epos2_bridge_interfaces__rosidl_generator_py.dir/rosidl_generator_py/epos2_bridge_interfaces/srv/_move_absolute_s.c.o
[7.421s] [ 87%] Building C object CMakeFiles/epos2_bridge_interfaces__rosidl_generator_py.dir/rosidl_generator_py/epos2_bridge_interfaces/srv/_move_absolute_timed_s.c.o
[7.686s] [ 89%] Linking C shared library libepos2_bridge_interfaces__rosidl_generator_py.so
[7.932s] [ 89%] Built target epos2_bridge_interfaces__rosidl_generator_py
[7.993s] [ 90%] Building C object CMakeFiles/epos2_bridge_interfaces_s__rosidl_typesupport_c.dir/rosidl_generator_py/epos2_bridge_interfaces/_epos2_bridge_interfaces_s.ep.rosidl_typesupport_c.c.o
[7.996s] [ 92%] Building C object CMakeFiles/epos2_bridge_interfaces_s__rosidl_typesupport_fastrtps_c.dir/rosidl_generator_py/epos2_bridge_interfaces/_epos2_bridge_interfaces_s.ep.rosidl_typesupport_fastrtps_c.c.o
[7.999s] [ 94%] Building C object CMakeFiles/epos2_bridge_interfaces_s__rosidl_typesupport_introspection_c.dir/rosidl_generator_py/epos2_bridge_interfaces/_epos2_bridge_interfaces_s.ep.rosidl_typesupport_introspection_c.c.o
[9.135s] [ 96%] Linking C shared module rosidl_generator_py/epos2_bridge_interfaces/epos2_bridge_interfaces_s__rosidl_typesupport_c.so
[9.216s] [ 98%] Linking C shared module rosidl_generator_py/epos2_bridge_interfaces/epos2_bridge_interfaces_s__rosidl_typesupport_fastrtps_c.so
[9.273s] [100%] Linking C shared module rosidl_generator_py/epos2_bridge_interfaces/epos2_bridge_interfaces_s__rosidl_typesupport_introspection_c.so
[9.601s] [100%] Built target epos2_bridge_interfaces_s__rosidl_typesupport_c
[9.660s] [100%] Built target epos2_bridge_interfaces_s__rosidl_typesupport_introspection_c
[9.678s] [100%] Built target epos2_bridge_interfaces_s__rosidl_typesupport_fastrtps_c
[9.687s] Invoked command in '/tmp/agrobot-next-build-ybgPHn/build/epos2_bridge_interfaces' returned '0': CMAKE_PREFIX_PATH=${CMAKE_PREFIX_PATH}:/opt/ros/jazzy /usr/bin/cmake --build /tmp/agrobot-next-build-ybgPHn/build/epos2_bridge_interfaces -- -j16 -l16
[9.687s] Invoking command in '/tmp/agrobot-next-build-ybgPHn/build/epos2_bridge_interfaces': CMAKE_PREFIX_PATH=${CMAKE_PREFIX_PATH}:/opt/ros/jazzy /usr/bin/cmake --install /tmp/agrobot-next-build-ybgPHn/build/epos2_bridge_interfaces
[9.738s] -- Install configuration: ""
[9.738s] -- Installing: /tmp/agrobot-next-build-ybgPHn/install/epos2_bridge_interfaces/share/ament_index/resource_index/rosidl_interfaces/epos2_bridge_interfaces
[9.739s] -- Installing: /tmp/agrobot-next-build-ybgPHn/install/epos2_bridge_interfaces/share/epos2_bridge_interfaces/srv/MoveDelta.json
[9.742s] -- Installing: /tmp/agrobot-next-build-ybgPHn/install/epos2_bridge_interfaces/share/epos2_bridge_interfaces/srv/MoveAbsolute.json
[9.742s] -- Installing: /tmp/agrobot-next-build-ybgPHn/install/epos2_bridge_interfaces/share/epos2_bridge_interfaces/srv/MoveAbsoluteTimed.json
[9.742s] -- Installing: /tmp/agrobot-next-build-ybgPHn/install/epos2_bridge_interfaces/include/epos2_bridge_interfaces/epos2_bridge_interfaces
[9.744s] -- Installing: /tmp/agrobot-next-build-ybgPHn/install/epos2_bridge_interfaces/include/epos2_bridge_interfaces/epos2_bridge_interfaces/srv
[9.746s] -- Installing: /tmp/agrobot-next-build-ybgPHn/install/epos2_bridge_interfaces/include/epos2_bridge_interfaces/epos2_bridge_interfaces/srv/move_absolute_timed.h
[9.746s] -- Installing: /tmp/agrobot-next-build-ybgPHn/install/epos2_bridge_interfaces/include/epos2_bridge_interfaces/epos2_bridge_interfaces/srv/detail
[9.746s] -- Installing: /tmp/agrobot-next-build-ybgPHn/install/epos2_bridge_interfaces/include/epos2_bridge_interfaces/epos2_bridge_interfaces/srv/detail/move_absolute__struct.h
[9.747s] -- Installing: /tmp/agrobot-next-build-ybgPHn/install/epos2_bridge_interfaces/include/epos2_bridge_interfaces/epos2_bridge_interfaces/srv/detail/move_absolute__functions.c
[9.747s] -- Installing: /tmp/agrobot-next-build-ybgPHn/install/epos2_bridge_interfaces/include/epos2_bridge_interfaces/epos2_bridge_interfaces/srv/detail/move_absolute_timed__functions.c
[9.747s] -- Installing: /tmp/agrobot-next-build-ybgPHn/install/epos2_bridge_interfaces/include/epos2_bridge_interfaces/epos2_bridge_interfaces/srv/detail/move_delta__description.c
[9.747s] -- Installing: /tmp/agrobot-next-build-ybgPHn/install/epos2_bridge_interfaces/include/epos2_bridge_interfaces/epos2_bridge_interfaces/srv/detail/move_delta__functions.h
[9.748s] -- Installing: /tmp/agrobot-next-build-ybgPHn/install/epos2_bridge_interfaces/include/epos2_bridge_interfaces/epos2_bridge_interfaces/srv/detail/move_absolute__type_support.h
[9.748s] -- Installing: /tmp/agrobot-next-build-ybgPHn/install/epos2_bridge_interfaces/include/epos2_bridge_interfaces/epos2_bridge_interfaces/srv/detail/move_absolute_timed__struct.h
[9.748s] -- Installing: /tmp/agrobot-next-build-ybgPHn/install/epos2_bridge_interfaces/include/epos2_bridge_interfaces/epos2_bridge_interfaces/srv/detail/move_delta__functions.c
[9.748s] -- Installing: /tmp/agrobot-next-build-ybgPHn/install/epos2_bridge_interfaces/include/epos2_bridge_interfaces/epos2_bridge_interfaces/srv/detail/move_absolute_timed__type_support.c
[9.748s] -- Installing: /tmp/agrobot-next-build-ybgPHn/install/epos2_bridge_interfaces/include/epos2_bridge_interfaces/epos2_bridge_interfaces/srv/detail/move_delta__type_support.c
[9.748s] -- Installing: /tmp/agrobot-next-build-ybgPHn/install/epos2_bridge_interfaces/include/epos2_bridge_interfaces/epos2_bridge_interfaces/srv/detail/move_absolute__description.c
[9.748s] -- Installing: /tmp/agrobot-next-build-ybgPHn/install/epos2_bridge_interfaces/include/epos2_bridge_interfaces/epos2_bridge_interfaces/srv/detail/move_absolute__functions.h
[9.748s] -- Installing: /tmp/agrobot-next-build-ybgPHn/install/epos2_bridge_interfaces/include/epos2_bridge_interfaces/epos2_bridge_interfaces/srv/detail/move_absolute_timed__type_support.h
[9.749s] -- Installing: /tmp/agrobot-next-build-ybgPHn/install/epos2_bridge_interfaces/include/epos2_bridge_interfaces/epos2_bridge_interfaces/srv/detail/move_absolute__type_support.c
[9.749s] -- Installing: /tmp/agrobot-next-build-ybgPHn/install/epos2_bridge_interfaces/include/epos2_bridge_interfaces/epos2_bridge_interfaces/srv/detail/move_delta__struct.h
[9.749s] -- Installing: /tmp/agrobot-next-build-ybgPHn/install/epos2_bridge_interfaces/include/epos2_bridge_interfaces/epos2_bridge_interfaces/srv/detail/move_absolute_timed__description.c
[9.749s] -- Installing: /tmp/agrobot-next-build-ybgPHn/install/epos2_bridge_interfaces/include/epos2_bridge_interfaces/epos2_bridge_interfaces/srv/detail/move_delta__type_support.h
[9.749s] -- Installing: /tmp/agrobot-next-build-ybgPHn/install/epos2_bridge_interfaces/include/epos2_bridge_interfaces/epos2_bridge_interfaces/srv/detail/move_absolute_timed__functions.h
[9.753s] -- Installing: /tmp/agrobot-next-build-ybgPHn/install/epos2_bridge_interfaces/include/epos2_bridge_interfaces/epos2_bridge_interfaces/srv/move_absolute.h
[9.753s] -- Installing: /tmp/agrobot-next-build-ybgPHn/install/epos2_bridge_interfaces/include/epos2_bridge_interfaces/epos2_bridge_interfaces/srv/move_delta.h
[9.753s] -- Installing: /tmp/agrobot-next-build-ybgPHn/install/epos2_bridge_interfaces/include/epos2_bridge_interfaces/epos2_bridge_interfaces/msg
[9.754s] -- Installing: /tmp/agrobot-next-build-ybgPHn/install/epos2_bridge_interfaces/include/epos2_bridge_interfaces/epos2_bridge_interfaces/msg/rosidl_generator_c__visibility_control.h
[9.754s] -- Installing: /tmp/agrobot-next-build-ybgPHn/install/epos2_bridge_interfaces/share/epos2_bridge_interfaces/environment/library_path.sh
[9.754s] -- Installing: /tmp/agrobot-next-build-ybgPHn/install/epos2_bridge_interfaces/share/epos2_bridge_interfaces/environment/library_path.dsv
[9.754s] -- Installing: /tmp/agrobot-next-build-ybgPHn/install/epos2_bridge_interfaces/lib/libepos2_bridge_interfaces__rosidl_generator_c.so
[9.754s] -- Set non-toolchain portion of runtime path of "/tmp/agrobot-next-build-ybgPHn/install/epos2_bridge_interfaces/lib/libepos2_bridge_interfaces__rosidl_generator_c.so" to ""
[9.754s] -- Up-to-date: /tmp/agrobot-next-build-ybgPHn/install/epos2_bridge_interfaces/include/epos2_bridge_interfaces/epos2_bridge_interfaces
[9.754s] -- Up-to-date: /tmp/agrobot-next-build-ybgPHn/install/epos2_bridge_interfaces/include/epos2_bridge_interfaces/epos2_bridge_interfaces/srv
[9.754s] -- Up-to-date: /tmp/agrobot-next-build-ybgPHn/install/epos2_bridge_interfaces/include/epos2_bridge_interfaces/epos2_bridge_interfaces/srv/detail
[9.754s] -- Installing: /tmp/agrobot-next-build-ybgPHn/install/epos2_bridge_interfaces/include/epos2_bridge_interfaces/epos2_bridge_interfaces/srv/detail/move_absolute_timed__rosidl_typesupport_fastrtps_c.h
[9.754s] -- Installing: /tmp/agrobot-next-build-ybgPHn/install/epos2_bridge_interfaces/include/epos2_bridge_interfaces/epos2_bridge_interfaces/srv/detail/move_delta__rosidl_typesupport_fastrtps_c.h
[9.754s] -- Installing: /tmp/agrobot-next-build-ybgPHn/install/epos2_bridge_interfaces/include/epos2_bridge_interfaces/epos2_bridge_interfaces/srv/detail/move_absolute__rosidl_typesupport_fastrtps_c.h
[9.754s] -- Up-to-date: /tmp/agrobot-next-build-ybgPHn/install/epos2_bridge_interfaces/include/epos2_bridge_interfaces/epos2_bridge_interfaces/msg
[9.754s] -- Installing: /tmp/agrobot-next-build-ybgPHn/install/epos2_bridge_interfaces/include/epos2_bridge_interfaces/epos2_bridge_interfaces/msg/rosidl_typesupport_fastrtps_c__visibility_control.h
[9.757s] -- Installing: /tmp/agrobot-next-build-ybgPHn/install/epos2_bridge_interfaces/lib/libepos2_bridge_interfaces__rosidl_typesupport_fastrtps_c.so
[9.757s] -- Set non-toolchain portion of runtime path of "/tmp/agrobot-next-build-ybgPHn/install/epos2_bridge_interfaces/lib/libepos2_bridge_interfaces__rosidl_typesupport_fastrtps_c.so" to ""
[9.757s] -- Up-to-date: /tmp/agrobot-next-build-ybgPHn/install/epos2_bridge_interfaces/include/epos2_bridge_interfaces/epos2_bridge_interfaces
[9.757s] -- Up-to-date: /tmp/agrobot-next-build-ybgPHn/install/epos2_bridge_interfaces/include/epos2_bridge_interfaces/epos2_bridge_interfaces/srv
[9.757s] -- Up-to-date: /tmp/agrobot-next-build-ybgPHn/install/epos2_bridge_interfaces/include/epos2_bridge_interfaces/epos2_bridge_interfaces/srv/detail
[9.757s] -- Installing: /tmp/agrobot-next-build-ybgPHn/install/epos2_bridge_interfaces/include/epos2_bridge_interfaces/epos2_bridge_interfaces/srv/detail/move_absolute_timed__rosidl_typesupport_introspection_c.h
[9.757s] -- Installing: /tmp/agrobot-next-build-ybgPHn/install/epos2_bridge_interfaces/include/epos2_bridge_interfaces/epos2_bridge_interfaces/srv/detail/move_absolute__rosidl_typesupport_introspection_c.h
[9.757s] -- Installing: /tmp/agrobot-next-build-ybgPHn/install/epos2_bridge_interfaces/include/epos2_bridge_interfaces/epos2_bridge_interfaces/srv/detail/move_absolute_timed__type_support.c
[9.757s] -- Installing: /tmp/agrobot-next-build-ybgPHn/install/epos2_bridge_interfaces/include/epos2_bridge_interfaces/epos2_bridge_interfaces/srv/detail/move_delta__type_support.c
[9.757s] -- Installing: /tmp/agrobot-next-build-ybgPHn/install/epos2_bridge_interfaces/include/epos2_bridge_interfaces/epos2_bridge_interfaces/srv/detail/move_delta__rosidl_typesupport_introspection_c.h
[9.758s] -- Installing: /tmp/agrobot-next-build-ybgPHn/install/epos2_bridge_interfaces/include/epos2_bridge_interfaces/epos2_bridge_interfaces/srv/detail/move_absolute__type_support.c
[9.758s] -- Up-to-date: /tmp/agrobot-next-build-ybgPHn/install/epos2_bridge_interfaces/include/epos2_bridge_interfaces/epos2_bridge_interfaces/msg
[9.758s] -- Installing: /tmp/agrobot-next-build-ybgPHn/install/epos2_bridge_interfaces/include/epos2_bridge_interfaces/epos2_bridge_interfaces/msg/rosidl_typesupport_introspection_c__visibility_control.h
[9.760s] -- Installing: /tmp/agrobot-next-build-ybgPHn/install/epos2_bridge_interfaces/lib/libepos2_bridge_interfaces__rosidl_typesupport_introspection_c.so
[9.760s] -- Set non-toolchain portion of runtime path of "/tmp/agrobot-next-build-ybgPHn/install/epos2_bridge_interfaces/lib/libepos2_bridge_interfaces__rosidl_typesupport_introspection_c.so" to ""
[9.761s] -- Installing: /tmp/agrobot-next-build-ybgPHn/install/epos2_bridge_interfaces/lib/libepos2_bridge_interfaces__rosidl_typesupport_c.so
[9.761s] -- Set non-toolchain portion of runtime path of "/tmp/agrobot-next-build-ybgPHn/install/epos2_bridge_interfaces/lib/libepos2_bridge_interfaces__rosidl_typesupport_c.so" to ""
[9.761s] -- Up-to-date: /tmp/agrobot-next-build-ybgPHn/install/epos2_bridge_interfaces/include/epos2_bridge_interfaces/epos2_bridge_interfaces
[9.761s] -- Up-to-date: /tmp/agrobot-next-build-ybgPHn/install/epos2_bridge_interfaces/include/epos2_bridge_interfaces/epos2_bridge_interfaces/srv
[9.761s] -- Installing: /tmp/agrobot-next-build-ybgPHn/install/epos2_bridge_interfaces/include/epos2_bridge_interfaces/epos2_bridge_interfaces/srv/move_absolute.hpp
[9.762s] -- Installing: /tmp/agrobot-next-build-ybgPHn/install/epos2_bridge_interfaces/include/epos2_bridge_interfaces/epos2_bridge_interfaces/srv/move_delta.hpp
[9.762s] -- Up-to-date: /tmp/agrobot-next-build-ybgPHn/install/epos2_bridge_interfaces/include/epos2_bridge_interfaces/epos2_bridge_interfaces/srv/detail
[9.762s] -- Installing: /tmp/agrobot-next-build-ybgPHn/install/epos2_bridge_interfaces/include/epos2_bridge_interfaces/epos2_bridge_interfaces/srv/detail/move_delta__builder.hpp
[9.762s] -- Installing: /tmp/agrobot-next-build-ybgPHn/install/epos2_bridge_interfaces/include/epos2_bridge_interfaces/epos2_bridge_interfaces/srv/detail/move_delta__struct.hpp
[9.762s] -- Installing: /tmp/agrobot-next-build-ybgPHn/install/epos2_bridge_interfaces/include/epos2_bridge_interfaces/epos2_bridge_interfaces/srv/detail/move_absolute__struct.hpp
[9.762s] -- Installing: /tmp/agrobot-next-build-ybgPHn/install/epos2_bridge_interfaces/include/epos2_bridge_interfaces/epos2_bridge_interfaces/srv/detail/move_delta__type_support.hpp
[9.763s] -- Installing: /tmp/agrobot-next-build-ybgPHn/install/epos2_bridge_interfaces/include/epos2_bridge_interfaces/epos2_bridge_interfaces/srv/detail/move_absolute__type_support.hpp
[9.763s] -- Installing: /tmp/agrobot-next-build-ybgPHn/install/epos2_bridge_interfaces/include/epos2_bridge_interfaces/epos2_bridge_interfaces/srv/detail/move_absolute__builder.hpp
[9.763s] -- Installing: /tmp/agrobot-next-build-ybgPHn/install/epos2_bridge_interfaces/include/epos2_bridge_interfaces/epos2_bridge_interfaces/srv/detail/move_absolute_timed__struct.hpp
[9.763s] -- Installing: /tmp/agrobot-next-build-ybgPHn/install/epos2_bridge_interfaces/include/epos2_bridge_interfaces/epos2_bridge_interfaces/srv/detail/move_absolute_timed__builder.hpp
[9.763s] -- Installing: /tmp/agrobot-next-build-ybgPHn/install/epos2_bridge_interfaces/include/epos2_bridge_interfaces/epos2_bridge_interfaces/srv/detail/move_absolute__traits.hpp
[9.763s] -- Installing: /tmp/agrobot-next-build-ybgPHn/install/epos2_bridge_interfaces/include/epos2_bridge_interfaces/epos2_bridge_interfaces/srv/detail/move_absolute_timed__type_support.hpp
[9.763s] -- Installing: /tmp/agrobot-next-build-ybgPHn/install/epos2_bridge_interfaces/include/epos2_bridge_interfaces/epos2_bridge_interfaces/srv/detail/move_absolute_timed__traits.hpp
[9.763s] -- Installing: /tmp/agrobot-next-build-ybgPHn/install/epos2_bridge_interfaces/include/epos2_bridge_interfaces/epos2_bridge_interfaces/srv/detail/move_delta__traits.hpp
[9.763s] -- Installing: /tmp/agrobot-next-build-ybgPHn/install/epos2_bridge_interfaces/include/epos2_bridge_interfaces/epos2_bridge_interfaces/srv/move_absolute_timed.hpp
[9.763s] -- Up-to-date: /tmp/agrobot-next-build-ybgPHn/install/epos2_bridge_interfaces/include/epos2_bridge_interfaces/epos2_bridge_interfaces/msg
[9.764s] -- Installing: /tmp/agrobot-next-build-ybgPHn/install/epos2_bridge_interfaces/include/epos2_bridge_interfaces/epos2_bridge_interfaces/msg/rosidl_generator_cpp__visibility_control.hpp
[9.764s] -- Up-to-date: /tmp/agrobot-next-build-ybgPHn/install/epos2_bridge_interfaces/include/epos2_bridge_interfaces/epos2_bridge_interfaces
[9.764s] -- Up-to-date: /tmp/agrobot-next-build-ybgPHn/install/epos2_bridge_interfaces/include/epos2_bridge_interfaces/epos2_bridge_interfaces/srv
[9.764s] -- Up-to-date: /tmp/agrobot-next-build-ybgPHn/install/epos2_bridge_interfaces/include/epos2_bridge_interfaces/epos2_bridge_interfaces/srv/detail
[9.764s] -- Installing: /tmp/agrobot-next-build-ybgPHn/install/epos2_bridge_interfaces/include/epos2_bridge_interfaces/epos2_bridge_interfaces/srv/detail/move_absolute_timed__rosidl_typesupport_fastrtps_cpp.hpp
[9.764s] -- Installing: /tmp/agrobot-next-build-ybgPHn/install/epos2_bridge_interfaces/include/epos2_bridge_interfaces/epos2_bridge_interfaces/srv/detail/dds_fastrtps
[9.764s] -- Installing: /tmp/agrobot-next-build-ybgPHn/install/epos2_bridge_interfaces/include/epos2_bridge_interfaces/epos2_bridge_interfaces/srv/detail/move_absolute__rosidl_typesupport_fastrtps_cpp.hpp
[9.764s] -- Installing: /tmp/agrobot-next-build-ybgPHn/install/epos2_bridge_interfaces/include/epos2_bridge_interfaces/epos2_bridge_interfaces/srv/detail/move_delta__rosidl_typesupport_fastrtps_cpp.hpp
[9.764s] -- Up-to-date: /tmp/agrobot-next-build-ybgPHn/install/epos2_bridge_interfaces/include/epos2_bridge_interfaces/epos2_bridge_interfaces/msg
[9.764s] -- Installing: /tmp/agrobot-next-build-ybgPHn/install/epos2_bridge_interfaces/include/epos2_bridge_interfaces/epos2_bridge_interfaces/msg/rosidl_typesupport_fastrtps_cpp__visibility_control.h
[9.764s] -- Installing: /tmp/agrobot-next-build-ybgPHn/install/epos2_bridge_interfaces/lib/libepos2_bridge_interfaces__rosidl_typesupport_fastrtps_cpp.so
[9.767s] -- Set non-toolchain portion of runtime path of "/tmp/agrobot-next-build-ybgPHn/install/epos2_bridge_interfaces/lib/libepos2_bridge_interfaces__rosidl_typesupport_fastrtps_cpp.so" to ""
[9.767s] -- Up-to-date: /tmp/agrobot-next-build-ybgPHn/install/epos2_bridge_interfaces/include/epos2_bridge_interfaces/epos2_bridge_interfaces
[9.767s] -- Up-to-date: /tmp/agrobot-next-build-ybgPHn/install/epos2_bridge_interfaces/include/epos2_bridge_interfaces/epos2_bridge_interfaces/srv
[9.767s] -- Up-to-date: /tmp/agrobot-next-build-ybgPHn/install/epos2_bridge_interfaces/include/epos2_bridge_interfaces/epos2_bridge_interfaces/srv/detail
[9.767s] -- Installing: /tmp/agrobot-next-build-ybgPHn/install/epos2_bridge_interfaces/include/epos2_bridge_interfaces/epos2_bridge_interfaces/srv/detail/move_delta__rosidl_typesupport_introspection_cpp.hpp
[9.767s] -- Installing: /tmp/agrobot-next-build-ybgPHn/install/epos2_bridge_interfaces/include/epos2_bridge_interfaces/epos2_bridge_interfaces/srv/detail/move_absolute__rosidl_typesupport_introspection_cpp.hpp
[9.767s] -- Installing: /tmp/agrobot-next-build-ybgPHn/install/epos2_bridge_interfaces/include/epos2_bridge_interfaces/epos2_bridge_interfaces/srv/detail/move_absolute_timed__rosidl_typesupport_introspection_cpp.hpp
[9.767s] -- Installing: /tmp/agrobot-next-build-ybgPHn/install/epos2_bridge_interfaces/include/epos2_bridge_interfaces/epos2_bridge_interfaces/srv/detail/move_delta__type_support.cpp
[9.768s] -- Installing: /tmp/agrobot-next-build-ybgPHn/install/epos2_bridge_interfaces/include/epos2_bridge_interfaces/epos2_bridge_interfaces/srv/detail/move_absolute_timed__type_support.cpp
[9.769s] -- Installing: /tmp/agrobot-next-build-ybgPHn/install/epos2_bridge_interfaces/include/epos2_bridge_interfaces/epos2_bridge_interfaces/srv/detail/move_absolute__type_support.cpp
[9.772s] -- Installing: /tmp/agrobot-next-build-ybgPHn/install/epos2_bridge_interfaces/lib/libepos2_bridge_interfaces__rosidl_typesupport_introspection_cpp.so
[9.772s] -- Set non-toolchain portion of runtime path of "/tmp/agrobot-next-build-ybgPHn/install/epos2_bridge_interfaces/lib/libepos2_bridge_interfaces__rosidl_typesupport_introspection_cpp.so" to ""
[9.772s] -- Installing: /tmp/agrobot-next-build-ybgPHn/install/epos2_bridge_interfaces/lib/libepos2_bridge_interfaces__rosidl_typesupport_cpp.so
[9.772s] -- Set non-toolchain portion of runtime path of "/tmp/agrobot-next-build-ybgPHn/install/epos2_bridge_interfaces/lib/libepos2_bridge_interfaces__rosidl_typesupport_cpp.so" to ""
[9.772s] -- Installing: /tmp/agrobot-next-build-ybgPHn/install/epos2_bridge_interfaces/share/epos2_bridge_interfaces/environment/pythonpath.sh
[9.774s] -- Installing: /tmp/agrobot-next-build-ybgPHn/install/epos2_bridge_interfaces/share/epos2_bridge_interfaces/environment/pythonpath.dsv
[9.775s] -- Installing: /tmp/agrobot-next-build-ybgPHn/install/epos2_bridge_interfaces/lib/python3.12/site-packages/epos2_bridge_interfaces-0.0.1-py3.12.egg-info
[9.775s] -- Installing: /tmp/agrobot-next-build-ybgPHn/install/epos2_bridge_interfaces/lib/python3.12/site-packages/epos2_bridge_interfaces-0.0.1-py3.12.egg-info/PKG-INFO
[9.776s] -- Installing: /tmp/agrobot-next-build-ybgPHn/install/epos2_bridge_interfaces/lib/python3.12/site-packages/epos2_bridge_interfaces-0.0.1-py3.12.egg-info/dependency_links.txt
[9.776s] -- Installing: /tmp/agrobot-next-build-ybgPHn/install/epos2_bridge_interfaces/lib/python3.12/site-packages/epos2_bridge_interfaces-0.0.1-py3.12.egg-info/top_level.txt
[9.776s] -- Installing: /tmp/agrobot-next-build-ybgPHn/install/epos2_bridge_interfaces/lib/python3.12/site-packages/epos2_bridge_interfaces-0.0.1-py3.12.egg-info/SOURCES.txt
[9.776s] -- Installing: /tmp/agrobot-next-build-ybgPHn/install/epos2_bridge_interfaces/lib/python3.12/site-packages/epos2_bridge_interfaces
[9.776s] -- Installing: /tmp/agrobot-next-build-ybgPHn/install/epos2_bridge_interfaces/lib/python3.12/site-packages/epos2_bridge_interfaces/epos2_bridge_interfaces_s__rosidl_typesupport_introspection_c.so
[9.776s] -- Installing: /tmp/agrobot-next-build-ybgPHn/install/epos2_bridge_interfaces/lib/python3.12/site-packages/epos2_bridge_interfaces/_epos2_bridge_interfaces_s.ep.rosidl_typesupport_fastrtps_c.c
[9.776s] -- Installing: /tmp/agrobot-next-build-ybgPHn/install/epos2_bridge_interfaces/lib/python3.12/site-packages/epos2_bridge_interfaces/_epos2_bridge_interfaces_s.ep.rosidl_typesupport_c.c
[9.776s] -- Installing: /tmp/agrobot-next-build-ybgPHn/install/epos2_bridge_interfaces/lib/python3.12/site-packages/epos2_bridge_interfaces/srv
[9.777s] -- Installing: /tmp/agrobot-next-build-ybgPHn/install/epos2_bridge_interfaces/lib/python3.12/site-packages/epos2_bridge_interfaces/srv/_move_delta.py
[9.777s] -- Installing: /tmp/agrobot-next-build-ybgPHn/install/epos2_bridge_interfaces/lib/python3.12/site-packages/epos2_bridge_interfaces/srv/_move_absolute_timed_s.c
[9.777s] -- Installing: /tmp/agrobot-next-build-ybgPHn/install/epos2_bridge_interfaces/lib/python3.12/site-packages/epos2_bridge_interfaces/srv/_move_absolute_timed.py
[9.777s] -- Installing: /tmp/agrobot-next-build-ybgPHn/install/epos2_bridge_interfaces/lib/python3.12/site-packages/epos2_bridge_interfaces/srv/_move_absolute_s.c
[9.777s] -- Installing: /tmp/agrobot-next-build-ybgPHn/install/epos2_bridge_interfaces/lib/python3.12/site-packages/epos2_bridge_interfaces/srv/__init__.py
[9.777s] -- Installing: /tmp/agrobot-next-build-ybgPHn/install/epos2_bridge_interfaces/lib/python3.12/site-packages/epos2_bridge_interfaces/srv/_move_delta_s.c
[9.777s] -- Installing: /tmp/agrobot-next-build-ybgPHn/install/epos2_bridge_interfaces/lib/python3.12/site-packages/epos2_bridge_interfaces/srv/_move_absolute.py
[9.777s] -- Installing: /tmp/agrobot-next-build-ybgPHn/install/epos2_bridge_interfaces/lib/python3.12/site-packages/epos2_bridge_interfaces/__init__.py
[9.777s] -- Installing: /tmp/agrobot-next-build-ybgPHn/install/epos2_bridge_interfaces/lib/python3.12/site-packages/epos2_bridge_interfaces/epos2_bridge_interfaces_s__rosidl_typesupport_c.so
[9.777s] -- Installing: /tmp/agrobot-next-build-ybgPHn/install/epos2_bridge_interfaces/lib/python3.12/site-packages/epos2_bridge_interfaces/epos2_bridge_interfaces_s__rosidl_typesupport_fastrtps_c.so
[9.777s] -- Installing: /tmp/agrobot-next-build-ybgPHn/install/epos2_bridge_interfaces/lib/python3.12/site-packages/epos2_bridge_interfaces/_epos2_bridge_interfaces_s.ep.rosidl_typesupport_introspection_c.c
[9.825s] Listing '/tmp/agrobot-next-build-ybgPHn/install/epos2_bridge_interfaces/lib/python3.12/site-packages/epos2_bridge_interfaces'...
[9.825s] Compiling '/tmp/agrobot-next-build-ybgPHn/install/epos2_bridge_interfaces/lib/python3.12/site-packages/epos2_bridge_interfaces/__init__.py'...
[9.825s] Listing '/tmp/agrobot-next-build-ybgPHn/install/epos2_bridge_interfaces/lib/python3.12/site-packages/epos2_bridge_interfaces/srv'...
[9.825s] Compiling '/tmp/agrobot-next-build-ybgPHn/install/epos2_bridge_interfaces/lib/python3.12/site-packages/epos2_bridge_interfaces/srv/__init__.py'...
[9.825s] Compiling '/tmp/agrobot-next-build-ybgPHn/install/epos2_bridge_interfaces/lib/python3.12/site-packages/epos2_bridge_interfaces/srv/_move_absolute.py'...
[9.825s] Compiling '/tmp/agrobot-next-build-ybgPHn/install/epos2_bridge_interfaces/lib/python3.12/site-packages/epos2_bridge_interfaces/srv/_move_absolute_timed.py'...
[9.825s] Compiling '/tmp/agrobot-next-build-ybgPHn/install/epos2_bridge_interfaces/lib/python3.12/site-packages/epos2_bridge_interfaces/srv/_move_delta.py'...
[9.828s] -- Installing: /tmp/agrobot-next-build-ybgPHn/install/epos2_bridge_interfaces/lib/python3.12/site-packages/epos2_bridge_interfaces/epos2_bridge_interfaces_s__rosidl_typesupport_fastrtps_c.so
[9.829s] -- Set non-toolchain portion of runtime path of "/tmp/agrobot-next-build-ybgPHn/install/epos2_bridge_interfaces/lib/python3.12/site-packages/epos2_bridge_interfaces/epos2_bridge_interfaces_s__rosidl_typesupport_fastrtps_c.so" to ""
[9.829s] -- Installing: /tmp/agrobot-next-build-ybgPHn/install/epos2_bridge_interfaces/lib/python3.12/site-packages/epos2_bridge_interfaces/epos2_bridge_interfaces_s__rosidl_typesupport_introspection_c.so
[9.830s] -- Set non-toolchain portion of runtime path of "/tmp/agrobot-next-build-ybgPHn/install/epos2_bridge_interfaces/lib/python3.12/site-packages/epos2_bridge_interfaces/epos2_bridge_interfaces_s__rosidl_typesupport_introspection_c.so" to ""
[9.830s] -- Installing: /tmp/agrobot-next-build-ybgPHn/install/epos2_bridge_interfaces/lib/python3.12/site-packages/epos2_bridge_interfaces/epos2_bridge_interfaces_s__rosidl_typesupport_c.so
[9.830s] -- Set non-toolchain portion of runtime path of "/tmp/agrobot-next-build-ybgPHn/install/epos2_bridge_interfaces/lib/python3.12/site-packages/epos2_bridge_interfaces/epos2_bridge_interfaces_s__rosidl_typesupport_c.so" to ""
[9.830s] -- Installing: /tmp/agrobot-next-build-ybgPHn/install/epos2_bridge_interfaces/lib/libepos2_bridge_interfaces__rosidl_generator_py.so
[9.830s] -- Set non-toolchain portion of runtime path of "/tmp/agrobot-next-build-ybgPHn/install/epos2_bridge_interfaces/lib/libepos2_bridge_interfaces__rosidl_generator_py.so" to ""
[9.831s] -- Installing: /tmp/agrobot-next-build-ybgPHn/install/epos2_bridge_interfaces/share/epos2_bridge_interfaces/rust
[9.831s] -- Installing: /tmp/agrobot-next-build-ybgPHn/install/epos2_bridge_interfaces/share/epos2_bridge_interfaces/rust/build.rs
[9.831s] -- Installing: /tmp/agrobot-next-build-ybgPHn/install/epos2_bridge_interfaces/share/epos2_bridge_interfaces/rust/Cargo.toml
[9.831s] -- Installing: /tmp/agrobot-next-build-ybgPHn/install/epos2_bridge_interfaces/share/epos2_bridge_interfaces/rust/src
[9.831s] -- Installing: /tmp/agrobot-next-build-ybgPHn/install/epos2_bridge_interfaces/share/epos2_bridge_interfaces/rust/src/srv.rs
[9.835s] -- Installing: /tmp/agrobot-next-build-ybgPHn/install/epos2_bridge_interfaces/share/epos2_bridge_interfaces/rust/src/srv
[9.835s] -- Installing: /tmp/agrobot-next-build-ybgPHn/install/epos2_bridge_interfaces/share/epos2_bridge_interfaces/rust/src/srv/rmw.rs
[9.836s] -- Installing: /tmp/agrobot-next-build-ybgPHn/install/epos2_bridge_interfaces/share/epos2_bridge_interfaces/rust/src/lib.rs
[9.836s] -- Installing: /tmp/agrobot-next-build-ybgPHn/install/epos2_bridge_interfaces/share/epos2_bridge_interfaces/srv/MoveDelta.idl
[9.836s] -- Installing: /tmp/agrobot-next-build-ybgPHn/install/epos2_bridge_interfaces/share/epos2_bridge_interfaces/srv/MoveAbsolute.idl
[9.836s] -- Installing: /tmp/agrobot-next-build-ybgPHn/install/epos2_bridge_interfaces/share/epos2_bridge_interfaces/srv/MoveAbsoluteTimed.idl
[9.836s] -- Installing: /tmp/agrobot-next-build-ybgPHn/install/epos2_bridge_interfaces/share/epos2_bridge_interfaces/srv/MoveDelta.srv
[9.836s] -- Installing: /tmp/agrobot-next-build-ybgPHn/install/epos2_bridge_interfaces/share/epos2_bridge_interfaces/srv/MoveAbsolute.srv
[9.836s] -- Installing: /tmp/agrobot-next-build-ybgPHn/install/epos2_bridge_interfaces/share/epos2_bridge_interfaces/srv/MoveAbsoluteTimed.srv
[9.836s] -- Installing: /tmp/agrobot-next-build-ybgPHn/install/epos2_bridge_interfaces/share/ament_index/resource_index/package_run_dependencies/epos2_bridge_interfaces
[9.836s] -- Installing: /tmp/agrobot-next-build-ybgPHn/install/epos2_bridge_interfaces/share/ament_index/resource_index/parent_prefix_path/epos2_bridge_interfaces
[9.836s] -- Installing: /tmp/agrobot-next-build-ybgPHn/install/epos2_bridge_interfaces/share/epos2_bridge_interfaces/environment/ament_prefix_path.sh
[9.836s] -- Installing: /tmp/agrobot-next-build-ybgPHn/install/epos2_bridge_interfaces/share/epos2_bridge_interfaces/environment/ament_prefix_path.dsv
[9.837s] -- Installing: /tmp/agrobot-next-build-ybgPHn/install/epos2_bridge_interfaces/share/epos2_bridge_interfaces/environment/path.sh
[9.837s] -- Installing: /tmp/agrobot-next-build-ybgPHn/install/epos2_bridge_interfaces/share/epos2_bridge_interfaces/environment/path.dsv
[9.843s] -- Installing: /tmp/agrobot-next-build-ybgPHn/install/epos2_bridge_interfaces/share/epos2_bridge_interfaces/local_setup.bash
[9.844s] -- Installing: /tmp/agrobot-next-build-ybgPHn/install/epos2_bridge_interfaces/share/epos2_bridge_interfaces/local_setup.sh
[9.845s] -- Installing: /tmp/agrobot-next-build-ybgPHn/install/epos2_bridge_interfaces/share/epos2_bridge_interfaces/local_setup.zsh
[9.846s] -- Installing: /tmp/agrobot-next-build-ybgPHn/install/epos2_bridge_interfaces/share/epos2_bridge_interfaces/local_setup.dsv
[9.846s] -- Installing: /tmp/agrobot-next-build-ybgPHn/install/epos2_bridge_interfaces/share/epos2_bridge_interfaces/package.dsv
[9.846s] -- Installing: /tmp/agrobot-next-build-ybgPHn/install/epos2_bridge_interfaces/share/ament_index/resource_index/packages/epos2_bridge_interfaces
[9.846s] -- Installing: /tmp/agrobot-next-build-ybgPHn/install/epos2_bridge_interfaces/share/epos2_bridge_interfaces/cmake/export_epos2_bridge_interfaces__rosidl_generator_cExport.cmake
[9.846s] -- Installing: /tmp/agrobot-next-build-ybgPHn/install/epos2_bridge_interfaces/share/epos2_bridge_interfaces/cmake/export_epos2_bridge_interfaces__rosidl_generator_cExport-noconfig.cmake
[9.846s] -- Installing: /tmp/agrobot-next-build-ybgPHn/install/epos2_bridge_interfaces/share/epos2_bridge_interfaces/cmake/export_epos2_bridge_interfaces__rosidl_typesupport_fastrtps_cExport.cmake
[9.846s] -- Installing: /tmp/agrobot-next-build-ybgPHn/install/epos2_bridge_interfaces/share/epos2_bridge_interfaces/cmake/export_epos2_bridge_interfaces__rosidl_typesupport_fastrtps_cExport-noconfig.cmake
[9.846s] -- Installing: /tmp/agrobot-next-build-ybgPHn/install/epos2_bridge_interfaces/share/epos2_bridge_interfaces/cmake/epos2_bridge_interfaces__rosidl_typesupport_introspection_cExport.cmake
[9.846s] -- Installing: /tmp/agrobot-next-build-ybgPHn/install/epos2_bridge_interfaces/share/epos2_bridge_interfaces/cmake/epos2_bridge_interfaces__rosidl_typesupport_introspection_cExport-noconfig.cmake
[9.846s] -- Installing: /tmp/agrobot-next-build-ybgPHn/install/epos2_bridge_interfaces/share/epos2_bridge_interfaces/cmake/epos2_bridge_interfaces__rosidl_typesupport_cExport.cmake
[9.846s] -- Installing: /tmp/agrobot-next-build-ybgPHn/install/epos2_bridge_interfaces/share/epos2_bridge_interfaces/cmake/epos2_bridge_interfaces__rosidl_typesupport_cExport-noconfig.cmake
[9.846s] -- Installing: /tmp/agrobot-next-build-ybgPHn/install/epos2_bridge_interfaces/share/epos2_bridge_interfaces/cmake/export_epos2_bridge_interfaces__rosidl_generator_cppExport.cmake
[9.846s] -- Installing: /tmp/agrobot-next-build-ybgPHn/install/epos2_bridge_interfaces/share/epos2_bridge_interfaces/cmake/export_epos2_bridge_interfaces__rosidl_typesupport_fastrtps_cppExport.cmake
[9.849s] -- Installing: /tmp/agrobot-next-build-ybgPHn/install/epos2_bridge_interfaces/share/epos2_bridge_interfaces/cmake/export_epos2_bridge_interfaces__rosidl_typesupport_fastrtps_cppExport-noconfig.cmake
[9.850s] -- Installing: /tmp/agrobot-next-build-ybgPHn/install/epos2_bridge_interfaces/share/epos2_bridge_interfaces/cmake/epos2_bridge_interfaces__rosidl_typesupport_introspection_cppExport.cmake
[9.851s] -- Installing: /tmp/agrobot-next-build-ybgPHn/install/epos2_bridge_interfaces/share/epos2_bridge_interfaces/cmake/epos2_bridge_interfaces__rosidl_typesupport_introspection_cppExport-noconfig.cmake
[9.853s] -- Installing: /tmp/agrobot-next-build-ybgPHn/install/epos2_bridge_interfaces/share/epos2_bridge_interfaces/cmake/epos2_bridge_interfaces__rosidl_typesupport_cppExport.cmake
[9.853s] -- Installing: /tmp/agrobot-next-build-ybgPHn/install/epos2_bridge_interfaces/share/epos2_bridge_interfaces/cmake/epos2_bridge_interfaces__rosidl_typesupport_cppExport-noconfig.cmake
[9.853s] -- Installing: /tmp/agrobot-next-build-ybgPHn/install/epos2_bridge_interfaces/share/epos2_bridge_interfaces/cmake/export_epos2_bridge_interfaces__rosidl_generator_pyExport.cmake
[9.853s] -- Installing: /tmp/agrobot-next-build-ybgPHn/install/epos2_bridge_interfaces/share/epos2_bridge_interfaces/cmake/export_epos2_bridge_interfaces__rosidl_generator_pyExport-noconfig.cmake
[9.853s] -- Installing: /tmp/agrobot-next-build-ybgPHn/install/epos2_bridge_interfaces/share/epos2_bridge_interfaces/cmake/rosidl_cmake-extras.cmake
[9.853s] -- Installing: /tmp/agrobot-next-build-ybgPHn/install/epos2_bridge_interfaces/share/epos2_bridge_interfaces/cmake/ament_cmake_export_dependencies-extras.cmake
[9.853s] -- Installing: /tmp/agrobot-next-build-ybgPHn/install/epos2_bridge_interfaces/share/epos2_bridge_interfaces/cmake/ament_cmake_export_include_directories-extras.cmake
[9.854s] -- Installing: /tmp/agrobot-next-build-ybgPHn/install/epos2_bridge_interfaces/share/epos2_bridge_interfaces/cmake/ament_cmake_export_libraries-extras.cmake
[9.854s] -- Installing: /tmp/agrobot-next-build-ybgPHn/install/epos2_bridge_interfaces/share/epos2_bridge_interfaces/cmake/ament_cmake_export_targets-extras.cmake
[9.854s] -- Installing: /tmp/agrobot-next-build-ybgPHn/install/epos2_bridge_interfaces/share/epos2_bridge_interfaces/cmake/rosidl_cmake_export_typesupport_targets-extras.cmake
[9.854s] -- Installing: /tmp/agrobot-next-build-ybgPHn/install/epos2_bridge_interfaces/share/epos2_bridge_interfaces/cmake/rosidl_cmake_export_typesupport_libraries-extras.cmake
[9.854s] -- Installing: /tmp/agrobot-next-build-ybgPHn/install/epos2_bridge_interfaces/share/epos2_bridge_interfaces/cmake/rosidl_cmake_aggregate_target-extras.cmake
[9.854s] -- Installing: /tmp/agrobot-next-build-ybgPHn/install/epos2_bridge_interfaces/share/epos2_bridge_interfaces/cmake/epos2_bridge_interfacesConfig.cmake
[9.854s] -- Installing: /tmp/agrobot-next-build-ybgPHn/install/epos2_bridge_interfaces/share/epos2_bridge_interfaces/cmake/epos2_bridge_interfacesConfig-version.cmake
[9.854s] -- Installing: /tmp/agrobot-next-build-ybgPHn/install/epos2_bridge_interfaces/share/epos2_bridge_interfaces/package.xml
[9.854s] Invoked command in '/tmp/agrobot-next-build-ybgPHn/build/epos2_bridge_interfaces' returned '0': CMAKE_PREFIX_PATH=${CMAKE_PREFIX_PATH}:/opt/ros/jazzy /usr/bin/cmake --install /tmp/agrobot-next-build-ybgPHn/build/epos2_bridge_interfaces
