-- The C compiler identification is GNU 13.3.0
-- The CXX compiler identification is GNU 13.3.0
-- Detecting C compiler ABI info
-- Detecting C compiler ABI info - done
-- Check for working C compiler: /usr/bin/cc - skipped
-- Detecting C compile features
-- Detecting C compile features - done
-- Detecting CXX compiler ABI info
-- Detecting CXX compiler ABI info - done
-- Check for working CXX compiler: /usr/bin/c++ - skipped
-- Detecting CXX compile features
-- Detecting CXX compile features - done
-- Found ament_cmake: 2.5.6 (/opt/ros/jazzy/share/ament_cmake/cmake)
-- Found Python3: /usr/bin/python3 (found version "3.12.3") found components: Interpreter 
-- Found ament_cmake_ros: 0.12.1 (/opt/ros/jazzy/share/ament_cmake_ros/cmake)
-- Found canopen_base_driver: 0.3.1 (/tmp/agrobot-next-build-ybgPHn/install/canopen_base_driver/share/canopen_base_driver/cmake)
-- Found Boost: /usr/lib/x86_64-linux-gnu/cmake/Boost-1.83.0/BoostConfig.cmake (found version "1.83.0") found components: system thread 
-- Found rosidl_generator_c: 4.6.9 (/opt/ros/jazzy/share/rosidl_generator_c/cmake)
-- Found rosidl_generator_cpp: 4.6.9 (/opt/ros/jazzy/share/rosidl_generator_cpp/cmake)
-- Using all available rosidl_typesupport_c: rosidl_typesupport_fastrtps_c;rosidl_typesupport_introspection_c
-- Using all available rosidl_typesupport_cpp: rosidl_typesupport_fastrtps_cpp;rosidl_typesupport_introspection_cpp
-- Found rmw_implementation_cmake: 7.3.3 (/opt/ros/jazzy/share/rmw_implementation_cmake/cmake)
-- Found rmw_fastrtps_cpp: 8.4.4 (/opt/ros/jazzy/share/rmw_fastrtps_cpp/cmake)
-- Found OpenSSL: /usr/lib/x86_64-linux-gnu/libcrypto.so (found version "3.0.13")  
-- Found FastRTPS: /opt/ros/jazzy/include (Required is at least version "2.13") 
-- Using RMW implementation 'rmw_fastrtps_cpp' as default
-- Setting yaml-cpp_DIR to: '/opt/ros/jazzy/share/yaml_cpp_vendor/cmake/../../../opt/yaml_cpp_vendor/share/cmake/yaml-cpp'
-- Found canopen_proxy_driver: 0.3.1 (/tmp/agrobot-next-build-ybgPHn/install/canopen_proxy_driver/share/canopen_proxy_driver/cmake)
-- Found sensor_msgs: 5.3.8 (/opt/ros/jazzy/share/sensor_msgs/cmake)
-- Found gtest sources under '/opt/ros/jazzy/src/gtest_vendor': C++ tests using 'Google Test' will be built
-- Found Threads: TRUE  
-- Configuring done (2.9s)
-- Generating done (0.0s)
-- Build files have been written to: /tmp/agrobot-next-build-ybgPHn/build/canopen_402_driver
[ 29%] Building CXX object CMakeFiles/lely_motion_controller_bridge.dir/src/command.cpp.o
[ 29%] Building CXX object gtest/CMakeFiles/gtest_main.dir/src/gtest_main.cc.o
[ 29%] Building CXX object CMakeFiles/lely_motion_controller_bridge.dir/src/state.cpp.o
[ 29%] Building CXX object gtest/CMakeFiles/gtest.dir/src/gtest-all.cc.o
[ 29%] Building CXX object CMakeFiles/lely_motion_controller_bridge.dir/src/motor.cpp.o
[ 35%] Building CXX object CMakeFiles/lely_motion_controller_bridge.dir/src/default_homing_mode.cpp.o
[ 41%] Linking CXX static library libgtest_main.a
[ 41%] Built target gtest_main
[ 47%] Linking CXX static library libgtest.a
[ 47%] Built target gtest
[ 52%] Building CXX object test/CMakeFiles/test_driver_component.dir/test_driver_component.cpp.o
[ 58%] Linking CXX shared library liblely_motion_controller_bridge.so
[ 58%] Built target lely_motion_controller_bridge
[ 64%] Building CXX object CMakeFiles/node_canopen_cia402_driver.dir/src/node_interfaces/node_canopen_402_driver.cpp.o
[ 70%] Linking CXX executable test_driver_component
[ 70%] Built target test_driver_component
[ 76%] Linking CXX shared library libnode_canopen_cia402_driver.so
[ 76%] Built target node_canopen_cia402_driver
[ 88%] Building CXX object CMakeFiles/cia402_driver.dir/src/cia402_driver.cpp.o
[ 88%] Building CXX object CMakeFiles/lifecycle_cia402_driver.dir/src/lifecycle_cia402_driver.cpp.o
[ 94%] Linking CXX shared library liblifecycle_cia402_driver.so
[100%] Linking CXX shared library libcia402_driver.so
[100%] Built target lifecycle_cia402_driver
[100%] Built target cia402_driver
-- Install configuration: ""
-- Installing: /tmp/agrobot-next-build-ybgPHn/install/canopen_402_driver/include
-- Installing: /tmp/agrobot-next-build-ybgPHn/install/canopen_402_driver/include/canopen_402_driver
-- Installing: /tmp/agrobot-next-build-ybgPHn/install/canopen_402_driver/include/canopen_402_driver/node_interfaces
-- Installing: /tmp/agrobot-next-build-ybgPHn/install/canopen_402_driver/include/canopen_402_driver/node_interfaces/node_canopen_402_driver.hpp
-- Installing: /tmp/agrobot-next-build-ybgPHn/install/canopen_402_driver/include/canopen_402_driver/node_interfaces/node_canopen_402_driver_impl.hpp
-- Installing: /tmp/agrobot-next-build-ybgPHn/install/canopen_402_driver/include/canopen_402_driver/state.hpp
-- Installing: /tmp/agrobot-next-build-ybgPHn/install/canopen_402_driver/include/canopen_402_driver/base.hpp
-- Installing: /tmp/agrobot-next-build-ybgPHn/install/canopen_402_driver/include/canopen_402_driver/command.hpp
-- Installing: /tmp/agrobot-next-build-ybgPHn/install/canopen_402_driver/include/canopen_402_driver/profiled_position_mode.hpp
-- Installing: /tmp/agrobot-next-build-ybgPHn/install/canopen_402_driver/include/canopen_402_driver/cia402_driver.hpp
-- Installing: /tmp/agrobot-next-build-ybgPHn/install/canopen_402_driver/include/canopen_402_driver/lifecycle_cia402_driver.hpp
-- Installing: /tmp/agrobot-next-build-ybgPHn/install/canopen_402_driver/include/canopen_402_driver/default_homing_mode.hpp
-- Installing: /tmp/agrobot-next-build-ybgPHn/install/canopen_402_driver/include/canopen_402_driver/visibility_control.h
-- Installing: /tmp/agrobot-next-build-ybgPHn/install/canopen_402_driver/include/canopen_402_driver/mode_forward_helper.hpp
-- Installing: /tmp/agrobot-next-build-ybgPHn/install/canopen_402_driver/include/canopen_402_driver/motor.hpp
-- Installing: /tmp/agrobot-next-build-ybgPHn/install/canopen_402_driver/include/canopen_402_driver/homing_mode.hpp
-- Installing: /tmp/agrobot-next-build-ybgPHn/install/canopen_402_driver/include/canopen_402_driver/word_accessor.hpp
-- Installing: /tmp/agrobot-next-build-ybgPHn/install/canopen_402_driver/include/canopen_402_driver/mode.hpp
-- Installing: /tmp/agrobot-next-build-ybgPHn/install/canopen_402_driver/include/canopen_402_driver/mode_target_helper.hpp
-- Installing: /tmp/agrobot-next-build-ybgPHn/install/canopen_402_driver/lib/liblifecycle_cia402_driver.so
-- Set non-toolchain portion of runtime path of "/tmp/agrobot-next-build-ybgPHn/install/canopen_402_driver/lib/liblifecycle_cia402_driver.so" to ""
-- Installing: /tmp/agrobot-next-build-ybgPHn/install/canopen_402_driver/lib/libcia402_driver.so
-- Set non-toolchain portion of runtime path of "/tmp/agrobot-next-build-ybgPHn/install/canopen_402_driver/lib/libcia402_driver.so" to ""
-- Installing: /tmp/agrobot-next-build-ybgPHn/install/canopen_402_driver/lib/libnode_canopen_cia402_driver.so
-- Set non-toolchain portion of runtime path of "/tmp/agrobot-next-build-ybgPHn/install/canopen_402_driver/lib/libnode_canopen_cia402_driver.so" to ""
-- Installing: /tmp/agrobot-next-build-ybgPHn/install/canopen_402_driver/lib/liblely_motion_controller_bridge.so
-- Set non-toolchain portion of runtime path of "/tmp/agrobot-next-build-ybgPHn/install/canopen_402_driver/lib/liblely_motion_controller_bridge.so" to ""
-- Installing: /tmp/agrobot-next-build-ybgPHn/install/canopen_402_driver/share/canopen_402_driver/environment/library_path.sh
-- Installing: /tmp/agrobot-next-build-ybgPHn/install/canopen_402_driver/share/canopen_402_driver/environment/library_path.dsv
-- Installing: /tmp/agrobot-next-build-ybgPHn/install/canopen_402_driver/share/ament_index/resource_index/package_run_dependencies/canopen_402_driver
-- Installing: /tmp/agrobot-next-build-ybgPHn/install/canopen_402_driver/share/ament_index/resource_index/parent_prefix_path/canopen_402_driver
-- Installing: /tmp/agrobot-next-build-ybgPHn/install/canopen_402_driver/share/canopen_402_driver/environment/ament_prefix_path.sh
-- Installing: /tmp/agrobot-next-build-ybgPHn/install/canopen_402_driver/share/canopen_402_driver/environment/ament_prefix_path.dsv
-- Installing: /tmp/agrobot-next-build-ybgPHn/install/canopen_402_driver/share/canopen_402_driver/environment/path.sh
-- Installing: /tmp/agrobot-next-build-ybgPHn/install/canopen_402_driver/share/canopen_402_driver/environment/path.dsv
-- Installing: /tmp/agrobot-next-build-ybgPHn/install/canopen_402_driver/share/canopen_402_driver/local_setup.bash
-- Installing: /tmp/agrobot-next-build-ybgPHn/install/canopen_402_driver/share/canopen_402_driver/local_setup.sh
-- Installing: /tmp/agrobot-next-build-ybgPHn/install/canopen_402_driver/share/canopen_402_driver/local_setup.zsh
-- Installing: /tmp/agrobot-next-build-ybgPHn/install/canopen_402_driver/share/canopen_402_driver/local_setup.dsv
-- Installing: /tmp/agrobot-next-build-ybgPHn/install/canopen_402_driver/share/canopen_402_driver/package.dsv
-- Installing: /tmp/agrobot-next-build-ybgPHn/install/canopen_402_driver/share/ament_index/resource_index/packages/canopen_402_driver
-- Installing: /tmp/agrobot-next-build-ybgPHn/install/canopen_402_driver/share/ament_index/resource_index/rclcpp_components/canopen_402_driver
-- Installing: /tmp/agrobot-next-build-ybgPHn/install/canopen_402_driver/share/canopen_402_driver/cmake/export_canopen_402_driverExport.cmake
-- Installing: /tmp/agrobot-next-build-ybgPHn/install/canopen_402_driver/share/canopen_402_driver/cmake/export_canopen_402_driverExport-noconfig.cmake
-- Installing: /tmp/agrobot-next-build-ybgPHn/install/canopen_402_driver/share/canopen_402_driver/cmake/ament_cmake_export_include_directories-extras.cmake
-- Installing: /tmp/agrobot-next-build-ybgPHn/install/canopen_402_driver/share/canopen_402_driver/cmake/ament_cmake_export_libraries-extras.cmake
-- Installing: /tmp/agrobot-next-build-ybgPHn/install/canopen_402_driver/share/canopen_402_driver/cmake/ament_cmake_export_targets-extras.cmake
-- Installing: /tmp/agrobot-next-build-ybgPHn/install/canopen_402_driver/share/canopen_402_driver/cmake/ament_cmake_export_dependencies-extras.cmake
-- Installing: /tmp/agrobot-next-build-ybgPHn/install/canopen_402_driver/share/canopen_402_driver/cmake/canopen_402_driverConfig.cmake
-- Installing: /tmp/agrobot-next-build-ybgPHn/install/canopen_402_driver/share/canopen_402_driver/cmake/canopen_402_driverConfig-version.cmake
-- Installing: /tmp/agrobot-next-build-ybgPHn/install/canopen_402_driver/share/canopen_402_driver/package.xml
