[0.603s] Invoking command in '/tmp/agrobot-next-build-ybgPHn/build/canopen_402_driver': AMENT_PREFIX_PATH=/tmp/agrobot-next-build-ybgPHn/install/canopen_proxy_driver:/tmp/agrobot-next-build-ybgPHn/install/canopen_base_driver:/tmp/agrobot-next-build-ybgPHn/install/canopen_core:/tmp/agrobot-next-build-ybgPHn/install/lely_core_libraries:/tmp/agrobot-next-build-ybgPHn/install/canopen_interfaces:${AMENT_PREFIX_PATH} CMAKE_PREFIX_PATH=/tmp/agrobot-next-build-ybgPHn/install/canopen_proxy_driver:/tmp/agrobot-next-build-ybgPHn/install/canopen_base_driver:/tmp/agrobot-next-build-ybgPHn/install/canopen_core:/tmp/agrobot-next-build-ybgPHn/install/lely_core_libraries:/tmp/agrobot-next-build-ybgPHn/install/canopen_interfaces:/opt/ros/jazzy/opt/gz_sim_vendor:/opt/ros/jazzy/opt/gz_sensors_vendor:/opt/ros/jazzy/opt/gz_physics_vendor:/opt/ros/jazzy/opt/sdformat_vendor:/opt/ros/jazzy/opt/gz_gui_vendor:/opt/ros/jazzy/opt/gz_transport_vendor:/opt/ros/jazzy/opt/gz_rendering_vendor:/opt/ros/jazzy/opt/gz_plugin_vendor:/opt/ros/jazzy/opt/gz_fuel_tools_vendor:/opt/ros/jazzy/opt/gz_msgs_vendor:/opt/ros/jazzy/opt/gz_common_vendor:/opt/ros/jazzy/opt/gz_math_vendor:/opt/ros/jazzy/opt/gz_utils_vendor:/opt/ros/jazzy/opt/gz_tools_vendor:/opt/ros/jazzy/opt/gz_ogre_next_vendor:/opt/ros/jazzy/opt/gz_dartsim_vendor:/opt/ros/jazzy/opt/gz_cmake_vendor:/opt/ros/jazzy LD_LIBRARY_PATH=/tmp/agrobot-next-build-ybgPHn/install/canopen_proxy_driver/lib:/tmp/agrobot-next-build-ybgPHn/install/canopen_base_driver/lib:/tmp/agrobot-next-build-ybgPHn/install/canopen_core/lib:/tmp/agrobot-next-build-ybgPHn/install/lely_core_libraries/lib:/tmp/agrobot-next-build-ybgPHn/install/canopen_interfaces/lib:${LD_LIBRARY_PATH} PATH=/tmp/agrobot-next-build-ybgPHn/install/lely_core_libraries/bin:${PATH} PYTHONPATH=/tmp/agrobot-next-build-ybgPHn/install/lely_core_libraries/lib/python3.12/site-packages:/tmp/agrobot-next-build-ybgPHn/install/canopen_interfaces/lib/python3.12/site-packages:${PYTHONPATH} /usr/bin/cmake /home/gsylvia/agrobot-reverse-engineering/Agrobot/src/ros2_canopen/canopen_402_driver -DCMAKE_INSTALL_PREFIX=/tmp/agrobot-next-build-ybgPHn/install/canopen_402_driver
[0.723s] -- The C compiler identification is GNU 13.3.0
[1.194s] -- The CXX compiler identification is GNU 13.3.0
[1.669s] -- Detecting C compiler ABI info
[1.849s] -- Detecting C compiler ABI info - done
[1.853s] -- Check for working C compiler: /usr/bin/cc - skipped
[1.853s] -- Detecting C compile features
[1.853s] -- Detecting C compile features - done
[1.909s] -- Detecting CXX compiler ABI info
[2.125s] -- Detecting CXX compiler ABI info - done
[2.129s] -- Check for working CXX compiler: /usr/bin/c++ - skipped
[2.129s] -- Detecting CXX compile features
[2.130s] -- Detecting CXX compile features - done
[2.132s] -- Found ament_cmake: 2.5.6 (/opt/ros/jazzy/share/ament_cmake/cmake)
[2.232s] -- Found Python3: /usr/bin/python3 (found version "3.12.3") found components: Interpreter 
[2.307s] -- Found ament_cmake_ros: 0.12.1 (/opt/ros/jazzy/share/ament_cmake_ros/cmake)
[2.314s] -- Found canopen_base_driver: 0.3.1 (/tmp/agrobot-next-build-ybgPHn/install/canopen_base_driver/share/canopen_base_driver/cmake)
[2.500s] -- Found Boost: /usr/lib/x86_64-linux-gnu/cmake/Boost-1.83.0/BoostConfig.cmake (found version "1.83.0") found components: system thread 
[2.668s] -- Found rosidl_generator_c: 4.6.9 (/opt/ros/jazzy/share/rosidl_generator_c/cmake)
[2.678s] -- Found rosidl_generator_cpp: 4.6.9 (/opt/ros/jazzy/share/rosidl_generator_cpp/cmake)
[2.690s] -- Using all available rosidl_typesupport_c: rosidl_typesupport_fastrtps_c;rosidl_typesupport_introspection_c
[2.703s] -- Using all available rosidl_typesupport_cpp: rosidl_typesupport_fastrtps_cpp;rosidl_typesupport_introspection_cpp
[2.786s] -- Found rmw_implementation_cmake: 7.3.3 (/opt/ros/jazzy/share/rmw_implementation_cmake/cmake)
[2.788s] -- Found rmw_fastrtps_cpp: 8.4.4 (/opt/ros/jazzy/share/rmw_fastrtps_cpp/cmake)
[2.845s] -- Found OpenSSL: /usr/lib/x86_64-linux-gnu/libcrypto.so (found version "3.0.13")  
[3.024s] -- Found FastRTPS: /opt/ros/jazzy/include (Required is at least version "2.13") 
[3.119s] -- Using RMW implementation 'rmw_fastrtps_cpp' as default
[3.341s] -- Setting yaml-cpp_DIR to: '/opt/ros/jazzy/share/yaml_cpp_vendor/cmake/../../../opt/yaml_cpp_vendor/share/cmake/yaml-cpp'
[3.387s] -- Found canopen_proxy_driver: 0.3.1 (/tmp/agrobot-next-build-ybgPHn/install/canopen_proxy_driver/share/canopen_proxy_driver/cmake)
[3.395s] -- Found sensor_msgs: 5.3.8 (/opt/ros/jazzy/share/sensor_msgs/cmake)
[3.432s] -- Found gtest sources under '/opt/ros/jazzy/src/gtest_vendor': C++ tests using 'Google Test' will be built
[3.434s] -- Found Threads: TRUE  
[3.496s] -- Configuring done (2.9s)
[3.532s] -- Generating done (0.0s)
[3.540s] -- Build files have been written to: /tmp/agrobot-next-build-ybgPHn/build/canopen_402_driver
[3.553s] Invoked command in '/tmp/agrobot-next-build-ybgPHn/build/canopen_402_driver' returned '0': AMENT_PREFIX_PATH=/tmp/agrobot-next-build-ybgPHn/install/canopen_proxy_driver:/tmp/agrobot-next-build-ybgPHn/install/canopen_base_driver:/tmp/agrobot-next-build-ybgPHn/install/canopen_core:/tmp/agrobot-next-build-ybgPHn/install/lely_core_libraries:/tmp/agrobot-next-build-ybgPHn/install/canopen_interfaces:${AMENT_PREFIX_PATH} CMAKE_PREFIX_PATH=/tmp/agrobot-next-build-ybgPHn/install/canopen_proxy_driver:/tmp/agrobot-next-build-ybgPHn/install/canopen_base_driver:/tmp/agrobot-next-build-ybgPHn/install/canopen_core:/tmp/agrobot-next-build-ybgPHn/install/lely_core_libraries:/tmp/agrobot-next-build-ybgPHn/install/canopen_interfaces:/opt/ros/jazzy/opt/gz_sim_vendor:/opt/ros/jazzy/opt/gz_sensors_vendor:/opt/ros/jazzy/opt/gz_physics_vendor:/opt/ros/jazzy/opt/sdformat_vendor:/opt/ros/jazzy/opt/gz_gui_vendor:/opt/ros/jazzy/opt/gz_transport_vendor:/opt/ros/jazzy/opt/gz_rendering_vendor:/opt/ros/jazzy/opt/gz_plugin_vendor:/opt/ros/jazzy/opt/gz_fuel_tools_vendor:/opt/ros/jazzy/opt/gz_msgs_vendor:/opt/ros/jazzy/opt/gz_common_vendor:/opt/ros/jazzy/opt/gz_math_vendor:/opt/ros/jazzy/opt/gz_utils_vendor:/opt/ros/jazzy/opt/gz_tools_vendor:/opt/ros/jazzy/opt/gz_ogre_next_vendor:/opt/ros/jazzy/opt/gz_dartsim_vendor:/opt/ros/jazzy/opt/gz_cmake_vendor:/opt/ros/jazzy LD_LIBRARY_PATH=/tmp/agrobot-next-build-ybgPHn/install/canopen_proxy_driver/lib:/tmp/agrobot-next-build-ybgPHn/install/canopen_base_driver/lib:/tmp/agrobot-next-build-ybgPHn/install/canopen_core/lib:/tmp/agrobot-next-build-ybgPHn/install/lely_core_libraries/lib:/tmp/agrobot-next-build-ybgPHn/install/canopen_interfaces/lib:${LD_LIBRARY_PATH} PATH=/tmp/agrobot-next-build-ybgPHn/install/lely_core_libraries/bin:${PATH} PYTHONPATH=/tmp/agrobot-next-build-ybgPHn/install/lely_core_libraries/lib/python3.12/site-packages:/tmp/agrobot-next-build-ybgPHn/install/canopen_interfaces/lib/python3.12/site-packages:${PYTHONPATH} /usr/bin/cmake /home/gsylvia/agrobot-reverse-engineering/Agrobot/src/ros2_canopen/canopen_402_driver -DCMAKE_INSTALL_PREFIX=/tmp/agrobot-next-build-ybgPHn/install/canopen_402_driver
[3.554s] Invoking command in '/tmp/agrobot-next-build-ybgPHn/build/canopen_402_driver': AMENT_PREFIX_PATH=/tmp/agrobot-next-build-ybgPHn/install/canopen_proxy_driver:/tmp/agrobot-next-build-ybgPHn/install/canopen_base_driver:/tmp/agrobot-next-build-ybgPHn/install/canopen_core:/tmp/agrobot-next-build-ybgPHn/install/lely_core_libraries:/tmp/agrobot-next-build-ybgPHn/install/canopen_interfaces:${AMENT_PREFIX_PATH} CMAKE_PREFIX_PATH=/tmp/agrobot-next-build-ybgPHn/install/canopen_proxy_driver:/tmp/agrobot-next-build-ybgPHn/install/canopen_base_driver:/tmp/agrobot-next-build-ybgPHn/install/canopen_core:/tmp/agrobot-next-build-ybgPHn/install/lely_core_libraries:/tmp/agrobot-next-build-ybgPHn/install/canopen_interfaces:/opt/ros/jazzy/opt/gz_sim_vendor:/opt/ros/jazzy/opt/gz_sensors_vendor:/opt/ros/jazzy/opt/gz_physics_vendor:/opt/ros/jazzy/opt/sdformat_vendor:/opt/ros/jazzy/opt/gz_gui_vendor:/opt/ros/jazzy/opt/gz_transport_vendor:/opt/ros/jazzy/opt/gz_rendering_vendor:/opt/ros/jazzy/opt/gz_plugin_vendor:/opt/ros/jazzy/opt/gz_fuel_tools_vendor:/opt/ros/jazzy/opt/gz_msgs_vendor:/opt/ros/jazzy/opt/gz_common_vendor:/opt/ros/jazzy/opt/gz_math_vendor:/opt/ros/jazzy/opt/gz_utils_vendor:/opt/ros/jazzy/opt/gz_tools_vendor:/opt/ros/jazzy/opt/gz_ogre_next_vendor:/opt/ros/jazzy/opt/gz_dartsim_vendor:/opt/ros/jazzy/opt/gz_cmake_vendor:/opt/ros/jazzy LD_LIBRARY_PATH=/tmp/agrobot-next-build-ybgPHn/install/canopen_proxy_driver/lib:/tmp/agrobot-next-build-ybgPHn/install/canopen_base_driver/lib:/tmp/agrobot-next-build-ybgPHn/install/canopen_core/lib:/tmp/agrobot-next-build-ybgPHn/install/lely_core_libraries/lib:/tmp/agrobot-next-build-ybgPHn/install/canopen_interfaces/lib:${LD_LIBRARY_PATH} PATH=/tmp/agrobot-next-build-ybgPHn/install/lely_core_libraries/bin:${PATH} PYTHONPATH=/tmp/agrobot-next-build-ybgPHn/install/lely_core_libraries/lib/python3.12/site-packages:/tmp/agrobot-next-build-ybgPHn/install/canopen_interfaces/lib/python3.12/site-packages:${PYTHONPATH} /usr/bin/cmake --build /tmp/agrobot-next-build-ybgPHn/build/canopen_402_driver -- -j16 -l16
[3.591s] [ 29%] Building CXX object CMakeFiles/lely_motion_controller_bridge.dir/src/command.cpp.o
[3.591s] [ 29%] Building CXX object gtest/CMakeFiles/gtest_main.dir/src/gtest_main.cc.o
[3.591s] [ 29%] Building CXX object CMakeFiles/lely_motion_controller_bridge.dir/src/state.cpp.o
[3.592s] [ 29%] Building CXX object gtest/CMakeFiles/gtest.dir/src/gtest-all.cc.o
[3.592s] [ 29%] Building CXX object CMakeFiles/lely_motion_controller_bridge.dir/src/motor.cpp.o
[3.594s] [ 35%] Building CXX object CMakeFiles/lely_motion_controller_bridge.dir/src/default_homing_mode.cpp.o
[4.159s] [ 41%] Linking CXX static library libgtest_main.a
[4.186s] [ 41%] Built target gtest_main
[6.077s] [ 47%] Linking CXX static library libgtest.a
[6.125s] [ 47%] Built target gtest
[6.142s] [ 52%] Building CXX object test/CMakeFiles/test_driver_component.dir/test_driver_component.cpp.o
[8.496s] [ 58%] Linking CXX shared library liblely_motion_controller_bridge.so
[8.737s] [ 58%] Built target lely_motion_controller_bridge
[8.754s] [ 64%] Building CXX object CMakeFiles/node_canopen_cia402_driver.dir/src/node_interfaces/node_canopen_402_driver.cpp.o
[10.412s] [ 70%] Linking CXX executable test_driver_component
[10.661s] [ 70%] Built target test_driver_component
[15.908s] [ 76%] Linking CXX shared library libnode_canopen_cia402_driver.so
[16.378s] [ 76%] Built target node_canopen_cia402_driver
[16.394s] [ 88%] Building CXX object CMakeFiles/cia402_driver.dir/src/cia402_driver.cpp.o
[16.394s] [ 88%] Building CXX object CMakeFiles/lifecycle_cia402_driver.dir/src/lifecycle_cia402_driver.cpp.o
[21.282s] [ 94%] Linking CXX shared library liblifecycle_cia402_driver.so
[21.294s] [100%] Linking CXX shared library libcia402_driver.so
[21.562s] [100%] Built target lifecycle_cia402_driver
[21.566s] [100%] Built target cia402_driver
[21.576s] Invoked command in '/tmp/agrobot-next-build-ybgPHn/build/canopen_402_driver' returned '0': AMENT_PREFIX_PATH=/tmp/agrobot-next-build-ybgPHn/install/canopen_proxy_driver:/tmp/agrobot-next-build-ybgPHn/install/canopen_base_driver:/tmp/agrobot-next-build-ybgPHn/install/canopen_core:/tmp/agrobot-next-build-ybgPHn/install/lely_core_libraries:/tmp/agrobot-next-build-ybgPHn/install/canopen_interfaces:${AMENT_PREFIX_PATH} CMAKE_PREFIX_PATH=/tmp/agrobot-next-build-ybgPHn/install/canopen_proxy_driver:/tmp/agrobot-next-build-ybgPHn/install/canopen_base_driver:/tmp/agrobot-next-build-ybgPHn/install/canopen_core:/tmp/agrobot-next-build-ybgPHn/install/lely_core_libraries:/tmp/agrobot-next-build-ybgPHn/install/canopen_interfaces:/opt/ros/jazzy/opt/gz_sim_vendor:/opt/ros/jazzy/opt/gz_sensors_vendor:/opt/ros/jazzy/opt/gz_physics_vendor:/opt/ros/jazzy/opt/sdformat_vendor:/opt/ros/jazzy/opt/gz_gui_vendor:/opt/ros/jazzy/opt/gz_transport_vendor:/opt/ros/jazzy/opt/gz_rendering_vendor:/opt/ros/jazzy/opt/gz_plugin_vendor:/opt/ros/jazzy/opt/gz_fuel_tools_vendor:/opt/ros/jazzy/opt/gz_msgs_vendor:/opt/ros/jazzy/opt/gz_common_vendor:/opt/ros/jazzy/opt/gz_math_vendor:/opt/ros/jazzy/opt/gz_utils_vendor:/opt/ros/jazzy/opt/gz_tools_vendor:/opt/ros/jazzy/opt/gz_ogre_next_vendor:/opt/ros/jazzy/opt/gz_dartsim_vendor:/opt/ros/jazzy/opt/gz_cmake_vendor:/opt/ros/jazzy LD_LIBRARY_PATH=/tmp/agrobot-next-build-ybgPHn/install/canopen_proxy_driver/lib:/tmp/agrobot-next-build-ybgPHn/install/canopen_base_driver/lib:/tmp/agrobot-next-build-ybgPHn/install/canopen_core/lib:/tmp/agrobot-next-build-ybgPHn/install/lely_core_libraries/lib:/tmp/agrobot-next-build-ybgPHn/install/canopen_interfaces/lib:${LD_LIBRARY_PATH} PATH=/tmp/agrobot-next-build-ybgPHn/install/lely_core_libraries/bin:${PATH} PYTHONPATH=/tmp/agrobot-next-build-ybgPHn/install/lely_core_libraries/lib/python3.12/site-packages:/tmp/agrobot-next-build-ybgPHn/install/canopen_interfaces/lib/python3.12/site-packages:${PYTHONPATH} /usr/bin/cmake --build /tmp/agrobot-next-build-ybgPHn/build/canopen_402_driver -- -j16 -l16
[21.576s] Invoking command in '/tmp/agrobot-next-build-ybgPHn/build/canopen_402_driver': AMENT_PREFIX_PATH=/tmp/agrobot-next-build-ybgPHn/install/canopen_proxy_driver:/tmp/agrobot-next-build-ybgPHn/install/canopen_base_driver:/tmp/agrobot-next-build-ybgPHn/install/canopen_core:/tmp/agrobot-next-build-ybgPHn/install/lely_core_libraries:/tmp/agrobot-next-build-ybgPHn/install/canopen_interfaces:${AMENT_PREFIX_PATH} CMAKE_PREFIX_PATH=/tmp/agrobot-next-build-ybgPHn/install/canopen_proxy_driver:/tmp/agrobot-next-build-ybgPHn/install/canopen_base_driver:/tmp/agrobot-next-build-ybgPHn/install/canopen_core:/tmp/agrobot-next-build-ybgPHn/install/lely_core_libraries:/tmp/agrobot-next-build-ybgPHn/install/canopen_interfaces:/opt/ros/jazzy/opt/gz_sim_vendor:/opt/ros/jazzy/opt/gz_sensors_vendor:/opt/ros/jazzy/opt/gz_physics_vendor:/opt/ros/jazzy/opt/sdformat_vendor:/opt/ros/jazzy/opt/gz_gui_vendor:/opt/ros/jazzy/opt/gz_transport_vendor:/opt/ros/jazzy/opt/gz_rendering_vendor:/opt/ros/jazzy/opt/gz_plugin_vendor:/opt/ros/jazzy/opt/gz_fuel_tools_vendor:/opt/ros/jazzy/opt/gz_msgs_vendor:/opt/ros/jazzy/opt/gz_common_vendor:/opt/ros/jazzy/opt/gz_math_vendor:/opt/ros/jazzy/opt/gz_utils_vendor:/opt/ros/jazzy/opt/gz_tools_vendor:/opt/ros/jazzy/opt/gz_ogre_next_vendor:/opt/ros/jazzy/opt/gz_dartsim_vendor:/opt/ros/jazzy/opt/gz_cmake_vendor:/opt/ros/jazzy LD_LIBRARY_PATH=/tmp/agrobot-next-build-ybgPHn/install/canopen_proxy_driver/lib:/tmp/agrobot-next-build-ybgPHn/install/canopen_base_driver/lib:/tmp/agrobot-next-build-ybgPHn/install/canopen_core/lib:/tmp/agrobot-next-build-ybgPHn/install/lely_core_libraries/lib:/tmp/agrobot-next-build-ybgPHn/install/canopen_interfaces/lib:${LD_LIBRARY_PATH} PATH=/tmp/agrobot-next-build-ybgPHn/install/lely_core_libraries/bin:${PATH} PYTHONPATH=/tmp/agrobot-next-build-ybgPHn/install/lely_core_libraries/lib/python3.12/site-packages:/tmp/agrobot-next-build-ybgPHn/install/canopen_interfaces/lib/python3.12/site-packages:${PYTHONPATH} /usr/bin/cmake --install /tmp/agrobot-next-build-ybgPHn/build/canopen_402_driver
[21.582s] -- Install configuration: ""
[21.583s] -- Installing: /tmp/agrobot-next-build-ybgPHn/install/canopen_402_driver/include
[21.583s] -- Installing: /tmp/agrobot-next-build-ybgPHn/install/canopen_402_driver/include/canopen_402_driver
[21.583s] -- Installing: /tmp/agrobot-next-build-ybgPHn/install/canopen_402_driver/include/canopen_402_driver/node_interfaces
[21.583s] -- Installing: /tmp/agrobot-next-build-ybgPHn/install/canopen_402_driver/include/canopen_402_driver/node_interfaces/node_canopen_402_driver.hpp
[21.583s] -- Installing: /tmp/agrobot-next-build-ybgPHn/install/canopen_402_driver/include/canopen_402_driver/node_interfaces/node_canopen_402_driver_impl.hpp
[21.584s] -- Installing: /tmp/agrobot-next-build-ybgPHn/install/canopen_402_driver/include/canopen_402_driver/state.hpp
[21.584s] -- Installing: /tmp/agrobot-next-build-ybgPHn/install/canopen_402_driver/include/canopen_402_driver/base.hpp
[21.584s] -- Installing: /tmp/agrobot-next-build-ybgPHn/install/canopen_402_driver/include/canopen_402_driver/command.hpp
[21.584s] -- Installing: /tmp/agrobot-next-build-ybgPHn/install/canopen_402_driver/include/canopen_402_driver/profiled_position_mode.hpp
[21.584s] -- Installing: /tmp/agrobot-next-build-ybgPHn/install/canopen_402_driver/include/canopen_402_driver/cia402_driver.hpp
[21.584s] -- Installing: /tmp/agrobot-next-build-ybgPHn/install/canopen_402_driver/include/canopen_402_driver/lifecycle_cia402_driver.hpp
[21.584s] -- Installing: /tmp/agrobot-next-build-ybgPHn/install/canopen_402_driver/include/canopen_402_driver/default_homing_mode.hpp
[21.584s] -- Installing: /tmp/agrobot-next-build-ybgPHn/install/canopen_402_driver/include/canopen_402_driver/visibility_control.h
[21.584s] -- Installing: /tmp/agrobot-next-build-ybgPHn/install/canopen_402_driver/include/canopen_402_driver/mode_forward_helper.hpp
[21.584s] -- Installing: /tmp/agrobot-next-build-ybgPHn/install/canopen_402_driver/include/canopen_402_driver/motor.hpp
[21.584s] -- Installing: /tmp/agrobot-next-build-ybgPHn/install/canopen_402_driver/include/canopen_402_driver/homing_mode.hpp
[21.584s] -- Installing: /tmp/agrobot-next-build-ybgPHn/install/canopen_402_driver/include/canopen_402_driver/word_accessor.hpp
[21.584s] -- Installing: /tmp/agrobot-next-build-ybgPHn/install/canopen_402_driver/include/canopen_402_driver/mode.hpp
[21.584s] -- Installing: /tmp/agrobot-next-build-ybgPHn/install/canopen_402_driver/include/canopen_402_driver/mode_target_helper.hpp
[21.584s] -- Installing: /tmp/agrobot-next-build-ybgPHn/install/canopen_402_driver/lib/liblifecycle_cia402_driver.so
[21.584s] -- Set non-toolchain portion of runtime path of "/tmp/agrobot-next-build-ybgPHn/install/canopen_402_driver/lib/liblifecycle_cia402_driver.so" to ""
[21.584s] -- Installing: /tmp/agrobot-next-build-ybgPHn/install/canopen_402_driver/lib/libcia402_driver.so
[21.585s] -- Set non-toolchain portion of runtime path of "/tmp/agrobot-next-build-ybgPHn/install/canopen_402_driver/lib/libcia402_driver.so" to ""
[21.585s] -- Installing: /tmp/agrobot-next-build-ybgPHn/install/canopen_402_driver/lib/libnode_canopen_cia402_driver.so
[21.587s] -- Set non-toolchain portion of runtime path of "/tmp/agrobot-next-build-ybgPHn/install/canopen_402_driver/lib/libnode_canopen_cia402_driver.so" to ""
[21.587s] -- Installing: /tmp/agrobot-next-build-ybgPHn/install/canopen_402_driver/lib/liblely_motion_controller_bridge.so
[21.588s] -- Set non-toolchain portion of runtime path of "/tmp/agrobot-next-build-ybgPHn/install/canopen_402_driver/lib/liblely_motion_controller_bridge.so" to ""
[21.588s] -- Installing: /tmp/agrobot-next-build-ybgPHn/install/canopen_402_driver/share/canopen_402_driver/environment/library_path.sh
[21.589s] -- Installing: /tmp/agrobot-next-build-ybgPHn/install/canopen_402_driver/share/canopen_402_driver/environment/library_path.dsv
[21.589s] -- Installing: /tmp/agrobot-next-build-ybgPHn/install/canopen_402_driver/share/ament_index/resource_index/package_run_dependencies/canopen_402_driver
[21.589s] -- Installing: /tmp/agrobot-next-build-ybgPHn/install/canopen_402_driver/share/ament_index/resource_index/parent_prefix_path/canopen_402_driver
[21.589s] -- Installing: /tmp/agrobot-next-build-ybgPHn/install/canopen_402_driver/share/canopen_402_driver/environment/ament_prefix_path.sh
[21.589s] -- Installing: /tmp/agrobot-next-build-ybgPHn/install/canopen_402_driver/share/canopen_402_driver/environment/ament_prefix_path.dsv
[21.589s] -- Installing: /tmp/agrobot-next-build-ybgPHn/install/canopen_402_driver/share/canopen_402_driver/environment/path.sh
[21.589s] -- Installing: /tmp/agrobot-next-build-ybgPHn/install/canopen_402_driver/share/canopen_402_driver/environment/path.dsv
[21.589s] -- Installing: /tmp/agrobot-next-build-ybgPHn/install/canopen_402_driver/share/canopen_402_driver/local_setup.bash
[21.589s] -- Installing: /tmp/agrobot-next-build-ybgPHn/install/canopen_402_driver/share/canopen_402_driver/local_setup.sh
[21.590s] -- Installing: /tmp/agrobot-next-build-ybgPHn/install/canopen_402_driver/share/canopen_402_driver/local_setup.zsh
[21.590s] -- Installing: /tmp/agrobot-next-build-ybgPHn/install/canopen_402_driver/share/canopen_402_driver/local_setup.dsv
[21.590s] -- Installing: /tmp/agrobot-next-build-ybgPHn/install/canopen_402_driver/share/canopen_402_driver/package.dsv
[21.590s] -- Installing: /tmp/agrobot-next-build-ybgPHn/install/canopen_402_driver/share/ament_index/resource_index/packages/canopen_402_driver
[21.590s] -- Installing: /tmp/agrobot-next-build-ybgPHn/install/canopen_402_driver/share/ament_index/resource_index/rclcpp_components/canopen_402_driver
[21.590s] -- Installing: /tmp/agrobot-next-build-ybgPHn/install/canopen_402_driver/share/canopen_402_driver/cmake/export_canopen_402_driverExport.cmake
[21.590s] -- Installing: /tmp/agrobot-next-build-ybgPHn/install/canopen_402_driver/share/canopen_402_driver/cmake/export_canopen_402_driverExport-noconfig.cmake
[21.590s] -- Installing: /tmp/agrobot-next-build-ybgPHn/install/canopen_402_driver/share/canopen_402_driver/cmake/ament_cmake_export_include_directories-extras.cmake
[21.590s] -- Installing: /tmp/agrobot-next-build-ybgPHn/install/canopen_402_driver/share/canopen_402_driver/cmake/ament_cmake_export_libraries-extras.cmake
[21.590s] -- Installing: /tmp/agrobot-next-build-ybgPHn/install/canopen_402_driver/share/canopen_402_driver/cmake/ament_cmake_export_targets-extras.cmake
[21.590s] -- Installing: /tmp/agrobot-next-build-ybgPHn/install/canopen_402_driver/share/canopen_402_driver/cmake/ament_cmake_export_dependencies-extras.cmake
[21.590s] -- Installing: /tmp/agrobot-next-build-ybgPHn/install/canopen_402_driver/share/canopen_402_driver/cmake/canopen_402_driverConfig.cmake
[21.591s] -- Installing: /tmp/agrobot-next-build-ybgPHn/install/canopen_402_driver/share/canopen_402_driver/cmake/canopen_402_driverConfig-version.cmake
[21.591s] -- Installing: /tmp/agrobot-next-build-ybgPHn/install/canopen_402_driver/share/canopen_402_driver/package.xml
[21.593s] Invoked command in '/tmp/agrobot-next-build-ybgPHn/build/canopen_402_driver' returned '0': AMENT_PREFIX_PATH=/tmp/agrobot-next-build-ybgPHn/install/canopen_proxy_driver:/tmp/agrobot-next-build-ybgPHn/install/canopen_base_driver:/tmp/agrobot-next-build-ybgPHn/install/canopen_core:/tmp/agrobot-next-build-ybgPHn/install/lely_core_libraries:/tmp/agrobot-next-build-ybgPHn/install/canopen_interfaces:${AMENT_PREFIX_PATH} CMAKE_PREFIX_PATH=/tmp/agrobot-next-build-ybgPHn/install/canopen_proxy_driver:/tmp/agrobot-next-build-ybgPHn/install/canopen_base_driver:/tmp/agrobot-next-build-ybgPHn/install/canopen_core:/tmp/agrobot-next-build-ybgPHn/install/lely_core_libraries:/tmp/agrobot-next-build-ybgPHn/install/canopen_interfaces:/opt/ros/jazzy/opt/gz_sim_vendor:/opt/ros/jazzy/opt/gz_sensors_vendor:/opt/ros/jazzy/opt/gz_physics_vendor:/opt/ros/jazzy/opt/sdformat_vendor:/opt/ros/jazzy/opt/gz_gui_vendor:/opt/ros/jazzy/opt/gz_transport_vendor:/opt/ros/jazzy/opt/gz_rendering_vendor:/opt/ros/jazzy/opt/gz_plugin_vendor:/opt/ros/jazzy/opt/gz_fuel_tools_vendor:/opt/ros/jazzy/opt/gz_msgs_vendor:/opt/ros/jazzy/opt/gz_common_vendor:/opt/ros/jazzy/opt/gz_math_vendor:/opt/ros/jazzy/opt/gz_utils_vendor:/opt/ros/jazzy/opt/gz_tools_vendor:/opt/ros/jazzy/opt/gz_ogre_next_vendor:/opt/ros/jazzy/opt/gz_dartsim_vendor:/opt/ros/jazzy/opt/gz_cmake_vendor:/opt/ros/jazzy LD_LIBRARY_PATH=/tmp/agrobot-next-build-ybgPHn/install/canopen_proxy_driver/lib:/tmp/agrobot-next-build-ybgPHn/install/canopen_base_driver/lib:/tmp/agrobot-next-build-ybgPHn/install/canopen_core/lib:/tmp/agrobot-next-build-ybgPHn/install/lely_core_libraries/lib:/tmp/agrobot-next-build-ybgPHn/install/canopen_interfaces/lib:${LD_LIBRARY_PATH} PATH=/tmp/agrobot-next-build-ybgPHn/install/lely_core_libraries/bin:${PATH} PYTHONPATH=/tmp/agrobot-next-build-ybgPHn/install/lely_core_libraries/lib/python3.12/site-packages:/tmp/agrobot-next-build-ybgPHn/install/canopen_interfaces/lib/python3.12/site-packages:${PYTHONPATH} /usr/bin/cmake --install /tmp/agrobot-next-build-ybgPHn/build/canopen_402_driver
