-- The C compiler identification is GNU 13.3.0
-- The CXX compiler identification is GNU 13.3.0
-- Detecting C compiler ABI info
-- Detecting C compiler ABI info - done
-- Check for working C compiler: /usr/bin/cc - skipped
-- Detecting C compile features
-- Detecting C compile features - done
-- Detecting CXX compiler ABI info
-- Detecting CXX compiler ABI info - done
-- Check for working CXX compiler: /usr/bin/c++ - skipped
-- Detecting CXX compile features
-- Detecting CXX compile features - done
-- Found ament_cmake: 2.5.6 (/opt/ros/jazzy/share/ament_cmake/cmake)
-- Found Python3: /usr/bin/python3 (found version "3.12.3") found components: Interpreter 
-- Found canopen_402_driver: 0.3.1 (/tmp/agrobot-next-build-ybgPHn/install/canopen_402_driver/share/canopen_402_driver/cmake)
-- Found Boost: /usr/lib/x86_64-linux-gnu/cmake/Boost-1.83.0/BoostConfig.cmake (found version "1.83.0") found components: system thread 
-- Found rosidl_generator_c: 4.6.9 (/opt/ros/jazzy/share/rosidl_generator_c/cmake)
-- Found rosidl_generator_cpp: 4.6.9 (/opt/ros/jazzy/share/rosidl_generator_cpp/cmake)
-- Using all available rosidl_typesupport_c: rosidl_typesupport_fastrtps_c;rosidl_typesupport_introspection_c
-- Using all available rosidl_typesupport_cpp: rosidl_typesupport_fastrtps_cpp;rosidl_typesupport_introspection_cpp
-- Found rmw_implementation_cmake: 7.3.3 (/opt/ros/jazzy/share/rmw_implementation_cmake/cmake)
-- Found rmw_fastrtps_cpp: 8.4.4 (/opt/ros/jazzy/share/rmw_fastrtps_cpp/cmake)
-- Found OpenSSL: /usr/lib/x86_64-linux-gnu/libcrypto.so (found version "3.0.13")  
-- Found FastRTPS: /opt/ros/jazzy/include (Required is at least version "2.13") 
-- Using RMW implementation 'rmw_fastrtps_cpp' as default
-- Setting yaml-cpp_DIR to: '/opt/ros/jazzy/share/yaml_cpp_vendor/cmake/../../../opt/yaml_cpp_vendor/share/cmake/yaml-cpp'
-- Found controller_interface: 4.48.0 (/opt/ros/jazzy/share/controller_interface/cmake)
-- Found Boost: /usr/lib/x86_64-linux-gnu/cmake/Boost-1.83.0/BoostConfig.cmake (found version "1.83.0")  
-- Found controller_manager: 4.48.0 (/opt/ros/jazzy/share/controller_manager/cmake)
CMake Deprecation Warning at /opt/ros/jazzy/share/tl_expected/cmake/tl_expectedConfig.cmake:37 (message):
  Package 'tl_expected' is deprecated (This package will be removed in ROS 2
  Lyrical Luth.

        Use tl/expected.hpp from libexpected-dev,
        or rcpputils/tl_expected/expected.hpp if the system header is not available)
Call Stack (most recent call first):
  /opt/ros/jazzy/share/parameter_traits/cmake/ament_cmake_export_dependencies-extras.cmake:21 (find_package)
  /opt/ros/jazzy/share/parameter_traits/cmake/parameter_traitsConfig.cmake:41 (include)
  /opt/ros/jazzy/share/controller_manager/cmake/ament_cmake_export_dependencies-extras.cmake:21 (find_package)
  /opt/ros/jazzy/share/controller_manager/cmake/controller_managerConfig.cmake:41 (include)
  CMakeLists.txt:22 (find_package)


-- Configuring done (3.5s)
-- Generating done (0.0s)
-- Build files have been written to: /tmp/agrobot-next-build-ybgPHn/build/canopen_ros2_controllers
[ 66%] Building CXX object CMakeFiles/canopen_ros2_controllers.dir/src/cia402_device_controller.cpp.o
[ 66%] Building CXX object CMakeFiles/canopen_ros2_controllers.dir/src/canopen_proxy_controller.cpp.o
In file included from /home/gsylvia/agrobot-reverse-engineering/Agrobot/src/ros2_canopen/canopen_ros2_controllers/src/cia402_device_controller.cpp:15:
/home/gsylvia/agrobot-reverse-engineering/Agrobot/src/ros2_canopen/canopen_ros2_controllers/include/canopen_ros2_controllers/cia402_device_controller.hpp: In lambda function:
/home/gsylvia/agrobot-reverse-engineering/Agrobot/src/ros2_canopen/canopen_ros2_controllers/include/canopen_ros2_controllers/cia402_device_controller.hpp:100:45: warning: ignoring return value of ‘bool hardware_interface::LoanedCommandInterface::set_value(const T&, unsigned int) [with T = double]’, declared with attribute ‘nodiscard’ [-Wunused-result]
  100 |           command_interfaces_[cmd].set_value(kCommandValue);
      |           ~~~~~~~~~~~~~~~~~~~~~~~~~~~~~~~~~~^~~~~~~~~~~~~~~
In file included from /opt/ros/jazzy/include/controller_interface/controller_interface/controller_interface_base.hpp:29,
                 from /opt/ros/jazzy/include/controller_interface/controller_interface/controller_interface.hpp:21,
                 from /home/gsylvia/agrobot-reverse-engineering/Agrobot/src/ros2_canopen/canopen_ros2_controllers/include/canopen_ros2_controllers/canopen_proxy_controller.hpp:26,
                 from /home/gsylvia/agrobot-reverse-engineering/Agrobot/src/ros2_canopen/canopen_ros2_controllers/include/canopen_ros2_controllers/cia402_device_controller.hpp:19:
/opt/ros/jazzy/include/hardware_interface/hardware_interface/loaned_command_interface.hpp:117:22: note: declared here
  117 |   [[nodiscard]] bool set_value(const T & value, unsigned int max_tries = 10)
      |                      ^~~~~~~~~
/home/gsylvia/agrobot-reverse-engineering/Agrobot/src/ros2_canopen/canopen_ros2_controllers/include/canopen_ros2_controllers/cia402_device_controller.hpp:102:63: warning: ‘double hardware_interface::LoanedCommandInterface::get_value() const’ is deprecated: Use std::optional<T> get_optional() instead to retrieve the value. This method will be removed by the ROS 2 Kilted Kaiju release. [-Wdeprecated-declarations]
  102 |           while (std::isnan(command_interfaces_[fbk].get_value()) && rclcpp::ok())
      |                             ~~~~~~~~~~~~~~~~~~~~~~~~~~~~~~~~~~^~
/opt/ros/jazzy/include/hardware_interface/hardware_interface/loaned_command_interface.hpp:138:10: note: declared here
  138 |   double get_value() const
      |          ^~~~~~~~~
/home/gsylvia/agrobot-reverse-engineering/Agrobot/src/ros2_canopen/canopen_ros2_controllers/include/canopen_ros2_controllers/cia402_device_controller.hpp:108:83: warning: ‘double hardware_interface::LoanedCommandInterface::get_value() const’ is deprecated: Use std::optional<T> get_optional() instead to retrieve the value. This method will be removed by the ROS 2 Kilted Kaiju release. [-Wdeprecated-declarations]
  108 |           response->success = static_cast<bool>(command_interfaces_[fbk].get_value());
      |                                                 ~~~~~~~~~~~~~~~~~~~~~~~~~~~~~~~~~~^~
/opt/ros/jazzy/include/hardware_interface/hardware_interface/loaned_command_interface.hpp:138:10: note: declared here
  138 |   double get_value() const
      |          ^~~~~~~~~
/home/gsylvia/agrobot-reverse-engineering/Agrobot/src/ros2_canopen/canopen_ros2_controllers/include/canopen_ros2_controllers/cia402_device_controller.hpp:110:45: warning: ignoring return value of ‘bool hardware_interface::LoanedCommandInterface::set_value(const T&, unsigned int) [with T = double]’, declared with attribute ‘nodiscard’ [-Wunused-result]
  110 |           command_interfaces_[fbk].set_value(std::numeric_limits<double>::quiet_NaN());
      |           ~~~~~~~~~~~~~~~~~~~~~~~~~~~~~~~~~~^~~~~~~~~~~~~~~~~~~~~~~~~~~~~~~~~~~~~~~~~~
/opt/ros/jazzy/include/hardware_interface/hardware_interface/loaned_command_interface.hpp:117:22: note: declared here
  117 |   [[nodiscard]] bool set_value(const T & value, unsigned int max_tries = 10)
      |                      ^~~~~~~~~
/home/gsylvia/agrobot-reverse-engineering/Agrobot/src/ros2_canopen/canopen_ros2_controllers/include/canopen_ros2_controllers/cia402_device_controller.hpp:111:45: warning: ignoring return value of ‘bool hardware_interface::LoanedCommandInterface::set_value(const T&, unsigned int) [with T = double]’, declared with attribute ‘nodiscard’ [-Wunused-result]
  111 |           command_interfaces_[cmd].set_value(std::numeric_limits<double>::quiet_NaN());
      |           ~~~~~~~~~~~~~~~~~~~~~~~~~~~~~~~~~~^~~~~~~~~~~~~~~~~~~~~~~~~~~~~~~~~~~~~~~~~~
/opt/ros/jazzy/include/hardware_interface/hardware_interface/loaned_command_interface.hpp:117:22: note: declared here
  117 |   [[nodiscard]] bool set_value(const T & value, unsigned int max_tries = 10)
      |                      ^~~~~~~~~
/home/gsylvia/agrobot-reverse-engineering/Agrobot/src/ros2_canopen/canopen_ros2_controllers/src/canopen_proxy_controller.cpp: In lambda function:
/home/gsylvia/agrobot-reverse-engineering/Agrobot/src/ros2_canopen/canopen_ros2_controllers/src/canopen_proxy_controller.cpp:141:64: warning: ignoring return value of ‘bool hardware_interface::LoanedCommandInterface::set_value(const T&, unsigned int) [with T = double]’, declared with attribute ‘nodiscard’ [-Wunused-result]
  141 |     command_interfaces_[CommandInterfaces::NMT_RESET].set_value(kCommandValue);
      |     ~~~~~~~~~~~~~~~~~~~~~~~~~~~~~~~~~~~~~~~~~~~~~~~~~~~~~~~~~~~^~~~~~~~~~~~~~~
In file included from /opt/ros/jazzy/include/controller_interface/controller_interface/controller_interface_base.hpp:29,
                 from /opt/ros/jazzy/include/controller_interface/controller_interface/controller_interface.hpp:21,
                 from /home/gsylvia/agrobot-reverse-engineering/Agrobot/src/ros2_canopen/canopen_ros2_controllers/include/canopen_ros2_controllers/canopen_proxy_controller.hpp:26,
                 from /home/gsylvia/agrobot-reverse-engineering/Agrobot/src/ros2_canopen/canopen_ros2_controllers/src/canopen_proxy_controller.cpp:15:
/opt/ros/jazzy/include/hardware_interface/hardware_interface/loaned_command_interface.hpp:117:22: note: declared here
  117 |   [[nodiscard]] bool set_value(const T & value, unsigned int max_tries = 10)
      |                      ^~~~~~~~~
/home/gsylvia/agrobot-reverse-engineering/Agrobot/src/ros2_canopen/canopen_ros2_controllers/src/canopen_proxy_controller.cpp:143:83: warning: ‘double hardware_interface::LoanedCommandInterface::get_value() const’ is deprecated: Use std::optional<T> get_optional() instead to retrieve the value. This method will be removed by the ROS 2 Kilted Kaiju release. [-Wdeprecated-declarations]
  143 |     while (!std::isnan(command_interfaces_[CommandInterfaces::NMT_RESET].get_value()))
      |                        ~~~~~~~~~~~~~~~~~~~~~~~~~~~~~~~~~~~~~~~~~~~~~~~~~~~~~~~~~~~^~
/opt/ros/jazzy/include/hardware_interface/hardware_interface/loaned_command_interface.hpp:138:10: note: declared here
  138 |   double get_value() const
      |          ^~~~~~~~~
/home/gsylvia/agrobot-reverse-engineering/Agrobot/src/ros2_canopen/canopen_ros2_controllers/src/canopen_proxy_controller.cpp:150:88: warning: ‘double hardware_interface::LoanedCommandInterface::get_value() const’ is deprecated: Use std::optional<T> get_optional() instead to retrieve the value. This method will be removed by the ROS 2 Kilted Kaiju release. [-Wdeprecated-declarations]
  150 |       static_cast<bool>(command_interfaces_[CommandInterfaces::NMT_RESET_FBK].get_value());
      |                         ~~~~~~~~~~~~~~~~~~~~~~~~~~~~~~~~~~~~~~~~~~~~~~~~~~~~~~~~~~~~~~~^~
/opt/ros/jazzy/include/hardware_interface/hardware_interface/loaned_command_interface.hpp:138:10: note: declared here
  138 |   double get_value() const
      |          ^~~~~~~~~
/home/gsylvia/agrobot-reverse-engineering/Agrobot/src/ros2_canopen/canopen_ros2_controllers/src/canopen_proxy_controller.cpp:152:68: warning: ignoring return value of ‘bool hardware_interface::LoanedCommandInterface::set_value(const T&, unsigned int) [with T = double]’, declared with attribute ‘nodiscard’ [-Wunused-result]
  152 |     command_interfaces_[CommandInterfaces::NMT_RESET_FBK].set_value(
      |     ~~~~~~~~~~~~~~~~~~~~~~~~~~~~~~~~~~~~~~~~~~~~~~~~~~~~~~~~~~~~~~~^
  153 |       std::numeric_limits<double>::quiet_NaN());
      |       ~~~~~~~~~~~~~~~~~~~~~~~~~~~~~~~~~~~~~~~~~                     
/opt/ros/jazzy/include/hardware_interface/hardware_interface/loaned_command_interface.hpp:117:22: note: declared here
  117 |   [[nodiscard]] bool set_value(const T & value, unsigned int max_tries = 10)
      |                      ^~~~~~~~~
/home/gsylvia/agrobot-reverse-engineering/Agrobot/src/ros2_canopen/canopen_ros2_controllers/src/canopen_proxy_controller.cpp: In lambda function:
/home/gsylvia/agrobot-reverse-engineering/Agrobot/src/ros2_canopen/canopen_ros2_controllers/src/canopen_proxy_controller.cpp:166:64: warning: ignoring return value of ‘bool hardware_interface::LoanedCommandInterface::set_value(const T&, unsigned int) [with T = double]’, declared with attribute ‘nodiscard’ [-Wunused-result]
  166 |     command_interfaces_[CommandInterfaces::NMT_START].set_value(kCommandValue);
      |     ~~~~~~~~~~~~~~~~~~~~~~~~~~~~~~~~~~~~~~~~~~~~~~~~~~~~~~~~~~~^~~~~~~~~~~~~~~
/opt/ros/jazzy/include/hardware_interface/hardware_interface/loaned_command_interface.hpp:117:22: note: declared here
  117 |   [[nodiscard]] bool set_value(const T & value, unsigned int max_tries = 10)
      |                      ^~~~~~~~~
/home/gsylvia/agrobot-reverse-engineering/Agrobot/src/ros2_canopen/canopen_ros2_controllers/src/canopen_proxy_controller.cpp:168:83: warning: ‘double hardware_interface::LoanedCommandInterface::get_value() const’ is deprecated: Use std::optional<T> get_optional() instead to retrieve the value. This method will be removed by the ROS 2 Kilted Kaiju release. [-Wdeprecated-declarations]
  168 |     while (!std::isnan(command_interfaces_[CommandInterfaces::NMT_START].get_value()))
      |                        ~~~~~~~~~~~~~~~~~~~~~~~~~~~~~~~~~~~~~~~~~~~~~~~~~~~~~~~~~~~^~
/opt/ros/jazzy/include/hardware_interface/hardware_interface/loaned_command_interface.hpp:138:10: note: declared here
  138 |   double get_value() const
      |          ^~~~~~~~~
/home/gsylvia/agrobot-reverse-engineering/Agrobot/src/ros2_canopen/canopen_ros2_controllers/src/canopen_proxy_controller.cpp:175:88: warning: ‘double hardware_interface::LoanedCommandInterface::get_value() const’ is deprecated: Use std::optional<T> get_optional() instead to retrieve the value. This method will be removed by the ROS 2 Kilted Kaiju release. [-Wdeprecated-declarations]
  175 |       static_cast<bool>(command_interfaces_[CommandInterfaces::NMT_START_FBK].get_value());
      |                         ~~~~~~~~~~~~~~~~~~~~~~~~~~~~~~~~~~~~~~~~~~~~~~~~~~~~~~~~~~~~~~~^~
/opt/ros/jazzy/include/hardware_interface/hardware_interface/loaned_command_interface.hpp:138:10: note: declared here
  138 |   double get_value() const
      |          ^~~~~~~~~
/home/gsylvia/agrobot-reverse-engineering/Agrobot/src/ros2_canopen/canopen_ros2_controllers/src/canopen_proxy_controller.cpp:177:68: warning: ignoring return value of ‘bool hardware_interface::LoanedCommandInterface::set_value(const T&, unsigned int) [with T = double]’, declared with attribute ‘nodiscard’ [-Wunused-result]
  177 |     command_interfaces_[CommandInterfaces::NMT_START_FBK].set_value(
      |     ~~~~~~~~~~~~~~~~~~~~~~~~~~~~~~~~~~~~~~~~~~~~~~~~~~~~~~~~~~~~~~~^
  178 |       std::numeric_limits<double>::quiet_NaN());
      |       ~~~~~~~~~~~~~~~~~~~~~~~~~~~~~~~~~~~~~~~~~                     
/opt/ros/jazzy/include/hardware_interface/hardware_interface/loaned_command_interface.hpp:117:22: note: declared here
  117 |   [[nodiscard]] bool set_value(const T & value, unsigned int max_tries = 10)
      |                      ^~~~~~~~~
/home/gsylvia/agrobot-reverse-engineering/Agrobot/src/ros2_canopen/canopen_ros2_controllers/src/canopen_proxy_controller.cpp: In member function ‘virtual controller_interface::CallbackReturn canopen_ros2_controllers::CanopenProxyController::on_deactivate(const rclcpp_lifecycle::State&)’:
/home/gsylvia/agrobot-reverse-engineering/Agrobot/src/ros2_canopen/canopen_ros2_controllers/src/canopen_proxy_controller.cpp:257:37: warning: ignoring return value of ‘bool hardware_interface::LoanedCommandInterface::set_value(const T&, unsigned int) [with T = double]’, declared with attribute ‘nodiscard’ [-Wunused-result]
  257 |     command_interfaces_[i].set_value(std::numeric_limits<double>::quiet_NaN());
      |     ~~~~~~~~~~~~~~~~~~~~~~~~~~~~~~~~^~~~~~~~~~~~~~~~~~~~~~~~~~~~~~~~~~~~~~~~~~
/opt/ros/jazzy/include/hardware_interface/hardware_interface/loaned_command_interface.hpp:117:22: note: declared here
  117 |   [[nodiscard]] bool set_value(const T & value, unsigned int max_tries = 10)
      |                      ^~~~~~~~~
/home/gsylvia/agrobot-reverse-engineering/Agrobot/src/ros2_canopen/canopen_ros2_controllers/src/canopen_proxy_controller.cpp: In member function ‘virtual controller_interface::return_type canopen_ros2_controllers::CanopenProxyController::update(const rclcpp::Time&, const rclcpp::Duration&)’:
/home/gsylvia/agrobot-reverse-engineering/Agrobot/src/ros2_canopen/canopen_ros2_controllers/src/canopen_proxy_controller.cpp:269:94: warning: ‘double hardware_interface::LoanedStateInterface::get_value() const’ is deprecated: Use std::optional<T> get_optional() instead to retrieve the value. This method will be removed by the ROS 2 Kilted Kaiju release. [-Wdeprecated-declarations]
  269 |     auto nmt_state = static_cast<int>(state_interfaces_[StateInterfaces::NMT_STATE].get_value());
      |                                       ~~~~~~~~~~~~~~~~~~~~~~~~~~~~~~~~~~~~~~~~~~~~~~~~~~~~~~~^~
In file included from /opt/ros/jazzy/include/controller_interface/controller_interface/controller_interface_base.hpp:30:
/opt/ros/jazzy/include/hardware_interface/hardware_interface/loaned_state_interface.hpp:98:10: note: declared here
   98 |   double get_value() const
      |          ^~~~~~~~~
/home/gsylvia/agrobot-reverse-engineering/Agrobot/src/ros2_canopen/canopen_ros2_controllers/src/canopen_proxy_controller.cpp:313:85: warning: ‘double hardware_interface::LoanedStateInterface::get_value() const’ is deprecated: Use std::optional<T> get_optional() instead to retrieve the value. This method will be removed by the ROS 2 Kilted Kaiju release. [-Wdeprecated-declarations]
  313 |       static_cast<uint16_t>(state_interfaces_[StateInterfaces::RPDO_INDEX].get_value());
      |                             ~~~~~~~~~~~~~~~~~~~~~~~~~~~~~~~~~~~~~~~~~~~~~~~~~~~~~~~~^~
/opt/ros/jazzy/include/hardware_interface/hardware_interface/loaned_state_interface.hpp:98:10: note: declared here
   98 |   double get_value() const
      |          ^~~~~~~~~
/home/gsylvia/agrobot-reverse-engineering/Agrobot/src/ros2_canopen/canopen_ros2_controllers/src/canopen_proxy_controller.cpp:315:87: warning: ‘double hardware_interface::LoanedStateInterface::get_value() const’ is deprecated: Use std::optional<T> get_optional() instead to retrieve the value. This method will be removed by the ROS 2 Kilted Kaiju release. [-Wdeprecated-declarations]
  315 |       static_cast<uint8_t>(state_interfaces_[StateInterfaces::RPDO_SUBINDEX].get_value());
      |                            ~~~~~~~~~~~~~~~~~~~~~~~~~~~~~~~~~~~~~~~~~~~~~~~~~~~~~~~~~~~^~
/opt/ros/jazzy/include/hardware_interface/hardware_interface/loaned_state_interface.hpp:98:10: note: declared here
   98 |   double get_value() const
      |          ^~~~~~~~~
/home/gsylvia/agrobot-reverse-engineering/Agrobot/src/ros2_canopen/canopen_ros2_controllers/src/canopen_proxy_controller.cpp:317:84: warning: ‘double hardware_interface::LoanedStateInterface::get_value() const’ is deprecated: Use std::optional<T> get_optional() instead to retrieve the value. This method will be removed by the ROS 2 Kilted Kaiju release. [-Wdeprecated-declarations]
  317 |       static_cast<uint32_t>(state_interfaces_[StateInterfaces::RPDO_DATA].get_value());
      |                             ~~~~~~~~~~~~~~~~~~~~~~~~~~~~~~~~~~~~~~~~~~~~~~~~~~~~~~~^~
/opt/ros/jazzy/include/hardware_interface/hardware_interface/loaned_state_interface.hpp:98:10: note: declared here
   98 |   double get_value() const
      |          ^~~~~~~~~
/home/gsylvia/agrobot-reverse-engineering/Agrobot/src/ros2_canopen/canopen_ros2_controllers/src/canopen_proxy_controller.cpp:330:65: warning: ignoring return value of ‘bool hardware_interface::LoanedCommandInterface::set_value(const T&, unsigned int) [with T = double]’, declared with attribute ‘nodiscard’ [-Wunused-result]
  330 |     command_interfaces_[CommandInterfaces::TPDO_INDEX].set_value(
      |     ~~~~~~~~~~~~~~~~~~~~~~~~~~~~~~~~~~~~~~~~~~~~~~~~~~~~~~~~~~~~^
  331 |       static_cast<double>((*current_cmd)->index));
      |       ~~~~~~~~~~~~~~~~~~~~~~~~~~~~~~~~~~~~~~~~~~~                
/opt/ros/jazzy/include/hardware_interface/hardware_interface/loaned_command_interface.hpp:117:22: note: declared here
  117 |   [[nodiscard]] bool set_value(const T & value, unsigned int max_tries = 10)
      |                      ^~~~~~~~~
/home/gsylvia/agrobot-reverse-engineering/Agrobot/src/ros2_canopen/canopen_ros2_controllers/src/canopen_proxy_controller.cpp:332:68: warning: ignoring return value of ‘bool hardware_interface::LoanedCommandInterface::set_value(const T&, unsigned int) [with T = double]’, declared with attribute ‘nodiscard’ [-Wunused-result]
  332 |     command_interfaces_[CommandInterfaces::TPDO_SUBINDEX].set_value(
      |     ~~~~~~~~~~~~~~~~~~~~~~~~~~~~~~~~~~~~~~~~~~~~~~~~~~~~~~~~~~~~~~~^
  333 |       static_cast<double>((*current_cmd)->subindex));
      |       ~~~~~~~~~~~~~~~~~~~~~~~~~~~~~~~~~~~~~~~~~~~~~~                
/opt/ros/jazzy/include/hardware_interface/hardware_interface/loaned_command_interface.hpp:117:22: note: declared here
  117 |   [[nodiscard]] bool set_value(const T & value, unsigned int max_tries = 10)
      |                      ^~~~~~~~~
/home/gsylvia/agrobot-reverse-engineering/Agrobot/src/ros2_canopen/canopen_ros2_controllers/src/canopen_proxy_controller.cpp:334:64: warning: ignoring return value of ‘bool hardware_interface::LoanedCommandInterface::set_value(const T&, unsigned int) [with T = double]’, declared with attribute ‘nodiscard’ [-Wunused-result]
  334 |     command_interfaces_[CommandInterfaces::TPDO_DATA].set_value(
      |     ~~~~~~~~~~~~~~~~~~~~~~~~~~~~~~~~~~~~~~~~~~~~~~~~~~~~~~~~~~~^
  335 |       static_cast<double>((*current_cmd)->data));
      |       ~~~~~~~~~~~~~~~~~~~~~~~~~~~~~~~~~~~~~~~~~~                
/opt/ros/jazzy/include/hardware_interface/hardware_interface/loaned_command_interface.hpp:117:22: note: declared here
  117 |   [[nodiscard]] bool set_value(const T & value, unsigned int max_tries = 10)
      |                      ^~~~~~~~~
/home/gsylvia/agrobot-reverse-engineering/Agrobot/src/ros2_canopen/canopen_ros2_controllers/src/canopen_proxy_controller.cpp:337:63: warning: ignoring return value of ‘bool hardware_interface::LoanedCommandInterface::set_value(const T&, unsigned int) [with T = double]’, declared with attribute ‘nodiscard’ [-Wunused-result]
  337 |     command_interfaces_[CommandInterfaces::TPDO_ONS].set_value(kCommandValue);
      |     ~~~~~~~~~~~~~~~~~~~~~~~~~~~~~~~~~~~~~~~~~~~~~~~~~~~~~~~~~~^~~~~~~~~~~~~~~
/opt/ros/jazzy/include/hardware_interface/hardware_interface/loaned_command_interface.hpp:117:22: note: declared here
  117 |   [[nodiscard]] bool set_value(const T & value, unsigned int max_tries = 10)
      |                      ^~~~~~~~~
[100%] Linking CXX shared library libcanopen_ros2_controllers.so
[100%] Built target canopen_ros2_controllers
-- Install configuration: ""
-- Installing: /tmp/agrobot-next-build-ybgPHn/install/canopen_ros2_controllers/share/canopen_ros2_controllers/canopen_ros2_controllers.xml
-- Installing: /tmp/agrobot-next-build-ybgPHn/install/canopen_ros2_controllers/lib/libcanopen_ros2_controllers.so
-- Set non-toolchain portion of runtime path of "/tmp/agrobot-next-build-ybgPHn/install/canopen_ros2_controllers/lib/libcanopen_ros2_controllers.so" to ""
-- Installing: /tmp/agrobot-next-build-ybgPHn/install/canopen_ros2_controllers/include
-- Installing: /tmp/agrobot-next-build-ybgPHn/install/canopen_ros2_controllers/include/canopen_ros2_controllers
-- Installing: /tmp/agrobot-next-build-ybgPHn/install/canopen_ros2_controllers/include/canopen_ros2_controllers/visibility_control.h
-- Installing: /tmp/agrobot-next-build-ybgPHn/install/canopen_ros2_controllers/include/canopen_ros2_controllers/cia402_device_controller.hpp
-- Installing: /tmp/agrobot-next-build-ybgPHn/install/canopen_ros2_controllers/include/canopen_ros2_controllers/canopen_proxy_controller.hpp
-- Installing: /tmp/agrobot-next-build-ybgPHn/install/canopen_ros2_controllers/share/canopen_ros2_controllers/environment/library_path.sh
-- Installing: /tmp/agrobot-next-build-ybgPHn/install/canopen_ros2_controllers/share/canopen_ros2_controllers/environment/library_path.dsv
-- Installing: /tmp/agrobot-next-build-ybgPHn/install/canopen_ros2_controllers/share/ament_index/resource_index/package_run_dependencies/canopen_ros2_controllers
-- Installing: /tmp/agrobot-next-build-ybgPHn/install/canopen_ros2_controllers/share/ament_index/resource_index/parent_prefix_path/canopen_ros2_controllers
-- Installing: /tmp/agrobot-next-build-ybgPHn/install/canopen_ros2_controllers/share/canopen_ros2_controllers/environment/ament_prefix_path.sh
-- Installing: /tmp/agrobot-next-build-ybgPHn/install/canopen_ros2_controllers/share/canopen_ros2_controllers/environment/ament_prefix_path.dsv
-- Installing: /tmp/agrobot-next-build-ybgPHn/install/canopen_ros2_controllers/share/canopen_ros2_controllers/environment/path.sh
-- Installing: /tmp/agrobot-next-build-ybgPHn/install/canopen_ros2_controllers/share/canopen_ros2_controllers/environment/path.dsv
-- Installing: /tmp/agrobot-next-build-ybgPHn/install/canopen_ros2_controllers/share/canopen_ros2_controllers/local_setup.bash
-- Installing: /tmp/agrobot-next-build-ybgPHn/install/canopen_ros2_controllers/share/canopen_ros2_controllers/local_setup.sh
-- Installing: /tmp/agrobot-next-build-ybgPHn/install/canopen_ros2_controllers/share/canopen_ros2_controllers/local_setup.zsh
-- Installing: /tmp/agrobot-next-build-ybgPHn/install/canopen_ros2_controllers/share/canopen_ros2_controllers/local_setup.dsv
-- Installing: /tmp/agrobot-next-build-ybgPHn/install/canopen_ros2_controllers/share/canopen_ros2_controllers/package.dsv
-- Installing: /tmp/agrobot-next-build-ybgPHn/install/canopen_ros2_controllers/share/ament_index/resource_index/packages/canopen_ros2_controllers
-- Installing: /tmp/agrobot-next-build-ybgPHn/install/canopen_ros2_controllers/share/ament_index/resource_index/controller_interface__pluginlib__plugin/canopen_ros2_controllers
-- Installing: /tmp/agrobot-next-build-ybgPHn/install/canopen_ros2_controllers/share/canopen_ros2_controllers/cmake/ament_cmake_export_include_directories-extras.cmake
-- Installing: /tmp/agrobot-next-build-ybgPHn/install/canopen_ros2_controllers/share/canopen_ros2_controllers/cmake/ament_cmake_export_libraries-extras.cmake
-- Installing: /tmp/agrobot-next-build-ybgPHn/install/canopen_ros2_controllers/share/canopen_ros2_controllers/cmake/ament_cmake_export_dependencies-extras.cmake
-- Installing: /tmp/agrobot-next-build-ybgPHn/install/canopen_ros2_controllers/share/canopen_ros2_controllers/cmake/canopen_ros2_controllersConfig.cmake
-- Installing: /tmp/agrobot-next-build-ybgPHn/install/canopen_ros2_controllers/share/canopen_ros2_controllers/cmake/canopen_ros2_controllersConfig-version.cmake
-- Installing: /tmp/agrobot-next-build-ybgPHn/install/canopen_ros2_controllers/share/canopen_ros2_controllers/package.xml
