[0.531s] Invoking command in '/tmp/agrobot-next-build-ybgPHn/build/canopen_ros2_controllers': AMENT_PREFIX_PATH=/tmp/agrobot-next-build-ybgPHn/install/canopen_402_driver:/tmp/agrobot-next-build-ybgPHn/install/canopen_proxy_driver:/tmp/agrobot-next-build-ybgPHn/install/canopen_base_driver:/tmp/agrobot-next-build-ybgPHn/install/canopen_core:/tmp/agrobot-next-build-ybgPHn/install/lely_core_libraries:/tmp/agrobot-next-build-ybgPHn/install/canopen_interfaces:${AMENT_PREFIX_PATH} CMAKE_PREFIX_PATH=/tmp/agrobot-next-build-ybgPHn/install/canopen_402_driver:/tmp/agrobot-next-build-ybgPHn/install/canopen_proxy_driver:/tmp/agrobot-next-build-ybgPHn/install/canopen_base_driver:/tmp/agrobot-next-build-ybgPHn/install/canopen_core:/tmp/agrobot-next-build-ybgPHn/install/lely_core_libraries:/tmp/agrobot-next-build-ybgPHn/install/canopen_interfaces:/opt/ros/jazzy/opt/gz_sim_vendor:/opt/ros/jazzy/opt/gz_sensors_vendor:/opt/ros/jazzy/opt/gz_physics_vendor:/opt/ros/jazzy/opt/sdformat_vendor:/opt/ros/jazzy/opt/gz_gui_vendor:/opt/ros/jazzy/opt/gz_transport_vendor:/opt/ros/jazzy/opt/gz_rendering_vendor:/opt/ros/jazzy/opt/gz_plugin_vendor:/opt/ros/jazzy/opt/gz_fuel_tools_vendor:/opt/ros/jazzy/opt/gz_msgs_vendor:/opt/ros/jazzy/opt/gz_common_vendor:/opt/ros/jazzy/opt/gz_math_vendor:/opt/ros/jazzy/opt/gz_utils_vendor:/opt/ros/jazzy/opt/gz_tools_vendor:/opt/ros/jazzy/opt/gz_ogre_next_vendor:/opt/ros/jazzy/opt/gz_dartsim_vendor:/opt/ros/jazzy/opt/gz_cmake_vendor:/opt/ros/jazzy LD_LIBRARY_PATH=/tmp/agrobot-next-build-ybgPHn/install/canopen_402_driver/lib:/tmp/agrobot-next-build-ybgPHn/install/canopen_proxy_driver/lib:/tmp/agrobot-next-build-ybgPHn/install/canopen_base_driver/lib:/tmp/agrobot-next-build-ybgPHn/install/canopen_core/lib:/tmp/agrobot-next-build-ybgPHn/install/lely_core_libraries/lib:/tmp/agrobot-next-build-ybgPHn/install/canopen_interfaces/lib:${LD_LIBRARY_PATH} PATH=/tmp/agrobot-next-build-ybgPHn/install/lely_core_libraries/bin:${PATH} PYTHONPATH=/tmp/agrobot-next-build-ybgPHn/install/lely_core_libraries/lib/python3.12/site-packages:/tmp/agrobot-next-build-ybgPHn/install/canopen_interfaces/lib/python3.12/site-packages:${PYTHONPATH} /usr/bin/cmake /home/gsylvia/agrobot-reverse-engineering/Agrobot/src/ros2_canopen/canopen_ros2_controllers -DCMAKE_INSTALL_PREFIX=/tmp/agrobot-next-build-ybgPHn/install/canopen_ros2_controllers
[0.662s] -- The C compiler identification is GNU 13.3.0
[1.293s] -- The CXX compiler identification is GNU 13.3.0
[1.908s] -- Detecting C compiler ABI info
[2.119s] -- Detecting C compiler ABI info - done
[2.124s] -- Check for working C compiler: /usr/bin/cc - skipped
[2.124s] -- Detecting C compile features
[2.124s] -- Detecting C compile features - done
[2.206s] -- Detecting CXX compiler ABI info
[2.427s] -- Detecting CXX compiler ABI info - done
[2.432s] -- Check for working CXX compiler: /usr/bin/c++ - skipped
[2.432s] -- Detecting CXX compile features
[2.433s] -- Detecting CXX compile features - done
[2.435s] -- Found ament_cmake: 2.5.6 (/opt/ros/jazzy/share/ament_cmake/cmake)
[2.536s] -- Found Python3: /usr/bin/python3 (found version "3.12.3") found components: Interpreter 
[2.616s] -- Found canopen_402_driver: 0.3.1 (/tmp/agrobot-next-build-ybgPHn/install/canopen_402_driver/share/canopen_402_driver/cmake)
[2.794s] -- Found Boost: /usr/lib/x86_64-linux-gnu/cmake/Boost-1.83.0/BoostConfig.cmake (found version "1.83.0") found components: system thread 
[2.957s] -- Found rosidl_generator_c: 4.6.9 (/opt/ros/jazzy/share/rosidl_generator_c/cmake)
[2.966s] -- Found rosidl_generator_cpp: 4.6.9 (/opt/ros/jazzy/share/rosidl_generator_cpp/cmake)
[2.978s] -- Using all available rosidl_typesupport_c: rosidl_typesupport_fastrtps_c;rosidl_typesupport_introspection_c
[2.991s] -- Using all available rosidl_typesupport_cpp: rosidl_typesupport_fastrtps_cpp;rosidl_typesupport_introspection_cpp
[3.074s] -- Found rmw_implementation_cmake: 7.3.3 (/opt/ros/jazzy/share/rmw_implementation_cmake/cmake)
[3.077s] -- Found rmw_fastrtps_cpp: 8.4.4 (/opt/ros/jazzy/share/rmw_fastrtps_cpp/cmake)
[3.137s] -- Found OpenSSL: /usr/lib/x86_64-linux-gnu/libcrypto.so (found version "3.0.13")  
[3.302s] -- Found FastRTPS: /opt/ros/jazzy/include (Required is at least version "2.13") 
[3.430s] -- Using RMW implementation 'rmw_fastrtps_cpp' as default
[3.665s] -- Setting yaml-cpp_DIR to: '/opt/ros/jazzy/share/yaml_cpp_vendor/cmake/../../../opt/yaml_cpp_vendor/share/cmake/yaml-cpp'
[3.755s] -- Found controller_interface: 4.48.0 (/opt/ros/jazzy/share/controller_interface/cmake)
[3.834s] -- Found Boost: /usr/lib/x86_64-linux-gnu/cmake/Boost-1.83.0/BoostConfig.cmake (found version "1.83.0")  
[3.884s] -- Found controller_manager: 4.48.0 (/opt/ros/jazzy/share/controller_manager/cmake)
[3.899s] CMake Deprecation Warning at /opt/ros/jazzy/share/tl_expected/cmake/tl_expectedConfig.cmake:37 (message):
[3.899s]   Package 'tl_expected' is deprecated (This package will be removed in ROS 2
[3.899s]   Lyrical Luth.
[3.899s] 
[3.899s]         Use tl/expected.hpp from libexpected-dev,
[3.899s]         or rcpputils/tl_expected/expected.hpp if the system header is not available)
[3.899s] Call Stack (most recent call first):
[3.899s]   /opt/ros/jazzy/share/parameter_traits/cmake/ament_cmake_export_dependencies-extras.cmake:21 (find_package)
[3.899s]   /opt/ros/jazzy/share/parameter_traits/cmake/parameter_traitsConfig.cmake:41 (include)
[3.899s]   /opt/ros/jazzy/share/controller_manager/cmake/ament_cmake_export_dependencies-extras.cmake:21 (find_package)
[3.899s]   /opt/ros/jazzy/share/controller_manager/cmake/controller_managerConfig.cmake:41 (include)
[3.899s]   CMakeLists.txt:22 (find_package)
[3.899s] 
[3.899s] 
[4.000s] -- Configuring done (3.5s)
[4.024s] -- Generating done (0.0s)
[4.028s] -- Build files have been written to: /tmp/agrobot-next-build-ybgPHn/build/canopen_ros2_controllers
[4.041s] Invoked command in '/tmp/agrobot-next-build-ybgPHn/build/canopen_ros2_controllers' returned '0': AMENT_PREFIX_PATH=/tmp/agrobot-next-build-ybgPHn/install/canopen_402_driver:/tmp/agrobot-next-build-ybgPHn/install/canopen_proxy_driver:/tmp/agrobot-next-build-ybgPHn/install/canopen_base_driver:/tmp/agrobot-next-build-ybgPHn/install/canopen_core:/tmp/agrobot-next-build-ybgPHn/install/lely_core_libraries:/tmp/agrobot-next-build-ybgPHn/install/canopen_interfaces:${AMENT_PREFIX_PATH} CMAKE_PREFIX_PATH=/tmp/agrobot-next-build-ybgPHn/install/canopen_402_driver:/tmp/agrobot-next-build-ybgPHn/install/canopen_proxy_driver:/tmp/agrobot-next-build-ybgPHn/install/canopen_base_driver:/tmp/agrobot-next-build-ybgPHn/install/canopen_core:/tmp/agrobot-next-build-ybgPHn/install/lely_core_libraries:/tmp/agrobot-next-build-ybgPHn/install/canopen_interfaces:/opt/ros/jazzy/opt/gz_sim_vendor:/opt/ros/jazzy/opt/gz_sensors_vendor:/opt/ros/jazzy/opt/gz_physics_vendor:/opt/ros/jazzy/opt/sdformat_vendor:/opt/ros/jazzy/opt/gz_gui_vendor:/opt/ros/jazzy/opt/gz_transport_vendor:/opt/ros/jazzy/opt/gz_rendering_vendor:/opt/ros/jazzy/opt/gz_plugin_vendor:/opt/ros/jazzy/opt/gz_fuel_tools_vendor:/opt/ros/jazzy/opt/gz_msgs_vendor:/opt/ros/jazzy/opt/gz_common_vendor:/opt/ros/jazzy/opt/gz_math_vendor:/opt/ros/jazzy/opt/gz_utils_vendor:/opt/ros/jazzy/opt/gz_tools_vendor:/opt/ros/jazzy/opt/gz_ogre_next_vendor:/opt/ros/jazzy/opt/gz_dartsim_vendor:/opt/ros/jazzy/opt/gz_cmake_vendor:/opt/ros/jazzy LD_LIBRARY_PATH=/tmp/agrobot-next-build-ybgPHn/install/canopen_402_driver/lib:/tmp/agrobot-next-build-ybgPHn/install/canopen_proxy_driver/lib:/tmp/agrobot-next-build-ybgPHn/install/canopen_base_driver/lib:/tmp/agrobot-next-build-ybgPHn/install/canopen_core/lib:/tmp/agrobot-next-build-ybgPHn/install/lely_core_libraries/lib:/tmp/agrobot-next-build-ybgPHn/install/canopen_interfaces/lib:${LD_LIBRARY_PATH} PATH=/tmp/agrobot-next-build-ybgPHn/install/lely_core_libraries/bin:${PATH} PYTHONPATH=/tmp/agrobot-next-build-ybgPHn/install/lely_core_libraries/lib/python3.12/site-packages:/tmp/agrobot-next-build-ybgPHn/install/canopen_interfaces/lib/python3.12/site-packages:${PYTHONPATH} /usr/bin/cmake /home/gsylvia/agrobot-reverse-engineering/Agrobot/src/ros2_canopen/canopen_ros2_controllers -DCMAKE_INSTALL_PREFIX=/tmp/agrobot-next-build-ybgPHn/install/canopen_ros2_controllers
[4.042s] Invoking command in '/tmp/agrobot-next-build-ybgPHn/build/canopen_ros2_controllers': AMENT_PREFIX_PATH=/tmp/agrobot-next-build-ybgPHn/install/canopen_402_driver:/tmp/agrobot-next-build-ybgPHn/install/canopen_proxy_driver:/tmp/agrobot-next-build-ybgPHn/install/canopen_base_driver:/tmp/agrobot-next-build-ybgPHn/install/canopen_core:/tmp/agrobot-next-build-ybgPHn/install/lely_core_libraries:/tmp/agrobot-next-build-ybgPHn/install/canopen_interfaces:${AMENT_PREFIX_PATH} CMAKE_PREFIX_PATH=/tmp/agrobot-next-build-ybgPHn/install/canopen_402_driver:/tmp/agrobot-next-build-ybgPHn/install/canopen_proxy_driver:/tmp/agrobot-next-build-ybgPHn/install/canopen_base_driver:/tmp/agrobot-next-build-ybgPHn/install/canopen_core:/tmp/agrobot-next-build-ybgPHn/install/lely_core_libraries:/tmp/agrobot-next-build-ybgPHn/install/canopen_interfaces:/opt/ros/jazzy/opt/gz_sim_vendor:/opt/ros/jazzy/opt/gz_sensors_vendor:/opt/ros/jazzy/opt/gz_physics_vendor:/opt/ros/jazzy/opt/sdformat_vendor:/opt/ros/jazzy/opt/gz_gui_vendor:/opt/ros/jazzy/opt/gz_transport_vendor:/opt/ros/jazzy/opt/gz_rendering_vendor:/opt/ros/jazzy/opt/gz_plugin_vendor:/opt/ros/jazzy/opt/gz_fuel_tools_vendor:/opt/ros/jazzy/opt/gz_msgs_vendor:/opt/ros/jazzy/opt/gz_common_vendor:/opt/ros/jazzy/opt/gz_math_vendor:/opt/ros/jazzy/opt/gz_utils_vendor:/opt/ros/jazzy/opt/gz_tools_vendor:/opt/ros/jazzy/opt/gz_ogre_next_vendor:/opt/ros/jazzy/opt/gz_dartsim_vendor:/opt/ros/jazzy/opt/gz_cmake_vendor:/opt/ros/jazzy LD_LIBRARY_PATH=/tmp/agrobot-next-build-ybgPHn/install/canopen_402_driver/lib:/tmp/agrobot-next-build-ybgPHn/install/canopen_proxy_driver/lib:/tmp/agrobot-next-build-ybgPHn/install/canopen_base_driver/lib:/tmp/agrobot-next-build-ybgPHn/install/canopen_core/lib:/tmp/agrobot-next-build-ybgPHn/install/lely_core_libraries/lib:/tmp/agrobot-next-build-ybgPHn/install/canopen_interfaces/lib:${LD_LIBRARY_PATH} PATH=/tmp/agrobot-next-build-ybgPHn/install/lely_core_libraries/bin:${PATH} PYTHONPATH=/tmp/agrobot-next-build-ybgPHn/install/lely_core_libraries/lib/python3.12/site-packages:/tmp/agrobot-next-build-ybgPHn/install/canopen_interfaces/lib/python3.12/site-packages:${PYTHONPATH} /usr/bin/cmake --build /tmp/agrobot-next-build-ybgPHn/build/canopen_ros2_controllers -- -j16 -l16
[4.084s] [ 66%] Building CXX object CMakeFiles/canopen_ros2_controllers.dir/src/cia402_device_controller.cpp.o
[4.084s] [ 66%] Building CXX object CMakeFiles/canopen_ros2_controllers.dir/src/canopen_proxy_controller.cpp.o
[7.349s] In file included from /home/gsylvia/agrobot-reverse-engineering/Agrobot/src/ros2_canopen/canopen_ros2_controllers/src/cia402_device_controller.cpp:15:
[7.350s] /home/gsylvia/agrobot-reverse-engineering/Agrobot/src/ros2_canopen/canopen_ros2_controllers/include/canopen_ros2_controllers/cia402_device_controller.hpp: In lambda function:
[7.350s] /home/gsylvia/agrobot-reverse-engineering/Agrobot/src/ros2_canopen/canopen_ros2_controllers/include/canopen_ros2_controllers/cia402_device_controller.hpp:100:45: warning: ignoring return value of ‘bool hardware_interface::LoanedCommandInterface::set_value(const T&, unsigned int) [with T = double]’, declared with attribute ‘nodiscard’ [-Wunused-result]
[7.350s]   100 |           command_interfaces_[cmd].set_value(kCommandValue);
[7.350s]       |           ~~~~~~~~~~~~~~~~~~~~~~~~~~~~~~~~~~^~~~~~~~~~~~~~~
[7.350s] In file included from /opt/ros/jazzy/include/controller_interface/controller_interface/controller_interface_base.hpp:29,
[7.350s]                  from /opt/ros/jazzy/include/controller_interface/controller_interface/controller_interface.hpp:21,
[7.350s]                  from /home/gsylvia/agrobot-reverse-engineering/Agrobot/src/ros2_canopen/canopen_ros2_controllers/include/canopen_ros2_controllers/canopen_proxy_controller.hpp:26,
[7.350s]                  from /home/gsylvia/agrobot-reverse-engineering/Agrobot/src/ros2_canopen/canopen_ros2_controllers/include/canopen_ros2_controllers/cia402_device_controller.hpp:19:
[7.350s] /opt/ros/jazzy/include/hardware_interface/hardware_interface/loaned_command_interface.hpp:117:22: note: declared here
[7.351s]   117 |   [[nodiscard]] bool set_value(const T & value, unsigned int max_tries = 10)
[7.351s]       |                      ^~~~~~~~~
[7.351s] /home/gsylvia/agrobot-reverse-engineering/Agrobot/src/ros2_canopen/canopen_ros2_controllers/include/canopen_ros2_controllers/cia402_device_controller.hpp:102:63: warning: ‘double hardware_interface::LoanedCommandInterface::get_value() const’ is deprecated: Use std::optional<T> get_optional() instead to retrieve the value. This method will be removed by the ROS 2 Kilted Kaiju release. [-Wdeprecated-declarations]
[7.351s]   102 |           while (std::isnan(command_interfaces_[fbk].get_value()) && rclcpp::ok())
[7.351s]       |                             ~~~~~~~~~~~~~~~~~~~~~~~~~~~~~~~~~~^~
[7.351s] /opt/ros/jazzy/include/hardware_interface/hardware_interface/loaned_command_interface.hpp:138:10: note: declared here
[7.351s]   138 |   double get_value() const
[7.351s]       |          ^~~~~~~~~
[7.351s] /home/gsylvia/agrobot-reverse-engineering/Agrobot/src/ros2_canopen/canopen_ros2_controllers/include/canopen_ros2_controllers/cia402_device_controller.hpp:108:83: warning: ‘double hardware_interface::LoanedCommandInterface::get_value() const’ is deprecated: Use std::optional<T> get_optional() instead to retrieve the value. This method will be removed by the ROS 2 Kilted Kaiju release. [-Wdeprecated-declarations]
[7.351s]   108 |           response->success = static_cast<bool>(command_interfaces_[fbk].get_value());
[7.351s]       |                                                 ~~~~~~~~~~~~~~~~~~~~~~~~~~~~~~~~~~^~
[7.351s] /opt/ros/jazzy/include/hardware_interface/hardware_interface/loaned_command_interface.hpp:138:10: note: declared here
[7.351s]   138 |   double get_value() const
[7.351s]       |          ^~~~~~~~~
[7.352s] /home/gsylvia/agrobot-reverse-engineering/Agrobot/src/ros2_canopen/canopen_ros2_controllers/include/canopen_ros2_controllers/cia402_device_controller.hpp:110:45: warning: ignoring return value of ‘bool hardware_interface::LoanedCommandInterface::set_value(const T&, unsigned int) [with T = double]’, declared with attribute ‘nodiscard’ [-Wunused-result]
[7.352s]   110 |           command_interfaces_[fbk].set_value(std::numeric_limits<double>::quiet_NaN());
[7.352s]       |           ~~~~~~~~~~~~~~~~~~~~~~~~~~~~~~~~~~^~~~~~~~~~~~~~~~~~~~~~~~~~~~~~~~~~~~~~~~~~
[7.352s] /opt/ros/jazzy/include/hardware_interface/hardware_interface/loaned_command_interface.hpp:117:22: note: declared here
[7.352s]   117 |   [[nodiscard]] bool set_value(const T & value, unsigned int max_tries = 10)
[7.352s]       |                      ^~~~~~~~~
[7.352s] /home/gsylvia/agrobot-reverse-engineering/Agrobot/src/ros2_canopen/canopen_ros2_controllers/include/canopen_ros2_controllers/cia402_device_controller.hpp:111:45: warning: ignoring return value of ‘bool hardware_interface::LoanedCommandInterface::set_value(const T&, unsigned int) [with T = double]’, declared with attribute ‘nodiscard’ [-Wunused-result]
[7.352s]   111 |           command_interfaces_[cmd].set_value(std::numeric_limits<double>::quiet_NaN());
[7.352s]       |           ~~~~~~~~~~~~~~~~~~~~~~~~~~~~~~~~~~^~~~~~~~~~~~~~~~~~~~~~~~~~~~~~~~~~~~~~~~~~
[7.352s] /opt/ros/jazzy/include/hardware_interface/hardware_interface/loaned_command_interface.hpp:117:22: note: declared here
[7.352s]   117 |   [[nodiscard]] bool set_value(const T & value, unsigned int max_tries = 10)
[7.352s]       |                      ^~~~~~~~~
[8.327s] /home/gsylvia/agrobot-reverse-engineering/Agrobot/src/ros2_canopen/canopen_ros2_controllers/src/canopen_proxy_controller.cpp: In lambda function:
[8.327s] /home/gsylvia/agrobot-reverse-engineering/Agrobot/src/ros2_canopen/canopen_ros2_controllers/src/canopen_proxy_controller.cpp:141:64: warning: ignoring return value of ‘bool hardware_interface::LoanedCommandInterface::set_value(const T&, unsigned int) [with T = double]’, declared with attribute ‘nodiscard’ [-Wunused-result]
[8.327s]   141 |     command_interfaces_[CommandInterfaces::NMT_RESET].set_value(kCommandValue);
[8.327s]       |     ~~~~~~~~~~~~~~~~~~~~~~~~~~~~~~~~~~~~~~~~~~~~~~~~~~~~~~~~~~~^~~~~~~~~~~~~~~
[8.327s] In file included from /opt/ros/jazzy/include/controller_interface/controller_interface/controller_interface_base.hpp:29,
[8.327s]                  from /opt/ros/jazzy/include/controller_interface/controller_interface/controller_interface.hpp:21,
[8.327s]                  from /home/gsylvia/agrobot-reverse-engineering/Agrobot/src/ros2_canopen/canopen_ros2_controllers/include/canopen_ros2_controllers/canopen_proxy_controller.hpp:26,
[8.327s]                  from /home/gsylvia/agrobot-reverse-engineering/Agrobot/src/ros2_canopen/canopen_ros2_controllers/src/canopen_proxy_controller.cpp:15:
[8.327s] /opt/ros/jazzy/include/hardware_interface/hardware_interface/loaned_command_interface.hpp:117:22: note: declared here
[8.327s]   117 |   [[nodiscard]] bool set_value(const T & value, unsigned int max_tries = 10)
[8.328s]       |                      ^~~~~~~~~
[8.328s] /home/gsylvia/agrobot-reverse-engineering/Agrobot/src/ros2_canopen/canopen_ros2_controllers/src/canopen_proxy_controller.cpp:143:83: warning: ‘double hardware_interface::LoanedCommandInterface::get_value() const’ is deprecated: Use std::optional<T> get_optional() instead to retrieve the value. This method will be removed by the ROS 2 Kilted Kaiju release. [-Wdeprecated-declarations]
[8.328s]   143 |     while (!std::isnan(command_interfaces_[CommandInterfaces::NMT_RESET].get_value()))
[8.328s]       |                        ~~~~~~~~~~~~~~~~~~~~~~~~~~~~~~~~~~~~~~~~~~~~~~~~~~~~~~~~~~~^~
[8.328s] /opt/ros/jazzy/include/hardware_interface/hardware_interface/loaned_command_interface.hpp:138:10: note: declared here
[8.328s]   138 |   double get_value() const
[8.328s]       |          ^~~~~~~~~
[8.328s] /home/gsylvia/agrobot-reverse-engineering/Agrobot/src/ros2_canopen/canopen_ros2_controllers/src/canopen_proxy_controller.cpp:150:88: warning: ‘double hardware_interface::LoanedCommandInterface::get_value() const’ is deprecated: Use std::optional<T> get_optional() instead to retrieve the value. This method will be removed by the ROS 2 Kilted Kaiju release. [-Wdeprecated-declarations]
[8.328s]   150 |       static_cast<bool>(command_interfaces_[CommandInterfaces::NMT_RESET_FBK].get_value());
[8.328s]       |                         ~~~~~~~~~~~~~~~~~~~~~~~~~~~~~~~~~~~~~~~~~~~~~~~~~~~~~~~~~~~~~~~^~
[8.328s] /opt/ros/jazzy/include/hardware_interface/hardware_interface/loaned_command_interface.hpp:138:10: note: declared here
[8.328s]   138 |   double get_value() const
[8.328s]       |          ^~~~~~~~~
[8.328s] /home/gsylvia/agrobot-reverse-engineering/Agrobot/src/ros2_canopen/canopen_ros2_controllers/src/canopen_proxy_controller.cpp:152:68: warning: ignoring return value of ‘bool hardware_interface::LoanedCommandInterface::set_value(const T&, unsigned int) [with T = double]’, declared with attribute ‘nodiscard’ [-Wunused-result]
[8.328s]   152 |     command_interfaces_[CommandInterfaces::NMT_RESET_FBK].set_value(
[8.328s]       |     ~~~~~~~~~~~~~~~~~~~~~~~~~~~~~~~~~~~~~~~~~~~~~~~~~~~~~~~~~~~~~~~^
[8.328s]   153 |       std::numeric_limits<double>::quiet_NaN());
[8.328s]       |       ~~~~~~~~~~~~~~~~~~~~~~~~~~~~~~~~~~~~~~~~~                     
[8.328s] /opt/ros/jazzy/include/hardware_interface/hardware_interface/loaned_command_interface.hpp:117:22: note: declared here
[8.328s]   117 |   [[nodiscard]] bool set_value(const T & value, unsigned int max_tries = 10)
[8.328s]       |                      ^~~~~~~~~
[8.328s] /home/gsylvia/agrobot-reverse-engineering/Agrobot/src/ros2_canopen/canopen_ros2_controllers/src/canopen_proxy_controller.cpp: In lambda function:
[8.328s] /home/gsylvia/agrobot-reverse-engineering/Agrobot/src/ros2_canopen/canopen_ros2_controllers/src/canopen_proxy_controller.cpp:166:64: warning: ignoring return value of ‘bool hardware_interface::LoanedCommandInterface::set_value(const T&, unsigned int) [with T = double]’, declared with attribute ‘nodiscard’ [-Wunused-result]
[8.329s]   166 |     command_interfaces_[CommandInterfaces::NMT_START].set_value(kCommandValue);
[8.329s]       |     ~~~~~~~~~~~~~~~~~~~~~~~~~~~~~~~~~~~~~~~~~~~~~~~~~~~~~~~~~~~^~~~~~~~~~~~~~~
[8.329s] /opt/ros/jazzy/include/hardware_interface/hardware_interface/loaned_command_interface.hpp:117:22: note: declared here
[8.329s]   117 |   [[nodiscard]] bool set_value(const T & value, unsigned int max_tries = 10)
[8.329s]       |                      ^~~~~~~~~
[8.329s] /home/gsylvia/agrobot-reverse-engineering/Agrobot/src/ros2_canopen/canopen_ros2_controllers/src/canopen_proxy_controller.cpp:168:83: warning: ‘double hardware_interface::LoanedCommandInterface::get_value() const’ is deprecated: Use std::optional<T> get_optional() instead to retrieve the value. This method will be removed by the ROS 2 Kilted Kaiju release. [-Wdeprecated-declarations]
[8.329s]   168 |     while (!std::isnan(command_interfaces_[CommandInterfaces::NMT_START].get_value()))
[8.329s]       |                        ~~~~~~~~~~~~~~~~~~~~~~~~~~~~~~~~~~~~~~~~~~~~~~~~~~~~~~~~~~~^~
[8.329s] /opt/ros/jazzy/include/hardware_interface/hardware_interface/loaned_command_interface.hpp:138:10: note: declared here
[8.329s]   138 |   double get_value() const
[8.329s]       |          ^~~~~~~~~
[8.329s] /home/gsylvia/agrobot-reverse-engineering/Agrobot/src/ros2_canopen/canopen_ros2_controllers/src/canopen_proxy_controller.cpp:175:88: warning: ‘double hardware_interface::LoanedCommandInterface::get_value() const’ is deprecated: Use std::optional<T> get_optional() instead to retrieve the value. This method will be removed by the ROS 2 Kilted Kaiju release. [-Wdeprecated-declarations]
[8.329s]   175 |       static_cast<bool>(command_interfaces_[CommandInterfaces::NMT_START_FBK].get_value());
[8.329s]       |                         ~~~~~~~~~~~~~~~~~~~~~~~~~~~~~~~~~~~~~~~~~~~~~~~~~~~~~~~~~~~~~~~^~
[8.329s] /opt/ros/jazzy/include/hardware_interface/hardware_interface/loaned_command_interface.hpp:138:10: note: declared here
[8.329s]   138 |   double get_value() const
[8.329s]       |          ^~~~~~~~~
[8.329s] /home/gsylvia/agrobot-reverse-engineering/Agrobot/src/ros2_canopen/canopen_ros2_controllers/src/canopen_proxy_controller.cpp:177:68: warning: ignoring return value of ‘bool hardware_interface::LoanedCommandInterface::set_value(const T&, unsigned int) [with T = double]’, declared with attribute ‘nodiscard’ [-Wunused-result]
[8.329s]   177 |     command_interfaces_[CommandInterfaces::NMT_START_FBK].set_value(
[8.329s]       |     ~~~~~~~~~~~~~~~~~~~~~~~~~~~~~~~~~~~~~~~~~~~~~~~~~~~~~~~~~~~~~~~^
[8.330s]   178 |       std::numeric_limits<double>::quiet_NaN());
[8.330s]       |       ~~~~~~~~~~~~~~~~~~~~~~~~~~~~~~~~~~~~~~~~~                     
[8.330s] /opt/ros/jazzy/include/hardware_interface/hardware_interface/loaned_command_interface.hpp:117:22: note: declared here
[8.330s]   117 |   [[nodiscard]] bool set_value(const T & value, unsigned int max_tries = 10)
[8.330s]       |                      ^~~~~~~~~
[8.336s] /home/gsylvia/agrobot-reverse-engineering/Agrobot/src/ros2_canopen/canopen_ros2_controllers/src/canopen_proxy_controller.cpp: In member function ‘virtual controller_interface::CallbackReturn canopen_ros2_controllers::CanopenProxyController::on_deactivate(const rclcpp_lifecycle::State&)’:
[8.336s] /home/gsylvia/agrobot-reverse-engineering/Agrobot/src/ros2_canopen/canopen_ros2_controllers/src/canopen_proxy_controller.cpp:257:37: warning: ignoring return value of ‘bool hardware_interface::LoanedCommandInterface::set_value(const T&, unsigned int) [with T = double]’, declared with attribute ‘nodiscard’ [-Wunused-result]
[8.336s]   257 |     command_interfaces_[i].set_value(std::numeric_limits<double>::quiet_NaN());
[8.336s]       |     ~~~~~~~~~~~~~~~~~~~~~~~~~~~~~~~~^~~~~~~~~~~~~~~~~~~~~~~~~~~~~~~~~~~~~~~~~~
[8.337s] /opt/ros/jazzy/include/hardware_interface/hardware_interface/loaned_command_interface.hpp:117:22: note: declared here
[8.337s]   117 |   [[nodiscard]] bool set_value(const T & value, unsigned int max_tries = 10)
[8.337s]       |                      ^~~~~~~~~
[8.337s] /home/gsylvia/agrobot-reverse-engineering/Agrobot/src/ros2_canopen/canopen_ros2_controllers/src/canopen_proxy_controller.cpp: In member function ‘virtual controller_interface::return_type canopen_ros2_controllers::CanopenProxyController::update(const rclcpp::Time&, const rclcpp::Duration&)’:
[8.337s] /home/gsylvia/agrobot-reverse-engineering/Agrobot/src/ros2_canopen/canopen_ros2_controllers/src/canopen_proxy_controller.cpp:269:94: warning: ‘double hardware_interface::LoanedStateInterface::get_value() const’ is deprecated: Use std::optional<T> get_optional() instead to retrieve the value. This method will be removed by the ROS 2 Kilted Kaiju release. [-Wdeprecated-declarations]
[8.337s]   269 |     auto nmt_state = static_cast<int>(state_interfaces_[StateInterfaces::NMT_STATE].get_value());
[8.337s]       |                                       ~~~~~~~~~~~~~~~~~~~~~~~~~~~~~~~~~~~~~~~~~~~~~~~~~~~~~~~^~
[8.337s] In file included from /opt/ros/jazzy/include/controller_interface/controller_interface/controller_interface_base.hpp:30:
[8.337s] /opt/ros/jazzy/include/hardware_interface/hardware_interface/loaned_state_interface.hpp:98:10: note: declared here
[8.337s]    98 |   double get_value() const
[8.337s]       |          ^~~~~~~~~
[8.338s] /home/gsylvia/agrobot-reverse-engineering/Agrobot/src/ros2_canopen/canopen_ros2_controllers/src/canopen_proxy_controller.cpp:313:85: warning: ‘double hardware_interface::LoanedStateInterface::get_value() const’ is deprecated: Use std::optional<T> get_optional() instead to retrieve the value. This method will be removed by the ROS 2 Kilted Kaiju release. [-Wdeprecated-declarations]
[8.338s]   313 |       static_cast<uint16_t>(state_interfaces_[StateInterfaces::RPDO_INDEX].get_value());
[8.338s]       |                             ~~~~~~~~~~~~~~~~~~~~~~~~~~~~~~~~~~~~~~~~~~~~~~~~~~~~~~~~^~
[8.338s] /opt/ros/jazzy/include/hardware_interface/hardware_interface/loaned_state_interface.hpp:98:10: note: declared here
[8.338s]    98 |   double get_value() const
[8.339s]       |          ^~~~~~~~~
[8.339s] /home/gsylvia/agrobot-reverse-engineering/Agrobot/src/ros2_canopen/canopen_ros2_controllers/src/canopen_proxy_controller.cpp:315:87: warning: ‘double hardware_interface::LoanedStateInterface::get_value() const’ is deprecated: Use std::optional<T> get_optional() instead to retrieve the value. This method will be removed by the ROS 2 Kilted Kaiju release. [-Wdeprecated-declarations]
[8.339s]   315 |       static_cast<uint8_t>(state_interfaces_[StateInterfaces::RPDO_SUBINDEX].get_value());
[8.339s]       |                            ~~~~~~~~~~~~~~~~~~~~~~~~~~~~~~~~~~~~~~~~~~~~~~~~~~~~~~~~~~~^~
[8.339s] /opt/ros/jazzy/include/hardware_interface/hardware_interface/loaned_state_interface.hpp:98:10: note: declared here
[8.339s]    98 |   double get_value() const
[8.339s]       |          ^~~~~~~~~
[8.339s] /home/gsylvia/agrobot-reverse-engineering/Agrobot/src/ros2_canopen/canopen_ros2_controllers/src/canopen_proxy_controller.cpp:317:84: warning: ‘double hardware_interface::LoanedStateInterface::get_value() const’ is deprecated: Use std::optional<T> get_optional() instead to retrieve the value. This method will be removed by the ROS 2 Kilted Kaiju release. [-Wdeprecated-declarations]
[8.339s]   317 |       static_cast<uint32_t>(state_interfaces_[StateInterfaces::RPDO_DATA].get_value());
[8.339s]       |                             ~~~~~~~~~~~~~~~~~~~~~~~~~~~~~~~~~~~~~~~~~~~~~~~~~~~~~~~^~
[8.339s] /opt/ros/jazzy/include/hardware_interface/hardware_interface/loaned_state_interface.hpp:98:10: note: declared here
[8.339s]    98 |   double get_value() const
[8.339s]       |          ^~~~~~~~~
[8.339s] /home/gsylvia/agrobot-reverse-engineering/Agrobot/src/ros2_canopen/canopen_ros2_controllers/src/canopen_proxy_controller.cpp:330:65: warning: ignoring return value of ‘bool hardware_interface::LoanedCommandInterface::set_value(const T&, unsigned int) [with T = double]’, declared with attribute ‘nodiscard’ [-Wunused-result]
[8.339s]   330 |     command_interfaces_[CommandInterfaces::TPDO_INDEX].set_value(
[8.339s]       |     ~~~~~~~~~~~~~~~~~~~~~~~~~~~~~~~~~~~~~~~~~~~~~~~~~~~~~~~~~~~~^
[8.339s]   331 |       static_cast<double>((*current_cmd)->index));
[8.339s]       |       ~~~~~~~~~~~~~~~~~~~~~~~~~~~~~~~~~~~~~~~~~~~                
[8.339s] /opt/ros/jazzy/include/hardware_interface/hardware_interface/loaned_command_interface.hpp:117:22: note: declared here
[8.339s]   117 |   [[nodiscard]] bool set_value(const T & value, unsigned int max_tries = 10)
[8.339s]       |                      ^~~~~~~~~
[8.339s] /home/gsylvia/agrobot-reverse-engineering/Agrobot/src/ros2_canopen/canopen_ros2_controllers/src/canopen_proxy_controller.cpp:332:68: warning: ignoring return value of ‘bool hardware_interface::LoanedCommandInterface::set_value(const T&, unsigned int) [with T = double]’, declared with attribute ‘nodiscard’ [-Wunused-result]
[8.339s]   332 |     command_interfaces_[CommandInterfaces::TPDO_SUBINDEX].set_value(
[8.340s]       |     ~~~~~~~~~~~~~~~~~~~~~~~~~~~~~~~~~~~~~~~~~~~~~~~~~~~~~~~~~~~~~~~^
[8.340s]   333 |       static_cast<double>((*current_cmd)->subindex));
[8.340s]       |       ~~~~~~~~~~~~~~~~~~~~~~~~~~~~~~~~~~~~~~~~~~~~~~                
[8.340s] /opt/ros/jazzy/include/hardware_interface/hardware_interface/loaned_command_interface.hpp:117:22: note: declared here
[8.340s]   117 |   [[nodiscard]] bool set_value(const T & value, unsigned int max_tries = 10)
[8.340s]       |                      ^~~~~~~~~
[8.340s] /home/gsylvia/agrobot-reverse-engineering/Agrobot/src/ros2_canopen/canopen_ros2_controllers/src/canopen_proxy_controller.cpp:334:64: warning: ignoring return value of ‘bool hardware_interface::LoanedCommandInterface::set_value(const T&, unsigned int) [with T = double]’, declared with attribute ‘nodiscard’ [-Wunused-result]
[8.340s]   334 |     command_interfaces_[CommandInterfaces::TPDO_DATA].set_value(
[8.340s]       |     ~~~~~~~~~~~~~~~~~~~~~~~~~~~~~~~~~~~~~~~~~~~~~~~~~~~~~~~~~~~^
[8.340s]   335 |       static_cast<double>((*current_cmd)->data));
[8.340s]       |       ~~~~~~~~~~~~~~~~~~~~~~~~~~~~~~~~~~~~~~~~~~                
[8.340s] /opt/ros/jazzy/include/hardware_interface/hardware_interface/loaned_command_interface.hpp:117:22: note: declared here
[8.340s]   117 |   [[nodiscard]] bool set_value(const T & value, unsigned int max_tries = 10)
[8.340s]       |                      ^~~~~~~~~
[8.340s] /home/gsylvia/agrobot-reverse-engineering/Agrobot/src/ros2_canopen/canopen_ros2_controllers/src/canopen_proxy_controller.cpp:337:63: warning: ignoring return value of ‘bool hardware_interface::LoanedCommandInterface::set_value(const T&, unsigned int) [with T = double]’, declared with attribute ‘nodiscard’ [-Wunused-result]
[8.340s]   337 |     command_interfaces_[CommandInterfaces::TPDO_ONS].set_value(kCommandValue);
[8.340s]       |     ~~~~~~~~~~~~~~~~~~~~~~~~~~~~~~~~~~~~~~~~~~~~~~~~~~~~~~~~~~^~~~~~~~~~~~~~~
[8.340s] /opt/ros/jazzy/include/hardware_interface/hardware_interface/loaned_command_interface.hpp:117:22: note: declared here
[8.340s]   117 |   [[nodiscard]] bool set_value(const T & value, unsigned int max_tries = 10)
[8.340s]       |                      ^~~~~~~~~
[15.968s] [100%] Linking CXX shared library libcanopen_ros2_controllers.so
[16.455s] [100%] Built target canopen_ros2_controllers
[16.463s] Invoked command in '/tmp/agrobot-next-build-ybgPHn/build/canopen_ros2_controllers' returned '0': AMENT_PREFIX_PATH=/tmp/agrobot-next-build-ybgPHn/install/canopen_402_driver:/tmp/agrobot-next-build-ybgPHn/install/canopen_proxy_driver:/tmp/agrobot-next-build-ybgPHn/install/canopen_base_driver:/tmp/agrobot-next-build-ybgPHn/install/canopen_core:/tmp/agrobot-next-build-ybgPHn/install/lely_core_libraries:/tmp/agrobot-next-build-ybgPHn/install/canopen_interfaces:${AMENT_PREFIX_PATH} CMAKE_PREFIX_PATH=/tmp/agrobot-next-build-ybgPHn/install/canopen_402_driver:/tmp/agrobot-next-build-ybgPHn/install/canopen_proxy_driver:/tmp/agrobot-next-build-ybgPHn/install/canopen_base_driver:/tmp/agrobot-next-build-ybgPHn/install/canopen_core:/tmp/agrobot-next-build-ybgPHn/install/lely_core_libraries:/tmp/agrobot-next-build-ybgPHn/install/canopen_interfaces:/opt/ros/jazzy/opt/gz_sim_vendor:/opt/ros/jazzy/opt/gz_sensors_vendor:/opt/ros/jazzy/opt/gz_physics_vendor:/opt/ros/jazzy/opt/sdformat_vendor:/opt/ros/jazzy/opt/gz_gui_vendor:/opt/ros/jazzy/opt/gz_transport_vendor:/opt/ros/jazzy/opt/gz_rendering_vendor:/opt/ros/jazzy/opt/gz_plugin_vendor:/opt/ros/jazzy/opt/gz_fuel_tools_vendor:/opt/ros/jazzy/opt/gz_msgs_vendor:/opt/ros/jazzy/opt/gz_common_vendor:/opt/ros/jazzy/opt/gz_math_vendor:/opt/ros/jazzy/opt/gz_utils_vendor:/opt/ros/jazzy/opt/gz_tools_vendor:/opt/ros/jazzy/opt/gz_ogre_next_vendor:/opt/ros/jazzy/opt/gz_dartsim_vendor:/opt/ros/jazzy/opt/gz_cmake_vendor:/opt/ros/jazzy LD_LIBRARY_PATH=/tmp/agrobot-next-build-ybgPHn/install/canopen_402_driver/lib:/tmp/agrobot-next-build-ybgPHn/install/canopen_proxy_driver/lib:/tmp/agrobot-next-build-ybgPHn/install/canopen_base_driver/lib:/tmp/agrobot-next-build-ybgPHn/install/canopen_core/lib:/tmp/agrobot-next-build-ybgPHn/install/lely_core_libraries/lib:/tmp/agrobot-next-build-ybgPHn/install/canopen_interfaces/lib:${LD_LIBRARY_PATH} PATH=/tmp/agrobot-next-build-ybgPHn/install/lely_core_libraries/bin:${PATH} PYTHONPATH=/tmp/agrobot-next-build-ybgPHn/install/lely_core_libraries/lib/python3.12/site-packages:/tmp/agrobot-next-build-ybgPHn/install/canopen_interfaces/lib/python3.12/site-packages:${PYTHONPATH} /usr/bin/cmake --build /tmp/agrobot-next-build-ybgPHn/build/canopen_ros2_controllers -- -j16 -l16
[16.464s] Invoking command in '/tmp/agrobot-next-build-ybgPHn/build/canopen_ros2_controllers': AMENT_PREFIX_PATH=/tmp/agrobot-next-build-ybgPHn/install/canopen_402_driver:/tmp/agrobot-next-build-ybgPHn/install/canopen_proxy_driver:/tmp/agrobot-next-build-ybgPHn/install/canopen_base_driver:/tmp/agrobot-next-build-ybgPHn/install/canopen_core:/tmp/agrobot-next-build-ybgPHn/install/lely_core_libraries:/tmp/agrobot-next-build-ybgPHn/install/canopen_interfaces:${AMENT_PREFIX_PATH} CMAKE_PREFIX_PATH=/tmp/agrobot-next-build-ybgPHn/install/canopen_402_driver:/tmp/agrobot-next-build-ybgPHn/install/canopen_proxy_driver:/tmp/agrobot-next-build-ybgPHn/install/canopen_base_driver:/tmp/agrobot-next-build-ybgPHn/install/canopen_core:/tmp/agrobot-next-build-ybgPHn/install/lely_core_libraries:/tmp/agrobot-next-build-ybgPHn/install/canopen_interfaces:/opt/ros/jazzy/opt/gz_sim_vendor:/opt/ros/jazzy/opt/gz_sensors_vendor:/opt/ros/jazzy/opt/gz_physics_vendor:/opt/ros/jazzy/opt/sdformat_vendor:/opt/ros/jazzy/opt/gz_gui_vendor:/opt/ros/jazzy/opt/gz_transport_vendor:/opt/ros/jazzy/opt/gz_rendering_vendor:/opt/ros/jazzy/opt/gz_plugin_vendor:/opt/ros/jazzy/opt/gz_fuel_tools_vendor:/opt/ros/jazzy/opt/gz_msgs_vendor:/opt/ros/jazzy/opt/gz_common_vendor:/opt/ros/jazzy/opt/gz_math_vendor:/opt/ros/jazzy/opt/gz_utils_vendor:/opt/ros/jazzy/opt/gz_tools_vendor:/opt/ros/jazzy/opt/gz_ogre_next_vendor:/opt/ros/jazzy/opt/gz_dartsim_vendor:/opt/ros/jazzy/opt/gz_cmake_vendor:/opt/ros/jazzy LD_LIBRARY_PATH=/tmp/agrobot-next-build-ybgPHn/install/canopen_402_driver/lib:/tmp/agrobot-next-build-ybgPHn/install/canopen_proxy_driver/lib:/tmp/agrobot-next-build-ybgPHn/install/canopen_base_driver/lib:/tmp/agrobot-next-build-ybgPHn/install/canopen_core/lib:/tmp/agrobot-next-build-ybgPHn/install/lely_core_libraries/lib:/tmp/agrobot-next-build-ybgPHn/install/canopen_interfaces/lib:${LD_LIBRARY_PATH} PATH=/tmp/agrobot-next-build-ybgPHn/install/lely_core_libraries/bin:${PATH} PYTHONPATH=/tmp/agrobot-next-build-ybgPHn/install/lely_core_libraries/lib/python3.12/site-packages:/tmp/agrobot-next-build-ybgPHn/install/canopen_interfaces/lib/python3.12/site-packages:${PYTHONPATH} /usr/bin/cmake --install /tmp/agrobot-next-build-ybgPHn/build/canopen_ros2_controllers
[16.471s] -- Install configuration: ""
[16.471s] -- Installing: /tmp/agrobot-next-build-ybgPHn/install/canopen_ros2_controllers/share/canopen_ros2_controllers/canopen_ros2_controllers.xml
[16.471s] -- Installing: /tmp/agrobot-next-build-ybgPHn/install/canopen_ros2_controllers/lib/libcanopen_ros2_controllers.so
[16.475s] -- Set non-toolchain portion of runtime path of "/tmp/agrobot-next-build-ybgPHn/install/canopen_ros2_controllers/lib/libcanopen_ros2_controllers.so" to ""
[16.475s] -- Installing: /tmp/agrobot-next-build-ybgPHn/install/canopen_ros2_controllers/include
[16.475s] -- Installing: /tmp/agrobot-next-build-ybgPHn/install/canopen_ros2_controllers/include/canopen_ros2_controllers
[16.476s] -- Installing: /tmp/agrobot-next-build-ybgPHn/install/canopen_ros2_controllers/include/canopen_ros2_controllers/visibility_control.h
[16.476s] -- Installing: /tmp/agrobot-next-build-ybgPHn/install/canopen_ros2_controllers/include/canopen_ros2_controllers/cia402_device_controller.hpp
[16.476s] -- Installing: /tmp/agrobot-next-build-ybgPHn/install/canopen_ros2_controllers/include/canopen_ros2_controllers/canopen_proxy_controller.hpp
[16.476s] -- Installing: /tmp/agrobot-next-build-ybgPHn/install/canopen_ros2_controllers/share/canopen_ros2_controllers/environment/library_path.sh
[16.476s] -- Installing: /tmp/agrobot-next-build-ybgPHn/install/canopen_ros2_controllers/share/canopen_ros2_controllers/environment/library_path.dsv
[16.476s] -- Installing: /tmp/agrobot-next-build-ybgPHn/install/canopen_ros2_controllers/share/ament_index/resource_index/package_run_dependencies/canopen_ros2_controllers
[16.476s] -- Installing: /tmp/agrobot-next-build-ybgPHn/install/canopen_ros2_controllers/share/ament_index/resource_index/parent_prefix_path/canopen_ros2_controllers
[16.477s] -- Installing: /tmp/agrobot-next-build-ybgPHn/install/canopen_ros2_controllers/share/canopen_ros2_controllers/environment/ament_prefix_path.sh
[16.477s] -- Installing: /tmp/agrobot-next-build-ybgPHn/install/canopen_ros2_controllers/share/canopen_ros2_controllers/environment/ament_prefix_path.dsv
[16.477s] -- Installing: /tmp/agrobot-next-build-ybgPHn/install/canopen_ros2_controllers/share/canopen_ros2_controllers/environment/path.sh
[16.477s] -- Installing: /tmp/agrobot-next-build-ybgPHn/install/canopen_ros2_controllers/share/canopen_ros2_controllers/environment/path.dsv
[16.477s] -- Installing: /tmp/agrobot-next-build-ybgPHn/install/canopen_ros2_controllers/share/canopen_ros2_controllers/local_setup.bash
[16.477s] -- Installing: /tmp/agrobot-next-build-ybgPHn/install/canopen_ros2_controllers/share/canopen_ros2_controllers/local_setup.sh
[16.477s] -- Installing: /tmp/agrobot-next-build-ybgPHn/install/canopen_ros2_controllers/share/canopen_ros2_controllers/local_setup.zsh
[16.477s] -- Installing: /tmp/agrobot-next-build-ybgPHn/install/canopen_ros2_controllers/share/canopen_ros2_controllers/local_setup.dsv
[16.477s] -- Installing: /tmp/agrobot-next-build-ybgPHn/install/canopen_ros2_controllers/share/canopen_ros2_controllers/package.dsv
[16.477s] -- Installing: /tmp/agrobot-next-build-ybgPHn/install/canopen_ros2_controllers/share/ament_index/resource_index/packages/canopen_ros2_controllers
[16.477s] -- Installing: /tmp/agrobot-next-build-ybgPHn/install/canopen_ros2_controllers/share/ament_index/resource_index/controller_interface__pluginlib__plugin/canopen_ros2_controllers
[16.477s] -- Installing: /tmp/agrobot-next-build-ybgPHn/install/canopen_ros2_controllers/share/canopen_ros2_controllers/cmake/ament_cmake_export_include_directories-extras.cmake
[16.478s] -- Installing: /tmp/agrobot-next-build-ybgPHn/install/canopen_ros2_controllers/share/canopen_ros2_controllers/cmake/ament_cmake_export_libraries-extras.cmake
[16.478s] -- Installing: /tmp/agrobot-next-build-ybgPHn/install/canopen_ros2_controllers/share/canopen_ros2_controllers/cmake/ament_cmake_export_dependencies-extras.cmake
[16.478s] -- Installing: /tmp/agrobot-next-build-ybgPHn/install/canopen_ros2_controllers/share/canopen_ros2_controllers/cmake/canopen_ros2_controllersConfig.cmake
[16.478s] -- Installing: /tmp/agrobot-next-build-ybgPHn/install/canopen_ros2_controllers/share/canopen_ros2_controllers/cmake/canopen_ros2_controllersConfig-version.cmake
[16.478s] -- Installing: /tmp/agrobot-next-build-ybgPHn/install/canopen_ros2_controllers/share/canopen_ros2_controllers/package.xml
[16.479s] Invoked command in '/tmp/agrobot-next-build-ybgPHn/build/canopen_ros2_controllers' returned '0': AMENT_PREFIX_PATH=/tmp/agrobot-next-build-ybgPHn/install/canopen_402_driver:/tmp/agrobot-next-build-ybgPHn/install/canopen_proxy_driver:/tmp/agrobot-next-build-ybgPHn/install/canopen_base_driver:/tmp/agrobot-next-build-ybgPHn/install/canopen_core:/tmp/agrobot-next-build-ybgPHn/install/lely_core_libraries:/tmp/agrobot-next-build-ybgPHn/install/canopen_interfaces:${AMENT_PREFIX_PATH} CMAKE_PREFIX_PATH=/tmp/agrobot-next-build-ybgPHn/install/canopen_402_driver:/tmp/agrobot-next-build-ybgPHn/install/canopen_proxy_driver:/tmp/agrobot-next-build-ybgPHn/install/canopen_base_driver:/tmp/agrobot-next-build-ybgPHn/install/canopen_core:/tmp/agrobot-next-build-ybgPHn/install/lely_core_libraries:/tmp/agrobot-next-build-ybgPHn/install/canopen_interfaces:/opt/ros/jazzy/opt/gz_sim_vendor:/opt/ros/jazzy/opt/gz_sensors_vendor:/opt/ros/jazzy/opt/gz_physics_vendor:/opt/ros/jazzy/opt/sdformat_vendor:/opt/ros/jazzy/opt/gz_gui_vendor:/opt/ros/jazzy/opt/gz_transport_vendor:/opt/ros/jazzy/opt/gz_rendering_vendor:/opt/ros/jazzy/opt/gz_plugin_vendor:/opt/ros/jazzy/opt/gz_fuel_tools_vendor:/opt/ros/jazzy/opt/gz_msgs_vendor:/opt/ros/jazzy/opt/gz_common_vendor:/opt/ros/jazzy/opt/gz_math_vendor:/opt/ros/jazzy/opt/gz_utils_vendor:/opt/ros/jazzy/opt/gz_tools_vendor:/opt/ros/jazzy/opt/gz_ogre_next_vendor:/opt/ros/jazzy/opt/gz_dartsim_vendor:/opt/ros/jazzy/opt/gz_cmake_vendor:/opt/ros/jazzy LD_LIBRARY_PATH=/tmp/agrobot-next-build-ybgPHn/install/canopen_402_driver/lib:/tmp/agrobot-next-build-ybgPHn/install/canopen_proxy_driver/lib:/tmp/agrobot-next-build-ybgPHn/install/canopen_base_driver/lib:/tmp/agrobot-next-build-ybgPHn/install/canopen_core/lib:/tmp/agrobot-next-build-ybgPHn/install/lely_core_libraries/lib:/tmp/agrobot-next-build-ybgPHn/install/canopen_interfaces/lib:${LD_LIBRARY_PATH} PATH=/tmp/agrobot-next-build-ybgPHn/install/lely_core_libraries/bin:${PATH} PYTHONPATH=/tmp/agrobot-next-build-ybgPHn/install/lely_core_libraries/lib/python3.12/site-packages:/tmp/agrobot-next-build-ybgPHn/install/canopen_interfaces/lib/python3.12/site-packages:${PYTHONPATH} /usr/bin/cmake --install /tmp/agrobot-next-build-ybgPHn/build/canopen_ros2_controllers
