1790195732.6157694 [INFO] [launch]: All log files can be found below /home/gsylvia/agrobot-reverse-engineering/build_logs/run-dgJ1XH/commander/2026-09-23-16-35-32-589647-GarrettPC-678230
1790195732.6189578 [INFO] [launch]: Default logging verbosity is set to INFO
1790195733.2366555 [INFO] [commander-1]: process started with pid [678261]
1790195733.2368479 [INFO] [tomato_picker.py-2]: process started with pid [678262]
1790195733.2369213 [INFO] [static_transform_publisher-3]: process started with pid [678263]
1790195733.2789993 [static_transform_publisher-3] [INFO] [1790195733.278749215] [static_transform_publisher_trTNJRSipsDYcBlV]: Spinning until stopped - publishing transform
1790195733.2791226 [static_transform_publisher-3] translation: ('0.000000', '0.200000', '0.000000')
1790195733.2791531 [static_transform_publisher-3] rotation: ('-0.707108', '0.000000', '0.000000', '0.707105')
1790195733.2791719 [static_transform_publisher-3] from 'linear_rail_link' to 'camera_color_optical_frame'
1790195733.3198447 [commander-1] [INFO] [1790195733.319588517] [moveit_3350385858.moveit.ros.rdf_loader]: Loaded robot model in 0.00339479 seconds
1790195733.3200445 [commander-1] [INFO] [1790195733.319787249] [moveit_3350385858.moveit.core.robot_model]: Loading robot model 'robot'...
1790195733.4976451 [commander-1] [INFO] [1790195733.496787426] [trac_ik_kinematics_plugin.trac_ik_kinematics_plugin]: IK Using joint base_link 0 1.565
1790195733.4979715 [commander-1] [INFO] [1790195733.496827650] [trac_ik_kinematics_plugin.trac_ik_kinematics_plugin]: IK Using joint link1 -3.14159 3.14159
1790195733.4980972 [commander-1] [INFO] [1790195733.496830270] [trac_ik_kinematics_plugin.trac_ik_kinematics_plugin]: IK Using joint link2 -1.57079 1.57079
1790195733.4985268 [commander-1] [INFO] [1790195733.496831958] [trac_ik_kinematics_plugin.trac_ik_kinematics_plugin]: IK Using joint link3 -4.5 1.5
1790195733.4985859 [commander-1] [INFO] [1790195733.496833928] [trac_ik_kinematics_plugin.trac_ik_kinematics_plugin]: IK Using joint link4 -3.14159 3.14159
1790195733.4986150 [commander-1] [INFO] [1790195733.496835351] [trac_ik_kinematics_plugin.trac_ik_kinematics_plugin]: IK Using joint link5 -5 5
1790195733.4986367 [commander-1] [INFO] [1790195733.496836862] [trac_ik_kinematics_plugin.trac_ik_kinematics_plugin]: IK Using joint link6 0 2.0944
1790195733.4986558 [commander-1] [INFO] [1790195733.496837737] [trac_ik_kinematics_plugin.trac_ik_kinematics_plugin]: Using solve type Distance
1790195733.5227568 [commander-1] [INFO] [1790195733.522523395] [moveit_3350385858.moveit.ros.move_group_interface]: Ready to take commands for planning group arm.
1790195733.5324337 [commander-1] [INFO] [1790195733.532220525] [commander]: Commander node initialized and ready to receive commands.
1790195733.8096316 [tomato_picker.py-2] [INFO] [1790195733.809393003] [tomato_picker]: TomatoPicker ready, waiting for detections...
