-- The C compiler identification is GNU 13.3.0
-- The CXX compiler identification is GNU 13.3.0
-- Detecting C compiler ABI info
-- Detecting C compiler ABI info - done
-- Check for working C compiler: /usr/bin/cc - skipped
-- Detecting C compile features
-- Detecting C compile features - done
-- Detecting CXX compiler ABI info
-- Detecting CXX compiler ABI info - done
-- Check for working CXX compiler: /usr/bin/c++ - skipped
-- Detecting CXX compile features
-- Detecting CXX compile features - done
-- Found ament_cmake: 2.5.6 (/opt/ros/jazzy/share/ament_cmake/cmake)
-- Found Python3: /usr/bin/python3 (found version "3.12.3") found components: Interpreter 
-- Found rosidl_default_generators: 1.6.1 (/opt/ros/jazzy/share/rosidl_default_generators/cmake)
-- Using all available rosidl_typesupport_c: rosidl_typesupport_fastrtps_c;rosidl_typesupport_introspection_c
-- Using all available rosidl_typesupport_cpp: rosidl_typesupport_fastrtps_cpp;rosidl_typesupport_introspection_cpp
-- Found rosidl_adapter: 4.6.9 (/opt/ros/jazzy/share/rosidl_adapter/cmake)
-- Found ament_cmake_ros: 0.12.1 (/opt/ros/jazzy/share/ament_cmake_ros/cmake)
-- Using all available rosidl_typesupport_c: rosidl_typesupport_fastrtps_c;rosidl_typesupport_introspection_c
-- Using all available rosidl_typesupport_cpp: rosidl_typesupport_fastrtps_cpp;rosidl_typesupport_introspection_cpp
-- Found python_cmake_module: 0.11.1 (/opt/ros/jazzy/share/python_cmake_module/cmake)
-- Found PythonExtra: /usr/bin/python3  
-- Found Python3: /usr/bin/python3 (found version "3.12.3") found components: Interpreter Development NumPy Development.Module Development.Embed 
-- Found Python3: /usr/bin/python3 (found version "3.12.3") found components: Interpreter 
-- Found ament_lint_auto: 0.17.5 (/opt/ros/jazzy/share/ament_lint_auto/cmake)
-- Added test 'copyright' to check source files copyright and LICENSE
-- Added test 'lint_cmake' to check CMake code style
-- Added test 'xmllint' to check XML markup files
-- Configuring done (3.8s)
-- Generating done (0.0s)
-- Build files have been written to: /tmp/agrobot-next-build-ybgPHn/build/canopen_interfaces
[  1%] Generating type hashes for ROS interfaces
[  2%] Generating Rust code for ROS interfaces
[  2%] Built target ament_cmake_python_copy_canopen_interfaces
running egg_info
creating canopen_interfaces.egg-info
writing canopen_interfaces.egg-info/PKG-INFO
writing dependency_links to canopen_interfaces.egg-info/dependency_links.txt
writing top-level names to canopen_interfaces.egg-info/top_level.txt
writing manifest file 'canopen_interfaces.egg-info/SOURCES.txt'
[  2%] Built target canopen_interfaces__rosidl_generator_type_description
reading manifest file 'canopen_interfaces.egg-info/SOURCES.txt'
writing manifest file 'canopen_interfaces.egg-info/SOURCES.txt'
[  3%] Generating C code for ROS interfaces
[  3%] Generating C++ code for ROS interfaces
[  3%] Built target canopen_interfaces__rs
[  3%] Built target ament_cmake_python_build_canopen_interfaces_egg
[  3%] Built target canopen_interfaces__cpp
gmake[2]: Warning: File 'rosidl_generator_c/canopen_interfaces/srv/detail/co_read__description.c' has modification time 0.026 s in the future
[  4%] Building C object CMakeFiles/canopen_interfaces__rosidl_generator_c.dir/rosidl_generator_c/canopen_interfaces/srv/detail/co_nmt_id__description.c.o
[  5%] Building C object CMakeFiles/canopen_interfaces__rosidl_generator_c.dir/rosidl_generator_c/canopen_interfaces/srv/detail/co_heartbeat_id__type_support.c.o
[  6%] Building C object CMakeFiles/canopen_interfaces__rosidl_generator_c.dir/rosidl_generator_c/canopen_interfaces/srv/detail/co_nmt_id__type_support.c.o
[  7%] Building C object CMakeFiles/canopen_interfaces__rosidl_generator_c.dir/rosidl_generator_c/canopen_interfaces/srv/detail/co_read__description.c.o
[  7%] Building C object CMakeFiles/canopen_interfaces__rosidl_generator_c.dir/rosidl_generator_c/canopen_interfaces/srv/detail/co_nmt_id__functions.c.o
[  8%] Building C object CMakeFiles/canopen_interfaces__rosidl_generator_c.dir/rosidl_generator_c/canopen_interfaces/srv/detail/co_heartbeat_id__functions.c.o
[ 10%] Building C object CMakeFiles/canopen_interfaces__rosidl_generator_c.dir/rosidl_generator_c/canopen_interfaces/srv/detail/co_read__functions.c.o
[  9%] Building C object CMakeFiles/canopen_interfaces__rosidl_generator_c.dir/rosidl_generator_c/canopen_interfaces/srv/detail/co_heartbeat_id__description.c.o
[ 11%] Building C object CMakeFiles/canopen_interfaces__rosidl_generator_c.dir/rosidl_generator_c/canopen_interfaces/srv/detail/co_read__type_support.c.o
[ 12%] Building C object CMakeFiles/canopen_interfaces__rosidl_generator_c.dir/rosidl_generator_c/canopen_interfaces/srv/detail/co_read_id__functions.c.o
[ 13%] Building C object CMakeFiles/canopen_interfaces__rosidl_generator_c.dir/rosidl_generator_c/canopen_interfaces/srv/detail/co_read_id__description.c.o
[ 13%] Building C object CMakeFiles/canopen_interfaces__rosidl_generator_c.dir/rosidl_generator_c/canopen_interfaces/srv/detail/co_write__description.c.o
[ 14%] Building C object CMakeFiles/canopen_interfaces__rosidl_generator_c.dir/rosidl_generator_c/canopen_interfaces/srv/detail/co_write__functions.c.o
[ 15%] Building C object CMakeFiles/canopen_interfaces__rosidl_generator_c.dir/rosidl_generator_c/canopen_interfaces/srv/detail/co_read_id__type_support.c.o
[ 16%] Building C object CMakeFiles/canopen_interfaces__rosidl_generator_c.dir/rosidl_generator_c/canopen_interfaces/srv/detail/co_write__type_support.c.o
[ 17%] Building C object CMakeFiles/canopen_interfaces__rosidl_generator_c.dir/rosidl_generator_c/canopen_interfaces/srv/detail/co_write_id__description.c.o
[ 18%] Building C object CMakeFiles/canopen_interfaces__rosidl_generator_c.dir/rosidl_generator_c/canopen_interfaces/srv/detail/co_write_id__functions.c.o
[ 19%] Building C object CMakeFiles/canopen_interfaces__rosidl_generator_c.dir/rosidl_generator_c/canopen_interfaces/srv/detail/co_write_id__type_support.c.o
[ 20%] Building C object CMakeFiles/canopen_interfaces__rosidl_generator_c.dir/rosidl_generator_c/canopen_interfaces/srv/detail/co_target_double__description.c.o
[ 21%] Building C object CMakeFiles/canopen_interfaces__rosidl_generator_c.dir/rosidl_generator_c/canopen_interfaces/srv/detail/co_target_double__functions.c.o
[ 22%] Building C object CMakeFiles/canopen_interfaces__rosidl_generator_c.dir/rosidl_generator_c/canopen_interfaces/msg/detail/co_data__description.c.o
[ 23%] Building C object CMakeFiles/canopen_interfaces__rosidl_generator_c.dir/rosidl_generator_c/canopen_interfaces/srv/detail/co_node__description.c.o
[ 23%] Building C object CMakeFiles/canopen_interfaces__rosidl_generator_c.dir/rosidl_generator_c/canopen_interfaces/srv/detail/co_target_double__type_support.c.o
[ 24%] Building C object CMakeFiles/canopen_interfaces__rosidl_generator_c.dir/rosidl_generator_c/canopen_interfaces/msg/detail/co_data__functions.c.o
[ 25%] Building C object CMakeFiles/canopen_interfaces__rosidl_generator_c.dir/rosidl_generator_c/canopen_interfaces/srv/detail/co_node__functions.c.o
[ 26%] Building C object CMakeFiles/canopen_interfaces__rosidl_generator_c.dir/rosidl_generator_c/canopen_interfaces/msg/detail/co_data__type_support.c.o
[ 27%] Building C object CMakeFiles/canopen_interfaces__rosidl_generator_c.dir/rosidl_generator_c/canopen_interfaces/srv/detail/co_node__type_support.c.o
[ 27%] Linking C shared library libcanopen_interfaces__rosidl_generator_c.so
gmake[2]: warning:  Clock skew detected.  Your build may be incomplete.
[ 27%] Built target canopen_interfaces__rosidl_generator_c
[ 29%] Generating C type support dispatch for ROS interfaces
[ 30%] Generating C introspection for ROS interfaces
[ 30%] Generating C++ type support for eProsima Fast-RTPS
[ 31%] Generating C type support for eProsima Fast-RTPS
[ 32%] Generating C++ introspection for ROS interfaces
[ 32%] Generating C++ type support dispatch for ROS interfaces
[ 33%] Building CXX object CMakeFiles/canopen_interfaces__rosidl_typesupport_c.dir/rosidl_typesupport_c/canopen_interfaces/srv/co_read__type_support.cpp.o
[ 33%] Building CXX object CMakeFiles/canopen_interfaces__rosidl_typesupport_c.dir/rosidl_typesupport_c/canopen_interfaces/srv/co_read_id__type_support.cpp.o
[ 38%] Building CXX object CMakeFiles/canopen_interfaces__rosidl_typesupport_c.dir/rosidl_typesupport_c/canopen_interfaces/srv/co_nmt_id__type_support.cpp.o
[ 38%] Building CXX object CMakeFiles/canopen_interfaces__rosidl_typesupport_c.dir/rosidl_typesupport_c/canopen_interfaces/srv/co_write__type_support.cpp.o
[ 38%] Building CXX object CMakeFiles/canopen_interfaces__rosidl_typesupport_c.dir/rosidl_typesupport_c/canopen_interfaces/srv/co_write_id__type_support.cpp.o
[ 39%] Building CXX object CMakeFiles/canopen_interfaces__rosidl_typesupport_c.dir/rosidl_typesupport_c/canopen_interfaces/srv/co_node__type_support.cpp.o
[ 38%] Building CXX object CMakeFiles/canopen_interfaces__rosidl_typesupport_c.dir/rosidl_typesupport_c/canopen_interfaces/srv/co_heartbeat_id__type_support.cpp.o
[ 36%] Building CXX object CMakeFiles/canopen_interfaces__rosidl_typesupport_c.dir/rosidl_typesupport_c/canopen_interfaces/srv/co_target_double__type_support.cpp.o
[ 40%] Building CXX object CMakeFiles/canopen_interfaces__rosidl_typesupport_c.dir/rosidl_typesupport_c/canopen_interfaces/msg/co_data__type_support.cpp.o
[ 41%] Linking CXX shared library libcanopen_interfaces__rosidl_typesupport_c.so
[ 43%] Building CXX object CMakeFiles/canopen_interfaces__rosidl_typesupport_cpp.dir/rosidl_typesupport_cpp/canopen_interfaces/srv/co_read_id__type_support.cpp.o
[ 43%] Building CXX object CMakeFiles/canopen_interfaces__rosidl_typesupport_cpp.dir/rosidl_typesupport_cpp/canopen_interfaces/srv/co_nmt_id__type_support.cpp.o
[ 44%] Building CXX object CMakeFiles/canopen_interfaces__rosidl_typesupport_cpp.dir/rosidl_typesupport_cpp/canopen_interfaces/srv/co_heartbeat_id__type_support.cpp.o
[ 45%] Building CXX object CMakeFiles/canopen_interfaces__rosidl_typesupport_cpp.dir/rosidl_typesupport_cpp/canopen_interfaces/srv/co_read__type_support.cpp.o
[ 46%] Building CXX object CMakeFiles/canopen_interfaces__rosidl_typesupport_cpp.dir/rosidl_typesupport_cpp/canopen_interfaces/srv/co_write__type_support.cpp.o
[ 47%] Building CXX object CMakeFiles/canopen_interfaces__rosidl_typesupport_cpp.dir/rosidl_typesupport_cpp/canopen_interfaces/srv/co_write_id__type_support.cpp.o
[ 48%] Building CXX object CMakeFiles/canopen_interfaces__rosidl_typesupport_cpp.dir/rosidl_typesupport_cpp/canopen_interfaces/srv/co_target_double__type_support.cpp.o
[ 48%] Building CXX object CMakeFiles/canopen_interfaces__rosidl_typesupport_cpp.dir/rosidl_typesupport_cpp/canopen_interfaces/srv/co_node__type_support.cpp.o
[ 49%] Building CXX object CMakeFiles/canopen_interfaces__rosidl_typesupport_cpp.dir/rosidl_typesupport_cpp/canopen_interfaces/msg/co_data__type_support.cpp.o
[ 50%] Building C object CMakeFiles/canopen_interfaces__rosidl_typesupport_introspection_c.dir/rosidl_typesupport_introspection_c/canopen_interfaces/srv/detail/co_heartbeat_id__type_support.c.o
[ 51%] Building C object CMakeFiles/canopen_interfaces__rosidl_typesupport_introspection_c.dir/rosidl_typesupport_introspection_c/canopen_interfaces/srv/detail/co_nmt_id__type_support.c.o
[ 51%] Built target canopen_interfaces__rosidl_typesupport_c
[ 52%] Building C object CMakeFiles/canopen_interfaces__rosidl_typesupport_introspection_c.dir/rosidl_typesupport_introspection_c/canopen_interfaces/srv/detail/co_read__type_support.c.o
[ 53%] Building CXX object CMakeFiles/canopen_interfaces__rosidl_typesupport_introspection_cpp.dir/rosidl_typesupport_introspection_cpp/canopen_interfaces/srv/detail/co_heartbeat_id__type_support.cpp.o
[ 54%] Building C object CMakeFiles/canopen_interfaces__rosidl_typesupport_introspection_c.dir/rosidl_typesupport_introspection_c/canopen_interfaces/srv/detail/co_write__type_support.c.o
[ 55%] Building C object CMakeFiles/canopen_interfaces__rosidl_typesupport_introspection_c.dir/rosidl_typesupport_introspection_c/canopen_interfaces/srv/detail/co_read_id__type_support.c.o
[ 55%] Building CXX object CMakeFiles/canopen_interfaces__rosidl_typesupport_introspection_cpp.dir/rosidl_typesupport_introspection_cpp/canopen_interfaces/srv/detail/co_nmt_id__type_support.cpp.o
[ 55%] Building C object CMakeFiles/canopen_interfaces__rosidl_typesupport_introspection_c.dir/rosidl_typesupport_introspection_c/canopen_interfaces/srv/detail/co_write_id__type_support.c.o
[ 56%] Building C object CMakeFiles/canopen_interfaces__rosidl_typesupport_introspection_c.dir/rosidl_typesupport_introspection_c/canopen_interfaces/srv/detail/co_target_double__type_support.c.o
[ 57%] Building CXX object CMakeFiles/canopen_interfaces__rosidl_typesupport_introspection_cpp.dir/rosidl_typesupport_introspection_cpp/canopen_interfaces/srv/detail/co_read__type_support.cpp.o
[ 58%] Building CXX object CMakeFiles/canopen_interfaces__rosidl_typesupport_introspection_cpp.dir/rosidl_typesupport_introspection_cpp/canopen_interfaces/srv/detail/co_read_id__type_support.cpp.o
[ 59%] Building CXX object CMakeFiles/canopen_interfaces__rosidl_typesupport_introspection_cpp.dir/rosidl_typesupport_introspection_cpp/canopen_interfaces/srv/detail/co_write__type_support.cpp.o
[ 60%] Building C object CMakeFiles/canopen_interfaces__rosidl_typesupport_introspection_c.dir/rosidl_typesupport_introspection_c/canopen_interfaces/srv/detail/co_node__type_support.c.o
[ 61%] Building CXX object CMakeFiles/canopen_interfaces__rosidl_typesupport_introspection_cpp.dir/rosidl_typesupport_introspection_cpp/canopen_interfaces/srv/detail/co_write_id__type_support.cpp.o
[ 62%] Building C object CMakeFiles/canopen_interfaces__rosidl_typesupport_introspection_c.dir/rosidl_typesupport_introspection_c/canopen_interfaces/msg/detail/co_data__type_support.c.o
[ 63%] Building CXX object CMakeFiles/canopen_interfaces__rosidl_typesupport_introspection_cpp.dir/rosidl_typesupport_introspection_cpp/canopen_interfaces/srv/detail/co_target_double__type_support.cpp.o
[ 64%] Building CXX object CMakeFiles/canopen_interfaces__rosidl_typesupport_introspection_cpp.dir/rosidl_typesupport_introspection_cpp/canopen_interfaces/srv/detail/co_node__type_support.cpp.o
[ 65%] Building CXX object CMakeFiles/canopen_interfaces__rosidl_typesupport_introspection_cpp.dir/rosidl_typesupport_introspection_cpp/canopen_interfaces/msg/detail/co_data__type_support.cpp.o
[ 65%] Building CXX object CMakeFiles/canopen_interfaces__rosidl_typesupport_fastrtps_cpp.dir/rosidl_typesupport_fastrtps_cpp/canopen_interfaces/srv/detail/dds_fastrtps/co_heartbeat_id__type_support.cpp.o
[ 66%] Linking C shared library libcanopen_interfaces__rosidl_typesupport_introspection_c.so
[ 67%] Building CXX object CMakeFiles/canopen_interfaces__rosidl_typesupport_fastrtps_cpp.dir/rosidl_typesupport_fastrtps_cpp/canopen_interfaces/srv/detail/dds_fastrtps/co_nmt_id__type_support.cpp.o
[ 68%] Building CXX object CMakeFiles/canopen_interfaces__rosidl_typesupport_fastrtps_c.dir/rosidl_typesupport_fastrtps_c/canopen_interfaces/srv/detail/co_heartbeat_id__type_support_c.cpp.o
[ 69%] Building CXX object CMakeFiles/canopen_interfaces__rosidl_typesupport_fastrtps_c.dir/rosidl_typesupport_fastrtps_c/canopen_interfaces/srv/detail/co_nmt_id__type_support_c.cpp.o
[ 70%] Building CXX object CMakeFiles/canopen_interfaces__rosidl_typesupport_fastrtps_c.dir/rosidl_typesupport_fastrtps_c/canopen_interfaces/srv/detail/co_read__type_support_c.cpp.o
[ 71%] Building CXX object CMakeFiles/canopen_interfaces__rosidl_typesupport_fastrtps_cpp.dir/rosidl_typesupport_fastrtps_cpp/canopen_interfaces/srv/detail/dds_fastrtps/co_read__type_support.cpp.o
[ 72%] Building CXX object CMakeFiles/canopen_interfaces__rosidl_typesupport_fastrtps_c.dir/rosidl_typesupport_fastrtps_c/canopen_interfaces/srv/detail/co_read_id__type_support_c.cpp.o
[ 72%] Building CXX object CMakeFiles/canopen_interfaces__rosidl_typesupport_fastrtps_c.dir/rosidl_typesupport_fastrtps_c/canopen_interfaces/srv/detail/co_write__type_support_c.cpp.o
[ 73%] Building CXX object CMakeFiles/canopen_interfaces__rosidl_typesupport_fastrtps_c.dir/rosidl_typesupport_fastrtps_c/canopen_interfaces/srv/detail/co_write_id__type_support_c.cpp.o
[ 74%] Linking CXX shared library libcanopen_interfaces__rosidl_typesupport_cpp.so
[ 74%] Built target canopen_interfaces__rosidl_typesupport_introspection_c
[ 75%] Building CXX object CMakeFiles/canopen_interfaces__rosidl_typesupport_fastrtps_cpp.dir/rosidl_typesupport_fastrtps_cpp/canopen_interfaces/srv/detail/dds_fastrtps/co_read_id__type_support.cpp.o
[ 77%] Building CXX object CMakeFiles/canopen_interfaces__rosidl_typesupport_fastrtps_c.dir/rosidl_typesupport_fastrtps_c/canopen_interfaces/srv/detail/co_target_double__type_support_c.cpp.o
[ 76%] Building CXX object CMakeFiles/canopen_interfaces__rosidl_typesupport_fastrtps_cpp.dir/rosidl_typesupport_fastrtps_cpp/canopen_interfaces/srv/detail/dds_fastrtps/co_write__type_support.cpp.o
[ 78%] Building CXX object CMakeFiles/canopen_interfaces__rosidl_typesupport_fastrtps_cpp.dir/rosidl_typesupport_fastrtps_cpp/canopen_interfaces/srv/detail/dds_fastrtps/co_write_id__type_support.cpp.o
[ 79%] Building CXX object CMakeFiles/canopen_interfaces__rosidl_typesupport_fastrtps_c.dir/rosidl_typesupport_fastrtps_c/canopen_interfaces/srv/detail/co_node__type_support_c.cpp.o
[ 80%] Building CXX object CMakeFiles/canopen_interfaces__rosidl_typesupport_fastrtps_c.dir/rosidl_typesupport_fastrtps_c/canopen_interfaces/msg/detail/co_data__type_support_c.cpp.o
[ 81%] Building CXX object CMakeFiles/canopen_interfaces__rosidl_typesupport_fastrtps_cpp.dir/rosidl_typesupport_fastrtps_cpp/canopen_interfaces/srv/detail/dds_fastrtps/co_target_double__type_support.cpp.o
[ 82%] Building CXX object CMakeFiles/canopen_interfaces__rosidl_typesupport_fastrtps_cpp.dir/rosidl_typesupport_fastrtps_cpp/canopen_interfaces/srv/detail/dds_fastrtps/co_node__type_support.cpp.o
[ 82%] Building CXX object CMakeFiles/canopen_interfaces__rosidl_typesupport_fastrtps_cpp.dir/rosidl_typesupport_fastrtps_cpp/canopen_interfaces/msg/detail/dds_fastrtps/co_data__type_support.cpp.o
[ 82%] Linking CXX shared library libcanopen_interfaces__rosidl_typesupport_introspection_cpp.so
[ 82%] Built target canopen_interfaces__rosidl_typesupport_cpp
[ 82%] Built target canopen_interfaces__rosidl_typesupport_introspection_cpp
[ 83%] Linking CXX shared library libcanopen_interfaces__rosidl_typesupport_fastrtps_c.so
[ 83%] Built target canopen_interfaces__rosidl_typesupport_fastrtps_c
[ 84%] Linking CXX shared library libcanopen_interfaces__rosidl_typesupport_fastrtps_cpp.so
[ 84%] Built target canopen_interfaces__rosidl_typesupport_fastrtps_cpp
[ 84%] Built target canopen_interfaces
[ 85%] Generating Python code for ROS interfaces
[ 85%] Built target canopen_interfaces__py
[ 86%] Building C object CMakeFiles/canopen_interfaces__rosidl_generator_py.dir/rosidl_generator_py/canopen_interfaces/srv/_co_write_s.c.o
[ 88%] Building C object CMakeFiles/canopen_interfaces__rosidl_generator_py.dir/rosidl_generator_py/canopen_interfaces/srv/_co_nmt_id_s.c.o
[ 88%] Building C object CMakeFiles/canopen_interfaces__rosidl_generator_py.dir/rosidl_generator_py/canopen_interfaces/srv/_co_read_id_s.c.o
[ 89%] Building C object CMakeFiles/canopen_interfaces__rosidl_generator_py.dir/rosidl_generator_py/canopen_interfaces/srv/_co_heartbeat_id_s.c.o
[ 91%] Building C object CMakeFiles/canopen_interfaces__rosidl_generator_py.dir/rosidl_generator_py/canopen_interfaces/msg/_co_data_s.c.o
[ 91%] Building C object CMakeFiles/canopen_interfaces__rosidl_generator_py.dir/rosidl_generator_py/canopen_interfaces/srv/_co_node_s.c.o
[ 92%] Building C object CMakeFiles/canopen_interfaces__rosidl_generator_py.dir/rosidl_generator_py/canopen_interfaces/srv/_co_write_id_s.c.o
[ 93%] Building C object CMakeFiles/canopen_interfaces__rosidl_generator_py.dir/rosidl_generator_py/canopen_interfaces/srv/_co_target_double_s.c.o
[ 91%] Building C object CMakeFiles/canopen_interfaces__rosidl_generator_py.dir/rosidl_generator_py/canopen_interfaces/srv/_co_read_s.c.o
[ 94%] Linking C shared library libcanopen_interfaces__rosidl_generator_py.so
[ 94%] Built target canopen_interfaces__rosidl_generator_py
[ 96%] Building C object CMakeFiles/canopen_interfaces_s__rosidl_typesupport_c.dir/rosidl_generator_py/canopen_interfaces/_canopen_interfaces_s.ep.rosidl_typesupport_c.c.o
[ 95%] Building C object CMakeFiles/canopen_interfaces_s__rosidl_typesupport_introspection_c.dir/rosidl_generator_py/canopen_interfaces/_canopen_interfaces_s.ep.rosidl_typesupport_introspection_c.c.o
[ 97%] Building C object CMakeFiles/canopen_interfaces_s__rosidl_typesupport_fastrtps_c.dir/rosidl_generator_py/canopen_interfaces/_canopen_interfaces_s.ep.rosidl_typesupport_fastrtps_c.c.o
[ 98%] Linking C shared module rosidl_generator_py/canopen_interfaces/canopen_interfaces_s__rosidl_typesupport_c.so
[ 99%] Linking C shared module rosidl_generator_py/canopen_interfaces/canopen_interfaces_s__rosidl_typesupport_introspection_c.so
[100%] Linking C shared module rosidl_generator_py/canopen_interfaces/canopen_interfaces_s__rosidl_typesupport_fastrtps_c.so
[100%] Built target canopen_interfaces_s__rosidl_typesupport_introspection_c
[100%] Built target canopen_interfaces_s__rosidl_typesupport_c
[100%] Built target canopen_interfaces_s__rosidl_typesupport_fastrtps_c
-- Install configuration: ""
-- Installing: /tmp/agrobot-next-build-ybgPHn/install/canopen_interfaces/share/ament_index/resource_index/rosidl_interfaces/canopen_interfaces
-- Installing: /tmp/agrobot-next-build-ybgPHn/install/canopen_interfaces/share/canopen_interfaces/srv/COHeartbeatID.json
-- Installing: /tmp/agrobot-next-build-ybgPHn/install/canopen_interfaces/share/canopen_interfaces/srv/CONmtID.json
-- Installing: /tmp/agrobot-next-build-ybgPHn/install/canopen_interfaces/share/canopen_interfaces/srv/CORead.json
-- Installing: /tmp/agrobot-next-build-ybgPHn/install/canopen_interfaces/share/canopen_interfaces/srv/COReadID.json
-- Installing: /tmp/agrobot-next-build-ybgPHn/install/canopen_interfaces/share/canopen_interfaces/srv/COWrite.json
-- Installing: /tmp/agrobot-next-build-ybgPHn/install/canopen_interfaces/share/canopen_interfaces/srv/COWriteID.json
-- Installing: /tmp/agrobot-next-build-ybgPHn/install/canopen_interfaces/share/canopen_interfaces/srv/COTargetDouble.json
-- Installing: /tmp/agrobot-next-build-ybgPHn/install/canopen_interfaces/share/canopen_interfaces/srv/CONode.json
-- Installing: /tmp/agrobot-next-build-ybgPHn/install/canopen_interfaces/share/canopen_interfaces/msg/COData.json
-- Installing: /tmp/agrobot-next-build-ybgPHn/install/canopen_interfaces/include/canopen_interfaces/canopen_interfaces
-- Installing: /tmp/agrobot-next-build-ybgPHn/install/canopen_interfaces/include/canopen_interfaces/canopen_interfaces/srv
-- Installing: /tmp/agrobot-next-build-ybgPHn/install/canopen_interfaces/include/canopen_interfaces/canopen_interfaces/srv/co_write.h
-- Installing: /tmp/agrobot-next-build-ybgPHn/install/canopen_interfaces/include/canopen_interfaces/canopen_interfaces/srv/co_nmt_id.h
-- Installing: /tmp/agrobot-next-build-ybgPHn/install/canopen_interfaces/include/canopen_interfaces/canopen_interfaces/srv/co_read_id.h
-- Installing: /tmp/agrobot-next-build-ybgPHn/install/canopen_interfaces/include/canopen_interfaces/canopen_interfaces/srv/co_target_double.h
-- Installing: /tmp/agrobot-next-build-ybgPHn/install/canopen_interfaces/include/canopen_interfaces/canopen_interfaces/srv/co_read.h
-- Installing: /tmp/agrobot-next-build-ybgPHn/install/canopen_interfaces/include/canopen_interfaces/canopen_interfaces/srv/co_write_id.h
-- Installing: /tmp/agrobot-next-build-ybgPHn/install/canopen_interfaces/include/canopen_interfaces/canopen_interfaces/srv/co_heartbeat_id.h
-- Installing: /tmp/agrobot-next-build-ybgPHn/install/canopen_interfaces/include/canopen_interfaces/canopen_interfaces/srv/detail
-- Installing: /tmp/agrobot-next-build-ybgPHn/install/canopen_interfaces/include/canopen_interfaces/canopen_interfaces/srv/detail/co_write__struct.h
-- Installing: /tmp/agrobot-next-build-ybgPHn/install/canopen_interfaces/include/canopen_interfaces/canopen_interfaces/srv/detail/co_read__description.c
-- Installing: /tmp/agrobot-next-build-ybgPHn/install/canopen_interfaces/include/canopen_interfaces/canopen_interfaces/srv/detail/co_target_double__type_support.h
-- Installing: /tmp/agrobot-next-build-ybgPHn/install/canopen_interfaces/include/canopen_interfaces/canopen_interfaces/srv/detail/co_nmt_id__functions.c
-- Installing: /tmp/agrobot-next-build-ybgPHn/install/canopen_interfaces/include/canopen_interfaces/canopen_interfaces/srv/detail/co_target_double__struct.h
-- Installing: /tmp/agrobot-next-build-ybgPHn/install/canopen_interfaces/include/canopen_interfaces/canopen_interfaces/srv/detail/co_write_id__type_support.h
-- Installing: /tmp/agrobot-next-build-ybgPHn/install/canopen_interfaces/include/canopen_interfaces/canopen_interfaces/srv/detail/co_node__type_support.h
-- Installing: /tmp/agrobot-next-build-ybgPHn/install/canopen_interfaces/include/canopen_interfaces/canopen_interfaces/srv/detail/co_read_id__type_support.c
-- Installing: /tmp/agrobot-next-build-ybgPHn/install/canopen_interfaces/include/canopen_interfaces/canopen_interfaces/srv/detail/co_heartbeat_id__type_support.c
-- Installing: /tmp/agrobot-next-build-ybgPHn/install/canopen_interfaces/include/canopen_interfaces/canopen_interfaces/srv/detail/co_read__functions.c
-- Installing: /tmp/agrobot-next-build-ybgPHn/install/canopen_interfaces/include/canopen_interfaces/canopen_interfaces/srv/detail/co_read_id__functions.h
-- Installing: /tmp/agrobot-next-build-ybgPHn/install/canopen_interfaces/include/canopen_interfaces/canopen_interfaces/srv/detail/co_write__functions.h
-- Installing: /tmp/agrobot-next-build-ybgPHn/install/canopen_interfaces/include/canopen_interfaces/canopen_interfaces/srv/detail/co_read_id__functions.c
-- Installing: /tmp/agrobot-next-build-ybgPHn/install/canopen_interfaces/include/canopen_interfaces/canopen_interfaces/srv/detail/co_target_double__functions.h
-- Installing: /tmp/agrobot-next-build-ybgPHn/install/canopen_interfaces/include/canopen_interfaces/canopen_interfaces/srv/detail/co_heartbeat_id__functions.h
-- Installing: /tmp/agrobot-next-build-ybgPHn/install/canopen_interfaces/include/canopen_interfaces/canopen_interfaces/srv/detail/co_nmt_id__functions.h
-- Installing: /tmp/agrobot-next-build-ybgPHn/install/canopen_interfaces/include/canopen_interfaces/canopen_interfaces/srv/detail/co_write_id__description.c
-- Installing: /tmp/agrobot-next-build-ybgPHn/install/canopen_interfaces/include/canopen_interfaces/canopen_interfaces/srv/detail/co_write__description.c
-- Installing: /tmp/agrobot-next-build-ybgPHn/install/canopen_interfaces/include/canopen_interfaces/canopen_interfaces/srv/detail/co_write__type_support.c
-- Installing: /tmp/agrobot-next-build-ybgPHn/install/canopen_interfaces/include/canopen_interfaces/canopen_interfaces/srv/detail/co_read_id__type_support.h
-- Installing: /tmp/agrobot-next-build-ybgPHn/install/canopen_interfaces/include/canopen_interfaces/canopen_interfaces/srv/detail/co_node__functions.h
-- Installing: /tmp/agrobot-next-build-ybgPHn/install/canopen_interfaces/include/canopen_interfaces/canopen_interfaces/srv/detail/co_write_id__functions.c
-- Installing: /tmp/agrobot-next-build-ybgPHn/install/canopen_interfaces/include/canopen_interfaces/canopen_interfaces/srv/detail/co_write_id__struct.h
-- Installing: /tmp/agrobot-next-build-ybgPHn/install/canopen_interfaces/include/canopen_interfaces/canopen_interfaces/srv/detail/co_node__struct.h
-- Installing: /tmp/agrobot-next-build-ybgPHn/install/canopen_interfaces/include/canopen_interfaces/canopen_interfaces/srv/detail/co_nmt_id__type_support.h
-- Installing: /tmp/agrobot-next-build-ybgPHn/install/canopen_interfaces/include/canopen_interfaces/canopen_interfaces/srv/detail/co_write__type_support.h
-- Installing: /tmp/agrobot-next-build-ybgPHn/install/canopen_interfaces/include/canopen_interfaces/canopen_interfaces/srv/detail/co_write_id__type_support.c
-- Installing: /tmp/agrobot-next-build-ybgPHn/install/canopen_interfaces/include/canopen_interfaces/canopen_interfaces/srv/detail/co_heartbeat_id__struct.h
-- Installing: /tmp/agrobot-next-build-ybgPHn/install/canopen_interfaces/include/canopen_interfaces/canopen_interfaces/srv/detail/co_nmt_id__type_support.c
-- Installing: /tmp/agrobot-next-build-ybgPHn/install/canopen_interfaces/include/canopen_interfaces/canopen_interfaces/srv/detail/co_heartbeat_id__functions.c
-- Installing: /tmp/agrobot-next-build-ybgPHn/install/canopen_interfaces/include/canopen_interfaces/canopen_interfaces/srv/detail/co_read__type_support.h
-- Installing: /tmp/agrobot-next-build-ybgPHn/install/canopen_interfaces/include/canopen_interfaces/canopen_interfaces/srv/detail/co_nmt_id__description.c
-- Installing: /tmp/agrobot-next-build-ybgPHn/install/canopen_interfaces/include/canopen_interfaces/canopen_interfaces/srv/detail/co_heartbeat_id__type_support.h
-- Installing: /tmp/agrobot-next-build-ybgPHn/install/canopen_interfaces/include/canopen_interfaces/canopen_interfaces/srv/detail/co_read_id__description.c
-- Installing: /tmp/agrobot-next-build-ybgPHn/install/canopen_interfaces/include/canopen_interfaces/canopen_interfaces/srv/detail/co_read_id__struct.h
-- Installing: /tmp/agrobot-next-build-ybgPHn/install/canopen_interfaces/include/canopen_interfaces/canopen_interfaces/srv/detail/co_nmt_id__struct.h
-- Installing: /tmp/agrobot-next-build-ybgPHn/install/canopen_interfaces/include/canopen_interfaces/canopen_interfaces/srv/detail/co_heartbeat_id__description.c
-- Installing: /tmp/agrobot-next-build-ybgPHn/install/canopen_interfaces/include/canopen_interfaces/canopen_interfaces/srv/detail/co_read__type_support.c
-- Installing: /tmp/agrobot-next-build-ybgPHn/install/canopen_interfaces/include/canopen_interfaces/canopen_interfaces/srv/detail/co_write__functions.c
-- Installing: /tmp/agrobot-next-build-ybgPHn/install/canopen_interfaces/include/canopen_interfaces/canopen_interfaces/srv/detail/co_target_double__type_support.c
-- Installing: /tmp/agrobot-next-build-ybgPHn/install/canopen_interfaces/include/canopen_interfaces/canopen_interfaces/srv/detail/co_read__struct.h
-- Installing: /tmp/agrobot-next-build-ybgPHn/install/canopen_interfaces/include/canopen_interfaces/canopen_interfaces/srv/detail/co_write_id__functions.h
-- Installing: /tmp/agrobot-next-build-ybgPHn/install/canopen_interfaces/include/canopen_interfaces/canopen_interfaces/srv/detail/co_node__type_support.c
-- Installing: /tmp/agrobot-next-build-ybgPHn/install/canopen_interfaces/include/canopen_interfaces/canopen_interfaces/srv/detail/co_target_double__description.c
-- Installing: /tmp/agrobot-next-build-ybgPHn/install/canopen_interfaces/include/canopen_interfaces/canopen_interfaces/srv/detail/co_target_double__functions.c
-- Installing: /tmp/agrobot-next-build-ybgPHn/install/canopen_interfaces/include/canopen_interfaces/canopen_interfaces/srv/detail/co_node__description.c
-- Installing: /tmp/agrobot-next-build-ybgPHn/install/canopen_interfaces/include/canopen_interfaces/canopen_interfaces/srv/detail/co_read__functions.h
-- Installing: /tmp/agrobot-next-build-ybgPHn/install/canopen_interfaces/include/canopen_interfaces/canopen_interfaces/srv/detail/co_node__functions.c
-- Installing: /tmp/agrobot-next-build-ybgPHn/install/canopen_interfaces/include/canopen_interfaces/canopen_interfaces/srv/co_node.h
-- Installing: /tmp/agrobot-next-build-ybgPHn/install/canopen_interfaces/include/canopen_interfaces/canopen_interfaces/msg
-- Installing: /tmp/agrobot-next-build-ybgPHn/install/canopen_interfaces/include/canopen_interfaces/canopen_interfaces/msg/rosidl_generator_c__visibility_control.h
-- Installing: /tmp/agrobot-next-build-ybgPHn/install/canopen_interfaces/include/canopen_interfaces/canopen_interfaces/msg/detail
-- Installing: /tmp/agrobot-next-build-ybgPHn/install/canopen_interfaces/include/canopen_interfaces/canopen_interfaces/msg/detail/co_data__struct.h
-- Installing: /tmp/agrobot-next-build-ybgPHn/install/canopen_interfaces/include/canopen_interfaces/canopen_interfaces/msg/detail/co_data__functions.h
-- Installing: /tmp/agrobot-next-build-ybgPHn/install/canopen_interfaces/include/canopen_interfaces/canopen_interfaces/msg/detail/co_data__description.c
-- Installing: /tmp/agrobot-next-build-ybgPHn/install/canopen_interfaces/include/canopen_interfaces/canopen_interfaces/msg/detail/co_data__functions.c
-- Installing: /tmp/agrobot-next-build-ybgPHn/install/canopen_interfaces/include/canopen_interfaces/canopen_interfaces/msg/detail/co_data__type_support.c
-- Installing: /tmp/agrobot-next-build-ybgPHn/install/canopen_interfaces/include/canopen_interfaces/canopen_interfaces/msg/detail/co_data__type_support.h
-- Installing: /tmp/agrobot-next-build-ybgPHn/install/canopen_interfaces/include/canopen_interfaces/canopen_interfaces/msg/co_data.h
-- Installing: /tmp/agrobot-next-build-ybgPHn/install/canopen_interfaces/share/canopen_interfaces/environment/library_path.sh
-- Installing: /tmp/agrobot-next-build-ybgPHn/install/canopen_interfaces/share/canopen_interfaces/environment/library_path.dsv
-- Installing: /tmp/agrobot-next-build-ybgPHn/install/canopen_interfaces/lib/libcanopen_interfaces__rosidl_generator_c.so
-- Set non-toolchain portion of runtime path of "/tmp/agrobot-next-build-ybgPHn/install/canopen_interfaces/lib/libcanopen_interfaces__rosidl_generator_c.so" to ""
-- Up-to-date: /tmp/agrobot-next-build-ybgPHn/install/canopen_interfaces/include/canopen_interfaces/canopen_interfaces
-- Up-to-date: /tmp/agrobot-next-build-ybgPHn/install/canopen_interfaces/include/canopen_interfaces/canopen_interfaces/srv
-- Up-to-date: /tmp/agrobot-next-build-ybgPHn/install/canopen_interfaces/include/canopen_interfaces/canopen_interfaces/srv/detail
-- Installing: /tmp/agrobot-next-build-ybgPHn/install/canopen_interfaces/include/canopen_interfaces/canopen_interfaces/srv/detail/co_target_double__rosidl_typesupport_fastrtps_c.h
-- Installing: /tmp/agrobot-next-build-ybgPHn/install/canopen_interfaces/include/canopen_interfaces/canopen_interfaces/srv/detail/co_read__rosidl_typesupport_fastrtps_c.h
-- Installing: /tmp/agrobot-next-build-ybgPHn/install/canopen_interfaces/include/canopen_interfaces/canopen_interfaces/srv/detail/co_heartbeat_id__rosidl_typesupport_fastrtps_c.h
-- Installing: /tmp/agrobot-next-build-ybgPHn/install/canopen_interfaces/include/canopen_interfaces/canopen_interfaces/srv/detail/co_write_id__rosidl_typesupport_fastrtps_c.h
-- Installing: /tmp/agrobot-next-build-ybgPHn/install/canopen_interfaces/include/canopen_interfaces/canopen_interfaces/srv/detail/co_read_id__rosidl_typesupport_fastrtps_c.h
-- Installing: /tmp/agrobot-next-build-ybgPHn/install/canopen_interfaces/include/canopen_interfaces/canopen_interfaces/srv/detail/co_write__rosidl_typesupport_fastrtps_c.h
-- Installing: /tmp/agrobot-next-build-ybgPHn/install/canopen_interfaces/include/canopen_interfaces/canopen_interfaces/srv/detail/co_nmt_id__rosidl_typesupport_fastrtps_c.h
-- Installing: /tmp/agrobot-next-build-ybgPHn/install/canopen_interfaces/include/canopen_interfaces/canopen_interfaces/srv/detail/co_node__rosidl_typesupport_fastrtps_c.h
-- Up-to-date: /tmp/agrobot-next-build-ybgPHn/install/canopen_interfaces/include/canopen_interfaces/canopen_interfaces/msg
-- Up-to-date: /tmp/agrobot-next-build-ybgPHn/install/canopen_interfaces/include/canopen_interfaces/canopen_interfaces/msg/detail
-- Installing: /tmp/agrobot-next-build-ybgPHn/install/canopen_interfaces/include/canopen_interfaces/canopen_interfaces/msg/detail/co_data__rosidl_typesupport_fastrtps_c.h
-- Installing: /tmp/agrobot-next-build-ybgPHn/install/canopen_interfaces/include/canopen_interfaces/canopen_interfaces/msg/rosidl_typesupport_fastrtps_c__visibility_control.h
-- Installing: /tmp/agrobot-next-build-ybgPHn/install/canopen_interfaces/lib/libcanopen_interfaces__rosidl_typesupport_fastrtps_c.so
-- Set non-toolchain portion of runtime path of "/tmp/agrobot-next-build-ybgPHn/install/canopen_interfaces/lib/libcanopen_interfaces__rosidl_typesupport_fastrtps_c.so" to ""
-- Up-to-date: /tmp/agrobot-next-build-ybgPHn/install/canopen_interfaces/include/canopen_interfaces/canopen_interfaces
-- Up-to-date: /tmp/agrobot-next-build-ybgPHn/install/canopen_interfaces/include/canopen_interfaces/canopen_interfaces/srv
-- Up-to-date: /tmp/agrobot-next-build-ybgPHn/install/canopen_interfaces/include/canopen_interfaces/canopen_interfaces/srv/detail
-- Installing: /tmp/agrobot-next-build-ybgPHn/install/canopen_interfaces/include/canopen_interfaces/canopen_interfaces/srv/detail/co_heartbeat_id__rosidl_typesupport_introspection_c.h
-- Installing: /tmp/agrobot-next-build-ybgPHn/install/canopen_interfaces/include/canopen_interfaces/canopen_interfaces/srv/detail/co_target_double__rosidl_typesupport_introspection_c.h
-- Installing: /tmp/agrobot-next-build-ybgPHn/install/canopen_interfaces/include/canopen_interfaces/canopen_interfaces/srv/detail/co_read_id__type_support.c
-- Installing: /tmp/agrobot-next-build-ybgPHn/install/canopen_interfaces/include/canopen_interfaces/canopen_interfaces/srv/detail/co_read__rosidl_typesupport_introspection_c.h
-- Installing: /tmp/agrobot-next-build-ybgPHn/install/canopen_interfaces/include/canopen_interfaces/canopen_interfaces/srv/detail/co_heartbeat_id__type_support.c
-- Installing: /tmp/agrobot-next-build-ybgPHn/install/canopen_interfaces/include/canopen_interfaces/canopen_interfaces/srv/detail/co_read_id__rosidl_typesupport_introspection_c.h
-- Installing: /tmp/agrobot-next-build-ybgPHn/install/canopen_interfaces/include/canopen_interfaces/canopen_interfaces/srv/detail/co_write__type_support.c
-- Installing: /tmp/agrobot-next-build-ybgPHn/install/canopen_interfaces/include/canopen_interfaces/canopen_interfaces/srv/detail/co_nmt_id__rosidl_typesupport_introspection_c.h
-- Installing: /tmp/agrobot-next-build-ybgPHn/install/canopen_interfaces/include/canopen_interfaces/canopen_interfaces/srv/detail/co_write__rosidl_typesupport_introspection_c.h
-- Installing: /tmp/agrobot-next-build-ybgPHn/install/canopen_interfaces/include/canopen_interfaces/canopen_interfaces/srv/detail/co_write_id__type_support.c
-- Installing: /tmp/agrobot-next-build-ybgPHn/install/canopen_interfaces/include/canopen_interfaces/canopen_interfaces/srv/detail/co_node__rosidl_typesupport_introspection_c.h
-- Installing: /tmp/agrobot-next-build-ybgPHn/install/canopen_interfaces/include/canopen_interfaces/canopen_interfaces/srv/detail/co_nmt_id__type_support.c
-- Installing: /tmp/agrobot-next-build-ybgPHn/install/canopen_interfaces/include/canopen_interfaces/canopen_interfaces/srv/detail/co_read__type_support.c
-- Installing: /tmp/agrobot-next-build-ybgPHn/install/canopen_interfaces/include/canopen_interfaces/canopen_interfaces/srv/detail/co_target_double__type_support.c
-- Installing: /tmp/agrobot-next-build-ybgPHn/install/canopen_interfaces/include/canopen_interfaces/canopen_interfaces/srv/detail/co_write_id__rosidl_typesupport_introspection_c.h
-- Installing: /tmp/agrobot-next-build-ybgPHn/install/canopen_interfaces/include/canopen_interfaces/canopen_interfaces/srv/detail/co_node__type_support.c
-- Up-to-date: /tmp/agrobot-next-build-ybgPHn/install/canopen_interfaces/include/canopen_interfaces/canopen_interfaces/msg
-- Installing: /tmp/agrobot-next-build-ybgPHn/install/canopen_interfaces/include/canopen_interfaces/canopen_interfaces/msg/rosidl_typesupport_introspection_c__visibility_control.h
-- Up-to-date: /tmp/agrobot-next-build-ybgPHn/install/canopen_interfaces/include/canopen_interfaces/canopen_interfaces/msg/detail
-- Installing: /tmp/agrobot-next-build-ybgPHn/install/canopen_interfaces/include/canopen_interfaces/canopen_interfaces/msg/detail/co_data__rosidl_typesupport_introspection_c.h
-- Installing: /tmp/agrobot-next-build-ybgPHn/install/canopen_interfaces/include/canopen_interfaces/canopen_interfaces/msg/detail/co_data__type_support.c
-- Installing: /tmp/agrobot-next-build-ybgPHn/install/canopen_interfaces/lib/libcanopen_interfaces__rosidl_typesupport_introspection_c.so
-- Set non-toolchain portion of runtime path of "/tmp/agrobot-next-build-ybgPHn/install/canopen_interfaces/lib/libcanopen_interfaces__rosidl_typesupport_introspection_c.so" to ""
-- Installing: /tmp/agrobot-next-build-ybgPHn/install/canopen_interfaces/lib/libcanopen_interfaces__rosidl_typesupport_c.so
-- Set non-toolchain portion of runtime path of "/tmp/agrobot-next-build-ybgPHn/install/canopen_interfaces/lib/libcanopen_interfaces__rosidl_typesupport_c.so" to ""
-- Up-to-date: /tmp/agrobot-next-build-ybgPHn/install/canopen_interfaces/include/canopen_interfaces/canopen_interfaces
-- Up-to-date: /tmp/agrobot-next-build-ybgPHn/install/canopen_interfaces/include/canopen_interfaces/canopen_interfaces/srv
-- Installing: /tmp/agrobot-next-build-ybgPHn/install/canopen_interfaces/include/canopen_interfaces/canopen_interfaces/srv/co_write_id.hpp
-- Installing: /tmp/agrobot-next-build-ybgPHn/install/canopen_interfaces/include/canopen_interfaces/canopen_interfaces/srv/co_write.hpp
-- Installing: /tmp/agrobot-next-build-ybgPHn/install/canopen_interfaces/include/canopen_interfaces/canopen_interfaces/srv/co_nmt_id.hpp
-- Installing: /tmp/agrobot-next-build-ybgPHn/install/canopen_interfaces/include/canopen_interfaces/canopen_interfaces/srv/co_node.hpp
-- Installing: /tmp/agrobot-next-build-ybgPHn/install/canopen_interfaces/include/canopen_interfaces/canopen_interfaces/srv/co_heartbeat_id.hpp
-- Up-to-date: /tmp/agrobot-next-build-ybgPHn/install/canopen_interfaces/include/canopen_interfaces/canopen_interfaces/srv/detail
-- Installing: /tmp/agrobot-next-build-ybgPHn/install/canopen_interfaces/include/canopen_interfaces/canopen_interfaces/srv/detail/co_nmt_id__traits.hpp
-- Installing: /tmp/agrobot-next-build-ybgPHn/install/canopen_interfaces/include/canopen_interfaces/canopen_interfaces/srv/detail/co_read__type_support.hpp
-- Installing: /tmp/agrobot-next-build-ybgPHn/install/canopen_interfaces/include/canopen_interfaces/canopen_interfaces/srv/detail/co_target_double__type_support.hpp
-- Installing: /tmp/agrobot-next-build-ybgPHn/install/canopen_interfaces/include/canopen_interfaces/canopen_interfaces/srv/detail/co_heartbeat_id__struct.hpp
-- Installing: /tmp/agrobot-next-build-ybgPHn/install/canopen_interfaces/include/canopen_interfaces/canopen_interfaces/srv/detail/co_target_double__builder.hpp
-- Installing: /tmp/agrobot-next-build-ybgPHn/install/canopen_interfaces/include/canopen_interfaces/canopen_interfaces/srv/detail/co_read_id__type_support.hpp
-- Installing: /tmp/agrobot-next-build-ybgPHn/install/canopen_interfaces/include/canopen_interfaces/canopen_interfaces/srv/detail/co_read__builder.hpp
-- Installing: /tmp/agrobot-next-build-ybgPHn/install/canopen_interfaces/include/canopen_interfaces/canopen_interfaces/srv/detail/co_nmt_id__struct.hpp
-- Installing: /tmp/agrobot-next-build-ybgPHn/install/canopen_interfaces/include/canopen_interfaces/canopen_interfaces/srv/detail/co_target_double__traits.hpp
-- Installing: /tmp/agrobot-next-build-ybgPHn/install/canopen_interfaces/include/canopen_interfaces/canopen_interfaces/srv/detail/co_read_id__struct.hpp
-- Installing: /tmp/agrobot-next-build-ybgPHn/install/canopen_interfaces/include/canopen_interfaces/canopen_interfaces/srv/detail/co_write_id__traits.hpp
-- Installing: /tmp/agrobot-next-build-ybgPHn/install/canopen_interfaces/include/canopen_interfaces/canopen_interfaces/srv/detail/co_heartbeat_id__traits.hpp
-- Installing: /tmp/agrobot-next-build-ybgPHn/install/canopen_interfaces/include/canopen_interfaces/canopen_interfaces/srv/detail/co_read_id__traits.hpp
-- Installing: /tmp/agrobot-next-build-ybgPHn/install/canopen_interfaces/include/canopen_interfaces/canopen_interfaces/srv/detail/co_read_id__builder.hpp
-- Installing: /tmp/agrobot-next-build-ybgPHn/install/canopen_interfaces/include/canopen_interfaces/canopen_interfaces/srv/detail/co_read__traits.hpp
-- Installing: /tmp/agrobot-next-build-ybgPHn/install/canopen_interfaces/include/canopen_interfaces/canopen_interfaces/srv/detail/co_node__type_support.hpp
-- Installing: /tmp/agrobot-next-build-ybgPHn/install/canopen_interfaces/include/canopen_interfaces/canopen_interfaces/srv/detail/co_nmt_id__builder.hpp
-- Installing: /tmp/agrobot-next-build-ybgPHn/install/canopen_interfaces/include/canopen_interfaces/canopen_interfaces/srv/detail/co_write__struct.hpp
-- Installing: /tmp/agrobot-next-build-ybgPHn/install/canopen_interfaces/include/canopen_interfaces/canopen_interfaces/srv/detail/co_read__struct.hpp
-- Installing: /tmp/agrobot-next-build-ybgPHn/install/canopen_interfaces/include/canopen_interfaces/canopen_interfaces/srv/detail/co_write__builder.hpp
-- Installing: /tmp/agrobot-next-build-ybgPHn/install/canopen_interfaces/include/canopen_interfaces/canopen_interfaces/srv/detail/co_write__type_support.hpp
-- Installing: /tmp/agrobot-next-build-ybgPHn/install/canopen_interfaces/include/canopen_interfaces/canopen_interfaces/srv/detail/co_nmt_id__type_support.hpp
-- Installing: /tmp/agrobot-next-build-ybgPHn/install/canopen_interfaces/include/canopen_interfaces/canopen_interfaces/srv/detail/co_write_id__builder.hpp
-- Installing: /tmp/agrobot-next-build-ybgPHn/install/canopen_interfaces/include/canopen_interfaces/canopen_interfaces/srv/detail/co_write_id__type_support.hpp
-- Installing: /tmp/agrobot-next-build-ybgPHn/install/canopen_interfaces/include/canopen_interfaces/canopen_interfaces/srv/detail/co_node__builder.hpp
-- Installing: /tmp/agrobot-next-build-ybgPHn/install/canopen_interfaces/include/canopen_interfaces/canopen_interfaces/srv/detail/co_node__traits.hpp
-- Installing: /tmp/agrobot-next-build-ybgPHn/install/canopen_interfaces/include/canopen_interfaces/canopen_interfaces/srv/detail/co_write_id__struct.hpp
-- Installing: /tmp/agrobot-next-build-ybgPHn/install/canopen_interfaces/include/canopen_interfaces/canopen_interfaces/srv/detail/co_heartbeat_id__type_support.hpp
-- Installing: /tmp/agrobot-next-build-ybgPHn/install/canopen_interfaces/include/canopen_interfaces/canopen_interfaces/srv/detail/co_target_double__struct.hpp
-- Installing: /tmp/agrobot-next-build-ybgPHn/install/canopen_interfaces/include/canopen_interfaces/canopen_interfaces/srv/detail/co_heartbeat_id__builder.hpp
-- Installing: /tmp/agrobot-next-build-ybgPHn/install/canopen_interfaces/include/canopen_interfaces/canopen_interfaces/srv/detail/co_node__struct.hpp
-- Installing: /tmp/agrobot-next-build-ybgPHn/install/canopen_interfaces/include/canopen_interfaces/canopen_interfaces/srv/detail/co_write__traits.hpp
-- Installing: /tmp/agrobot-next-build-ybgPHn/install/canopen_interfaces/include/canopen_interfaces/canopen_interfaces/srv/co_read.hpp
-- Installing: /tmp/agrobot-next-build-ybgPHn/install/canopen_interfaces/include/canopen_interfaces/canopen_interfaces/srv/co_read_id.hpp
-- Installing: /tmp/agrobot-next-build-ybgPHn/install/canopen_interfaces/include/canopen_interfaces/canopen_interfaces/srv/co_target_double.hpp
-- Up-to-date: /tmp/agrobot-next-build-ybgPHn/install/canopen_interfaces/include/canopen_interfaces/canopen_interfaces/msg
-- Up-to-date: /tmp/agrobot-next-build-ybgPHn/install/canopen_interfaces/include/canopen_interfaces/canopen_interfaces/msg/detail
-- Installing: /tmp/agrobot-next-build-ybgPHn/install/canopen_interfaces/include/canopen_interfaces/canopen_interfaces/msg/detail/co_data__traits.hpp
-- Installing: /tmp/agrobot-next-build-ybgPHn/install/canopen_interfaces/include/canopen_interfaces/canopen_interfaces/msg/detail/co_data__builder.hpp
-- Installing: /tmp/agrobot-next-build-ybgPHn/install/canopen_interfaces/include/canopen_interfaces/canopen_interfaces/msg/detail/co_data__type_support.hpp
-- Installing: /tmp/agrobot-next-build-ybgPHn/install/canopen_interfaces/include/canopen_interfaces/canopen_interfaces/msg/detail/co_data__struct.hpp
-- Installing: /tmp/agrobot-next-build-ybgPHn/install/canopen_interfaces/include/canopen_interfaces/canopen_interfaces/msg/rosidl_generator_cpp__visibility_control.hpp
-- Installing: /tmp/agrobot-next-build-ybgPHn/install/canopen_interfaces/include/canopen_interfaces/canopen_interfaces/msg/co_data.hpp
-- Up-to-date: /tmp/agrobot-next-build-ybgPHn/install/canopen_interfaces/include/canopen_interfaces/canopen_interfaces
-- Up-to-date: /tmp/agrobot-next-build-ybgPHn/install/canopen_interfaces/include/canopen_interfaces/canopen_interfaces/srv
-- Up-to-date: /tmp/agrobot-next-build-ybgPHn/install/canopen_interfaces/include/canopen_interfaces/canopen_interfaces/srv/detail
-- Installing: /tmp/agrobot-next-build-ybgPHn/install/canopen_interfaces/include/canopen_interfaces/canopen_interfaces/srv/detail/co_write__rosidl_typesupport_fastrtps_cpp.hpp
-- Installing: /tmp/agrobot-next-build-ybgPHn/install/canopen_interfaces/include/canopen_interfaces/canopen_interfaces/srv/detail/co_nmt_id__rosidl_typesupport_fastrtps_cpp.hpp
-- Installing: /tmp/agrobot-next-build-ybgPHn/install/canopen_interfaces/include/canopen_interfaces/canopen_interfaces/srv/detail/dds_fastrtps
-- Installing: /tmp/agrobot-next-build-ybgPHn/install/canopen_interfaces/include/canopen_interfaces/canopen_interfaces/srv/detail/co_heartbeat_id__rosidl_typesupport_fastrtps_cpp.hpp
-- Installing: /tmp/agrobot-next-build-ybgPHn/install/canopen_interfaces/include/canopen_interfaces/canopen_interfaces/srv/detail/co_read_id__rosidl_typesupport_fastrtps_cpp.hpp
-- Installing: /tmp/agrobot-next-build-ybgPHn/install/canopen_interfaces/include/canopen_interfaces/canopen_interfaces/srv/detail/co_write_id__rosidl_typesupport_fastrtps_cpp.hpp
-- Installing: /tmp/agrobot-next-build-ybgPHn/install/canopen_interfaces/include/canopen_interfaces/canopen_interfaces/srv/detail/co_read__rosidl_typesupport_fastrtps_cpp.hpp
-- Installing: /tmp/agrobot-next-build-ybgPHn/install/canopen_interfaces/include/canopen_interfaces/canopen_interfaces/srv/detail/co_node__rosidl_typesupport_fastrtps_cpp.hpp
-- Installing: /tmp/agrobot-next-build-ybgPHn/install/canopen_interfaces/include/canopen_interfaces/canopen_interfaces/srv/detail/co_target_double__rosidl_typesupport_fastrtps_cpp.hpp
-- Up-to-date: /tmp/agrobot-next-build-ybgPHn/install/canopen_interfaces/include/canopen_interfaces/canopen_interfaces/msg
-- Up-to-date: /tmp/agrobot-next-build-ybgPHn/install/canopen_interfaces/include/canopen_interfaces/canopen_interfaces/msg/detail
-- Installing: /tmp/agrobot-next-build-ybgPHn/install/canopen_interfaces/include/canopen_interfaces/canopen_interfaces/msg/detail/dds_fastrtps
-- Installing: /tmp/agrobot-next-build-ybgPHn/install/canopen_interfaces/include/canopen_interfaces/canopen_interfaces/msg/detail/co_data__rosidl_typesupport_fastrtps_cpp.hpp
-- Installing: /tmp/agrobot-next-build-ybgPHn/install/canopen_interfaces/include/canopen_interfaces/canopen_interfaces/msg/rosidl_typesupport_fastrtps_cpp__visibility_control.h
-- Installing: /tmp/agrobot-next-build-ybgPHn/install/canopen_interfaces/lib/libcanopen_interfaces__rosidl_typesupport_fastrtps_cpp.so
-- Set non-toolchain portion of runtime path of "/tmp/agrobot-next-build-ybgPHn/install/canopen_interfaces/lib/libcanopen_interfaces__rosidl_typesupport_fastrtps_cpp.so" to ""
-- Up-to-date: /tmp/agrobot-next-build-ybgPHn/install/canopen_interfaces/include/canopen_interfaces/canopen_interfaces
-- Up-to-date: /tmp/agrobot-next-build-ybgPHn/install/canopen_interfaces/include/canopen_interfaces/canopen_interfaces/srv
-- Up-to-date: /tmp/agrobot-next-build-ybgPHn/install/canopen_interfaces/include/canopen_interfaces/canopen_interfaces/srv/detail
-- Installing: /tmp/agrobot-next-build-ybgPHn/install/canopen_interfaces/include/canopen_interfaces/canopen_interfaces/srv/detail/co_read_id__rosidl_typesupport_introspection_cpp.hpp
-- Installing: /tmp/agrobot-next-build-ybgPHn/install/canopen_interfaces/include/canopen_interfaces/canopen_interfaces/srv/detail/co_write__type_support.cpp
-- Installing: /tmp/agrobot-next-build-ybgPHn/install/canopen_interfaces/include/canopen_interfaces/canopen_interfaces/srv/detail/co_read__type_support.cpp
-- Installing: /tmp/agrobot-next-build-ybgPHn/install/canopen_interfaces/include/canopen_interfaces/canopen_interfaces/srv/detail/co_heartbeat_id__rosidl_typesupport_introspection_cpp.hpp
-- Installing: /tmp/agrobot-next-build-ybgPHn/install/canopen_interfaces/include/canopen_interfaces/canopen_interfaces/srv/detail/co_target_double__type_support.cpp
-- Installing: /tmp/agrobot-next-build-ybgPHn/install/canopen_interfaces/include/canopen_interfaces/canopen_interfaces/srv/detail/co_nmt_id__rosidl_typesupport_introspection_cpp.hpp
-- Installing: /tmp/agrobot-next-build-ybgPHn/install/canopen_interfaces/include/canopen_interfaces/canopen_interfaces/srv/detail/co_node__type_support.cpp
-- Installing: /tmp/agrobot-next-build-ybgPHn/install/canopen_interfaces/include/canopen_interfaces/canopen_interfaces/srv/detail/co_heartbeat_id__type_support.cpp
-- Installing: /tmp/agrobot-next-build-ybgPHn/install/canopen_interfaces/include/canopen_interfaces/canopen_interfaces/srv/detail/co_read_id__type_support.cpp
-- Installing: /tmp/agrobot-next-build-ybgPHn/install/canopen_interfaces/include/canopen_interfaces/canopen_interfaces/srv/detail/co_write_id__type_support.cpp
-- Installing: /tmp/agrobot-next-build-ybgPHn/install/canopen_interfaces/include/canopen_interfaces/canopen_interfaces/srv/detail/co_nmt_id__type_support.cpp
-- Installing: /tmp/agrobot-next-build-ybgPHn/install/canopen_interfaces/include/canopen_interfaces/canopen_interfaces/srv/detail/co_node__rosidl_typesupport_introspection_cpp.hpp
-- Installing: /tmp/agrobot-next-build-ybgPHn/install/canopen_interfaces/include/canopen_interfaces/canopen_interfaces/srv/detail/co_write__rosidl_typesupport_introspection_cpp.hpp
-- Installing: /tmp/agrobot-next-build-ybgPHn/install/canopen_interfaces/include/canopen_interfaces/canopen_interfaces/srv/detail/co_read__rosidl_typesupport_introspection_cpp.hpp
-- Installing: /tmp/agrobot-next-build-ybgPHn/install/canopen_interfaces/include/canopen_interfaces/canopen_interfaces/srv/detail/co_target_double__rosidl_typesupport_introspection_cpp.hpp
-- Installing: /tmp/agrobot-next-build-ybgPHn/install/canopen_interfaces/include/canopen_interfaces/canopen_interfaces/srv/detail/co_write_id__rosidl_typesupport_introspection_cpp.hpp
-- Up-to-date: /tmp/agrobot-next-build-ybgPHn/install/canopen_interfaces/include/canopen_interfaces/canopen_interfaces/msg
-- Up-to-date: /tmp/agrobot-next-build-ybgPHn/install/canopen_interfaces/include/canopen_interfaces/canopen_interfaces/msg/detail
-- Installing: /tmp/agrobot-next-build-ybgPHn/install/canopen_interfaces/include/canopen_interfaces/canopen_interfaces/msg/detail/co_data__rosidl_typesupport_introspection_cpp.hpp
-- Installing: /tmp/agrobot-next-build-ybgPHn/install/canopen_interfaces/include/canopen_interfaces/canopen_interfaces/msg/detail/co_data__type_support.cpp
-- Installing: /tmp/agrobot-next-build-ybgPHn/install/canopen_interfaces/lib/libcanopen_interfaces__rosidl_typesupport_introspection_cpp.so
-- Set non-toolchain portion of runtime path of "/tmp/agrobot-next-build-ybgPHn/install/canopen_interfaces/lib/libcanopen_interfaces__rosidl_typesupport_introspection_cpp.so" to ""
-- Installing: /tmp/agrobot-next-build-ybgPHn/install/canopen_interfaces/lib/libcanopen_interfaces__rosidl_typesupport_cpp.so
-- Set non-toolchain portion of runtime path of "/tmp/agrobot-next-build-ybgPHn/install/canopen_interfaces/lib/libcanopen_interfaces__rosidl_typesupport_cpp.so" to ""
-- Installing: /tmp/agrobot-next-build-ybgPHn/install/canopen_interfaces/share/canopen_interfaces/environment/pythonpath.sh
-- Installing: /tmp/agrobot-next-build-ybgPHn/install/canopen_interfaces/share/canopen_interfaces/environment/pythonpath.dsv
-- Installing: /tmp/agrobot-next-build-ybgPHn/install/canopen_interfaces/lib/python3.12/site-packages/canopen_interfaces-0.3.1-py3.12.egg-info
-- Installing: /tmp/agrobot-next-build-ybgPHn/install/canopen_interfaces/lib/python3.12/site-packages/canopen_interfaces-0.3.1-py3.12.egg-info/PKG-INFO
-- Installing: /tmp/agrobot-next-build-ybgPHn/install/canopen_interfaces/lib/python3.12/site-packages/canopen_interfaces-0.3.1-py3.12.egg-info/dependency_links.txt
-- Installing: /tmp/agrobot-next-build-ybgPHn/install/canopen_interfaces/lib/python3.12/site-packages/canopen_interfaces-0.3.1-py3.12.egg-info/top_level.txt
-- Installing: /tmp/agrobot-next-build-ybgPHn/install/canopen_interfaces/lib/python3.12/site-packages/canopen_interfaces-0.3.1-py3.12.egg-info/SOURCES.txt
-- Installing: /tmp/agrobot-next-build-ybgPHn/install/canopen_interfaces/lib/python3.12/site-packages/canopen_interfaces
-- Installing: /tmp/agrobot-next-build-ybgPHn/install/canopen_interfaces/lib/python3.12/site-packages/canopen_interfaces/_canopen_interfaces_s.ep.rosidl_typesupport_fastrtps_c.c
-- Installing: /tmp/agrobot-next-build-ybgPHn/install/canopen_interfaces/lib/python3.12/site-packages/canopen_interfaces/_canopen_interfaces_s.ep.rosidl_typesupport_c.c
-- Installing: /tmp/agrobot-next-build-ybgPHn/install/canopen_interfaces/lib/python3.12/site-packages/canopen_interfaces/canopen_interfaces_s__rosidl_typesupport_c.so
-- Installing: /tmp/agrobot-next-build-ybgPHn/install/canopen_interfaces/lib/python3.12/site-packages/canopen_interfaces/srv
-- Installing: /tmp/agrobot-next-build-ybgPHn/install/canopen_interfaces/lib/python3.12/site-packages/canopen_interfaces/srv/_co_heartbeat_id.py
-- Installing: /tmp/agrobot-next-build-ybgPHn/install/canopen_interfaces/lib/python3.12/site-packages/canopen_interfaces/srv/_co_read_id_s.c
-- Installing: /tmp/agrobot-next-build-ybgPHn/install/canopen_interfaces/lib/python3.12/site-packages/canopen_interfaces/srv/_co_write_s.c
-- Installing: /tmp/agrobot-next-build-ybgPHn/install/canopen_interfaces/lib/python3.12/site-packages/canopen_interfaces/srv/_co_node_s.c
-- Installing: /tmp/agrobot-next-build-ybgPHn/install/canopen_interfaces/lib/python3.12/site-packages/canopen_interfaces/srv/_co_read_id.py
-- Installing: /tmp/agrobot-next-build-ybgPHn/install/canopen_interfaces/lib/python3.12/site-packages/canopen_interfaces/srv/_co_nmt_id.py
-- Installing: /tmp/agrobot-next-build-ybgPHn/install/canopen_interfaces/lib/python3.12/site-packages/canopen_interfaces/srv/_co_write_id.py
-- Installing: /tmp/agrobot-next-build-ybgPHn/install/canopen_interfaces/lib/python3.12/site-packages/canopen_interfaces/srv/_co_heartbeat_id_s.c
-- Installing: /tmp/agrobot-next-build-ybgPHn/install/canopen_interfaces/lib/python3.12/site-packages/canopen_interfaces/srv/_co_target_double.py
-- Installing: /tmp/agrobot-next-build-ybgPHn/install/canopen_interfaces/lib/python3.12/site-packages/canopen_interfaces/srv/_co_target_double_s.c
-- Installing: /tmp/agrobot-next-build-ybgPHn/install/canopen_interfaces/lib/python3.12/site-packages/canopen_interfaces/srv/_co_read_s.c
-- Installing: /tmp/agrobot-next-build-ybgPHn/install/canopen_interfaces/lib/python3.12/site-packages/canopen_interfaces/srv/__init__.py
-- Installing: /tmp/agrobot-next-build-ybgPHn/install/canopen_interfaces/lib/python3.12/site-packages/canopen_interfaces/srv/_co_node.py
-- Installing: /tmp/agrobot-next-build-ybgPHn/install/canopen_interfaces/lib/python3.12/site-packages/canopen_interfaces/srv/_co_read.py
-- Installing: /tmp/agrobot-next-build-ybgPHn/install/canopen_interfaces/lib/python3.12/site-packages/canopen_interfaces/srv/_co_write.py
-- Installing: /tmp/agrobot-next-build-ybgPHn/install/canopen_interfaces/lib/python3.12/site-packages/canopen_interfaces/srv/_co_nmt_id_s.c
-- Installing: /tmp/agrobot-next-build-ybgPHn/install/canopen_interfaces/lib/python3.12/site-packages/canopen_interfaces/srv/_co_write_id_s.c
-- Installing: /tmp/agrobot-next-build-ybgPHn/install/canopen_interfaces/lib/python3.12/site-packages/canopen_interfaces/__init__.py
-- Installing: /tmp/agrobot-next-build-ybgPHn/install/canopen_interfaces/lib/python3.12/site-packages/canopen_interfaces/canopen_interfaces_s__rosidl_typesupport_fastrtps_c.so
-- Installing: /tmp/agrobot-next-build-ybgPHn/install/canopen_interfaces/lib/python3.12/site-packages/canopen_interfaces/msg
-- Installing: /tmp/agrobot-next-build-ybgPHn/install/canopen_interfaces/lib/python3.12/site-packages/canopen_interfaces/msg/_co_data_s.c
-- Installing: /tmp/agrobot-next-build-ybgPHn/install/canopen_interfaces/lib/python3.12/site-packages/canopen_interfaces/msg/_co_data.py
-- Installing: /tmp/agrobot-next-build-ybgPHn/install/canopen_interfaces/lib/python3.12/site-packages/canopen_interfaces/msg/__init__.py
-- Installing: /tmp/agrobot-next-build-ybgPHn/install/canopen_interfaces/lib/python3.12/site-packages/canopen_interfaces/_canopen_interfaces_s.ep.rosidl_typesupport_introspection_c.c
-- Installing: /tmp/agrobot-next-build-ybgPHn/install/canopen_interfaces/lib/python3.12/site-packages/canopen_interfaces/canopen_interfaces_s__rosidl_typesupport_introspection_c.so
Listing '/tmp/agrobot-next-build-ybgPHn/install/canopen_interfaces/lib/python3.12/site-packages/canopen_interfaces'...
Compiling '/tmp/agrobot-next-build-ybgPHn/install/canopen_interfaces/lib/python3.12/site-packages/canopen_interfaces/__init__.py'...
Listing '/tmp/agrobot-next-build-ybgPHn/install/canopen_interfaces/lib/python3.12/site-packages/canopen_interfaces/msg'...
Compiling '/tmp/agrobot-next-build-ybgPHn/install/canopen_interfaces/lib/python3.12/site-packages/canopen_interfaces/msg/__init__.py'...
Compiling '/tmp/agrobot-next-build-ybgPHn/install/canopen_interfaces/lib/python3.12/site-packages/canopen_interfaces/msg/_co_data.py'...
Listing '/tmp/agrobot-next-build-ybgPHn/install/canopen_interfaces/lib/python3.12/site-packages/canopen_interfaces/srv'...
Compiling '/tmp/agrobot-next-build-ybgPHn/install/canopen_interfaces/lib/python3.12/site-packages/canopen_interfaces/srv/__init__.py'...
Compiling '/tmp/agrobot-next-build-ybgPHn/install/canopen_interfaces/lib/python3.12/site-packages/canopen_interfaces/srv/_co_heartbeat_id.py'...
Compiling '/tmp/agrobot-next-build-ybgPHn/install/canopen_interfaces/lib/python3.12/site-packages/canopen_interfaces/srv/_co_nmt_id.py'...
Compiling '/tmp/agrobot-next-build-ybgPHn/install/canopen_interfaces/lib/python3.12/site-packages/canopen_interfaces/srv/_co_node.py'...
Compiling '/tmp/agrobot-next-build-ybgPHn/install/canopen_interfaces/lib/python3.12/site-packages/canopen_interfaces/srv/_co_read.py'...
Compiling '/tmp/agrobot-next-build-ybgPHn/install/canopen_interfaces/lib/python3.12/site-packages/canopen_interfaces/srv/_co_read_id.py'...
Compiling '/tmp/agrobot-next-build-ybgPHn/install/canopen_interfaces/lib/python3.12/site-packages/canopen_interfaces/srv/_co_target_double.py'...
Compiling '/tmp/agrobot-next-build-ybgPHn/install/canopen_interfaces/lib/python3.12/site-packages/canopen_interfaces/srv/_co_write.py'...
Compiling '/tmp/agrobot-next-build-ybgPHn/install/canopen_interfaces/lib/python3.12/site-packages/canopen_interfaces/srv/_co_write_id.py'...
-- Installing: /tmp/agrobot-next-build-ybgPHn/install/canopen_interfaces/lib/python3.12/site-packages/canopen_interfaces/canopen_interfaces_s__rosidl_typesupport_fastrtps_c.so
-- Set non-toolchain portion of runtime path of "/tmp/agrobot-next-build-ybgPHn/install/canopen_interfaces/lib/python3.12/site-packages/canopen_interfaces/canopen_interfaces_s__rosidl_typesupport_fastrtps_c.so" to ""
-- Installing: /tmp/agrobot-next-build-ybgPHn/install/canopen_interfaces/lib/python3.12/site-packages/canopen_interfaces/canopen_interfaces_s__rosidl_typesupport_introspection_c.so
-- Set non-toolchain portion of runtime path of "/tmp/agrobot-next-build-ybgPHn/install/canopen_interfaces/lib/python3.12/site-packages/canopen_interfaces/canopen_interfaces_s__rosidl_typesupport_introspection_c.so" to ""
-- Installing: /tmp/agrobot-next-build-ybgPHn/install/canopen_interfaces/lib/python3.12/site-packages/canopen_interfaces/canopen_interfaces_s__rosidl_typesupport_c.so
-- Set non-toolchain portion of runtime path of "/tmp/agrobot-next-build-ybgPHn/install/canopen_interfaces/lib/python3.12/site-packages/canopen_interfaces/canopen_interfaces_s__rosidl_typesupport_c.so" to ""
-- Installing: /tmp/agrobot-next-build-ybgPHn/install/canopen_interfaces/lib/libcanopen_interfaces__rosidl_generator_py.so
-- Set non-toolchain portion of runtime path of "/tmp/agrobot-next-build-ybgPHn/install/canopen_interfaces/lib/libcanopen_interfaces__rosidl_generator_py.so" to ""
-- Installing: /tmp/agrobot-next-build-ybgPHn/install/canopen_interfaces/share/canopen_interfaces/rust
-- Installing: /tmp/agrobot-next-build-ybgPHn/install/canopen_interfaces/share/canopen_interfaces/rust/build.rs
-- Installing: /tmp/agrobot-next-build-ybgPHn/install/canopen_interfaces/share/canopen_interfaces/rust/Cargo.toml
-- Installing: /tmp/agrobot-next-build-ybgPHn/install/canopen_interfaces/share/canopen_interfaces/rust/src
-- Installing: /tmp/agrobot-next-build-ybgPHn/install/canopen_interfaces/share/canopen_interfaces/rust/src/msg.rs
-- Installing: /tmp/agrobot-next-build-ybgPHn/install/canopen_interfaces/share/canopen_interfaces/rust/src/srv.rs
-- Installing: /tmp/agrobot-next-build-ybgPHn/install/canopen_interfaces/share/canopen_interfaces/rust/src/srv
-- Installing: /tmp/agrobot-next-build-ybgPHn/install/canopen_interfaces/share/canopen_interfaces/rust/src/srv/rmw.rs
-- Installing: /tmp/agrobot-next-build-ybgPHn/install/canopen_interfaces/share/canopen_interfaces/rust/src/msg
-- Installing: /tmp/agrobot-next-build-ybgPHn/install/canopen_interfaces/share/canopen_interfaces/rust/src/msg/rmw.rs
-- Installing: /tmp/agrobot-next-build-ybgPHn/install/canopen_interfaces/share/canopen_interfaces/rust/src/lib.rs
-- Installing: /tmp/agrobot-next-build-ybgPHn/install/canopen_interfaces/share/canopen_interfaces/srv/COHeartbeatID.idl
-- Installing: /tmp/agrobot-next-build-ybgPHn/install/canopen_interfaces/share/canopen_interfaces/srv/CONmtID.idl
-- Installing: /tmp/agrobot-next-build-ybgPHn/install/canopen_interfaces/share/canopen_interfaces/srv/CORead.idl
-- Installing: /tmp/agrobot-next-build-ybgPHn/install/canopen_interfaces/share/canopen_interfaces/srv/COReadID.idl
-- Installing: /tmp/agrobot-next-build-ybgPHn/install/canopen_interfaces/share/canopen_interfaces/srv/COWrite.idl
-- Installing: /tmp/agrobot-next-build-ybgPHn/install/canopen_interfaces/share/canopen_interfaces/srv/COWriteID.idl
-- Installing: /tmp/agrobot-next-build-ybgPHn/install/canopen_interfaces/share/canopen_interfaces/srv/COTargetDouble.idl
-- Installing: /tmp/agrobot-next-build-ybgPHn/install/canopen_interfaces/share/canopen_interfaces/srv/CONode.idl
-- Installing: /tmp/agrobot-next-build-ybgPHn/install/canopen_interfaces/share/canopen_interfaces/msg/COData.idl
-- Installing: /tmp/agrobot-next-build-ybgPHn/install/canopen_interfaces/share/canopen_interfaces/srv/COHeartbeatID.srv
-- Installing: /tmp/agrobot-next-build-ybgPHn/install/canopen_interfaces/share/canopen_interfaces/srv/CONmtID.srv
-- Installing: /tmp/agrobot-next-build-ybgPHn/install/canopen_interfaces/share/canopen_interfaces/srv/CORead.srv
-- Installing: /tmp/agrobot-next-build-ybgPHn/install/canopen_interfaces/share/canopen_interfaces/srv/COReadID.srv
-- Installing: /tmp/agrobot-next-build-ybgPHn/install/canopen_interfaces/share/canopen_interfaces/srv/COWrite.srv
-- Installing: /tmp/agrobot-next-build-ybgPHn/install/canopen_interfaces/share/canopen_interfaces/srv/COWriteID.srv
-- Installing: /tmp/agrobot-next-build-ybgPHn/install/canopen_interfaces/share/canopen_interfaces/srv/COTargetDouble.srv
-- Installing: /tmp/agrobot-next-build-ybgPHn/install/canopen_interfaces/share/canopen_interfaces/srv/CONode.srv
-- Installing: /tmp/agrobot-next-build-ybgPHn/install/canopen_interfaces/share/canopen_interfaces/msg/COData.msg
-- Installing: /tmp/agrobot-next-build-ybgPHn/install/canopen_interfaces/share/ament_index/resource_index/package_run_dependencies/canopen_interfaces
-- Installing: /tmp/agrobot-next-build-ybgPHn/install/canopen_interfaces/share/ament_index/resource_index/parent_prefix_path/canopen_interfaces
-- Installing: /tmp/agrobot-next-build-ybgPHn/install/canopen_interfaces/share/canopen_interfaces/environment/ament_prefix_path.sh
-- Installing: /tmp/agrobot-next-build-ybgPHn/install/canopen_interfaces/share/canopen_interfaces/environment/ament_prefix_path.dsv
-- Installing: /tmp/agrobot-next-build-ybgPHn/install/canopen_interfaces/share/canopen_interfaces/environment/path.sh
-- Installing: /tmp/agrobot-next-build-ybgPHn/install/canopen_interfaces/share/canopen_interfaces/environment/path.dsv
-- Installing: /tmp/agrobot-next-build-ybgPHn/install/canopen_interfaces/share/canopen_interfaces/local_setup.bash
-- Installing: /tmp/agrobot-next-build-ybgPHn/install/canopen_interfaces/share/canopen_interfaces/local_setup.sh
-- Installing: /tmp/agrobot-next-build-ybgPHn/install/canopen_interfaces/share/canopen_interfaces/local_setup.zsh
-- Installing: /tmp/agrobot-next-build-ybgPHn/install/canopen_interfaces/share/canopen_interfaces/local_setup.dsv
-- Installing: /tmp/agrobot-next-build-ybgPHn/install/canopen_interfaces/share/canopen_interfaces/package.dsv
-- Installing: /tmp/agrobot-next-build-ybgPHn/install/canopen_interfaces/share/ament_index/resource_index/packages/canopen_interfaces
-- Installing: /tmp/agrobot-next-build-ybgPHn/install/canopen_interfaces/share/canopen_interfaces/cmake/export_canopen_interfaces__rosidl_generator_cExport.cmake
-- Installing: /tmp/agrobot-next-build-ybgPHn/install/canopen_interfaces/share/canopen_interfaces/cmake/export_canopen_interfaces__rosidl_generator_cExport-noconfig.cmake
-- Installing: /tmp/agrobot-next-build-ybgPHn/install/canopen_interfaces/share/canopen_interfaces/cmake/export_canopen_interfaces__rosidl_typesupport_fastrtps_cExport.cmake
-- Installing: /tmp/agrobot-next-build-ybgPHn/install/canopen_interfaces/share/canopen_interfaces/cmake/export_canopen_interfaces__rosidl_typesupport_fastrtps_cExport-noconfig.cmake
-- Installing: /tmp/agrobot-next-build-ybgPHn/install/canopen_interfaces/share/canopen_interfaces/cmake/canopen_interfaces__rosidl_typesupport_introspection_cExport.cmake
-- Installing: /tmp/agrobot-next-build-ybgPHn/install/canopen_interfaces/share/canopen_interfaces/cmake/canopen_interfaces__rosidl_typesupport_introspection_cExport-noconfig.cmake
-- Installing: /tmp/agrobot-next-build-ybgPHn/install/canopen_interfaces/share/canopen_interfaces/cmake/canopen_interfaces__rosidl_typesupport_cExport.cmake
-- Installing: /tmp/agrobot-next-build-ybgPHn/install/canopen_interfaces/share/canopen_interfaces/cmake/canopen_interfaces__rosidl_typesupport_cExport-noconfig.cmake
-- Installing: /tmp/agrobot-next-build-ybgPHn/install/canopen_interfaces/share/canopen_interfaces/cmake/export_canopen_interfaces__rosidl_generator_cppExport.cmake
-- Installing: /tmp/agrobot-next-build-ybgPHn/install/canopen_interfaces/share/canopen_interfaces/cmake/export_canopen_interfaces__rosidl_typesupport_fastrtps_cppExport.cmake
-- Installing: /tmp/agrobot-next-build-ybgPHn/install/canopen_interfaces/share/canopen_interfaces/cmake/export_canopen_interfaces__rosidl_typesupport_fastrtps_cppExport-noconfig.cmake
-- Installing: /tmp/agrobot-next-build-ybgPHn/install/canopen_interfaces/share/canopen_interfaces/cmake/canopen_interfaces__rosidl_typesupport_introspection_cppExport.cmake
-- Installing: /tmp/agrobot-next-build-ybgPHn/install/canopen_interfaces/share/canopen_interfaces/cmake/canopen_interfaces__rosidl_typesupport_introspection_cppExport-noconfig.cmake
-- Installing: /tmp/agrobot-next-build-ybgPHn/install/canopen_interfaces/share/canopen_interfaces/cmake/canopen_interfaces__rosidl_typesupport_cppExport.cmake
-- Installing: /tmp/agrobot-next-build-ybgPHn/install/canopen_interfaces/share/canopen_interfaces/cmake/canopen_interfaces__rosidl_typesupport_cppExport-noconfig.cmake
-- Installing: /tmp/agrobot-next-build-ybgPHn/install/canopen_interfaces/share/canopen_interfaces/cmake/export_canopen_interfaces__rosidl_generator_pyExport.cmake
-- Installing: /tmp/agrobot-next-build-ybgPHn/install/canopen_interfaces/share/canopen_interfaces/cmake/export_canopen_interfaces__rosidl_generator_pyExport-noconfig.cmake
-- Installing: /tmp/agrobot-next-build-ybgPHn/install/canopen_interfaces/share/canopen_interfaces/cmake/rosidl_cmake-extras.cmake
-- Installing: /tmp/agrobot-next-build-ybgPHn/install/canopen_interfaces/share/canopen_interfaces/cmake/ament_cmake_export_dependencies-extras.cmake
-- Installing: /tmp/agrobot-next-build-ybgPHn/install/canopen_interfaces/share/canopen_interfaces/cmake/ament_cmake_export_include_directories-extras.cmake
-- Installing: /tmp/agrobot-next-build-ybgPHn/install/canopen_interfaces/share/canopen_interfaces/cmake/ament_cmake_export_libraries-extras.cmake
-- Installing: /tmp/agrobot-next-build-ybgPHn/install/canopen_interfaces/share/canopen_interfaces/cmake/ament_cmake_export_targets-extras.cmake
-- Installing: /tmp/agrobot-next-build-ybgPHn/install/canopen_interfaces/share/canopen_interfaces/cmake/rosidl_cmake_export_typesupport_targets-extras.cmake
-- Installing: /tmp/agrobot-next-build-ybgPHn/install/canopen_interfaces/share/canopen_interfaces/cmake/rosidl_cmake_export_typesupport_libraries-extras.cmake
-- Installing: /tmp/agrobot-next-build-ybgPHn/install/canopen_interfaces/share/canopen_interfaces/cmake/rosidl_cmake_aggregate_target-extras.cmake
-- Installing: /tmp/agrobot-next-build-ybgPHn/install/canopen_interfaces/share/canopen_interfaces/cmake/canopen_interfacesConfig.cmake
-- Installing: /tmp/agrobot-next-build-ybgPHn/install/canopen_interfaces/share/canopen_interfaces/cmake/canopen_interfacesConfig-version.cmake
-- Installing: /tmp/agrobot-next-build-ybgPHn/install/canopen_interfaces/share/canopen_interfaces/package.xml
