[0.011s] Invoking command in '/tmp/agrobot-next-build-ybgPHn/build/canopen_interfaces': CMAKE_PREFIX_PATH=${CMAKE_PREFIX_PATH}:/opt/ros/jazzy /usr/bin/cmake /home/gsylvia/agrobot-reverse-engineering/Agrobot/src/ros2_canopen/canopen_interfaces -DCMAKE_INSTALL_PREFIX=/tmp/agrobot-next-build-ybgPHn/install/canopen_interfaces
[0.159s] -- The C compiler identification is GNU 13.3.0
[0.778s] -- The CXX compiler identification is GNU 13.3.0
[1.271s] -- Detecting C compiler ABI info
[1.484s] -- Detecting C compiler ABI info - done
[1.489s] -- Check for working C compiler: /usr/bin/cc - skipped
[1.489s] -- Detecting C compile features
[1.489s] -- Detecting C compile features - done
[1.582s] -- Detecting CXX compiler ABI info
[1.827s] -- Detecting CXX compiler ABI info - done
[1.832s] -- Check for working CXX compiler: /usr/bin/c++ - skipped
[1.832s] -- Detecting CXX compile features
[1.832s] -- Detecting CXX compile features - done
[1.834s] -- Found ament_cmake: 2.5.6 (/opt/ros/jazzy/share/ament_cmake/cmake)
[1.940s] -- Found Python3: /usr/bin/python3 (found version "3.12.3") found components: Interpreter 
[2.019s] -- Found rosidl_default_generators: 1.6.1 (/opt/ros/jazzy/share/rosidl_default_generators/cmake)
[2.023s] -- Using all available rosidl_typesupport_c: rosidl_typesupport_fastrtps_c;rosidl_typesupport_introspection_c
[2.188s] -- Using all available rosidl_typesupport_cpp: rosidl_typesupport_fastrtps_cpp;rosidl_typesupport_introspection_cpp
[2.223s] -- Found rosidl_adapter: 4.6.9 (/opt/ros/jazzy/share/rosidl_adapter/cmake)
[2.645s] -- Found ament_cmake_ros: 0.12.1 (/opt/ros/jazzy/share/ament_cmake_ros/cmake)
[2.929s] -- Using all available rosidl_typesupport_c: rosidl_typesupport_fastrtps_c;rosidl_typesupport_introspection_c
[3.305s] -- Using all available rosidl_typesupport_cpp: rosidl_typesupport_fastrtps_cpp;rosidl_typesupport_introspection_cpp
[3.307s] -- Found python_cmake_module: 0.11.1 (/opt/ros/jazzy/share/python_cmake_module/cmake)
[3.396s] -- Found PythonExtra: /usr/bin/python3  
[3.723s] -- Found Python3: /usr/bin/python3 (found version "3.12.3") found components: Interpreter Development NumPy Development.Module Development.Embed 
[3.775s] -- Found Python3: /usr/bin/python3 (found version "3.12.3") found components: Interpreter 
[3.777s] -- Found ament_lint_auto: 0.17.5 (/opt/ros/jazzy/share/ament_lint_auto/cmake)
[3.799s] -- Added test 'copyright' to check source files copyright and LICENSE
[3.800s] -- Added test 'lint_cmake' to check CMake code style
[3.801s] -- Added test 'xmllint' to check XML markup files
[3.804s] -- Configuring done (3.8s)
[3.856s] -- Generating done (0.0s)
[3.867s] -- Build files have been written to: /tmp/agrobot-next-build-ybgPHn/build/canopen_interfaces
[3.878s] Invoked command in '/tmp/agrobot-next-build-ybgPHn/build/canopen_interfaces' returned '0': CMAKE_PREFIX_PATH=${CMAKE_PREFIX_PATH}:/opt/ros/jazzy /usr/bin/cmake /home/gsylvia/agrobot-reverse-engineering/Agrobot/src/ros2_canopen/canopen_interfaces -DCMAKE_INSTALL_PREFIX=/tmp/agrobot-next-build-ybgPHn/install/canopen_interfaces
[3.879s] Invoking command in '/tmp/agrobot-next-build-ybgPHn/build/canopen_interfaces': CMAKE_PREFIX_PATH=${CMAKE_PREFIX_PATH}:/opt/ros/jazzy /usr/bin/cmake --build /tmp/agrobot-next-build-ybgPHn/build/canopen_interfaces -- -j16 -l16
[3.923s] [  1%] Generating type hashes for ROS interfaces
[3.925s] [  2%] Generating Rust code for ROS interfaces
[3.933s] [  2%] Built target ament_cmake_python_copy_canopen_interfaces
[4.078s] running egg_info
[4.079s] creating canopen_interfaces.egg-info
[4.093s] writing canopen_interfaces.egg-info/PKG-INFO
[4.094s] writing dependency_links to canopen_interfaces.egg-info/dependency_links.txt
[4.094s] writing top-level names to canopen_interfaces.egg-info/top_level.txt
[4.094s] writing manifest file 'canopen_interfaces.egg-info/SOURCES.txt'
[4.137s] [  2%] Built target canopen_interfaces__rosidl_generator_type_description
[4.144s] reading manifest file 'canopen_interfaces.egg-info/SOURCES.txt'
[4.145s] writing manifest file 'canopen_interfaces.egg-info/SOURCES.txt'
[4.146s] [  3%] Generating C code for ROS interfaces
[4.164s] [  3%] Generating C++ code for ROS interfaces
[4.167s] [  3%] Built target canopen_interfaces__rs
[4.184s] [  3%] Built target ament_cmake_python_build_canopen_interfaces_egg
[4.912s] [  3%] Built target canopen_interfaces__cpp
[6.107s] gmake[2]: Warning: File 'rosidl_generator_c/canopen_interfaces/srv/detail/co_read__description.c' has modification time 0.026 s in the future
[6.107s] [  4%] Building C object CMakeFiles/canopen_interfaces__rosidl_generator_c.dir/rosidl_generator_c/canopen_interfaces/srv/detail/co_nmt_id__description.c.o
[6.107s] [  5%] Building C object CMakeFiles/canopen_interfaces__rosidl_generator_c.dir/rosidl_generator_c/canopen_interfaces/srv/detail/co_heartbeat_id__type_support.c.o
[6.107s] [  6%] Building C object CMakeFiles/canopen_interfaces__rosidl_generator_c.dir/rosidl_generator_c/canopen_interfaces/srv/detail/co_nmt_id__type_support.c.o
[6.115s] [  7%] Building C object CMakeFiles/canopen_interfaces__rosidl_generator_c.dir/rosidl_generator_c/canopen_interfaces/srv/detail/co_read__description.c.o
[6.115s] [  7%] Building C object CMakeFiles/canopen_interfaces__rosidl_generator_c.dir/rosidl_generator_c/canopen_interfaces/srv/detail/co_nmt_id__functions.c.o
[6.115s] [  8%] Building C object CMakeFiles/canopen_interfaces__rosidl_generator_c.dir/rosidl_generator_c/canopen_interfaces/srv/detail/co_heartbeat_id__functions.c.o
[6.119s] [ 10%] Building C object CMakeFiles/canopen_interfaces__rosidl_generator_c.dir/rosidl_generator_c/canopen_interfaces/srv/detail/co_read__functions.c.o
[6.119s] [  9%] Building C object CMakeFiles/canopen_interfaces__rosidl_generator_c.dir/rosidl_generator_c/canopen_interfaces/srv/detail/co_heartbeat_id__description.c.o
[6.131s] [ 11%] Building C object CMakeFiles/canopen_interfaces__rosidl_generator_c.dir/rosidl_generator_c/canopen_interfaces/srv/detail/co_read__type_support.c.o
[6.155s] [ 12%] Building C object CMakeFiles/canopen_interfaces__rosidl_generator_c.dir/rosidl_generator_c/canopen_interfaces/srv/detail/co_read_id__functions.c.o
[6.155s] [ 13%] Building C object CMakeFiles/canopen_interfaces__rosidl_generator_c.dir/rosidl_generator_c/canopen_interfaces/srv/detail/co_read_id__description.c.o
[6.170s] [ 13%] Building C object CMakeFiles/canopen_interfaces__rosidl_generator_c.dir/rosidl_generator_c/canopen_interfaces/srv/detail/co_write__description.c.o
[6.171s] [ 14%] Building C object CMakeFiles/canopen_interfaces__rosidl_generator_c.dir/rosidl_generator_c/canopen_interfaces/srv/detail/co_write__functions.c.o
[6.171s] [ 15%] Building C object CMakeFiles/canopen_interfaces__rosidl_generator_c.dir/rosidl_generator_c/canopen_interfaces/srv/detail/co_read_id__type_support.c.o
[6.174s] [ 16%] Building C object CMakeFiles/canopen_interfaces__rosidl_generator_c.dir/rosidl_generator_c/canopen_interfaces/srv/detail/co_write__type_support.c.o
[6.179s] [ 17%] Building C object CMakeFiles/canopen_interfaces__rosidl_generator_c.dir/rosidl_generator_c/canopen_interfaces/srv/detail/co_write_id__description.c.o
[6.212s] [ 18%] Building C object CMakeFiles/canopen_interfaces__rosidl_generator_c.dir/rosidl_generator_c/canopen_interfaces/srv/detail/co_write_id__functions.c.o
[6.216s] [ 19%] Building C object CMakeFiles/canopen_interfaces__rosidl_generator_c.dir/rosidl_generator_c/canopen_interfaces/srv/detail/co_write_id__type_support.c.o
[6.216s] [ 20%] Building C object CMakeFiles/canopen_interfaces__rosidl_generator_c.dir/rosidl_generator_c/canopen_interfaces/srv/detail/co_target_double__description.c.o
[6.256s] [ 21%] Building C object CMakeFiles/canopen_interfaces__rosidl_generator_c.dir/rosidl_generator_c/canopen_interfaces/srv/detail/co_target_double__functions.c.o
[6.257s] [ 22%] Building C object CMakeFiles/canopen_interfaces__rosidl_generator_c.dir/rosidl_generator_c/canopen_interfaces/msg/detail/co_data__description.c.o
[6.260s] [ 23%] Building C object CMakeFiles/canopen_interfaces__rosidl_generator_c.dir/rosidl_generator_c/canopen_interfaces/srv/detail/co_node__description.c.o
[6.262s] [ 23%] Building C object CMakeFiles/canopen_interfaces__rosidl_generator_c.dir/rosidl_generator_c/canopen_interfaces/srv/detail/co_target_double__type_support.c.o
[6.263s] [ 24%] Building C object CMakeFiles/canopen_interfaces__rosidl_generator_c.dir/rosidl_generator_c/canopen_interfaces/msg/detail/co_data__functions.c.o
[6.268s] [ 25%] Building C object CMakeFiles/canopen_interfaces__rosidl_generator_c.dir/rosidl_generator_c/canopen_interfaces/srv/detail/co_node__functions.c.o
[6.278s] [ 26%] Building C object CMakeFiles/canopen_interfaces__rosidl_generator_c.dir/rosidl_generator_c/canopen_interfaces/msg/detail/co_data__type_support.c.o
[6.279s] [ 27%] Building C object CMakeFiles/canopen_interfaces__rosidl_generator_c.dir/rosidl_generator_c/canopen_interfaces/srv/detail/co_node__type_support.c.o
[6.363s] [ 27%] Linking C shared library libcanopen_interfaces__rosidl_generator_c.so
[6.487s] gmake[2]: warning:  Clock skew detected.  Your build may be incomplete.
[6.493s] [ 27%] Built target canopen_interfaces__rosidl_generator_c
[6.502s] [ 29%] Generating C type support dispatch for ROS interfaces
[6.502s] [ 30%] Generating C introspection for ROS interfaces
[6.502s] [ 30%] Generating C++ type support for eProsima Fast-RTPS
[6.502s] [ 31%] Generating C type support for eProsima Fast-RTPS
[6.502s] [ 32%] Generating C++ introspection for ROS interfaces
[6.505s] [ 32%] Generating C++ type support dispatch for ROS interfaces
[6.871s] [ 33%] Building CXX object CMakeFiles/canopen_interfaces__rosidl_typesupport_c.dir/rosidl_typesupport_c/canopen_interfaces/srv/co_read__type_support.cpp.o
[6.875s] [ 33%] Building CXX object CMakeFiles/canopen_interfaces__rosidl_typesupport_c.dir/rosidl_typesupport_c/canopen_interfaces/srv/co_read_id__type_support.cpp.o
[6.880s] [ 38%] Building CXX object CMakeFiles/canopen_interfaces__rosidl_typesupport_c.dir/rosidl_typesupport_c/canopen_interfaces/srv/co_nmt_id__type_support.cpp.o
[6.882s] [ 38%] Building CXX object CMakeFiles/canopen_interfaces__rosidl_typesupport_c.dir/rosidl_typesupport_c/canopen_interfaces/srv/co_write__type_support.cpp.o
[6.882s] [ 38%] Building CXX object CMakeFiles/canopen_interfaces__rosidl_typesupport_c.dir/rosidl_typesupport_c/canopen_interfaces/srv/co_write_id__type_support.cpp.o
[6.882s] [ 39%] Building CXX object CMakeFiles/canopen_interfaces__rosidl_typesupport_c.dir/rosidl_typesupport_c/canopen_interfaces/srv/co_node__type_support.cpp.o
[6.882s] [ 38%] Building CXX object CMakeFiles/canopen_interfaces__rosidl_typesupport_c.dir/rosidl_typesupport_c/canopen_interfaces/srv/co_heartbeat_id__type_support.cpp.o
[6.882s] [ 36%] Building CXX object CMakeFiles/canopen_interfaces__rosidl_typesupport_c.dir/rosidl_typesupport_c/canopen_interfaces/srv/co_target_double__type_support.cpp.o
[6.915s] [ 40%] Building CXX object CMakeFiles/canopen_interfaces__rosidl_typesupport_c.dir/rosidl_typesupport_c/canopen_interfaces/msg/co_data__type_support.cpp.o
[6.969s] [ 41%] Linking CXX shared library libcanopen_interfaces__rosidl_typesupport_c.so
[6.975s] [ 43%] Building CXX object CMakeFiles/canopen_interfaces__rosidl_typesupport_cpp.dir/rosidl_typesupport_cpp/canopen_interfaces/srv/co_read_id__type_support.cpp.o
[6.975s] [ 43%] Building CXX object CMakeFiles/canopen_interfaces__rosidl_typesupport_cpp.dir/rosidl_typesupport_cpp/canopen_interfaces/srv/co_nmt_id__type_support.cpp.o
[6.975s] [ 44%] Building CXX object CMakeFiles/canopen_interfaces__rosidl_typesupport_cpp.dir/rosidl_typesupport_cpp/canopen_interfaces/srv/co_heartbeat_id__type_support.cpp.o
[6.975s] [ 45%] Building CXX object CMakeFiles/canopen_interfaces__rosidl_typesupport_cpp.dir/rosidl_typesupport_cpp/canopen_interfaces/srv/co_read__type_support.cpp.o
[6.987s] [ 46%] Building CXX object CMakeFiles/canopen_interfaces__rosidl_typesupport_cpp.dir/rosidl_typesupport_cpp/canopen_interfaces/srv/co_write__type_support.cpp.o
[6.997s] [ 47%] Building CXX object CMakeFiles/canopen_interfaces__rosidl_typesupport_cpp.dir/rosidl_typesupport_cpp/canopen_interfaces/srv/co_write_id__type_support.cpp.o
[7.001s] [ 48%] Building CXX object CMakeFiles/canopen_interfaces__rosidl_typesupport_cpp.dir/rosidl_typesupport_cpp/canopen_interfaces/srv/co_target_double__type_support.cpp.o
[7.005s] [ 48%] Building CXX object CMakeFiles/canopen_interfaces__rosidl_typesupport_cpp.dir/rosidl_typesupport_cpp/canopen_interfaces/srv/co_node__type_support.cpp.o
[7.008s] [ 49%] Building CXX object CMakeFiles/canopen_interfaces__rosidl_typesupport_cpp.dir/rosidl_typesupport_cpp/canopen_interfaces/msg/co_data__type_support.cpp.o
[7.308s] [ 50%] Building C object CMakeFiles/canopen_interfaces__rosidl_typesupport_introspection_c.dir/rosidl_typesupport_introspection_c/canopen_interfaces/srv/detail/co_heartbeat_id__type_support.c.o
[7.370s] [ 51%] Building C object CMakeFiles/canopen_interfaces__rosidl_typesupport_introspection_c.dir/rosidl_typesupport_introspection_c/canopen_interfaces/srv/detail/co_nmt_id__type_support.c.o
[7.370s] [ 51%] Built target canopen_interfaces__rosidl_typesupport_c
[7.371s] [ 52%] Building C object CMakeFiles/canopen_interfaces__rosidl_typesupport_introspection_c.dir/rosidl_typesupport_introspection_c/canopen_interfaces/srv/detail/co_read__type_support.c.o
[7.387s] [ 53%] Building CXX object CMakeFiles/canopen_interfaces__rosidl_typesupport_introspection_cpp.dir/rosidl_typesupport_introspection_cpp/canopen_interfaces/srv/detail/co_heartbeat_id__type_support.cpp.o
[7.408s] [ 54%] Building C object CMakeFiles/canopen_interfaces__rosidl_typesupport_introspection_c.dir/rosidl_typesupport_introspection_c/canopen_interfaces/srv/detail/co_write__type_support.c.o
[7.408s] [ 55%] Building C object CMakeFiles/canopen_interfaces__rosidl_typesupport_introspection_c.dir/rosidl_typesupport_introspection_c/canopen_interfaces/srv/detail/co_read_id__type_support.c.o
[7.414s] [ 55%] Building CXX object CMakeFiles/canopen_interfaces__rosidl_typesupport_introspection_cpp.dir/rosidl_typesupport_introspection_cpp/canopen_interfaces/srv/detail/co_nmt_id__type_support.cpp.o
[7.420s] [ 55%] Building C object CMakeFiles/canopen_interfaces__rosidl_typesupport_introspection_c.dir/rosidl_typesupport_introspection_c/canopen_interfaces/srv/detail/co_write_id__type_support.c.o
[7.432s] [ 56%] Building C object CMakeFiles/canopen_interfaces__rosidl_typesupport_introspection_c.dir/rosidl_typesupport_introspection_c/canopen_interfaces/srv/detail/co_target_double__type_support.c.o
[7.444s] [ 57%] Building CXX object CMakeFiles/canopen_interfaces__rosidl_typesupport_introspection_cpp.dir/rosidl_typesupport_introspection_cpp/canopen_interfaces/srv/detail/co_read__type_support.cpp.o
[7.465s] [ 58%] Building CXX object CMakeFiles/canopen_interfaces__rosidl_typesupport_introspection_cpp.dir/rosidl_typesupport_introspection_cpp/canopen_interfaces/srv/detail/co_read_id__type_support.cpp.o
[7.492s] [ 59%] Building CXX object CMakeFiles/canopen_interfaces__rosidl_typesupport_introspection_cpp.dir/rosidl_typesupport_introspection_cpp/canopen_interfaces/srv/detail/co_write__type_support.cpp.o
[7.492s] [ 60%] Building C object CMakeFiles/canopen_interfaces__rosidl_typesupport_introspection_c.dir/rosidl_typesupport_introspection_c/canopen_interfaces/srv/detail/co_node__type_support.c.o
[7.499s] [ 61%] Building CXX object CMakeFiles/canopen_interfaces__rosidl_typesupport_introspection_cpp.dir/rosidl_typesupport_introspection_cpp/canopen_interfaces/srv/detail/co_write_id__type_support.cpp.o
[7.504s] [ 62%] Building C object CMakeFiles/canopen_interfaces__rosidl_typesupport_introspection_c.dir/rosidl_typesupport_introspection_c/canopen_interfaces/msg/detail/co_data__type_support.c.o
[7.574s] [ 63%] Building CXX object CMakeFiles/canopen_interfaces__rosidl_typesupport_introspection_cpp.dir/rosidl_typesupport_introspection_cpp/canopen_interfaces/srv/detail/co_target_double__type_support.cpp.o
[7.589s] [ 64%] Building CXX object CMakeFiles/canopen_interfaces__rosidl_typesupport_introspection_cpp.dir/rosidl_typesupport_introspection_cpp/canopen_interfaces/srv/detail/co_node__type_support.cpp.o
[7.613s] [ 65%] Building CXX object CMakeFiles/canopen_interfaces__rosidl_typesupport_introspection_cpp.dir/rosidl_typesupport_introspection_cpp/canopen_interfaces/msg/detail/co_data__type_support.cpp.o
[7.672s] [ 65%] Building CXX object CMakeFiles/canopen_interfaces__rosidl_typesupport_fastrtps_cpp.dir/rosidl_typesupport_fastrtps_cpp/canopen_interfaces/srv/detail/dds_fastrtps/co_heartbeat_id__type_support.cpp.o
[7.673s] [ 66%] Linking C shared library libcanopen_interfaces__rosidl_typesupport_introspection_c.so
[7.676s] [ 67%] Building CXX object CMakeFiles/canopen_interfaces__rosidl_typesupport_fastrtps_cpp.dir/rosidl_typesupport_fastrtps_cpp/canopen_interfaces/srv/detail/dds_fastrtps/co_nmt_id__type_support.cpp.o
[7.694s] [ 68%] Building CXX object CMakeFiles/canopen_interfaces__rosidl_typesupport_fastrtps_c.dir/rosidl_typesupport_fastrtps_c/canopen_interfaces/srv/detail/co_heartbeat_id__type_support_c.cpp.o
[7.701s] [ 69%] Building CXX object CMakeFiles/canopen_interfaces__rosidl_typesupport_fastrtps_c.dir/rosidl_typesupport_fastrtps_c/canopen_interfaces/srv/detail/co_nmt_id__type_support_c.cpp.o
[7.800s] [ 70%] Building CXX object CMakeFiles/canopen_interfaces__rosidl_typesupport_fastrtps_c.dir/rosidl_typesupport_fastrtps_c/canopen_interfaces/srv/detail/co_read__type_support_c.cpp.o
[7.817s] [ 71%] Building CXX object CMakeFiles/canopen_interfaces__rosidl_typesupport_fastrtps_cpp.dir/rosidl_typesupport_fastrtps_cpp/canopen_interfaces/srv/detail/dds_fastrtps/co_read__type_support.cpp.o
[7.842s] [ 72%] Building CXX object CMakeFiles/canopen_interfaces__rosidl_typesupport_fastrtps_c.dir/rosidl_typesupport_fastrtps_c/canopen_interfaces/srv/detail/co_read_id__type_support_c.cpp.o
[7.849s] [ 72%] Building CXX object CMakeFiles/canopen_interfaces__rosidl_typesupport_fastrtps_c.dir/rosidl_typesupport_fastrtps_c/canopen_interfaces/srv/detail/co_write__type_support_c.cpp.o
[7.951s] [ 73%] Building CXX object CMakeFiles/canopen_interfaces__rosidl_typesupport_fastrtps_c.dir/rosidl_typesupport_fastrtps_c/canopen_interfaces/srv/detail/co_write_id__type_support_c.cpp.o
[7.952s] [ 74%] Linking CXX shared library libcanopen_interfaces__rosidl_typesupport_cpp.so
[7.973s] [ 74%] Built target canopen_interfaces__rosidl_typesupport_introspection_c
[8.009s] [ 75%] Building CXX object CMakeFiles/canopen_interfaces__rosidl_typesupport_fastrtps_cpp.dir/rosidl_typesupport_fastrtps_cpp/canopen_interfaces/srv/detail/dds_fastrtps/co_read_id__type_support.cpp.o
[8.023s] [ 77%] Building CXX object CMakeFiles/canopen_interfaces__rosidl_typesupport_fastrtps_c.dir/rosidl_typesupport_fastrtps_c/canopen_interfaces/srv/detail/co_target_double__type_support_c.cpp.o
[8.023s] [ 76%] Building CXX object CMakeFiles/canopen_interfaces__rosidl_typesupport_fastrtps_cpp.dir/rosidl_typesupport_fastrtps_cpp/canopen_interfaces/srv/detail/dds_fastrtps/co_write__type_support.cpp.o
[8.066s] [ 78%] Building CXX object CMakeFiles/canopen_interfaces__rosidl_typesupport_fastrtps_cpp.dir/rosidl_typesupport_fastrtps_cpp/canopen_interfaces/srv/detail/dds_fastrtps/co_write_id__type_support.cpp.o
[9.163s] [ 79%] Building CXX object CMakeFiles/canopen_interfaces__rosidl_typesupport_fastrtps_c.dir/rosidl_typesupport_fastrtps_c/canopen_interfaces/srv/detail/co_node__type_support_c.cpp.o
[9.405s] [ 80%] Building CXX object CMakeFiles/canopen_interfaces__rosidl_typesupport_fastrtps_c.dir/rosidl_typesupport_fastrtps_c/canopen_interfaces/msg/detail/co_data__type_support_c.cpp.o
[9.474s] [ 81%] Building CXX object CMakeFiles/canopen_interfaces__rosidl_typesupport_fastrtps_cpp.dir/rosidl_typesupport_fastrtps_cpp/canopen_interfaces/srv/detail/dds_fastrtps/co_target_double__type_support.cpp.o
[9.502s] [ 82%] Building CXX object CMakeFiles/canopen_interfaces__rosidl_typesupport_fastrtps_cpp.dir/rosidl_typesupport_fastrtps_cpp/canopen_interfaces/srv/detail/dds_fastrtps/co_node__type_support.cpp.o
[9.512s] [ 82%] Building CXX object CMakeFiles/canopen_interfaces__rosidl_typesupport_fastrtps_cpp.dir/rosidl_typesupport_fastrtps_cpp/canopen_interfaces/msg/detail/dds_fastrtps/co_data__type_support.cpp.o
[9.564s] [ 82%] Linking CXX shared library libcanopen_interfaces__rosidl_typesupport_introspection_cpp.so
[9.632s] [ 82%] Built target canopen_interfaces__rosidl_typesupport_cpp
[9.969s] [ 82%] Built target canopen_interfaces__rosidl_typesupport_introspection_cpp
[9.995s] [ 83%] Linking CXX shared library libcanopen_interfaces__rosidl_typesupport_fastrtps_c.so
[10.100s] [ 83%] Built target canopen_interfaces__rosidl_typesupport_fastrtps_c
[10.162s] [ 84%] Linking CXX shared library libcanopen_interfaces__rosidl_typesupport_fastrtps_cpp.so
[10.317s] [ 84%] Built target canopen_interfaces__rosidl_typesupport_fastrtps_cpp
[10.336s] [ 84%] Built target canopen_interfaces
[10.354s] [ 85%] Generating Python code for ROS interfaces
[11.234s] [ 85%] Built target canopen_interfaces__py
[11.251s] [ 86%] Building C object CMakeFiles/canopen_interfaces__rosidl_generator_py.dir/rosidl_generator_py/canopen_interfaces/srv/_co_write_s.c.o
[11.251s] [ 88%] Building C object CMakeFiles/canopen_interfaces__rosidl_generator_py.dir/rosidl_generator_py/canopen_interfaces/srv/_co_nmt_id_s.c.o
[11.251s] [ 88%] Building C object CMakeFiles/canopen_interfaces__rosidl_generator_py.dir/rosidl_generator_py/canopen_interfaces/srv/_co_read_id_s.c.o
[11.251s] [ 89%] Building C object CMakeFiles/canopen_interfaces__rosidl_generator_py.dir/rosidl_generator_py/canopen_interfaces/srv/_co_heartbeat_id_s.c.o
[11.251s] [ 91%] Building C object CMakeFiles/canopen_interfaces__rosidl_generator_py.dir/rosidl_generator_py/canopen_interfaces/msg/_co_data_s.c.o
[11.252s] [ 91%] Building C object CMakeFiles/canopen_interfaces__rosidl_generator_py.dir/rosidl_generator_py/canopen_interfaces/srv/_co_node_s.c.o
[11.252s] [ 92%] Building C object CMakeFiles/canopen_interfaces__rosidl_generator_py.dir/rosidl_generator_py/canopen_interfaces/srv/_co_write_id_s.c.o
[11.252s] [ 93%] Building C object CMakeFiles/canopen_interfaces__rosidl_generator_py.dir/rosidl_generator_py/canopen_interfaces/srv/_co_target_double_s.c.o
[11.253s] [ 91%] Building C object CMakeFiles/canopen_interfaces__rosidl_generator_py.dir/rosidl_generator_py/canopen_interfaces/srv/_co_read_s.c.o
[11.410s] [ 94%] Linking C shared library libcanopen_interfaces__rosidl_generator_py.so
[11.546s] [ 94%] Built target canopen_interfaces__rosidl_generator_py
[11.565s] [ 96%] Building C object CMakeFiles/canopen_interfaces_s__rosidl_typesupport_c.dir/rosidl_generator_py/canopen_interfaces/_canopen_interfaces_s.ep.rosidl_typesupport_c.c.o
[11.565s] [ 95%] Building C object CMakeFiles/canopen_interfaces_s__rosidl_typesupport_introspection_c.dir/rosidl_generator_py/canopen_interfaces/_canopen_interfaces_s.ep.rosidl_typesupport_introspection_c.c.o
[11.565s] [ 97%] Building C object CMakeFiles/canopen_interfaces_s__rosidl_typesupport_fastrtps_c.dir/rosidl_generator_py/canopen_interfaces/_canopen_interfaces_s.ep.rosidl_typesupport_fastrtps_c.c.o
[11.713s] [ 98%] Linking C shared module rosidl_generator_py/canopen_interfaces/canopen_interfaces_s__rosidl_typesupport_c.so
[11.728s] [ 99%] Linking C shared module rosidl_generator_py/canopen_interfaces/canopen_interfaces_s__rosidl_typesupport_introspection_c.so
[11.833s] [100%] Linking C shared module rosidl_generator_py/canopen_interfaces/canopen_interfaces_s__rosidl_typesupport_fastrtps_c.so
[12.017s] [100%] Built target canopen_interfaces_s__rosidl_typesupport_introspection_c
[12.048s] [100%] Built target canopen_interfaces_s__rosidl_typesupport_c
[12.103s] [100%] Built target canopen_interfaces_s__rosidl_typesupport_fastrtps_c
[12.126s] Invoked command in '/tmp/agrobot-next-build-ybgPHn/build/canopen_interfaces' returned '0': CMAKE_PREFIX_PATH=${CMAKE_PREFIX_PATH}:/opt/ros/jazzy /usr/bin/cmake --build /tmp/agrobot-next-build-ybgPHn/build/canopen_interfaces -- -j16 -l16
[12.126s] Invoking command in '/tmp/agrobot-next-build-ybgPHn/build/canopen_interfaces': CMAKE_PREFIX_PATH=${CMAKE_PREFIX_PATH}:/opt/ros/jazzy /usr/bin/cmake --install /tmp/agrobot-next-build-ybgPHn/build/canopen_interfaces
[12.139s] -- Install configuration: ""
[12.147s] -- Installing: /tmp/agrobot-next-build-ybgPHn/install/canopen_interfaces/share/ament_index/resource_index/rosidl_interfaces/canopen_interfaces
[12.148s] -- Installing: /tmp/agrobot-next-build-ybgPHn/install/canopen_interfaces/share/canopen_interfaces/srv/COHeartbeatID.json
[12.148s] -- Installing: /tmp/agrobot-next-build-ybgPHn/install/canopen_interfaces/share/canopen_interfaces/srv/CONmtID.json
[12.148s] -- Installing: /tmp/agrobot-next-build-ybgPHn/install/canopen_interfaces/share/canopen_interfaces/srv/CORead.json
[12.148s] -- Installing: /tmp/agrobot-next-build-ybgPHn/install/canopen_interfaces/share/canopen_interfaces/srv/COReadID.json
[12.148s] -- Installing: /tmp/agrobot-next-build-ybgPHn/install/canopen_interfaces/share/canopen_interfaces/srv/COWrite.json
[12.148s] -- Installing: /tmp/agrobot-next-build-ybgPHn/install/canopen_interfaces/share/canopen_interfaces/srv/COWriteID.json
[12.148s] -- Installing: /tmp/agrobot-next-build-ybgPHn/install/canopen_interfaces/share/canopen_interfaces/srv/COTargetDouble.json
[12.148s] -- Installing: /tmp/agrobot-next-build-ybgPHn/install/canopen_interfaces/share/canopen_interfaces/srv/CONode.json
[12.160s] -- Installing: /tmp/agrobot-next-build-ybgPHn/install/canopen_interfaces/share/canopen_interfaces/msg/COData.json
[12.160s] -- Installing: /tmp/agrobot-next-build-ybgPHn/install/canopen_interfaces/include/canopen_interfaces/canopen_interfaces
[12.160s] -- Installing: /tmp/agrobot-next-build-ybgPHn/install/canopen_interfaces/include/canopen_interfaces/canopen_interfaces/srv
[12.160s] -- Installing: /tmp/agrobot-next-build-ybgPHn/install/canopen_interfaces/include/canopen_interfaces/canopen_interfaces/srv/co_write.h
[12.160s] -- Installing: /tmp/agrobot-next-build-ybgPHn/install/canopen_interfaces/include/canopen_interfaces/canopen_interfaces/srv/co_nmt_id.h
[12.160s] -- Installing: /tmp/agrobot-next-build-ybgPHn/install/canopen_interfaces/include/canopen_interfaces/canopen_interfaces/srv/co_read_id.h
[12.160s] -- Installing: /tmp/agrobot-next-build-ybgPHn/install/canopen_interfaces/include/canopen_interfaces/canopen_interfaces/srv/co_target_double.h
[12.160s] -- Installing: /tmp/agrobot-next-build-ybgPHn/install/canopen_interfaces/include/canopen_interfaces/canopen_interfaces/srv/co_read.h
[12.160s] -- Installing: /tmp/agrobot-next-build-ybgPHn/install/canopen_interfaces/include/canopen_interfaces/canopen_interfaces/srv/co_write_id.h
[12.160s] -- Installing: /tmp/agrobot-next-build-ybgPHn/install/canopen_interfaces/include/canopen_interfaces/canopen_interfaces/srv/co_heartbeat_id.h
[12.160s] -- Installing: /tmp/agrobot-next-build-ybgPHn/install/canopen_interfaces/include/canopen_interfaces/canopen_interfaces/srv/detail
[12.160s] -- Installing: /tmp/agrobot-next-build-ybgPHn/install/canopen_interfaces/include/canopen_interfaces/canopen_interfaces/srv/detail/co_write__struct.h
[12.160s] -- Installing: /tmp/agrobot-next-build-ybgPHn/install/canopen_interfaces/include/canopen_interfaces/canopen_interfaces/srv/detail/co_read__description.c
[12.160s] -- Installing: /tmp/agrobot-next-build-ybgPHn/install/canopen_interfaces/include/canopen_interfaces/canopen_interfaces/srv/detail/co_target_double__type_support.h
[12.160s] -- Installing: /tmp/agrobot-next-build-ybgPHn/install/canopen_interfaces/include/canopen_interfaces/canopen_interfaces/srv/detail/co_nmt_id__functions.c
[12.160s] -- Installing: /tmp/agrobot-next-build-ybgPHn/install/canopen_interfaces/include/canopen_interfaces/canopen_interfaces/srv/detail/co_target_double__struct.h
[12.160s] -- Installing: /tmp/agrobot-next-build-ybgPHn/install/canopen_interfaces/include/canopen_interfaces/canopen_interfaces/srv/detail/co_write_id__type_support.h
[12.160s] -- Installing: /tmp/agrobot-next-build-ybgPHn/install/canopen_interfaces/include/canopen_interfaces/canopen_interfaces/srv/detail/co_node__type_support.h
[12.161s] -- Installing: /tmp/agrobot-next-build-ybgPHn/install/canopen_interfaces/include/canopen_interfaces/canopen_interfaces/srv/detail/co_read_id__type_support.c
[12.161s] -- Installing: /tmp/agrobot-next-build-ybgPHn/install/canopen_interfaces/include/canopen_interfaces/canopen_interfaces/srv/detail/co_heartbeat_id__type_support.c
[12.161s] -- Installing: /tmp/agrobot-next-build-ybgPHn/install/canopen_interfaces/include/canopen_interfaces/canopen_interfaces/srv/detail/co_read__functions.c
[12.161s] -- Installing: /tmp/agrobot-next-build-ybgPHn/install/canopen_interfaces/include/canopen_interfaces/canopen_interfaces/srv/detail/co_read_id__functions.h
[12.161s] -- Installing: /tmp/agrobot-next-build-ybgPHn/install/canopen_interfaces/include/canopen_interfaces/canopen_interfaces/srv/detail/co_write__functions.h
[12.161s] -- Installing: /tmp/agrobot-next-build-ybgPHn/install/canopen_interfaces/include/canopen_interfaces/canopen_interfaces/srv/detail/co_read_id__functions.c
[12.161s] -- Installing: /tmp/agrobot-next-build-ybgPHn/install/canopen_interfaces/include/canopen_interfaces/canopen_interfaces/srv/detail/co_target_double__functions.h
[12.161s] -- Installing: /tmp/agrobot-next-build-ybgPHn/install/canopen_interfaces/include/canopen_interfaces/canopen_interfaces/srv/detail/co_heartbeat_id__functions.h
[12.161s] -- Installing: /tmp/agrobot-next-build-ybgPHn/install/canopen_interfaces/include/canopen_interfaces/canopen_interfaces/srv/detail/co_nmt_id__functions.h
[12.161s] -- Installing: /tmp/agrobot-next-build-ybgPHn/install/canopen_interfaces/include/canopen_interfaces/canopen_interfaces/srv/detail/co_write_id__description.c
[12.161s] -- Installing: /tmp/agrobot-next-build-ybgPHn/install/canopen_interfaces/include/canopen_interfaces/canopen_interfaces/srv/detail/co_write__description.c
[12.161s] -- Installing: /tmp/agrobot-next-build-ybgPHn/install/canopen_interfaces/include/canopen_interfaces/canopen_interfaces/srv/detail/co_write__type_support.c
[12.161s] -- Installing: /tmp/agrobot-next-build-ybgPHn/install/canopen_interfaces/include/canopen_interfaces/canopen_interfaces/srv/detail/co_read_id__type_support.h
[12.161s] -- Installing: /tmp/agrobot-next-build-ybgPHn/install/canopen_interfaces/include/canopen_interfaces/canopen_interfaces/srv/detail/co_node__functions.h
[12.161s] -- Installing: /tmp/agrobot-next-build-ybgPHn/install/canopen_interfaces/include/canopen_interfaces/canopen_interfaces/srv/detail/co_write_id__functions.c
[12.161s] -- Installing: /tmp/agrobot-next-build-ybgPHn/install/canopen_interfaces/include/canopen_interfaces/canopen_interfaces/srv/detail/co_write_id__struct.h
[12.161s] -- Installing: /tmp/agrobot-next-build-ybgPHn/install/canopen_interfaces/include/canopen_interfaces/canopen_interfaces/srv/detail/co_node__struct.h
[12.161s] -- Installing: /tmp/agrobot-next-build-ybgPHn/install/canopen_interfaces/include/canopen_interfaces/canopen_interfaces/srv/detail/co_nmt_id__type_support.h
[12.161s] -- Installing: /tmp/agrobot-next-build-ybgPHn/install/canopen_interfaces/include/canopen_interfaces/canopen_interfaces/srv/detail/co_write__type_support.h
[12.161s] -- Installing: /tmp/agrobot-next-build-ybgPHn/install/canopen_interfaces/include/canopen_interfaces/canopen_interfaces/srv/detail/co_write_id__type_support.c
[12.161s] -- Installing: /tmp/agrobot-next-build-ybgPHn/install/canopen_interfaces/include/canopen_interfaces/canopen_interfaces/srv/detail/co_heartbeat_id__struct.h
[12.162s] -- Installing: /tmp/agrobot-next-build-ybgPHn/install/canopen_interfaces/include/canopen_interfaces/canopen_interfaces/srv/detail/co_nmt_id__type_support.c
[12.162s] -- Installing: /tmp/agrobot-next-build-ybgPHn/install/canopen_interfaces/include/canopen_interfaces/canopen_interfaces/srv/detail/co_heartbeat_id__functions.c
[12.162s] -- Installing: /tmp/agrobot-next-build-ybgPHn/install/canopen_interfaces/include/canopen_interfaces/canopen_interfaces/srv/detail/co_read__type_support.h
[12.162s] -- Installing: /tmp/agrobot-next-build-ybgPHn/install/canopen_interfaces/include/canopen_interfaces/canopen_interfaces/srv/detail/co_nmt_id__description.c
[12.162s] -- Installing: /tmp/agrobot-next-build-ybgPHn/install/canopen_interfaces/include/canopen_interfaces/canopen_interfaces/srv/detail/co_heartbeat_id__type_support.h
[12.162s] -- Installing: /tmp/agrobot-next-build-ybgPHn/install/canopen_interfaces/include/canopen_interfaces/canopen_interfaces/srv/detail/co_read_id__description.c
[12.162s] -- Installing: /tmp/agrobot-next-build-ybgPHn/install/canopen_interfaces/include/canopen_interfaces/canopen_interfaces/srv/detail/co_read_id__struct.h
[12.162s] -- Installing: /tmp/agrobot-next-build-ybgPHn/install/canopen_interfaces/include/canopen_interfaces/canopen_interfaces/srv/detail/co_nmt_id__struct.h
[12.162s] -- Installing: /tmp/agrobot-next-build-ybgPHn/install/canopen_interfaces/include/canopen_interfaces/canopen_interfaces/srv/detail/co_heartbeat_id__description.c
[12.162s] -- Installing: /tmp/agrobot-next-build-ybgPHn/install/canopen_interfaces/include/canopen_interfaces/canopen_interfaces/srv/detail/co_read__type_support.c
[12.162s] -- Installing: /tmp/agrobot-next-build-ybgPHn/install/canopen_interfaces/include/canopen_interfaces/canopen_interfaces/srv/detail/co_write__functions.c
[12.162s] -- Installing: /tmp/agrobot-next-build-ybgPHn/install/canopen_interfaces/include/canopen_interfaces/canopen_interfaces/srv/detail/co_target_double__type_support.c
[12.162s] -- Installing: /tmp/agrobot-next-build-ybgPHn/install/canopen_interfaces/include/canopen_interfaces/canopen_interfaces/srv/detail/co_read__struct.h
[12.165s] -- Installing: /tmp/agrobot-next-build-ybgPHn/install/canopen_interfaces/include/canopen_interfaces/canopen_interfaces/srv/detail/co_write_id__functions.h
[12.166s] -- Installing: /tmp/agrobot-next-build-ybgPHn/install/canopen_interfaces/include/canopen_interfaces/canopen_interfaces/srv/detail/co_node__type_support.c
[12.166s] -- Installing: /tmp/agrobot-next-build-ybgPHn/install/canopen_interfaces/include/canopen_interfaces/canopen_interfaces/srv/detail/co_target_double__description.c
[12.176s] -- Installing: /tmp/agrobot-next-build-ybgPHn/install/canopen_interfaces/include/canopen_interfaces/canopen_interfaces/srv/detail/co_target_double__functions.c
[12.176s] -- Installing: /tmp/agrobot-next-build-ybgPHn/install/canopen_interfaces/include/canopen_interfaces/canopen_interfaces/srv/detail/co_node__description.c
[12.176s] -- Installing: /tmp/agrobot-next-build-ybgPHn/install/canopen_interfaces/include/canopen_interfaces/canopen_interfaces/srv/detail/co_read__functions.h
[12.176s] -- Installing: /tmp/agrobot-next-build-ybgPHn/install/canopen_interfaces/include/canopen_interfaces/canopen_interfaces/srv/detail/co_node__functions.c
[12.176s] -- Installing: /tmp/agrobot-next-build-ybgPHn/install/canopen_interfaces/include/canopen_interfaces/canopen_interfaces/srv/co_node.h
[12.176s] -- Installing: /tmp/agrobot-next-build-ybgPHn/install/canopen_interfaces/include/canopen_interfaces/canopen_interfaces/msg
[12.176s] -- Installing: /tmp/agrobot-next-build-ybgPHn/install/canopen_interfaces/include/canopen_interfaces/canopen_interfaces/msg/rosidl_generator_c__visibility_control.h
[12.176s] -- Installing: /tmp/agrobot-next-build-ybgPHn/install/canopen_interfaces/include/canopen_interfaces/canopen_interfaces/msg/detail
[12.176s] -- Installing: /tmp/agrobot-next-build-ybgPHn/install/canopen_interfaces/include/canopen_interfaces/canopen_interfaces/msg/detail/co_data__struct.h
[12.176s] -- Installing: /tmp/agrobot-next-build-ybgPHn/install/canopen_interfaces/include/canopen_interfaces/canopen_interfaces/msg/detail/co_data__functions.h
[12.176s] -- Installing: /tmp/agrobot-next-build-ybgPHn/install/canopen_interfaces/include/canopen_interfaces/canopen_interfaces/msg/detail/co_data__description.c
[12.177s] -- Installing: /tmp/agrobot-next-build-ybgPHn/install/canopen_interfaces/include/canopen_interfaces/canopen_interfaces/msg/detail/co_data__functions.c
[12.177s] -- Installing: /tmp/agrobot-next-build-ybgPHn/install/canopen_interfaces/include/canopen_interfaces/canopen_interfaces/msg/detail/co_data__type_support.c
[12.177s] -- Installing: /tmp/agrobot-next-build-ybgPHn/install/canopen_interfaces/include/canopen_interfaces/canopen_interfaces/msg/detail/co_data__type_support.h
[12.177s] -- Installing: /tmp/agrobot-next-build-ybgPHn/install/canopen_interfaces/include/canopen_interfaces/canopen_interfaces/msg/co_data.h
[12.177s] -- Installing: /tmp/agrobot-next-build-ybgPHn/install/canopen_interfaces/share/canopen_interfaces/environment/library_path.sh
[12.177s] -- Installing: /tmp/agrobot-next-build-ybgPHn/install/canopen_interfaces/share/canopen_interfaces/environment/library_path.dsv
[12.177s] -- Installing: /tmp/agrobot-next-build-ybgPHn/install/canopen_interfaces/lib/libcanopen_interfaces__rosidl_generator_c.so
[12.177s] -- Set non-toolchain portion of runtime path of "/tmp/agrobot-next-build-ybgPHn/install/canopen_interfaces/lib/libcanopen_interfaces__rosidl_generator_c.so" to ""
[12.177s] -- Up-to-date: /tmp/agrobot-next-build-ybgPHn/install/canopen_interfaces/include/canopen_interfaces/canopen_interfaces
[12.177s] -- Up-to-date: /tmp/agrobot-next-build-ybgPHn/install/canopen_interfaces/include/canopen_interfaces/canopen_interfaces/srv
[12.177s] -- Up-to-date: /tmp/agrobot-next-build-ybgPHn/install/canopen_interfaces/include/canopen_interfaces/canopen_interfaces/srv/detail
[12.177s] -- Installing: /tmp/agrobot-next-build-ybgPHn/install/canopen_interfaces/include/canopen_interfaces/canopen_interfaces/srv/detail/co_target_double__rosidl_typesupport_fastrtps_c.h
[12.177s] -- Installing: /tmp/agrobot-next-build-ybgPHn/install/canopen_interfaces/include/canopen_interfaces/canopen_interfaces/srv/detail/co_read__rosidl_typesupport_fastrtps_c.h
[12.177s] -- Installing: /tmp/agrobot-next-build-ybgPHn/install/canopen_interfaces/include/canopen_interfaces/canopen_interfaces/srv/detail/co_heartbeat_id__rosidl_typesupport_fastrtps_c.h
[12.177s] -- Installing: /tmp/agrobot-next-build-ybgPHn/install/canopen_interfaces/include/canopen_interfaces/canopen_interfaces/srv/detail/co_write_id__rosidl_typesupport_fastrtps_c.h
[12.177s] -- Installing: /tmp/agrobot-next-build-ybgPHn/install/canopen_interfaces/include/canopen_interfaces/canopen_interfaces/srv/detail/co_read_id__rosidl_typesupport_fastrtps_c.h
[12.177s] -- Installing: /tmp/agrobot-next-build-ybgPHn/install/canopen_interfaces/include/canopen_interfaces/canopen_interfaces/srv/detail/co_write__rosidl_typesupport_fastrtps_c.h
[12.177s] -- Installing: /tmp/agrobot-next-build-ybgPHn/install/canopen_interfaces/include/canopen_interfaces/canopen_interfaces/srv/detail/co_nmt_id__rosidl_typesupport_fastrtps_c.h
[12.177s] -- Installing: /tmp/agrobot-next-build-ybgPHn/install/canopen_interfaces/include/canopen_interfaces/canopen_interfaces/srv/detail/co_node__rosidl_typesupport_fastrtps_c.h
[12.177s] -- Up-to-date: /tmp/agrobot-next-build-ybgPHn/install/canopen_interfaces/include/canopen_interfaces/canopen_interfaces/msg
[12.177s] -- Up-to-date: /tmp/agrobot-next-build-ybgPHn/install/canopen_interfaces/include/canopen_interfaces/canopen_interfaces/msg/detail
[12.177s] -- Installing: /tmp/agrobot-next-build-ybgPHn/install/canopen_interfaces/include/canopen_interfaces/canopen_interfaces/msg/detail/co_data__rosidl_typesupport_fastrtps_c.h
[12.177s] -- Installing: /tmp/agrobot-next-build-ybgPHn/install/canopen_interfaces/include/canopen_interfaces/canopen_interfaces/msg/rosidl_typesupport_fastrtps_c__visibility_control.h
[12.178s] -- Installing: /tmp/agrobot-next-build-ybgPHn/install/canopen_interfaces/lib/libcanopen_interfaces__rosidl_typesupport_fastrtps_c.so
[12.178s] -- Set non-toolchain portion of runtime path of "/tmp/agrobot-next-build-ybgPHn/install/canopen_interfaces/lib/libcanopen_interfaces__rosidl_typesupport_fastrtps_c.so" to ""
[12.178s] -- Up-to-date: /tmp/agrobot-next-build-ybgPHn/install/canopen_interfaces/include/canopen_interfaces/canopen_interfaces
[12.178s] -- Up-to-date: /tmp/agrobot-next-build-ybgPHn/install/canopen_interfaces/include/canopen_interfaces/canopen_interfaces/srv
[12.178s] -- Up-to-date: /tmp/agrobot-next-build-ybgPHn/install/canopen_interfaces/include/canopen_interfaces/canopen_interfaces/srv/detail
[12.178s] -- Installing: /tmp/agrobot-next-build-ybgPHn/install/canopen_interfaces/include/canopen_interfaces/canopen_interfaces/srv/detail/co_heartbeat_id__rosidl_typesupport_introspection_c.h
[12.178s] -- Installing: /tmp/agrobot-next-build-ybgPHn/install/canopen_interfaces/include/canopen_interfaces/canopen_interfaces/srv/detail/co_target_double__rosidl_typesupport_introspection_c.h
[12.178s] -- Installing: /tmp/agrobot-next-build-ybgPHn/install/canopen_interfaces/include/canopen_interfaces/canopen_interfaces/srv/detail/co_read_id__type_support.c
[12.178s] -- Installing: /tmp/agrobot-next-build-ybgPHn/install/canopen_interfaces/include/canopen_interfaces/canopen_interfaces/srv/detail/co_read__rosidl_typesupport_introspection_c.h
[12.178s] -- Installing: /tmp/agrobot-next-build-ybgPHn/install/canopen_interfaces/include/canopen_interfaces/canopen_interfaces/srv/detail/co_heartbeat_id__type_support.c
[12.178s] -- Installing: /tmp/agrobot-next-build-ybgPHn/install/canopen_interfaces/include/canopen_interfaces/canopen_interfaces/srv/detail/co_read_id__rosidl_typesupport_introspection_c.h
[12.178s] -- Installing: /tmp/agrobot-next-build-ybgPHn/install/canopen_interfaces/include/canopen_interfaces/canopen_interfaces/srv/detail/co_write__type_support.c
[12.178s] -- Installing: /tmp/agrobot-next-build-ybgPHn/install/canopen_interfaces/include/canopen_interfaces/canopen_interfaces/srv/detail/co_nmt_id__rosidl_typesupport_introspection_c.h
[12.178s] -- Installing: /tmp/agrobot-next-build-ybgPHn/install/canopen_interfaces/include/canopen_interfaces/canopen_interfaces/srv/detail/co_write__rosidl_typesupport_introspection_c.h
[12.178s] -- Installing: /tmp/agrobot-next-build-ybgPHn/install/canopen_interfaces/include/canopen_interfaces/canopen_interfaces/srv/detail/co_write_id__type_support.c
[12.178s] -- Installing: /tmp/agrobot-next-build-ybgPHn/install/canopen_interfaces/include/canopen_interfaces/canopen_interfaces/srv/detail/co_node__rosidl_typesupport_introspection_c.h
[12.178s] -- Installing: /tmp/agrobot-next-build-ybgPHn/install/canopen_interfaces/include/canopen_interfaces/canopen_interfaces/srv/detail/co_nmt_id__type_support.c
[12.178s] -- Installing: /tmp/agrobot-next-build-ybgPHn/install/canopen_interfaces/include/canopen_interfaces/canopen_interfaces/srv/detail/co_read__type_support.c
[12.178s] -- Installing: /tmp/agrobot-next-build-ybgPHn/install/canopen_interfaces/include/canopen_interfaces/canopen_interfaces/srv/detail/co_target_double__type_support.c
[12.178s] -- Installing: /tmp/agrobot-next-build-ybgPHn/install/canopen_interfaces/include/canopen_interfaces/canopen_interfaces/srv/detail/co_write_id__rosidl_typesupport_introspection_c.h
[12.178s] -- Installing: /tmp/agrobot-next-build-ybgPHn/install/canopen_interfaces/include/canopen_interfaces/canopen_interfaces/srv/detail/co_node__type_support.c
[12.178s] -- Up-to-date: /tmp/agrobot-next-build-ybgPHn/install/canopen_interfaces/include/canopen_interfaces/canopen_interfaces/msg
[12.178s] -- Installing: /tmp/agrobot-next-build-ybgPHn/install/canopen_interfaces/include/canopen_interfaces/canopen_interfaces/msg/rosidl_typesupport_introspection_c__visibility_control.h
[12.178s] -- Up-to-date: /tmp/agrobot-next-build-ybgPHn/install/canopen_interfaces/include/canopen_interfaces/canopen_interfaces/msg/detail
[12.178s] -- Installing: /tmp/agrobot-next-build-ybgPHn/install/canopen_interfaces/include/canopen_interfaces/canopen_interfaces/msg/detail/co_data__rosidl_typesupport_introspection_c.h
[12.179s] -- Installing: /tmp/agrobot-next-build-ybgPHn/install/canopen_interfaces/include/canopen_interfaces/canopen_interfaces/msg/detail/co_data__type_support.c
[12.179s] -- Installing: /tmp/agrobot-next-build-ybgPHn/install/canopen_interfaces/lib/libcanopen_interfaces__rosidl_typesupport_introspection_c.so
[12.179s] -- Set non-toolchain portion of runtime path of "/tmp/agrobot-next-build-ybgPHn/install/canopen_interfaces/lib/libcanopen_interfaces__rosidl_typesupport_introspection_c.so" to ""
[12.179s] -- Installing: /tmp/agrobot-next-build-ybgPHn/install/canopen_interfaces/lib/libcanopen_interfaces__rosidl_typesupport_c.so
[12.179s] -- Set non-toolchain portion of runtime path of "/tmp/agrobot-next-build-ybgPHn/install/canopen_interfaces/lib/libcanopen_interfaces__rosidl_typesupport_c.so" to ""
[12.179s] -- Up-to-date: /tmp/agrobot-next-build-ybgPHn/install/canopen_interfaces/include/canopen_interfaces/canopen_interfaces
[12.179s] -- Up-to-date: /tmp/agrobot-next-build-ybgPHn/install/canopen_interfaces/include/canopen_interfaces/canopen_interfaces/srv
[12.179s] -- Installing: /tmp/agrobot-next-build-ybgPHn/install/canopen_interfaces/include/canopen_interfaces/canopen_interfaces/srv/co_write_id.hpp
[12.179s] -- Installing: /tmp/agrobot-next-build-ybgPHn/install/canopen_interfaces/include/canopen_interfaces/canopen_interfaces/srv/co_write.hpp
[12.179s] -- Installing: /tmp/agrobot-next-build-ybgPHn/install/canopen_interfaces/include/canopen_interfaces/canopen_interfaces/srv/co_nmt_id.hpp
[12.179s] -- Installing: /tmp/agrobot-next-build-ybgPHn/install/canopen_interfaces/include/canopen_interfaces/canopen_interfaces/srv/co_node.hpp
[12.179s] -- Installing: /tmp/agrobot-next-build-ybgPHn/install/canopen_interfaces/include/canopen_interfaces/canopen_interfaces/srv/co_heartbeat_id.hpp
[12.179s] -- Up-to-date: /tmp/agrobot-next-build-ybgPHn/install/canopen_interfaces/include/canopen_interfaces/canopen_interfaces/srv/detail
[12.180s] -- Installing: /tmp/agrobot-next-build-ybgPHn/install/canopen_interfaces/include/canopen_interfaces/canopen_interfaces/srv/detail/co_nmt_id__traits.hpp
[12.180s] -- Installing: /tmp/agrobot-next-build-ybgPHn/install/canopen_interfaces/include/canopen_interfaces/canopen_interfaces/srv/detail/co_read__type_support.hpp
[12.180s] -- Installing: /tmp/agrobot-next-build-ybgPHn/install/canopen_interfaces/include/canopen_interfaces/canopen_interfaces/srv/detail/co_target_double__type_support.hpp
[12.180s] -- Installing: /tmp/agrobot-next-build-ybgPHn/install/canopen_interfaces/include/canopen_interfaces/canopen_interfaces/srv/detail/co_heartbeat_id__struct.hpp
[12.180s] -- Installing: /tmp/agrobot-next-build-ybgPHn/install/canopen_interfaces/include/canopen_interfaces/canopen_interfaces/srv/detail/co_target_double__builder.hpp
[12.180s] -- Installing: /tmp/agrobot-next-build-ybgPHn/install/canopen_interfaces/include/canopen_interfaces/canopen_interfaces/srv/detail/co_read_id__type_support.hpp
[12.180s] -- Installing: /tmp/agrobot-next-build-ybgPHn/install/canopen_interfaces/include/canopen_interfaces/canopen_interfaces/srv/detail/co_read__builder.hpp
[12.180s] -- Installing: /tmp/agrobot-next-build-ybgPHn/install/canopen_interfaces/include/canopen_interfaces/canopen_interfaces/srv/detail/co_nmt_id__struct.hpp
[12.180s] -- Installing: /tmp/agrobot-next-build-ybgPHn/install/canopen_interfaces/include/canopen_interfaces/canopen_interfaces/srv/detail/co_target_double__traits.hpp
[12.180s] -- Installing: /tmp/agrobot-next-build-ybgPHn/install/canopen_interfaces/include/canopen_interfaces/canopen_interfaces/srv/detail/co_read_id__struct.hpp
[12.180s] -- Installing: /tmp/agrobot-next-build-ybgPHn/install/canopen_interfaces/include/canopen_interfaces/canopen_interfaces/srv/detail/co_write_id__traits.hpp
[12.180s] -- Installing: /tmp/agrobot-next-build-ybgPHn/install/canopen_interfaces/include/canopen_interfaces/canopen_interfaces/srv/detail/co_heartbeat_id__traits.hpp
[12.180s] -- Installing: /tmp/agrobot-next-build-ybgPHn/install/canopen_interfaces/include/canopen_interfaces/canopen_interfaces/srv/detail/co_read_id__traits.hpp
[12.180s] -- Installing: /tmp/agrobot-next-build-ybgPHn/install/canopen_interfaces/include/canopen_interfaces/canopen_interfaces/srv/detail/co_read_id__builder.hpp
[12.180s] -- Installing: /tmp/agrobot-next-build-ybgPHn/install/canopen_interfaces/include/canopen_interfaces/canopen_interfaces/srv/detail/co_read__traits.hpp
[12.180s] -- Installing: /tmp/agrobot-next-build-ybgPHn/install/canopen_interfaces/include/canopen_interfaces/canopen_interfaces/srv/detail/co_node__type_support.hpp
[12.180s] -- Installing: /tmp/agrobot-next-build-ybgPHn/install/canopen_interfaces/include/canopen_interfaces/canopen_interfaces/srv/detail/co_nmt_id__builder.hpp
[12.180s] -- Installing: /tmp/agrobot-next-build-ybgPHn/install/canopen_interfaces/include/canopen_interfaces/canopen_interfaces/srv/detail/co_write__struct.hpp
[12.180s] -- Installing: /tmp/agrobot-next-build-ybgPHn/install/canopen_interfaces/include/canopen_interfaces/canopen_interfaces/srv/detail/co_read__struct.hpp
[12.180s] -- Installing: /tmp/agrobot-next-build-ybgPHn/install/canopen_interfaces/include/canopen_interfaces/canopen_interfaces/srv/detail/co_write__builder.hpp
[12.180s] -- Installing: /tmp/agrobot-next-build-ybgPHn/install/canopen_interfaces/include/canopen_interfaces/canopen_interfaces/srv/detail/co_write__type_support.hpp
[12.180s] -- Installing: /tmp/agrobot-next-build-ybgPHn/install/canopen_interfaces/include/canopen_interfaces/canopen_interfaces/srv/detail/co_nmt_id__type_support.hpp
[12.180s] -- Installing: /tmp/agrobot-next-build-ybgPHn/install/canopen_interfaces/include/canopen_interfaces/canopen_interfaces/srv/detail/co_write_id__builder.hpp
[12.180s] -- Installing: /tmp/agrobot-next-build-ybgPHn/install/canopen_interfaces/include/canopen_interfaces/canopen_interfaces/srv/detail/co_write_id__type_support.hpp
[12.180s] -- Installing: /tmp/agrobot-next-build-ybgPHn/install/canopen_interfaces/include/canopen_interfaces/canopen_interfaces/srv/detail/co_node__builder.hpp
[12.180s] -- Installing: /tmp/agrobot-next-build-ybgPHn/install/canopen_interfaces/include/canopen_interfaces/canopen_interfaces/srv/detail/co_node__traits.hpp
[12.181s] -- Installing: /tmp/agrobot-next-build-ybgPHn/install/canopen_interfaces/include/canopen_interfaces/canopen_interfaces/srv/detail/co_write_id__struct.hpp
[12.181s] -- Installing: /tmp/agrobot-next-build-ybgPHn/install/canopen_interfaces/include/canopen_interfaces/canopen_interfaces/srv/detail/co_heartbeat_id__type_support.hpp
[12.181s] -- Installing: /tmp/agrobot-next-build-ybgPHn/install/canopen_interfaces/include/canopen_interfaces/canopen_interfaces/srv/detail/co_target_double__struct.hpp
[12.181s] -- Installing: /tmp/agrobot-next-build-ybgPHn/install/canopen_interfaces/include/canopen_interfaces/canopen_interfaces/srv/detail/co_heartbeat_id__builder.hpp
[12.181s] -- Installing: /tmp/agrobot-next-build-ybgPHn/install/canopen_interfaces/include/canopen_interfaces/canopen_interfaces/srv/detail/co_node__struct.hpp
[12.181s] -- Installing: /tmp/agrobot-next-build-ybgPHn/install/canopen_interfaces/include/canopen_interfaces/canopen_interfaces/srv/detail/co_write__traits.hpp
[12.181s] -- Installing: /tmp/agrobot-next-build-ybgPHn/install/canopen_interfaces/include/canopen_interfaces/canopen_interfaces/srv/co_read.hpp
[12.181s] -- Installing: /tmp/agrobot-next-build-ybgPHn/install/canopen_interfaces/include/canopen_interfaces/canopen_interfaces/srv/co_read_id.hpp
[12.181s] -- Installing: /tmp/agrobot-next-build-ybgPHn/install/canopen_interfaces/include/canopen_interfaces/canopen_interfaces/srv/co_target_double.hpp
[12.181s] -- Up-to-date: /tmp/agrobot-next-build-ybgPHn/install/canopen_interfaces/include/canopen_interfaces/canopen_interfaces/msg
[12.181s] -- Up-to-date: /tmp/agrobot-next-build-ybgPHn/install/canopen_interfaces/include/canopen_interfaces/canopen_interfaces/msg/detail
[12.181s] -- Installing: /tmp/agrobot-next-build-ybgPHn/install/canopen_interfaces/include/canopen_interfaces/canopen_interfaces/msg/detail/co_data__traits.hpp
[12.181s] -- Installing: /tmp/agrobot-next-build-ybgPHn/install/canopen_interfaces/include/canopen_interfaces/canopen_interfaces/msg/detail/co_data__builder.hpp
[12.181s] -- Installing: /tmp/agrobot-next-build-ybgPHn/install/canopen_interfaces/include/canopen_interfaces/canopen_interfaces/msg/detail/co_data__type_support.hpp
[12.181s] -- Installing: /tmp/agrobot-next-build-ybgPHn/install/canopen_interfaces/include/canopen_interfaces/canopen_interfaces/msg/detail/co_data__struct.hpp
[12.181s] -- Installing: /tmp/agrobot-next-build-ybgPHn/install/canopen_interfaces/include/canopen_interfaces/canopen_interfaces/msg/rosidl_generator_cpp__visibility_control.hpp
[12.181s] -- Installing: /tmp/agrobot-next-build-ybgPHn/install/canopen_interfaces/include/canopen_interfaces/canopen_interfaces/msg/co_data.hpp
[12.181s] -- Up-to-date: /tmp/agrobot-next-build-ybgPHn/install/canopen_interfaces/include/canopen_interfaces/canopen_interfaces
[12.181s] -- Up-to-date: /tmp/agrobot-next-build-ybgPHn/install/canopen_interfaces/include/canopen_interfaces/canopen_interfaces/srv
[12.181s] -- Up-to-date: /tmp/agrobot-next-build-ybgPHn/install/canopen_interfaces/include/canopen_interfaces/canopen_interfaces/srv/detail
[12.181s] -- Installing: /tmp/agrobot-next-build-ybgPHn/install/canopen_interfaces/include/canopen_interfaces/canopen_interfaces/srv/detail/co_write__rosidl_typesupport_fastrtps_cpp.hpp
[12.181s] -- Installing: /tmp/agrobot-next-build-ybgPHn/install/canopen_interfaces/include/canopen_interfaces/canopen_interfaces/srv/detail/co_nmt_id__rosidl_typesupport_fastrtps_cpp.hpp
[12.181s] -- Installing: /tmp/agrobot-next-build-ybgPHn/install/canopen_interfaces/include/canopen_interfaces/canopen_interfaces/srv/detail/dds_fastrtps
[12.181s] -- Installing: /tmp/agrobot-next-build-ybgPHn/install/canopen_interfaces/include/canopen_interfaces/canopen_interfaces/srv/detail/co_heartbeat_id__rosidl_typesupport_fastrtps_cpp.hpp
[12.181s] -- Installing: /tmp/agrobot-next-build-ybgPHn/install/canopen_interfaces/include/canopen_interfaces/canopen_interfaces/srv/detail/co_read_id__rosidl_typesupport_fastrtps_cpp.hpp
[12.182s] -- Installing: /tmp/agrobot-next-build-ybgPHn/install/canopen_interfaces/include/canopen_interfaces/canopen_interfaces/srv/detail/co_write_id__rosidl_typesupport_fastrtps_cpp.hpp
[12.182s] -- Installing: /tmp/agrobot-next-build-ybgPHn/install/canopen_interfaces/include/canopen_interfaces/canopen_interfaces/srv/detail/co_read__rosidl_typesupport_fastrtps_cpp.hpp
[12.182s] -- Installing: /tmp/agrobot-next-build-ybgPHn/install/canopen_interfaces/include/canopen_interfaces/canopen_interfaces/srv/detail/co_node__rosidl_typesupport_fastrtps_cpp.hpp
[12.182s] -- Installing: /tmp/agrobot-next-build-ybgPHn/install/canopen_interfaces/include/canopen_interfaces/canopen_interfaces/srv/detail/co_target_double__rosidl_typesupport_fastrtps_cpp.hpp
[12.182s] -- Up-to-date: /tmp/agrobot-next-build-ybgPHn/install/canopen_interfaces/include/canopen_interfaces/canopen_interfaces/msg
[12.182s] -- Up-to-date: /tmp/agrobot-next-build-ybgPHn/install/canopen_interfaces/include/canopen_interfaces/canopen_interfaces/msg/detail
[12.182s] -- Installing: /tmp/agrobot-next-build-ybgPHn/install/canopen_interfaces/include/canopen_interfaces/canopen_interfaces/msg/detail/dds_fastrtps
[12.182s] -- Installing: /tmp/agrobot-next-build-ybgPHn/install/canopen_interfaces/include/canopen_interfaces/canopen_interfaces/msg/detail/co_data__rosidl_typesupport_fastrtps_cpp.hpp
[12.182s] -- Installing: /tmp/agrobot-next-build-ybgPHn/install/canopen_interfaces/include/canopen_interfaces/canopen_interfaces/msg/rosidl_typesupport_fastrtps_cpp__visibility_control.h
[12.182s] -- Installing: /tmp/agrobot-next-build-ybgPHn/install/canopen_interfaces/lib/libcanopen_interfaces__rosidl_typesupport_fastrtps_cpp.so
[12.182s] -- Set non-toolchain portion of runtime path of "/tmp/agrobot-next-build-ybgPHn/install/canopen_interfaces/lib/libcanopen_interfaces__rosidl_typesupport_fastrtps_cpp.so" to ""
[12.182s] -- Up-to-date: /tmp/agrobot-next-build-ybgPHn/install/canopen_interfaces/include/canopen_interfaces/canopen_interfaces
[12.187s] -- Up-to-date: /tmp/agrobot-next-build-ybgPHn/install/canopen_interfaces/include/canopen_interfaces/canopen_interfaces/srv
[12.187s] -- Up-to-date: /tmp/agrobot-next-build-ybgPHn/install/canopen_interfaces/include/canopen_interfaces/canopen_interfaces/srv/detail
[12.187s] -- Installing: /tmp/agrobot-next-build-ybgPHn/install/canopen_interfaces/include/canopen_interfaces/canopen_interfaces/srv/detail/co_read_id__rosidl_typesupport_introspection_cpp.hpp
[12.187s] -- Installing: /tmp/agrobot-next-build-ybgPHn/install/canopen_interfaces/include/canopen_interfaces/canopen_interfaces/srv/detail/co_write__type_support.cpp
[12.187s] -- Installing: /tmp/agrobot-next-build-ybgPHn/install/canopen_interfaces/include/canopen_interfaces/canopen_interfaces/srv/detail/co_read__type_support.cpp
[12.188s] -- Installing: /tmp/agrobot-next-build-ybgPHn/install/canopen_interfaces/include/canopen_interfaces/canopen_interfaces/srv/detail/co_heartbeat_id__rosidl_typesupport_introspection_cpp.hpp
[12.189s] -- Installing: /tmp/agrobot-next-build-ybgPHn/install/canopen_interfaces/include/canopen_interfaces/canopen_interfaces/srv/detail/co_target_double__type_support.cpp
[12.189s] -- Installing: /tmp/agrobot-next-build-ybgPHn/install/canopen_interfaces/include/canopen_interfaces/canopen_interfaces/srv/detail/co_nmt_id__rosidl_typesupport_introspection_cpp.hpp
[12.189s] -- Installing: /tmp/agrobot-next-build-ybgPHn/install/canopen_interfaces/include/canopen_interfaces/canopen_interfaces/srv/detail/co_node__type_support.cpp
[12.189s] -- Installing: /tmp/agrobot-next-build-ybgPHn/install/canopen_interfaces/include/canopen_interfaces/canopen_interfaces/srv/detail/co_heartbeat_id__type_support.cpp
[12.189s] -- Installing: /tmp/agrobot-next-build-ybgPHn/install/canopen_interfaces/include/canopen_interfaces/canopen_interfaces/srv/detail/co_read_id__type_support.cpp
[12.189s] -- Installing: /tmp/agrobot-next-build-ybgPHn/install/canopen_interfaces/include/canopen_interfaces/canopen_interfaces/srv/detail/co_write_id__type_support.cpp
[12.189s] -- Installing: /tmp/agrobot-next-build-ybgPHn/install/canopen_interfaces/include/canopen_interfaces/canopen_interfaces/srv/detail/co_nmt_id__type_support.cpp
[12.189s] -- Installing: /tmp/agrobot-next-build-ybgPHn/install/canopen_interfaces/include/canopen_interfaces/canopen_interfaces/srv/detail/co_node__rosidl_typesupport_introspection_cpp.hpp
[12.189s] -- Installing: /tmp/agrobot-next-build-ybgPHn/install/canopen_interfaces/include/canopen_interfaces/canopen_interfaces/srv/detail/co_write__rosidl_typesupport_introspection_cpp.hpp
[12.189s] -- Installing: /tmp/agrobot-next-build-ybgPHn/install/canopen_interfaces/include/canopen_interfaces/canopen_interfaces/srv/detail/co_read__rosidl_typesupport_introspection_cpp.hpp
[12.189s] -- Installing: /tmp/agrobot-next-build-ybgPHn/install/canopen_interfaces/include/canopen_interfaces/canopen_interfaces/srv/detail/co_target_double__rosidl_typesupport_introspection_cpp.hpp
[12.189s] -- Installing: /tmp/agrobot-next-build-ybgPHn/install/canopen_interfaces/include/canopen_interfaces/canopen_interfaces/srv/detail/co_write_id__rosidl_typesupport_introspection_cpp.hpp
[12.190s] -- Up-to-date: /tmp/agrobot-next-build-ybgPHn/install/canopen_interfaces/include/canopen_interfaces/canopen_interfaces/msg
[12.190s] -- Up-to-date: /tmp/agrobot-next-build-ybgPHn/install/canopen_interfaces/include/canopen_interfaces/canopen_interfaces/msg/detail
[12.193s] -- Installing: /tmp/agrobot-next-build-ybgPHn/install/canopen_interfaces/include/canopen_interfaces/canopen_interfaces/msg/detail/co_data__rosidl_typesupport_introspection_cpp.hpp
[12.198s] -- Installing: /tmp/agrobot-next-build-ybgPHn/install/canopen_interfaces/include/canopen_interfaces/canopen_interfaces/msg/detail/co_data__type_support.cpp
[12.201s] -- Installing: /tmp/agrobot-next-build-ybgPHn/install/canopen_interfaces/lib/libcanopen_interfaces__rosidl_typesupport_introspection_cpp.so
[12.203s] -- Set non-toolchain portion of runtime path of "/tmp/agrobot-next-build-ybgPHn/install/canopen_interfaces/lib/libcanopen_interfaces__rosidl_typesupport_introspection_cpp.so" to ""
[12.204s] -- Installing: /tmp/agrobot-next-build-ybgPHn/install/canopen_interfaces/lib/libcanopen_interfaces__rosidl_typesupport_cpp.so
[12.206s] -- Set non-toolchain portion of runtime path of "/tmp/agrobot-next-build-ybgPHn/install/canopen_interfaces/lib/libcanopen_interfaces__rosidl_typesupport_cpp.so" to ""
[12.207s] -- Installing: /tmp/agrobot-next-build-ybgPHn/install/canopen_interfaces/share/canopen_interfaces/environment/pythonpath.sh
[12.211s] -- Installing: /tmp/agrobot-next-build-ybgPHn/install/canopen_interfaces/share/canopen_interfaces/environment/pythonpath.dsv
[12.223s] -- Installing: /tmp/agrobot-next-build-ybgPHn/install/canopen_interfaces/lib/python3.12/site-packages/canopen_interfaces-0.3.1-py3.12.egg-info
[12.236s] -- Installing: /tmp/agrobot-next-build-ybgPHn/install/canopen_interfaces/lib/python3.12/site-packages/canopen_interfaces-0.3.1-py3.12.egg-info/PKG-INFO
[12.239s] -- Installing: /tmp/agrobot-next-build-ybgPHn/install/canopen_interfaces/lib/python3.12/site-packages/canopen_interfaces-0.3.1-py3.12.egg-info/dependency_links.txt
[12.245s] -- Installing: /tmp/agrobot-next-build-ybgPHn/install/canopen_interfaces/lib/python3.12/site-packages/canopen_interfaces-0.3.1-py3.12.egg-info/top_level.txt
[12.249s] -- Installing: /tmp/agrobot-next-build-ybgPHn/install/canopen_interfaces/lib/python3.12/site-packages/canopen_interfaces-0.3.1-py3.12.egg-info/SOURCES.txt
[12.251s] -- Installing: /tmp/agrobot-next-build-ybgPHn/install/canopen_interfaces/lib/python3.12/site-packages/canopen_interfaces
[12.253s] -- Installing: /tmp/agrobot-next-build-ybgPHn/install/canopen_interfaces/lib/python3.12/site-packages/canopen_interfaces/_canopen_interfaces_s.ep.rosidl_typesupport_fastrtps_c.c
[12.255s] -- Installing: /tmp/agrobot-next-build-ybgPHn/install/canopen_interfaces/lib/python3.12/site-packages/canopen_interfaces/_canopen_interfaces_s.ep.rosidl_typesupport_c.c
[12.260s] -- Installing: /tmp/agrobot-next-build-ybgPHn/install/canopen_interfaces/lib/python3.12/site-packages/canopen_interfaces/canopen_interfaces_s__rosidl_typesupport_c.so
[12.262s] -- Installing: /tmp/agrobot-next-build-ybgPHn/install/canopen_interfaces/lib/python3.12/site-packages/canopen_interfaces/srv
[12.264s] -- Installing: /tmp/agrobot-next-build-ybgPHn/install/canopen_interfaces/lib/python3.12/site-packages/canopen_interfaces/srv/_co_heartbeat_id.py
[12.270s] -- Installing: /tmp/agrobot-next-build-ybgPHn/install/canopen_interfaces/lib/python3.12/site-packages/canopen_interfaces/srv/_co_read_id_s.c
[12.272s] -- Installing: /tmp/agrobot-next-build-ybgPHn/install/canopen_interfaces/lib/python3.12/site-packages/canopen_interfaces/srv/_co_write_s.c
[12.276s] -- Installing: /tmp/agrobot-next-build-ybgPHn/install/canopen_interfaces/lib/python3.12/site-packages/canopen_interfaces/srv/_co_node_s.c
[12.283s] -- Installing: /tmp/agrobot-next-build-ybgPHn/install/canopen_interfaces/lib/python3.12/site-packages/canopen_interfaces/srv/_co_read_id.py
[12.285s] -- Installing: /tmp/agrobot-next-build-ybgPHn/install/canopen_interfaces/lib/python3.12/site-packages/canopen_interfaces/srv/_co_nmt_id.py
[12.287s] -- Installing: /tmp/agrobot-next-build-ybgPHn/install/canopen_interfaces/lib/python3.12/site-packages/canopen_interfaces/srv/_co_write_id.py
[12.287s] -- Installing: /tmp/agrobot-next-build-ybgPHn/install/canopen_interfaces/lib/python3.12/site-packages/canopen_interfaces/srv/_co_heartbeat_id_s.c
[12.289s] -- Installing: /tmp/agrobot-next-build-ybgPHn/install/canopen_interfaces/lib/python3.12/site-packages/canopen_interfaces/srv/_co_target_double.py
[12.291s] -- Installing: /tmp/agrobot-next-build-ybgPHn/install/canopen_interfaces/lib/python3.12/site-packages/canopen_interfaces/srv/_co_target_double_s.c
[12.305s] -- Installing: /tmp/agrobot-next-build-ybgPHn/install/canopen_interfaces/lib/python3.12/site-packages/canopen_interfaces/srv/_co_read_s.c
[12.306s] -- Installing: /tmp/agrobot-next-build-ybgPHn/install/canopen_interfaces/lib/python3.12/site-packages/canopen_interfaces/srv/__init__.py
[12.307s] -- Installing: /tmp/agrobot-next-build-ybgPHn/install/canopen_interfaces/lib/python3.12/site-packages/canopen_interfaces/srv/_co_node.py
[12.309s] -- Installing: /tmp/agrobot-next-build-ybgPHn/install/canopen_interfaces/lib/python3.12/site-packages/canopen_interfaces/srv/_co_read.py
[12.321s] -- Installing: /tmp/agrobot-next-build-ybgPHn/install/canopen_interfaces/lib/python3.12/site-packages/canopen_interfaces/srv/_co_write.py
[12.322s] -- Installing: /tmp/agrobot-next-build-ybgPHn/install/canopen_interfaces/lib/python3.12/site-packages/canopen_interfaces/srv/_co_nmt_id_s.c
[12.323s] -- Installing: /tmp/agrobot-next-build-ybgPHn/install/canopen_interfaces/lib/python3.12/site-packages/canopen_interfaces/srv/_co_write_id_s.c
[12.323s] -- Installing: /tmp/agrobot-next-build-ybgPHn/install/canopen_interfaces/lib/python3.12/site-packages/canopen_interfaces/__init__.py
[12.323s] -- Installing: /tmp/agrobot-next-build-ybgPHn/install/canopen_interfaces/lib/python3.12/site-packages/canopen_interfaces/canopen_interfaces_s__rosidl_typesupport_fastrtps_c.so
[12.326s] -- Installing: /tmp/agrobot-next-build-ybgPHn/install/canopen_interfaces/lib/python3.12/site-packages/canopen_interfaces/msg
[12.326s] -- Installing: /tmp/agrobot-next-build-ybgPHn/install/canopen_interfaces/lib/python3.12/site-packages/canopen_interfaces/msg/_co_data_s.c
[12.326s] -- Installing: /tmp/agrobot-next-build-ybgPHn/install/canopen_interfaces/lib/python3.12/site-packages/canopen_interfaces/msg/_co_data.py
[12.327s] -- Installing: /tmp/agrobot-next-build-ybgPHn/install/canopen_interfaces/lib/python3.12/site-packages/canopen_interfaces/msg/__init__.py
[12.327s] -- Installing: /tmp/agrobot-next-build-ybgPHn/install/canopen_interfaces/lib/python3.12/site-packages/canopen_interfaces/_canopen_interfaces_s.ep.rosidl_typesupport_introspection_c.c
[12.341s] -- Installing: /tmp/agrobot-next-build-ybgPHn/install/canopen_interfaces/lib/python3.12/site-packages/canopen_interfaces/canopen_interfaces_s__rosidl_typesupport_introspection_c.so
[13.298s] Listing '/tmp/agrobot-next-build-ybgPHn/install/canopen_interfaces/lib/python3.12/site-packages/canopen_interfaces'...
[13.298s] Compiling '/tmp/agrobot-next-build-ybgPHn/install/canopen_interfaces/lib/python3.12/site-packages/canopen_interfaces/__init__.py'...
[13.298s] Listing '/tmp/agrobot-next-build-ybgPHn/install/canopen_interfaces/lib/python3.12/site-packages/canopen_interfaces/msg'...
[13.298s] Compiling '/tmp/agrobot-next-build-ybgPHn/install/canopen_interfaces/lib/python3.12/site-packages/canopen_interfaces/msg/__init__.py'...
[13.298s] Compiling '/tmp/agrobot-next-build-ybgPHn/install/canopen_interfaces/lib/python3.12/site-packages/canopen_interfaces/msg/_co_data.py'...
[13.298s] Listing '/tmp/agrobot-next-build-ybgPHn/install/canopen_interfaces/lib/python3.12/site-packages/canopen_interfaces/srv'...
[13.298s] Compiling '/tmp/agrobot-next-build-ybgPHn/install/canopen_interfaces/lib/python3.12/site-packages/canopen_interfaces/srv/__init__.py'...
[13.298s] Compiling '/tmp/agrobot-next-build-ybgPHn/install/canopen_interfaces/lib/python3.12/site-packages/canopen_interfaces/srv/_co_heartbeat_id.py'...
[13.299s] Compiling '/tmp/agrobot-next-build-ybgPHn/install/canopen_interfaces/lib/python3.12/site-packages/canopen_interfaces/srv/_co_nmt_id.py'...
[13.299s] Compiling '/tmp/agrobot-next-build-ybgPHn/install/canopen_interfaces/lib/python3.12/site-packages/canopen_interfaces/srv/_co_node.py'...
[13.299s] Compiling '/tmp/agrobot-next-build-ybgPHn/install/canopen_interfaces/lib/python3.12/site-packages/canopen_interfaces/srv/_co_read.py'...
[13.299s] Compiling '/tmp/agrobot-next-build-ybgPHn/install/canopen_interfaces/lib/python3.12/site-packages/canopen_interfaces/srv/_co_read_id.py'...
[13.299s] Compiling '/tmp/agrobot-next-build-ybgPHn/install/canopen_interfaces/lib/python3.12/site-packages/canopen_interfaces/srv/_co_target_double.py'...
[13.299s] Compiling '/tmp/agrobot-next-build-ybgPHn/install/canopen_interfaces/lib/python3.12/site-packages/canopen_interfaces/srv/_co_write.py'...
[13.299s] Compiling '/tmp/agrobot-next-build-ybgPHn/install/canopen_interfaces/lib/python3.12/site-packages/canopen_interfaces/srv/_co_write_id.py'...
[13.306s] -- Installing: /tmp/agrobot-next-build-ybgPHn/install/canopen_interfaces/lib/python3.12/site-packages/canopen_interfaces/canopen_interfaces_s__rosidl_typesupport_fastrtps_c.so
[13.310s] -- Set non-toolchain portion of runtime path of "/tmp/agrobot-next-build-ybgPHn/install/canopen_interfaces/lib/python3.12/site-packages/canopen_interfaces/canopen_interfaces_s__rosidl_typesupport_fastrtps_c.so" to ""
[13.312s] -- Installing: /tmp/agrobot-next-build-ybgPHn/install/canopen_interfaces/lib/python3.12/site-packages/canopen_interfaces/canopen_interfaces_s__rosidl_typesupport_introspection_c.so
[13.313s] -- Set non-toolchain portion of runtime path of "/tmp/agrobot-next-build-ybgPHn/install/canopen_interfaces/lib/python3.12/site-packages/canopen_interfaces/canopen_interfaces_s__rosidl_typesupport_introspection_c.so" to ""
[13.314s] -- Installing: /tmp/agrobot-next-build-ybgPHn/install/canopen_interfaces/lib/python3.12/site-packages/canopen_interfaces/canopen_interfaces_s__rosidl_typesupport_c.so
[13.315s] -- Set non-toolchain portion of runtime path of "/tmp/agrobot-next-build-ybgPHn/install/canopen_interfaces/lib/python3.12/site-packages/canopen_interfaces/canopen_interfaces_s__rosidl_typesupport_c.so" to ""
[13.315s] -- Installing: /tmp/agrobot-next-build-ybgPHn/install/canopen_interfaces/lib/libcanopen_interfaces__rosidl_generator_py.so
[13.325s] -- Set non-toolchain portion of runtime path of "/tmp/agrobot-next-build-ybgPHn/install/canopen_interfaces/lib/libcanopen_interfaces__rosidl_generator_py.so" to ""
[13.326s] -- Installing: /tmp/agrobot-next-build-ybgPHn/install/canopen_interfaces/share/canopen_interfaces/rust
[13.329s] -- Installing: /tmp/agrobot-next-build-ybgPHn/install/canopen_interfaces/share/canopen_interfaces/rust/build.rs
[13.330s] -- Installing: /tmp/agrobot-next-build-ybgPHn/install/canopen_interfaces/share/canopen_interfaces/rust/Cargo.toml
[13.331s] -- Installing: /tmp/agrobot-next-build-ybgPHn/install/canopen_interfaces/share/canopen_interfaces/rust/src
[13.333s] -- Installing: /tmp/agrobot-next-build-ybgPHn/install/canopen_interfaces/share/canopen_interfaces/rust/src/msg.rs
[13.334s] -- Installing: /tmp/agrobot-next-build-ybgPHn/install/canopen_interfaces/share/canopen_interfaces/rust/src/srv.rs
[13.334s] -- Installing: /tmp/agrobot-next-build-ybgPHn/install/canopen_interfaces/share/canopen_interfaces/rust/src/srv
[13.334s] -- Installing: /tmp/agrobot-next-build-ybgPHn/install/canopen_interfaces/share/canopen_interfaces/rust/src/srv/rmw.rs
[13.334s] -- Installing: /tmp/agrobot-next-build-ybgPHn/install/canopen_interfaces/share/canopen_interfaces/rust/src/msg
[13.334s] -- Installing: /tmp/agrobot-next-build-ybgPHn/install/canopen_interfaces/share/canopen_interfaces/rust/src/msg/rmw.rs
[13.334s] -- Installing: /tmp/agrobot-next-build-ybgPHn/install/canopen_interfaces/share/canopen_interfaces/rust/src/lib.rs
[13.335s] -- Installing: /tmp/agrobot-next-build-ybgPHn/install/canopen_interfaces/share/canopen_interfaces/srv/COHeartbeatID.idl
[13.335s] -- Installing: /tmp/agrobot-next-build-ybgPHn/install/canopen_interfaces/share/canopen_interfaces/srv/CONmtID.idl
[13.335s] -- Installing: /tmp/agrobot-next-build-ybgPHn/install/canopen_interfaces/share/canopen_interfaces/srv/CORead.idl
[13.335s] -- Installing: /tmp/agrobot-next-build-ybgPHn/install/canopen_interfaces/share/canopen_interfaces/srv/COReadID.idl
[13.335s] -- Installing: /tmp/agrobot-next-build-ybgPHn/install/canopen_interfaces/share/canopen_interfaces/srv/COWrite.idl
[13.335s] -- Installing: /tmp/agrobot-next-build-ybgPHn/install/canopen_interfaces/share/canopen_interfaces/srv/COWriteID.idl
[13.336s] -- Installing: /tmp/agrobot-next-build-ybgPHn/install/canopen_interfaces/share/canopen_interfaces/srv/COTargetDouble.idl
[13.336s] -- Installing: /tmp/agrobot-next-build-ybgPHn/install/canopen_interfaces/share/canopen_interfaces/srv/CONode.idl
[13.336s] -- Installing: /tmp/agrobot-next-build-ybgPHn/install/canopen_interfaces/share/canopen_interfaces/msg/COData.idl
[13.344s] -- Installing: /tmp/agrobot-next-build-ybgPHn/install/canopen_interfaces/share/canopen_interfaces/srv/COHeartbeatID.srv
[13.345s] -- Installing: /tmp/agrobot-next-build-ybgPHn/install/canopen_interfaces/share/canopen_interfaces/srv/CONmtID.srv
[13.345s] -- Installing: /tmp/agrobot-next-build-ybgPHn/install/canopen_interfaces/share/canopen_interfaces/srv/CORead.srv
[13.345s] -- Installing: /tmp/agrobot-next-build-ybgPHn/install/canopen_interfaces/share/canopen_interfaces/srv/COReadID.srv
[13.345s] -- Installing: /tmp/agrobot-next-build-ybgPHn/install/canopen_interfaces/share/canopen_interfaces/srv/COWrite.srv
[13.346s] -- Installing: /tmp/agrobot-next-build-ybgPHn/install/canopen_interfaces/share/canopen_interfaces/srv/COWriteID.srv
[13.346s] -- Installing: /tmp/agrobot-next-build-ybgPHn/install/canopen_interfaces/share/canopen_interfaces/srv/COTargetDouble.srv
[13.347s] -- Installing: /tmp/agrobot-next-build-ybgPHn/install/canopen_interfaces/share/canopen_interfaces/srv/CONode.srv
[13.350s] -- Installing: /tmp/agrobot-next-build-ybgPHn/install/canopen_interfaces/share/canopen_interfaces/msg/COData.msg
[13.350s] -- Installing: /tmp/agrobot-next-build-ybgPHn/install/canopen_interfaces/share/ament_index/resource_index/package_run_dependencies/canopen_interfaces
[13.350s] -- Installing: /tmp/agrobot-next-build-ybgPHn/install/canopen_interfaces/share/ament_index/resource_index/parent_prefix_path/canopen_interfaces
[13.350s] -- Installing: /tmp/agrobot-next-build-ybgPHn/install/canopen_interfaces/share/canopen_interfaces/environment/ament_prefix_path.sh
[13.350s] -- Installing: /tmp/agrobot-next-build-ybgPHn/install/canopen_interfaces/share/canopen_interfaces/environment/ament_prefix_path.dsv
[13.351s] -- Installing: /tmp/agrobot-next-build-ybgPHn/install/canopen_interfaces/share/canopen_interfaces/environment/path.sh
[13.351s] -- Installing: /tmp/agrobot-next-build-ybgPHn/install/canopen_interfaces/share/canopen_interfaces/environment/path.dsv
[13.351s] -- Installing: /tmp/agrobot-next-build-ybgPHn/install/canopen_interfaces/share/canopen_interfaces/local_setup.bash
[13.351s] -- Installing: /tmp/agrobot-next-build-ybgPHn/install/canopen_interfaces/share/canopen_interfaces/local_setup.sh
[13.351s] -- Installing: /tmp/agrobot-next-build-ybgPHn/install/canopen_interfaces/share/canopen_interfaces/local_setup.zsh
[13.352s] -- Installing: /tmp/agrobot-next-build-ybgPHn/install/canopen_interfaces/share/canopen_interfaces/local_setup.dsv
[13.352s] -- Installing: /tmp/agrobot-next-build-ybgPHn/install/canopen_interfaces/share/canopen_interfaces/package.dsv
[13.352s] -- Installing: /tmp/agrobot-next-build-ybgPHn/install/canopen_interfaces/share/ament_index/resource_index/packages/canopen_interfaces
[13.352s] -- Installing: /tmp/agrobot-next-build-ybgPHn/install/canopen_interfaces/share/canopen_interfaces/cmake/export_canopen_interfaces__rosidl_generator_cExport.cmake
[13.352s] -- Installing: /tmp/agrobot-next-build-ybgPHn/install/canopen_interfaces/share/canopen_interfaces/cmake/export_canopen_interfaces__rosidl_generator_cExport-noconfig.cmake
[13.352s] -- Installing: /tmp/agrobot-next-build-ybgPHn/install/canopen_interfaces/share/canopen_interfaces/cmake/export_canopen_interfaces__rosidl_typesupport_fastrtps_cExport.cmake
[13.352s] -- Installing: /tmp/agrobot-next-build-ybgPHn/install/canopen_interfaces/share/canopen_interfaces/cmake/export_canopen_interfaces__rosidl_typesupport_fastrtps_cExport-noconfig.cmake
[13.353s] -- Installing: /tmp/agrobot-next-build-ybgPHn/install/canopen_interfaces/share/canopen_interfaces/cmake/canopen_interfaces__rosidl_typesupport_introspection_cExport.cmake
[13.356s] -- Installing: /tmp/agrobot-next-build-ybgPHn/install/canopen_interfaces/share/canopen_interfaces/cmake/canopen_interfaces__rosidl_typesupport_introspection_cExport-noconfig.cmake
[13.357s] -- Installing: /tmp/agrobot-next-build-ybgPHn/install/canopen_interfaces/share/canopen_interfaces/cmake/canopen_interfaces__rosidl_typesupport_cExport.cmake
[13.357s] -- Installing: /tmp/agrobot-next-build-ybgPHn/install/canopen_interfaces/share/canopen_interfaces/cmake/canopen_interfaces__rosidl_typesupport_cExport-noconfig.cmake
[13.357s] -- Installing: /tmp/agrobot-next-build-ybgPHn/install/canopen_interfaces/share/canopen_interfaces/cmake/export_canopen_interfaces__rosidl_generator_cppExport.cmake
[13.357s] -- Installing: /tmp/agrobot-next-build-ybgPHn/install/canopen_interfaces/share/canopen_interfaces/cmake/export_canopen_interfaces__rosidl_typesupport_fastrtps_cppExport.cmake
[13.358s] -- Installing: /tmp/agrobot-next-build-ybgPHn/install/canopen_interfaces/share/canopen_interfaces/cmake/export_canopen_interfaces__rosidl_typesupport_fastrtps_cppExport-noconfig.cmake
[13.358s] -- Installing: /tmp/agrobot-next-build-ybgPHn/install/canopen_interfaces/share/canopen_interfaces/cmake/canopen_interfaces__rosidl_typesupport_introspection_cppExport.cmake
[13.358s] -- Installing: /tmp/agrobot-next-build-ybgPHn/install/canopen_interfaces/share/canopen_interfaces/cmake/canopen_interfaces__rosidl_typesupport_introspection_cppExport-noconfig.cmake
[13.358s] -- Installing: /tmp/agrobot-next-build-ybgPHn/install/canopen_interfaces/share/canopen_interfaces/cmake/canopen_interfaces__rosidl_typesupport_cppExport.cmake
[13.359s] -- Installing: /tmp/agrobot-next-build-ybgPHn/install/canopen_interfaces/share/canopen_interfaces/cmake/canopen_interfaces__rosidl_typesupport_cppExport-noconfig.cmake
[13.359s] -- Installing: /tmp/agrobot-next-build-ybgPHn/install/canopen_interfaces/share/canopen_interfaces/cmake/export_canopen_interfaces__rosidl_generator_pyExport.cmake
[13.359s] -- Installing: /tmp/agrobot-next-build-ybgPHn/install/canopen_interfaces/share/canopen_interfaces/cmake/export_canopen_interfaces__rosidl_generator_pyExport-noconfig.cmake
[13.359s] -- Installing: /tmp/agrobot-next-build-ybgPHn/install/canopen_interfaces/share/canopen_interfaces/cmake/rosidl_cmake-extras.cmake
[13.360s] -- Installing: /tmp/agrobot-next-build-ybgPHn/install/canopen_interfaces/share/canopen_interfaces/cmake/ament_cmake_export_dependencies-extras.cmake
[13.360s] -- Installing: /tmp/agrobot-next-build-ybgPHn/install/canopen_interfaces/share/canopen_interfaces/cmake/ament_cmake_export_include_directories-extras.cmake
[13.360s] -- Installing: /tmp/agrobot-next-build-ybgPHn/install/canopen_interfaces/share/canopen_interfaces/cmake/ament_cmake_export_libraries-extras.cmake
[13.360s] -- Installing: /tmp/agrobot-next-build-ybgPHn/install/canopen_interfaces/share/canopen_interfaces/cmake/ament_cmake_export_targets-extras.cmake
[13.360s] -- Installing: /tmp/agrobot-next-build-ybgPHn/install/canopen_interfaces/share/canopen_interfaces/cmake/rosidl_cmake_export_typesupport_targets-extras.cmake
[13.361s] -- Installing: /tmp/agrobot-next-build-ybgPHn/install/canopen_interfaces/share/canopen_interfaces/cmake/rosidl_cmake_export_typesupport_libraries-extras.cmake
[13.361s] -- Installing: /tmp/agrobot-next-build-ybgPHn/install/canopen_interfaces/share/canopen_interfaces/cmake/rosidl_cmake_aggregate_target-extras.cmake
[13.361s] -- Installing: /tmp/agrobot-next-build-ybgPHn/install/canopen_interfaces/share/canopen_interfaces/cmake/canopen_interfacesConfig.cmake
[13.370s] -- Installing: /tmp/agrobot-next-build-ybgPHn/install/canopen_interfaces/share/canopen_interfaces/cmake/canopen_interfacesConfig-version.cmake
[13.370s] -- Installing: /tmp/agrobot-next-build-ybgPHn/install/canopen_interfaces/share/canopen_interfaces/package.xml
[13.370s] Invoked command in '/tmp/agrobot-next-build-ybgPHn/build/canopen_interfaces' returned '0': CMAKE_PREFIX_PATH=${CMAKE_PREFIX_PATH}:/opt/ros/jazzy /usr/bin/cmake --install /tmp/agrobot-next-build-ybgPHn/build/canopen_interfaces
