[0.005s] Invoking command in '/tmp/agrobot-next-build-ybgPHn/build/robot_interfaces': CMAKE_PREFIX_PATH=${CMAKE_PREFIX_PATH}:/opt/ros/jazzy /usr/bin/cmake /home/gsylvia/agrobot-reverse-engineering/Agrobot/src/robot_interfaces -DCMAKE_INSTALL_PREFIX=/tmp/agrobot-next-build-ybgPHn/install/robot_interfaces
[0.131s] -- The C compiler identification is GNU 13.3.0
[0.836s] -- The CXX compiler identification is GNU 13.3.0
[1.509s] -- Detecting C compiler ABI info
[1.784s] -- Detecting C compiler ABI info - done
[1.790s] -- Check for working C compiler: /usr/bin/cc - skipped
[1.790s] -- Detecting C compile features
[1.790s] -- Detecting C compile features - done
[1.902s] -- Detecting CXX compiler ABI info
[2.196s] -- Detecting CXX compiler ABI info - done
[2.202s] -- Check for working CXX compiler: /usr/bin/c++ - skipped
[2.202s] -- Detecting CXX compile features
[2.203s] -- Detecting CXX compile features - done
[2.205s] -- Found ament_cmake: 2.5.6 (/opt/ros/jazzy/share/ament_cmake/cmake)
[2.309s] -- Found Python3: /usr/bin/python3 (found version "3.12.3") found components: Interpreter 
[2.395s] -- Found geometry_msgs: 5.3.8 (/opt/ros/jazzy/share/geometry_msgs/cmake)
[2.597s] -- Found rosidl_generator_c: 4.6.9 (/opt/ros/jazzy/share/rosidl_generator_c/cmake)
[2.612s] -- Found rosidl_generator_cpp: 4.6.9 (/opt/ros/jazzy/share/rosidl_generator_cpp/cmake)
[2.634s] -- Using all available rosidl_typesupport_c: rosidl_typesupport_fastrtps_c;rosidl_typesupport_introspection_c
[2.650s] -- Using all available rosidl_typesupport_cpp: rosidl_typesupport_fastrtps_cpp;rosidl_typesupport_introspection_cpp
[2.705s] -- Found rosidl_default_generators: 1.6.1 (/opt/ros/jazzy/share/rosidl_default_generators/cmake)
[2.746s] -- Found rosidl_adapter: 4.6.9 (/opt/ros/jazzy/share/rosidl_adapter/cmake)
[4.680s] -- Found ament_cmake_ros: 0.12.1 (/opt/ros/jazzy/share/ament_cmake_ros/cmake)
[6.003s] -- Using all available rosidl_typesupport_c: rosidl_typesupport_fastrtps_c;rosidl_typesupport_introspection_c
[7.771s] -- Using all available rosidl_typesupport_cpp: rosidl_typesupport_fastrtps_cpp;rosidl_typesupport_introspection_cpp
[7.774s] -- Found python_cmake_module: 0.11.1 (/opt/ros/jazzy/share/python_cmake_module/cmake)
[7.935s] -- Found PythonExtra: /usr/bin/python3  
[8.266s] -- Found Python3: /usr/bin/python3 (found version "3.12.3") found components: Interpreter Development NumPy Development.Module Development.Embed 
[8.346s] -- Found Python3: /usr/bin/python3 (found version "3.12.3") found components: Interpreter 
[8.351s] -- Configuring done (8.3s)
[8.391s] -- Generating done (0.0s)
[8.400s] -- Build files have been written to: /tmp/agrobot-next-build-ybgPHn/build/robot_interfaces
[8.409s] Invoked command in '/tmp/agrobot-next-build-ybgPHn/build/robot_interfaces' returned '0': CMAKE_PREFIX_PATH=${CMAKE_PREFIX_PATH}:/opt/ros/jazzy /usr/bin/cmake /home/gsylvia/agrobot-reverse-engineering/Agrobot/src/robot_interfaces -DCMAKE_INSTALL_PREFIX=/tmp/agrobot-next-build-ybgPHn/install/robot_interfaces
[8.410s] Invoking command in '/tmp/agrobot-next-build-ybgPHn/build/robot_interfaces': CMAKE_PREFIX_PATH=${CMAKE_PREFIX_PATH}:/opt/ros/jazzy /usr/bin/cmake --build /tmp/agrobot-next-build-ybgPHn/build/robot_interfaces -- -j16 -l16
[8.448s] [  2%] Generating type hashes for ROS interfaces
[8.449s] [  2%] Generating Rust code for ROS interfaces
[8.456s] [  2%] Built target ament_cmake_python_copy_robot_interfaces
[8.594s] running egg_info
[8.595s] creating robot_interfaces.egg-info
[8.608s] writing robot_interfaces.egg-info/PKG-INFO
[8.608s] writing dependency_links to robot_interfaces.egg-info/dependency_links.txt
[8.608s] writing top-level names to robot_interfaces.egg-info/top_level.txt
[8.608s] writing manifest file 'robot_interfaces.egg-info/SOURCES.txt'
[8.610s] [  2%] Built target robot_interfaces__rosidl_generator_type_description
[8.619s] [  4%] Generating C code for ROS interfaces
[8.628s] [  5%] Generating C++ code for ROS interfaces
[8.650s] [  5%] Built target robot_interfaces__rs
[8.651s] reading manifest file 'robot_interfaces.egg-info/SOURCES.txt'
[8.651s] writing manifest file 'robot_interfaces.egg-info/SOURCES.txt'
[8.684s] [  5%] Built target ament_cmake_python_build_robot_interfaces_egg
[8.984s] [  5%] Built target robot_interfaces__cpp
[9.043s] [  8%] Building C object CMakeFiles/robot_interfaces__rosidl_generator_c.dir/rosidl_generator_c/robot_interfaces/msg/detail/joint_command__description.c.o
[9.043s] [  8%] Building C object CMakeFiles/robot_interfaces__rosidl_generator_c.dir/rosidl_generator_c/robot_interfaces/msg/detail/pose_command__description.c.o
[9.043s] [  9%] Building C object CMakeFiles/robot_interfaces__rosidl_generator_c.dir/rosidl_generator_c/robot_interfaces/msg/detail/pose_command__functions.c.o
[9.043s] [ 10%] Building C object CMakeFiles/robot_interfaces__rosidl_generator_c.dir/rosidl_generator_c/robot_interfaces/msg/detail/joint_command__type_support.c.o
[9.043s] [ 12%] Building C object CMakeFiles/robot_interfaces__rosidl_generator_c.dir/rosidl_generator_c/robot_interfaces/msg/detail/position_command__description.c.o
[9.044s] [ 14%] Building C object CMakeFiles/robot_interfaces__rosidl_generator_c.dir/rosidl_generator_c/robot_interfaces/action/detail/pick_sequence__functions.c.o
[9.045s] [ 13%] Building C object CMakeFiles/robot_interfaces__rosidl_generator_c.dir/rosidl_generator_c/robot_interfaces/msg/detail/joint_command__functions.c.o
[9.045s] [ 16%] Building C object CMakeFiles/robot_interfaces__rosidl_generator_c.dir/rosidl_generator_c/robot_interfaces/action/detail/pick_sequence__description.c.o
[9.045s] [ 17%] Building C object CMakeFiles/robot_interfaces__rosidl_generator_c.dir/rosidl_generator_c/robot_interfaces/msg/detail/position_command__type_support.c.o
[9.047s] [ 18%] Building C object CMakeFiles/robot_interfaces__rosidl_generator_c.dir/rosidl_generator_c/robot_interfaces/msg/detail/pose_command__type_support.c.o
[9.049s] [ 20%] Building C object CMakeFiles/robot_interfaces__rosidl_generator_c.dir/rosidl_generator_c/robot_interfaces/srv/detail/set_indicator__functions.c.o
[9.049s] [ 21%] Building C object CMakeFiles/robot_interfaces__rosidl_generator_c.dir/rosidl_generator_c/robot_interfaces/msg/detail/position_command__functions.c.o
[9.057s] [ 22%] Building C object CMakeFiles/robot_interfaces__rosidl_generator_c.dir/rosidl_generator_c/robot_interfaces/srv/detail/set_indicator__description.c.o
[9.061s] [ 24%] Building C object CMakeFiles/robot_interfaces__rosidl_generator_c.dir/rosidl_generator_c/robot_interfaces/srv/detail/set_indicator__type_support.c.o
[9.067s] [ 25%] Building C object CMakeFiles/robot_interfaces__rosidl_generator_c.dir/rosidl_generator_c/robot_interfaces/action/detail/pick_sequence__type_support.c.o
[9.184s] [ 26%] Linking C shared library librobot_interfaces__rosidl_generator_c.so
[9.344s] [ 26%] Built target robot_interfaces__rosidl_generator_c
[9.355s] [ 28%] Generating C introspection for ROS interfaces
[9.358s] [ 29%] Generating C type support dispatch for ROS interfaces
[9.364s] [ 30%] Generating C type support for eProsima Fast-RTPS
[9.364s] [ 32%] Generating C++ introspection for ROS interfaces
[9.364s] [ 33%] Generating C++ type support dispatch for ROS interfaces
[9.364s] [ 34%] Generating C++ type support for eProsima Fast-RTPS
[9.623s] [ 36%] Building CXX object CMakeFiles/robot_interfaces__rosidl_typesupport_c.dir/rosidl_typesupport_c/robot_interfaces/msg/pose_command__type_support.cpp.o
[9.623s] [ 37%] Building CXX object CMakeFiles/robot_interfaces__rosidl_typesupport_c.dir/rosidl_typesupport_c/robot_interfaces/msg/joint_command__type_support.cpp.o
[9.623s] [ 40%] Building CXX object CMakeFiles/robot_interfaces__rosidl_typesupport_cpp.dir/rosidl_typesupport_cpp/robot_interfaces/msg/joint_command__type_support.cpp.o
[9.623s] [ 38%] Building CXX object CMakeFiles/robot_interfaces__rosidl_typesupport_c.dir/rosidl_typesupport_c/robot_interfaces/msg/position_command__type_support.cpp.o
[9.625s] [ 41%] Building CXX object CMakeFiles/robot_interfaces__rosidl_typesupport_c.dir/rosidl_typesupport_c/robot_interfaces/action/pick_sequence__type_support.cpp.o
[9.634s] [ 44%] Building CXX object CMakeFiles/robot_interfaces__rosidl_typesupport_cpp.dir/rosidl_typesupport_cpp/robot_interfaces/action/pick_sequence__type_support.cpp.o
[9.638s] [ 45%] Building CXX object CMakeFiles/robot_interfaces__rosidl_typesupport_cpp.dir/rosidl_typesupport_cpp/robot_interfaces/srv/set_indicator__type_support.cpp.o
[9.638s] [ 42%] Building CXX object CMakeFiles/robot_interfaces__rosidl_typesupport_cpp.dir/rosidl_typesupport_cpp/robot_interfaces/msg/pose_command__type_support.cpp.o
[9.638s] [ 46%] Building CXX object CMakeFiles/robot_interfaces__rosidl_typesupport_cpp.dir/rosidl_typesupport_cpp/robot_interfaces/msg/position_command__type_support.cpp.o
[9.640s] [ 48%] Building CXX object CMakeFiles/robot_interfaces__rosidl_typesupport_c.dir/rosidl_typesupport_c/robot_interfaces/srv/set_indicator__type_support.cpp.o
[9.714s] [ 49%] Linking CXX shared library librobot_interfaces__rosidl_typesupport_c.so
[9.765s] [ 50%] Building C object CMakeFiles/robot_interfaces__rosidl_typesupport_introspection_c.dir/rosidl_typesupport_introspection_c/robot_interfaces/msg/detail/pose_command__type_support.c.o
[9.769s] [ 52%] Building C object CMakeFiles/robot_interfaces__rosidl_typesupport_introspection_c.dir/rosidl_typesupport_introspection_c/robot_interfaces/msg/detail/position_command__type_support.c.o
[9.775s] [ 54%] Building C object CMakeFiles/robot_interfaces__rosidl_typesupport_introspection_c.dir/rosidl_typesupport_introspection_c/robot_interfaces/srv/detail/set_indicator__type_support.c.o
[9.775s] [ 53%] Building C object CMakeFiles/robot_interfaces__rosidl_typesupport_introspection_c.dir/rosidl_typesupport_introspection_c/robot_interfaces/action/detail/pick_sequence__type_support.c.o
[9.775s] [ 56%] Building C object CMakeFiles/robot_interfaces__rosidl_typesupport_introspection_c.dir/rosidl_typesupport_introspection_c/robot_interfaces/msg/detail/joint_command__type_support.c.o
[9.790s] [ 57%] Building CXX object CMakeFiles/robot_interfaces__rosidl_typesupport_introspection_cpp.dir/rosidl_typesupport_introspection_cpp/robot_interfaces/msg/detail/pose_command__type_support.cpp.o
[9.796s] [ 58%] Building CXX object CMakeFiles/robot_interfaces__rosidl_typesupport_introspection_cpp.dir/rosidl_typesupport_introspection_cpp/robot_interfaces/msg/detail/position_command__type_support.cpp.o
[9.800s] [ 60%] Building CXX object CMakeFiles/robot_interfaces__rosidl_typesupport_introspection_cpp.dir/rosidl_typesupport_introspection_cpp/robot_interfaces/msg/detail/joint_command__type_support.cpp.o
[9.818s] [ 61%] Building CXX object CMakeFiles/robot_interfaces__rosidl_typesupport_introspection_cpp.dir/rosidl_typesupport_introspection_cpp/robot_interfaces/action/detail/pick_sequence__type_support.cpp.o
[9.823s] [ 62%] Building CXX object CMakeFiles/robot_interfaces__rosidl_typesupport_introspection_cpp.dir/rosidl_typesupport_introspection_cpp/robot_interfaces/srv/detail/set_indicator__type_support.cpp.o
[9.861s] [ 64%] Linking C shared library librobot_interfaces__rosidl_typesupport_introspection_c.so
[10.025s] [ 64%] Built target robot_interfaces__rosidl_typesupport_c
[10.050s] [ 65%] Building CXX object CMakeFiles/robot_interfaces__rosidl_typesupport_fastrtps_c.dir/rosidl_typesupport_fastrtps_c/robot_interfaces/srv/detail/set_indicator__type_support_c.cpp.o
[10.053s] [ 68%] Building CXX object CMakeFiles/robot_interfaces__rosidl_typesupport_fastrtps_c.dir/rosidl_typesupport_fastrtps_c/robot_interfaces/action/detail/pick_sequence__type_support_c.cpp.o
[10.053s] [ 68%] Building CXX object CMakeFiles/robot_interfaces__rosidl_typesupport_fastrtps_c.dir/rosidl_typesupport_fastrtps_c/robot_interfaces/msg/detail/joint_command__type_support_c.cpp.o
[10.053s] [ 69%] Building CXX object CMakeFiles/robot_interfaces__rosidl_typesupport_fastrtps_c.dir/rosidl_typesupport_fastrtps_c/robot_interfaces/msg/detail/position_command__type_support_c.cpp.o
[10.055s] [ 70%] Building CXX object CMakeFiles/robot_interfaces__rosidl_typesupport_fastrtps_c.dir/rosidl_typesupport_fastrtps_c/robot_interfaces/msg/detail/pose_command__type_support_c.cpp.o
[10.063s] [ 72%] Building CXX object CMakeFiles/robot_interfaces__rosidl_typesupport_fastrtps_cpp.dir/rosidl_typesupport_fastrtps_cpp/robot_interfaces/msg/detail/dds_fastrtps/position_command__type_support.cpp.o
[10.063s] [ 73%] Building CXX object CMakeFiles/robot_interfaces__rosidl_typesupport_fastrtps_cpp.dir/rosidl_typesupport_fastrtps_cpp/robot_interfaces/msg/detail/dds_fastrtps/joint_command__type_support.cpp.o
[10.071s] [ 74%] Building CXX object CMakeFiles/robot_interfaces__rosidl_typesupport_fastrtps_cpp.dir/rosidl_typesupport_fastrtps_cpp/robot_interfaces/srv/detail/dds_fastrtps/set_indicator__type_support.cpp.o
[10.077s] [ 76%] Building CXX object CMakeFiles/robot_interfaces__rosidl_typesupport_fastrtps_cpp.dir/rosidl_typesupport_fastrtps_cpp/robot_interfaces/msg/detail/dds_fastrtps/pose_command__type_support.cpp.o
[10.084s] [ 77%] Building CXX object CMakeFiles/robot_interfaces__rosidl_typesupport_fastrtps_cpp.dir/rosidl_typesupport_fastrtps_cpp/robot_interfaces/action/detail/dds_fastrtps/pick_sequence__type_support.cpp.o
[10.171s] [ 77%] Built target robot_interfaces__rosidl_typesupport_introspection_c
[11.322s] [ 78%] Linking CXX shared library librobot_interfaces__rosidl_typesupport_cpp.so
[11.650s] [ 80%] Linking CXX shared library librobot_interfaces__rosidl_typesupport_fastrtps_c.so
[11.661s] [ 80%] Built target robot_interfaces__rosidl_typesupport_cpp
[11.678s] [ 81%] Linking CXX shared library librobot_interfaces__rosidl_typesupport_introspection_cpp.so
[11.813s] [ 81%] Built target robot_interfaces__rosidl_typesupport_fastrtps_c
[11.813s] [ 81%] Built target robot_interfaces__rosidl_typesupport_introspection_cpp
[12.001s] [ 82%] Linking CXX shared library librobot_interfaces__rosidl_typesupport_fastrtps_cpp.so
[12.275s] [ 82%] Built target robot_interfaces__rosidl_typesupport_fastrtps_cpp
[12.275s] [ 82%] Built target robot_interfaces
[12.275s] [ 84%] Generating Python code for ROS interfaces
[12.729s] [ 84%] Built target robot_interfaces__py
[12.744s] [ 89%] Building C object CMakeFiles/robot_interfaces__rosidl_generator_py.dir/rosidl_generator_py/robot_interfaces/msg/_pose_command_s.c.o
[12.744s] [ 89%] Building C object CMakeFiles/robot_interfaces__rosidl_generator_py.dir/rosidl_generator_py/robot_interfaces/msg/_position_command_s.c.o
[12.745s] [ 90%] Building C object CMakeFiles/robot_interfaces__rosidl_generator_py.dir/rosidl_generator_py/robot_interfaces/srv/_set_indicator_s.c.o
[12.745s] [ 89%] Building C object CMakeFiles/robot_interfaces__rosidl_generator_py.dir/rosidl_generator_py/robot_interfaces/action/_pick_sequence_s.c.o
[12.745s] [ 89%] Building C object CMakeFiles/robot_interfaces__rosidl_generator_py.dir/rosidl_generator_py/robot_interfaces/msg/_joint_command_s.c.o
[12.871s] [ 92%] Linking C shared library librobot_interfaces__rosidl_generator_py.so
[12.995s] [ 92%] Built target robot_interfaces__rosidl_generator_py
[13.010s] [ 96%] Building C object CMakeFiles/robot_interfaces_s__rosidl_typesupport_fastrtps_c.dir/rosidl_generator_py/robot_interfaces/_robot_interfaces_s.ep.rosidl_typesupport_fastrtps_c.c.o
[13.010s] [ 96%] Building C object CMakeFiles/robot_interfaces_s__rosidl_typesupport_introspection_c.dir/rosidl_generator_py/robot_interfaces/_robot_interfaces_s.ep.rosidl_typesupport_introspection_c.c.o
[13.011s] [ 96%] Building C object CMakeFiles/robot_interfaces_s__rosidl_typesupport_c.dir/rosidl_generator_py/robot_interfaces/_robot_interfaces_s.ep.rosidl_typesupport_c.c.o
[13.099s] [ 98%] Linking C shared module rosidl_generator_py/robot_interfaces/robot_interfaces_s__rosidl_typesupport_c.so
[13.099s] [ 98%] Linking C shared module rosidl_generator_py/robot_interfaces/robot_interfaces_s__rosidl_typesupport_introspection_c.so
[13.101s] [100%] Linking C shared module rosidl_generator_py/robot_interfaces/robot_interfaces_s__rosidl_typesupport_fastrtps_c.so
[13.177s] [100%] Built target robot_interfaces_s__rosidl_typesupport_c
[13.177s] [100%] Built target robot_interfaces_s__rosidl_typesupport_introspection_c
[13.203s] [100%] Built target robot_interfaces_s__rosidl_typesupport_fastrtps_c
[13.212s] Invoked command in '/tmp/agrobot-next-build-ybgPHn/build/robot_interfaces' returned '0': CMAKE_PREFIX_PATH=${CMAKE_PREFIX_PATH}:/opt/ros/jazzy /usr/bin/cmake --build /tmp/agrobot-next-build-ybgPHn/build/robot_interfaces -- -j16 -l16
[13.213s] Invoking command in '/tmp/agrobot-next-build-ybgPHn/build/robot_interfaces': CMAKE_PREFIX_PATH=${CMAKE_PREFIX_PATH}:/opt/ros/jazzy /usr/bin/cmake --install /tmp/agrobot-next-build-ybgPHn/build/robot_interfaces
[13.220s] -- Install configuration: ""
[13.221s] -- Installing: /tmp/agrobot-next-build-ybgPHn/install/robot_interfaces/share/ament_index/resource_index/rosidl_interfaces/robot_interfaces
[13.221s] -- Installing: /tmp/agrobot-next-build-ybgPHn/install/robot_interfaces/share/robot_interfaces/msg/JointCommand.json
[13.221s] -- Installing: /tmp/agrobot-next-build-ybgPHn/install/robot_interfaces/share/robot_interfaces/msg/PoseCommand.json
[13.221s] -- Installing: /tmp/agrobot-next-build-ybgPHn/install/robot_interfaces/share/robot_interfaces/msg/PositionCommand.json
[13.221s] -- Installing: /tmp/agrobot-next-build-ybgPHn/install/robot_interfaces/share/robot_interfaces/action/PickSequence.json
[13.222s] -- Installing: /tmp/agrobot-next-build-ybgPHn/install/robot_interfaces/share/robot_interfaces/srv/SetIndicator.json
[13.222s] -- Installing: /tmp/agrobot-next-build-ybgPHn/install/robot_interfaces/include/robot_interfaces/robot_interfaces
[13.222s] -- Installing: /tmp/agrobot-next-build-ybgPHn/install/robot_interfaces/include/robot_interfaces/robot_interfaces/srv
[13.223s] -- Installing: /tmp/agrobot-next-build-ybgPHn/install/robot_interfaces/include/robot_interfaces/robot_interfaces/srv/detail
[13.223s] -- Installing: /tmp/agrobot-next-build-ybgPHn/install/robot_interfaces/include/robot_interfaces/robot_interfaces/srv/detail/set_indicator__struct.h
[13.223s] -- Installing: /tmp/agrobot-next-build-ybgPHn/install/robot_interfaces/include/robot_interfaces/robot_interfaces/srv/detail/set_indicator__type_support.c
[13.223s] -- Installing: /tmp/agrobot-next-build-ybgPHn/install/robot_interfaces/include/robot_interfaces/robot_interfaces/srv/detail/set_indicator__description.c
[13.223s] -- Installing: /tmp/agrobot-next-build-ybgPHn/install/robot_interfaces/include/robot_interfaces/robot_interfaces/srv/detail/set_indicator__functions.h
[13.223s] -- Installing: /tmp/agrobot-next-build-ybgPHn/install/robot_interfaces/include/robot_interfaces/robot_interfaces/srv/detail/set_indicator__type_support.h
[13.223s] -- Installing: /tmp/agrobot-next-build-ybgPHn/install/robot_interfaces/include/robot_interfaces/robot_interfaces/srv/detail/set_indicator__functions.c
[13.224s] -- Installing: /tmp/agrobot-next-build-ybgPHn/install/robot_interfaces/include/robot_interfaces/robot_interfaces/srv/set_indicator.h
[13.224s] -- Installing: /tmp/agrobot-next-build-ybgPHn/install/robot_interfaces/include/robot_interfaces/robot_interfaces/action
[13.224s] -- Installing: /tmp/agrobot-next-build-ybgPHn/install/robot_interfaces/include/robot_interfaces/robot_interfaces/action/detail
[13.224s] -- Installing: /tmp/agrobot-next-build-ybgPHn/install/robot_interfaces/include/robot_interfaces/robot_interfaces/action/detail/pick_sequence__functions.c
[13.224s] -- Installing: /tmp/agrobot-next-build-ybgPHn/install/robot_interfaces/include/robot_interfaces/robot_interfaces/action/detail/pick_sequence__functions.h
[13.224s] -- Installing: /tmp/agrobot-next-build-ybgPHn/install/robot_interfaces/include/robot_interfaces/robot_interfaces/action/detail/pick_sequence__struct.h
[13.224s] -- Installing: /tmp/agrobot-next-build-ybgPHn/install/robot_interfaces/include/robot_interfaces/robot_interfaces/action/detail/pick_sequence__type_support.h
[13.225s] -- Installing: /tmp/agrobot-next-build-ybgPHn/install/robot_interfaces/include/robot_interfaces/robot_interfaces/action/detail/pick_sequence__description.c
[13.225s] -- Installing: /tmp/agrobot-next-build-ybgPHn/install/robot_interfaces/include/robot_interfaces/robot_interfaces/action/detail/pick_sequence__type_support.c
[13.225s] -- Installing: /tmp/agrobot-next-build-ybgPHn/install/robot_interfaces/include/robot_interfaces/robot_interfaces/action/pick_sequence.h
[13.225s] -- Installing: /tmp/agrobot-next-build-ybgPHn/install/robot_interfaces/include/robot_interfaces/robot_interfaces/msg
[13.225s] -- Installing: /tmp/agrobot-next-build-ybgPHn/install/robot_interfaces/include/robot_interfaces/robot_interfaces/msg/joint_command.h
[13.225s] -- Installing: /tmp/agrobot-next-build-ybgPHn/install/robot_interfaces/include/robot_interfaces/robot_interfaces/msg/rosidl_generator_c__visibility_control.h
[13.225s] -- Installing: /tmp/agrobot-next-build-ybgPHn/install/robot_interfaces/include/robot_interfaces/robot_interfaces/msg/detail
[13.225s] -- Installing: /tmp/agrobot-next-build-ybgPHn/install/robot_interfaces/include/robot_interfaces/robot_interfaces/msg/detail/pose_command__type_support.c
[13.225s] -- Installing: /tmp/agrobot-next-build-ybgPHn/install/robot_interfaces/include/robot_interfaces/robot_interfaces/msg/detail/joint_command__type_support.c
[13.225s] -- Installing: /tmp/agrobot-next-build-ybgPHn/install/robot_interfaces/include/robot_interfaces/robot_interfaces/msg/detail/joint_command__struct.h
[13.226s] -- Installing: /tmp/agrobot-next-build-ybgPHn/install/robot_interfaces/include/robot_interfaces/robot_interfaces/msg/detail/pose_command__functions.c
[13.226s] -- Installing: /tmp/agrobot-next-build-ybgPHn/install/robot_interfaces/include/robot_interfaces/robot_interfaces/msg/detail/joint_command__functions.h
[13.226s] -- Installing: /tmp/agrobot-next-build-ybgPHn/install/robot_interfaces/include/robot_interfaces/robot_interfaces/msg/detail/joint_command__type_support.h
[13.226s] -- Installing: /tmp/agrobot-next-build-ybgPHn/install/robot_interfaces/include/robot_interfaces/robot_interfaces/msg/detail/pose_command__type_support.h
[13.226s] -- Installing: /tmp/agrobot-next-build-ybgPHn/install/robot_interfaces/include/robot_interfaces/robot_interfaces/msg/detail/position_command__functions.h
[13.227s] -- Installing: /tmp/agrobot-next-build-ybgPHn/install/robot_interfaces/include/robot_interfaces/robot_interfaces/msg/detail/pose_command__description.c
[13.227s] -- Installing: /tmp/agrobot-next-build-ybgPHn/install/robot_interfaces/include/robot_interfaces/robot_interfaces/msg/detail/position_command__type_support.h
[13.227s] -- Installing: /tmp/agrobot-next-build-ybgPHn/install/robot_interfaces/include/robot_interfaces/robot_interfaces/msg/detail/pose_command__functions.h
[13.227s] -- Installing: /tmp/agrobot-next-build-ybgPHn/install/robot_interfaces/include/robot_interfaces/robot_interfaces/msg/detail/joint_command__description.c
[13.227s] -- Installing: /tmp/agrobot-next-build-ybgPHn/install/robot_interfaces/include/robot_interfaces/robot_interfaces/msg/detail/pose_command__struct.h
[13.227s] -- Installing: /tmp/agrobot-next-build-ybgPHn/install/robot_interfaces/include/robot_interfaces/robot_interfaces/msg/detail/position_command__description.c
[13.228s] -- Installing: /tmp/agrobot-next-build-ybgPHn/install/robot_interfaces/include/robot_interfaces/robot_interfaces/msg/detail/position_command__struct.h
[13.228s] -- Installing: /tmp/agrobot-next-build-ybgPHn/install/robot_interfaces/include/robot_interfaces/robot_interfaces/msg/detail/joint_command__functions.c
[13.228s] -- Installing: /tmp/agrobot-next-build-ybgPHn/install/robot_interfaces/include/robot_interfaces/robot_interfaces/msg/detail/position_command__functions.c
[13.228s] -- Installing: /tmp/agrobot-next-build-ybgPHn/install/robot_interfaces/include/robot_interfaces/robot_interfaces/msg/detail/position_command__type_support.c
[13.228s] -- Installing: /tmp/agrobot-next-build-ybgPHn/install/robot_interfaces/include/robot_interfaces/robot_interfaces/msg/pose_command.h
[13.228s] -- Installing: /tmp/agrobot-next-build-ybgPHn/install/robot_interfaces/include/robot_interfaces/robot_interfaces/msg/position_command.h
[13.228s] -- Installing: /tmp/agrobot-next-build-ybgPHn/install/robot_interfaces/share/robot_interfaces/environment/library_path.sh
[13.228s] -- Installing: /tmp/agrobot-next-build-ybgPHn/install/robot_interfaces/share/robot_interfaces/environment/library_path.dsv
[13.228s] -- Installing: /tmp/agrobot-next-build-ybgPHn/install/robot_interfaces/lib/librobot_interfaces__rosidl_generator_c.so
[13.228s] -- Set non-toolchain portion of runtime path of "/tmp/agrobot-next-build-ybgPHn/install/robot_interfaces/lib/librobot_interfaces__rosidl_generator_c.so" to ""
[13.228s] -- Up-to-date: /tmp/agrobot-next-build-ybgPHn/install/robot_interfaces/include/robot_interfaces/robot_interfaces
[13.229s] -- Up-to-date: /tmp/agrobot-next-build-ybgPHn/install/robot_interfaces/include/robot_interfaces/robot_interfaces/srv
[13.229s] -- Up-to-date: /tmp/agrobot-next-build-ybgPHn/install/robot_interfaces/include/robot_interfaces/robot_interfaces/srv/detail
[13.229s] -- Installing: /tmp/agrobot-next-build-ybgPHn/install/robot_interfaces/include/robot_interfaces/robot_interfaces/srv/detail/set_indicator__rosidl_typesupport_fastrtps_c.h
[13.229s] -- Up-to-date: /tmp/agrobot-next-build-ybgPHn/install/robot_interfaces/include/robot_interfaces/robot_interfaces/action
[13.229s] -- Up-to-date: /tmp/agrobot-next-build-ybgPHn/install/robot_interfaces/include/robot_interfaces/robot_interfaces/action/detail
[13.230s] -- Installing: /tmp/agrobot-next-build-ybgPHn/install/robot_interfaces/include/robot_interfaces/robot_interfaces/action/detail/pick_sequence__rosidl_typesupport_fastrtps_c.h
[13.230s] -- Up-to-date: /tmp/agrobot-next-build-ybgPHn/install/robot_interfaces/include/robot_interfaces/robot_interfaces/msg
[13.230s] -- Up-to-date: /tmp/agrobot-next-build-ybgPHn/install/robot_interfaces/include/robot_interfaces/robot_interfaces/msg/detail
[13.230s] -- Installing: /tmp/agrobot-next-build-ybgPHn/install/robot_interfaces/include/robot_interfaces/robot_interfaces/msg/detail/pose_command__rosidl_typesupport_fastrtps_c.h
[13.230s] -- Installing: /tmp/agrobot-next-build-ybgPHn/install/robot_interfaces/include/robot_interfaces/robot_interfaces/msg/detail/position_command__rosidl_typesupport_fastrtps_c.h
[13.230s] -- Installing: /tmp/agrobot-next-build-ybgPHn/install/robot_interfaces/include/robot_interfaces/robot_interfaces/msg/detail/joint_command__rosidl_typesupport_fastrtps_c.h
[13.230s] -- Installing: /tmp/agrobot-next-build-ybgPHn/install/robot_interfaces/include/robot_interfaces/robot_interfaces/msg/rosidl_typesupport_fastrtps_c__visibility_control.h
[13.230s] -- Installing: /tmp/agrobot-next-build-ybgPHn/install/robot_interfaces/lib/librobot_interfaces__rosidl_typesupport_fastrtps_c.so
[13.231s] -- Set non-toolchain portion of runtime path of "/tmp/agrobot-next-build-ybgPHn/install/robot_interfaces/lib/librobot_interfaces__rosidl_typesupport_fastrtps_c.so" to ""
[13.231s] -- Up-to-date: /tmp/agrobot-next-build-ybgPHn/install/robot_interfaces/include/robot_interfaces/robot_interfaces
[13.231s] -- Up-to-date: /tmp/agrobot-next-build-ybgPHn/install/robot_interfaces/include/robot_interfaces/robot_interfaces/srv
[13.231s] -- Installing: /tmp/agrobot-next-build-ybgPHn/install/robot_interfaces/include/robot_interfaces/robot_interfaces/srv/set_indicator.hpp
[13.231s] -- Up-to-date: /tmp/agrobot-next-build-ybgPHn/install/robot_interfaces/include/robot_interfaces/robot_interfaces/srv/detail
[13.231s] -- Installing: /tmp/agrobot-next-build-ybgPHn/install/robot_interfaces/include/robot_interfaces/robot_interfaces/srv/detail/set_indicator__struct.hpp
[13.231s] -- Installing: /tmp/agrobot-next-build-ybgPHn/install/robot_interfaces/include/robot_interfaces/robot_interfaces/srv/detail/set_indicator__traits.hpp
[13.231s] -- Installing: /tmp/agrobot-next-build-ybgPHn/install/robot_interfaces/include/robot_interfaces/robot_interfaces/srv/detail/set_indicator__type_support.hpp
[13.232s] -- Installing: /tmp/agrobot-next-build-ybgPHn/install/robot_interfaces/include/robot_interfaces/robot_interfaces/srv/detail/set_indicator__builder.hpp
[13.232s] -- Up-to-date: /tmp/agrobot-next-build-ybgPHn/install/robot_interfaces/include/robot_interfaces/robot_interfaces/action
[13.232s] -- Installing: /tmp/agrobot-next-build-ybgPHn/install/robot_interfaces/include/robot_interfaces/robot_interfaces/action/pick_sequence.hpp
[13.232s] -- Up-to-date: /tmp/agrobot-next-build-ybgPHn/install/robot_interfaces/include/robot_interfaces/robot_interfaces/action/detail
[13.232s] -- Installing: /tmp/agrobot-next-build-ybgPHn/install/robot_interfaces/include/robot_interfaces/robot_interfaces/action/detail/pick_sequence__type_support.hpp
[13.232s] -- Installing: /tmp/agrobot-next-build-ybgPHn/install/robot_interfaces/include/robot_interfaces/robot_interfaces/action/detail/pick_sequence__struct.hpp
[13.232s] -- Installing: /tmp/agrobot-next-build-ybgPHn/install/robot_interfaces/include/robot_interfaces/robot_interfaces/action/detail/pick_sequence__traits.hpp
[13.233s] -- Installing: /tmp/agrobot-next-build-ybgPHn/install/robot_interfaces/include/robot_interfaces/robot_interfaces/action/detail/pick_sequence__builder.hpp
[13.233s] -- Up-to-date: /tmp/agrobot-next-build-ybgPHn/install/robot_interfaces/include/robot_interfaces/robot_interfaces/msg
[13.233s] -- Up-to-date: /tmp/agrobot-next-build-ybgPHn/install/robot_interfaces/include/robot_interfaces/robot_interfaces/msg/detail
[13.233s] -- Installing: /tmp/agrobot-next-build-ybgPHn/install/robot_interfaces/include/robot_interfaces/robot_interfaces/msg/detail/joint_command__type_support.hpp
[13.233s] -- Installing: /tmp/agrobot-next-build-ybgPHn/install/robot_interfaces/include/robot_interfaces/robot_interfaces/msg/detail/position_command__builder.hpp
[13.233s] -- Installing: /tmp/agrobot-next-build-ybgPHn/install/robot_interfaces/include/robot_interfaces/robot_interfaces/msg/detail/pose_command__traits.hpp
[13.233s] -- Installing: /tmp/agrobot-next-build-ybgPHn/install/robot_interfaces/include/robot_interfaces/robot_interfaces/msg/detail/pose_command__builder.hpp
[13.233s] -- Installing: /tmp/agrobot-next-build-ybgPHn/install/robot_interfaces/include/robot_interfaces/robot_interfaces/msg/detail/position_command__traits.hpp
[13.233s] -- Installing: /tmp/agrobot-next-build-ybgPHn/install/robot_interfaces/include/robot_interfaces/robot_interfaces/msg/detail/position_command__struct.hpp
[13.233s] -- Installing: /tmp/agrobot-next-build-ybgPHn/install/robot_interfaces/include/robot_interfaces/robot_interfaces/msg/detail/joint_command__builder.hpp
[13.233s] -- Installing: /tmp/agrobot-next-build-ybgPHn/install/robot_interfaces/include/robot_interfaces/robot_interfaces/msg/detail/position_command__type_support.hpp
[13.233s] -- Installing: /tmp/agrobot-next-build-ybgPHn/install/robot_interfaces/include/robot_interfaces/robot_interfaces/msg/detail/pose_command__type_support.hpp
[13.233s] -- Installing: /tmp/agrobot-next-build-ybgPHn/install/robot_interfaces/include/robot_interfaces/robot_interfaces/msg/detail/joint_command__traits.hpp
[13.233s] -- Installing: /tmp/agrobot-next-build-ybgPHn/install/robot_interfaces/include/robot_interfaces/robot_interfaces/msg/detail/joint_command__struct.hpp
[13.233s] -- Installing: /tmp/agrobot-next-build-ybgPHn/install/robot_interfaces/include/robot_interfaces/robot_interfaces/msg/detail/pose_command__struct.hpp
[13.233s] -- Installing: /tmp/agrobot-next-build-ybgPHn/install/robot_interfaces/include/robot_interfaces/robot_interfaces/msg/rosidl_generator_cpp__visibility_control.hpp
[13.233s] -- Installing: /tmp/agrobot-next-build-ybgPHn/install/robot_interfaces/include/robot_interfaces/robot_interfaces/msg/position_command.hpp
[13.234s] -- Installing: /tmp/agrobot-next-build-ybgPHn/install/robot_interfaces/include/robot_interfaces/robot_interfaces/msg/joint_command.hpp
[13.234s] -- Installing: /tmp/agrobot-next-build-ybgPHn/install/robot_interfaces/include/robot_interfaces/robot_interfaces/msg/pose_command.hpp
[13.234s] -- Up-to-date: /tmp/agrobot-next-build-ybgPHn/install/robot_interfaces/include/robot_interfaces/robot_interfaces
[13.234s] -- Up-to-date: /tmp/agrobot-next-build-ybgPHn/install/robot_interfaces/include/robot_interfaces/robot_interfaces/srv
[13.234s] -- Up-to-date: /tmp/agrobot-next-build-ybgPHn/install/robot_interfaces/include/robot_interfaces/robot_interfaces/srv/detail
[13.234s] -- Installing: /tmp/agrobot-next-build-ybgPHn/install/robot_interfaces/include/robot_interfaces/robot_interfaces/srv/detail/dds_fastrtps
[13.234s] -- Installing: /tmp/agrobot-next-build-ybgPHn/install/robot_interfaces/include/robot_interfaces/robot_interfaces/srv/detail/set_indicator__rosidl_typesupport_fastrtps_cpp.hpp
[13.234s] -- Up-to-date: /tmp/agrobot-next-build-ybgPHn/install/robot_interfaces/include/robot_interfaces/robot_interfaces/action
[13.234s] -- Up-to-date: /tmp/agrobot-next-build-ybgPHn/install/robot_interfaces/include/robot_interfaces/robot_interfaces/action/detail
[13.235s] -- Installing: /tmp/agrobot-next-build-ybgPHn/install/robot_interfaces/include/robot_interfaces/robot_interfaces/action/detail/dds_fastrtps
[13.235s] -- Installing: /tmp/agrobot-next-build-ybgPHn/install/robot_interfaces/include/robot_interfaces/robot_interfaces/action/detail/pick_sequence__rosidl_typesupport_fastrtps_cpp.hpp
[13.235s] -- Up-to-date: /tmp/agrobot-next-build-ybgPHn/install/robot_interfaces/include/robot_interfaces/robot_interfaces/msg
[13.235s] -- Up-to-date: /tmp/agrobot-next-build-ybgPHn/install/robot_interfaces/include/robot_interfaces/robot_interfaces/msg/detail
[13.235s] -- Installing: /tmp/agrobot-next-build-ybgPHn/install/robot_interfaces/include/robot_interfaces/robot_interfaces/msg/detail/dds_fastrtps
[13.235s] -- Installing: /tmp/agrobot-next-build-ybgPHn/install/robot_interfaces/include/robot_interfaces/robot_interfaces/msg/detail/joint_command__rosidl_typesupport_fastrtps_cpp.hpp
[13.235s] -- Installing: /tmp/agrobot-next-build-ybgPHn/install/robot_interfaces/include/robot_interfaces/robot_interfaces/msg/detail/pose_command__rosidl_typesupport_fastrtps_cpp.hpp
[13.235s] -- Installing: /tmp/agrobot-next-build-ybgPHn/install/robot_interfaces/include/robot_interfaces/robot_interfaces/msg/detail/position_command__rosidl_typesupport_fastrtps_cpp.hpp
[13.235s] -- Installing: /tmp/agrobot-next-build-ybgPHn/install/robot_interfaces/include/robot_interfaces/robot_interfaces/msg/rosidl_typesupport_fastrtps_cpp__visibility_control.h
[13.235s] -- Installing: /tmp/agrobot-next-build-ybgPHn/install/robot_interfaces/lib/librobot_interfaces__rosidl_typesupport_fastrtps_cpp.so
[13.235s] -- Set non-toolchain portion of runtime path of "/tmp/agrobot-next-build-ybgPHn/install/robot_interfaces/lib/librobot_interfaces__rosidl_typesupport_fastrtps_cpp.so" to ""
[13.235s] -- Up-to-date: /tmp/agrobot-next-build-ybgPHn/install/robot_interfaces/include/robot_interfaces/robot_interfaces
[13.236s] -- Up-to-date: /tmp/agrobot-next-build-ybgPHn/install/robot_interfaces/include/robot_interfaces/robot_interfaces/srv
[13.236s] -- Up-to-date: /tmp/agrobot-next-build-ybgPHn/install/robot_interfaces/include/robot_interfaces/robot_interfaces/srv/detail
[13.236s] -- Installing: /tmp/agrobot-next-build-ybgPHn/install/robot_interfaces/include/robot_interfaces/robot_interfaces/srv/detail/set_indicator__rosidl_typesupport_introspection_c.h
[13.236s] -- Installing: /tmp/agrobot-next-build-ybgPHn/install/robot_interfaces/include/robot_interfaces/robot_interfaces/srv/detail/set_indicator__type_support.c
[13.236s] -- Up-to-date: /tmp/agrobot-next-build-ybgPHn/install/robot_interfaces/include/robot_interfaces/robot_interfaces/action
[13.236s] -- Up-to-date: /tmp/agrobot-next-build-ybgPHn/install/robot_interfaces/include/robot_interfaces/robot_interfaces/action/detail
[13.236s] -- Installing: /tmp/agrobot-next-build-ybgPHn/install/robot_interfaces/include/robot_interfaces/robot_interfaces/action/detail/pick_sequence__rosidl_typesupport_introspection_c.h
[13.236s] -- Installing: /tmp/agrobot-next-build-ybgPHn/install/robot_interfaces/include/robot_interfaces/robot_interfaces/action/detail/pick_sequence__type_support.c
[13.236s] -- Up-to-date: /tmp/agrobot-next-build-ybgPHn/install/robot_interfaces/include/robot_interfaces/robot_interfaces/msg
[13.236s] -- Installing: /tmp/agrobot-next-build-ybgPHn/install/robot_interfaces/include/robot_interfaces/robot_interfaces/msg/rosidl_typesupport_introspection_c__visibility_control.h
[13.236s] -- Up-to-date: /tmp/agrobot-next-build-ybgPHn/install/robot_interfaces/include/robot_interfaces/robot_interfaces/msg/detail
[13.236s] -- Installing: /tmp/agrobot-next-build-ybgPHn/install/robot_interfaces/include/robot_interfaces/robot_interfaces/msg/detail/pose_command__type_support.c
[13.236s] -- Installing: /tmp/agrobot-next-build-ybgPHn/install/robot_interfaces/include/robot_interfaces/robot_interfaces/msg/detail/joint_command__type_support.c
[13.236s] -- Installing: /tmp/agrobot-next-build-ybgPHn/install/robot_interfaces/include/robot_interfaces/robot_interfaces/msg/detail/pose_command__rosidl_typesupport_introspection_c.h
[13.236s] -- Installing: /tmp/agrobot-next-build-ybgPHn/install/robot_interfaces/include/robot_interfaces/robot_interfaces/msg/detail/joint_command__rosidl_typesupport_introspection_c.h
[13.237s] -- Installing: /tmp/agrobot-next-build-ybgPHn/install/robot_interfaces/include/robot_interfaces/robot_interfaces/msg/detail/position_command__rosidl_typesupport_introspection_c.h
[13.237s] -- Installing: /tmp/agrobot-next-build-ybgPHn/install/robot_interfaces/include/robot_interfaces/robot_interfaces/msg/detail/position_command__type_support.c
[13.237s] -- Installing: /tmp/agrobot-next-build-ybgPHn/install/robot_interfaces/lib/librobot_interfaces__rosidl_typesupport_introspection_c.so
[13.237s] -- Set non-toolchain portion of runtime path of "/tmp/agrobot-next-build-ybgPHn/install/robot_interfaces/lib/librobot_interfaces__rosidl_typesupport_introspection_c.so" to ""
[13.237s] -- Installing: /tmp/agrobot-next-build-ybgPHn/install/robot_interfaces/lib/librobot_interfaces__rosidl_typesupport_c.so
[13.238s] -- Set non-toolchain portion of runtime path of "/tmp/agrobot-next-build-ybgPHn/install/robot_interfaces/lib/librobot_interfaces__rosidl_typesupport_c.so" to ""
[13.238s] -- Up-to-date: /tmp/agrobot-next-build-ybgPHn/install/robot_interfaces/include/robot_interfaces/robot_interfaces
[13.238s] -- Up-to-date: /tmp/agrobot-next-build-ybgPHn/install/robot_interfaces/include/robot_interfaces/robot_interfaces/srv
[13.238s] -- Up-to-date: /tmp/agrobot-next-build-ybgPHn/install/robot_interfaces/include/robot_interfaces/robot_interfaces/srv/detail
[13.238s] -- Installing: /tmp/agrobot-next-build-ybgPHn/install/robot_interfaces/include/robot_interfaces/robot_interfaces/srv/detail/set_indicator__rosidl_typesupport_introspection_cpp.hpp
[13.238s] -- Installing: /tmp/agrobot-next-build-ybgPHn/install/robot_interfaces/include/robot_interfaces/robot_interfaces/srv/detail/set_indicator__type_support.cpp
[13.238s] -- Up-to-date: /tmp/agrobot-next-build-ybgPHn/install/robot_interfaces/include/robot_interfaces/robot_interfaces/action
[13.238s] -- Up-to-date: /tmp/agrobot-next-build-ybgPHn/install/robot_interfaces/include/robot_interfaces/robot_interfaces/action/detail
[13.238s] -- Installing: /tmp/agrobot-next-build-ybgPHn/install/robot_interfaces/include/robot_interfaces/robot_interfaces/action/detail/pick_sequence__type_support.cpp
[13.238s] -- Installing: /tmp/agrobot-next-build-ybgPHn/install/robot_interfaces/include/robot_interfaces/robot_interfaces/action/detail/pick_sequence__rosidl_typesupport_introspection_cpp.hpp
[13.239s] -- Up-to-date: /tmp/agrobot-next-build-ybgPHn/install/robot_interfaces/include/robot_interfaces/robot_interfaces/msg
[13.239s] -- Up-to-date: /tmp/agrobot-next-build-ybgPHn/install/robot_interfaces/include/robot_interfaces/robot_interfaces/msg/detail
[13.239s] -- Installing: /tmp/agrobot-next-build-ybgPHn/install/robot_interfaces/include/robot_interfaces/robot_interfaces/msg/detail/pose_command__rosidl_typesupport_introspection_cpp.hpp
[13.239s] -- Installing: /tmp/agrobot-next-build-ybgPHn/install/robot_interfaces/include/robot_interfaces/robot_interfaces/msg/detail/position_command__type_support.cpp
[13.239s] -- Installing: /tmp/agrobot-next-build-ybgPHn/install/robot_interfaces/include/robot_interfaces/robot_interfaces/msg/detail/joint_command__rosidl_typesupport_introspection_cpp.hpp
[13.239s] -- Installing: /tmp/agrobot-next-build-ybgPHn/install/robot_interfaces/include/robot_interfaces/robot_interfaces/msg/detail/position_command__rosidl_typesupport_introspection_cpp.hpp
[13.239s] -- Installing: /tmp/agrobot-next-build-ybgPHn/install/robot_interfaces/include/robot_interfaces/robot_interfaces/msg/detail/joint_command__type_support.cpp
[13.239s] -- Installing: /tmp/agrobot-next-build-ybgPHn/install/robot_interfaces/include/robot_interfaces/robot_interfaces/msg/detail/pose_command__type_support.cpp
[13.239s] -- Installing: /tmp/agrobot-next-build-ybgPHn/install/robot_interfaces/lib/librobot_interfaces__rosidl_typesupport_introspection_cpp.so
[13.239s] -- Set non-toolchain portion of runtime path of "/tmp/agrobot-next-build-ybgPHn/install/robot_interfaces/lib/librobot_interfaces__rosidl_typesupport_introspection_cpp.so" to ""
[13.239s] -- Installing: /tmp/agrobot-next-build-ybgPHn/install/robot_interfaces/lib/librobot_interfaces__rosidl_typesupport_cpp.so
[13.240s] -- Set non-toolchain portion of runtime path of "/tmp/agrobot-next-build-ybgPHn/install/robot_interfaces/lib/librobot_interfaces__rosidl_typesupport_cpp.so" to ""
[13.240s] -- Installing: /tmp/agrobot-next-build-ybgPHn/install/robot_interfaces/share/robot_interfaces/environment/pythonpath.sh
[13.240s] -- Installing: /tmp/agrobot-next-build-ybgPHn/install/robot_interfaces/share/robot_interfaces/environment/pythonpath.dsv
[13.240s] -- Installing: /tmp/agrobot-next-build-ybgPHn/install/robot_interfaces/lib/python3.12/site-packages/robot_interfaces-0.0.0-py3.12.egg-info
[13.240s] -- Installing: /tmp/agrobot-next-build-ybgPHn/install/robot_interfaces/lib/python3.12/site-packages/robot_interfaces-0.0.0-py3.12.egg-info/PKG-INFO
[13.240s] -- Installing: /tmp/agrobot-next-build-ybgPHn/install/robot_interfaces/lib/python3.12/site-packages/robot_interfaces-0.0.0-py3.12.egg-info/dependency_links.txt
[13.240s] -- Installing: /tmp/agrobot-next-build-ybgPHn/install/robot_interfaces/lib/python3.12/site-packages/robot_interfaces-0.0.0-py3.12.egg-info/top_level.txt
[13.240s] -- Installing: /tmp/agrobot-next-build-ybgPHn/install/robot_interfaces/lib/python3.12/site-packages/robot_interfaces-0.0.0-py3.12.egg-info/SOURCES.txt
[13.240s] -- Installing: /tmp/agrobot-next-build-ybgPHn/install/robot_interfaces/lib/python3.12/site-packages/robot_interfaces
[13.240s] -- Installing: /tmp/agrobot-next-build-ybgPHn/install/robot_interfaces/lib/python3.12/site-packages/robot_interfaces/_robot_interfaces_s.ep.rosidl_typesupport_fastrtps_c.c
[13.240s] -- Installing: /tmp/agrobot-next-build-ybgPHn/install/robot_interfaces/lib/python3.12/site-packages/robot_interfaces/robot_interfaces_s__rosidl_typesupport_c.so
[13.240s] -- Installing: /tmp/agrobot-next-build-ybgPHn/install/robot_interfaces/lib/python3.12/site-packages/robot_interfaces/robot_interfaces_s__rosidl_typesupport_fastrtps_c.so
[13.240s] -- Installing: /tmp/agrobot-next-build-ybgPHn/install/robot_interfaces/lib/python3.12/site-packages/robot_interfaces/_robot_interfaces_s.ep.rosidl_typesupport_c.c
[13.240s] -- Installing: /tmp/agrobot-next-build-ybgPHn/install/robot_interfaces/lib/python3.12/site-packages/robot_interfaces/srv
[13.240s] -- Installing: /tmp/agrobot-next-build-ybgPHn/install/robot_interfaces/lib/python3.12/site-packages/robot_interfaces/srv/_set_indicator_s.c
[13.240s] -- Installing: /tmp/agrobot-next-build-ybgPHn/install/robot_interfaces/lib/python3.12/site-packages/robot_interfaces/srv/__init__.py
[13.240s] -- Installing: /tmp/agrobot-next-build-ybgPHn/install/robot_interfaces/lib/python3.12/site-packages/robot_interfaces/srv/_set_indicator.py
[13.240s] -- Installing: /tmp/agrobot-next-build-ybgPHn/install/robot_interfaces/lib/python3.12/site-packages/robot_interfaces/action
[13.240s] -- Installing: /tmp/agrobot-next-build-ybgPHn/install/robot_interfaces/lib/python3.12/site-packages/robot_interfaces/action/__init__.py
[13.240s] -- Installing: /tmp/agrobot-next-build-ybgPHn/install/robot_interfaces/lib/python3.12/site-packages/robot_interfaces/action/_pick_sequence_s.c
[13.240s] -- Installing: /tmp/agrobot-next-build-ybgPHn/install/robot_interfaces/lib/python3.12/site-packages/robot_interfaces/action/_pick_sequence.py
[13.240s] -- Installing: /tmp/agrobot-next-build-ybgPHn/install/robot_interfaces/lib/python3.12/site-packages/robot_interfaces/__init__.py
[13.240s] -- Installing: /tmp/agrobot-next-build-ybgPHn/install/robot_interfaces/lib/python3.12/site-packages/robot_interfaces/_robot_interfaces_s.ep.rosidl_typesupport_introspection_c.c
[13.241s] -- Installing: /tmp/agrobot-next-build-ybgPHn/install/robot_interfaces/lib/python3.12/site-packages/robot_interfaces/robot_interfaces_s__rosidl_typesupport_introspection_c.so
[13.241s] -- Installing: /tmp/agrobot-next-build-ybgPHn/install/robot_interfaces/lib/python3.12/site-packages/robot_interfaces/msg
[13.241s] -- Installing: /tmp/agrobot-next-build-ybgPHn/install/robot_interfaces/lib/python3.12/site-packages/robot_interfaces/msg/_position_command.py
[13.241s] -- Installing: /tmp/agrobot-next-build-ybgPHn/install/robot_interfaces/lib/python3.12/site-packages/robot_interfaces/msg/_joint_command_s.c
[13.241s] -- Installing: /tmp/agrobot-next-build-ybgPHn/install/robot_interfaces/lib/python3.12/site-packages/robot_interfaces/msg/__init__.py
[13.241s] -- Installing: /tmp/agrobot-next-build-ybgPHn/install/robot_interfaces/lib/python3.12/site-packages/robot_interfaces/msg/_pose_command.py
[13.241s] -- Installing: /tmp/agrobot-next-build-ybgPHn/install/robot_interfaces/lib/python3.12/site-packages/robot_interfaces/msg/_position_command_s.c
[13.241s] -- Installing: /tmp/agrobot-next-build-ybgPHn/install/robot_interfaces/lib/python3.12/site-packages/robot_interfaces/msg/_pose_command_s.c
[13.241s] -- Installing: /tmp/agrobot-next-build-ybgPHn/install/robot_interfaces/lib/python3.12/site-packages/robot_interfaces/msg/_joint_command.py
[13.277s] Listing '/tmp/agrobot-next-build-ybgPHn/install/robot_interfaces/lib/python3.12/site-packages/robot_interfaces'...
[13.277s] Compiling '/tmp/agrobot-next-build-ybgPHn/install/robot_interfaces/lib/python3.12/site-packages/robot_interfaces/__init__.py'...
[13.277s] Listing '/tmp/agrobot-next-build-ybgPHn/install/robot_interfaces/lib/python3.12/site-packages/robot_interfaces/action'...
[13.277s] Compiling '/tmp/agrobot-next-build-ybgPHn/install/robot_interfaces/lib/python3.12/site-packages/robot_interfaces/action/__init__.py'...
[13.277s] Compiling '/tmp/agrobot-next-build-ybgPHn/install/robot_interfaces/lib/python3.12/site-packages/robot_interfaces/action/_pick_sequence.py'...
[13.277s] Listing '/tmp/agrobot-next-build-ybgPHn/install/robot_interfaces/lib/python3.12/site-packages/robot_interfaces/msg'...
[13.277s] Compiling '/tmp/agrobot-next-build-ybgPHn/install/robot_interfaces/lib/python3.12/site-packages/robot_interfaces/msg/__init__.py'...
[13.277s] Compiling '/tmp/agrobot-next-build-ybgPHn/install/robot_interfaces/lib/python3.12/site-packages/robot_interfaces/msg/_joint_command.py'...
[13.278s] Compiling '/tmp/agrobot-next-build-ybgPHn/install/robot_interfaces/lib/python3.12/site-packages/robot_interfaces/msg/_pose_command.py'...
[13.278s] Compiling '/tmp/agrobot-next-build-ybgPHn/install/robot_interfaces/lib/python3.12/site-packages/robot_interfaces/msg/_position_command.py'...
[13.278s] Listing '/tmp/agrobot-next-build-ybgPHn/install/robot_interfaces/lib/python3.12/site-packages/robot_interfaces/srv'...
[13.278s] Compiling '/tmp/agrobot-next-build-ybgPHn/install/robot_interfaces/lib/python3.12/site-packages/robot_interfaces/srv/__init__.py'...
[13.278s] Compiling '/tmp/agrobot-next-build-ybgPHn/install/robot_interfaces/lib/python3.12/site-packages/robot_interfaces/srv/_set_indicator.py'...
[13.282s] -- Installing: /tmp/agrobot-next-build-ybgPHn/install/robot_interfaces/lib/python3.12/site-packages/robot_interfaces/robot_interfaces_s__rosidl_typesupport_fastrtps_c.so
[13.282s] -- Set non-toolchain portion of runtime path of "/tmp/agrobot-next-build-ybgPHn/install/robot_interfaces/lib/python3.12/site-packages/robot_interfaces/robot_interfaces_s__rosidl_typesupport_fastrtps_c.so" to ""
[13.282s] -- Installing: /tmp/agrobot-next-build-ybgPHn/install/robot_interfaces/lib/python3.12/site-packages/robot_interfaces/robot_interfaces_s__rosidl_typesupport_introspection_c.so
[13.282s] -- Set non-toolchain portion of runtime path of "/tmp/agrobot-next-build-ybgPHn/install/robot_interfaces/lib/python3.12/site-packages/robot_interfaces/robot_interfaces_s__rosidl_typesupport_introspection_c.so" to ""
[13.282s] -- Installing: /tmp/agrobot-next-build-ybgPHn/install/robot_interfaces/lib/python3.12/site-packages/robot_interfaces/robot_interfaces_s__rosidl_typesupport_c.so
[13.282s] -- Set non-toolchain portion of runtime path of "/tmp/agrobot-next-build-ybgPHn/install/robot_interfaces/lib/python3.12/site-packages/robot_interfaces/robot_interfaces_s__rosidl_typesupport_c.so" to ""
[13.282s] -- Installing: /tmp/agrobot-next-build-ybgPHn/install/robot_interfaces/lib/librobot_interfaces__rosidl_generator_py.so
[13.283s] -- Set non-toolchain portion of runtime path of "/tmp/agrobot-next-build-ybgPHn/install/robot_interfaces/lib/librobot_interfaces__rosidl_generator_py.so" to ""
[13.283s] -- Installing: /tmp/agrobot-next-build-ybgPHn/install/robot_interfaces/share/robot_interfaces/rust
[13.284s] -- Installing: /tmp/agrobot-next-build-ybgPHn/install/robot_interfaces/share/robot_interfaces/rust/build.rs
[13.284s] -- Installing: /tmp/agrobot-next-build-ybgPHn/install/robot_interfaces/share/robot_interfaces/rust/Cargo.toml
[13.285s] -- Installing: /tmp/agrobot-next-build-ybgPHn/install/robot_interfaces/share/robot_interfaces/rust/src
[13.285s] -- Installing: /tmp/agrobot-next-build-ybgPHn/install/robot_interfaces/share/robot_interfaces/rust/src/msg.rs
[13.285s] -- Installing: /tmp/agrobot-next-build-ybgPHn/install/robot_interfaces/share/robot_interfaces/rust/src/srv.rs
[13.285s] -- Installing: /tmp/agrobot-next-build-ybgPHn/install/robot_interfaces/share/robot_interfaces/rust/src/srv
[13.285s] -- Installing: /tmp/agrobot-next-build-ybgPHn/install/robot_interfaces/share/robot_interfaces/rust/src/srv/rmw.rs
[13.286s] -- Installing: /tmp/agrobot-next-build-ybgPHn/install/robot_interfaces/share/robot_interfaces/rust/src/action
[13.286s] -- Installing: /tmp/agrobot-next-build-ybgPHn/install/robot_interfaces/share/robot_interfaces/rust/src/action/rmw.rs
[13.286s] -- Installing: /tmp/agrobot-next-build-ybgPHn/install/robot_interfaces/share/robot_interfaces/rust/src/action.rs
[13.286s] -- Installing: /tmp/agrobot-next-build-ybgPHn/install/robot_interfaces/share/robot_interfaces/rust/src/msg
[13.286s] -- Installing: /tmp/agrobot-next-build-ybgPHn/install/robot_interfaces/share/robot_interfaces/rust/src/msg/rmw.rs
[13.286s] -- Installing: /tmp/agrobot-next-build-ybgPHn/install/robot_interfaces/share/robot_interfaces/rust/src/lib.rs
[13.286s] -- Installing: /tmp/agrobot-next-build-ybgPHn/install/robot_interfaces/share/robot_interfaces/msg/JointCommand.idl
[13.286s] -- Installing: /tmp/agrobot-next-build-ybgPHn/install/robot_interfaces/share/robot_interfaces/msg/PoseCommand.idl
[13.287s] -- Installing: /tmp/agrobot-next-build-ybgPHn/install/robot_interfaces/share/robot_interfaces/msg/PositionCommand.idl
[13.287s] -- Installing: /tmp/agrobot-next-build-ybgPHn/install/robot_interfaces/share/robot_interfaces/action/PickSequence.idl
[13.287s] -- Installing: /tmp/agrobot-next-build-ybgPHn/install/robot_interfaces/share/robot_interfaces/srv/SetIndicator.idl
[13.287s] -- Installing: /tmp/agrobot-next-build-ybgPHn/install/robot_interfaces/share/robot_interfaces/msg/JointCommand.msg
[13.287s] -- Installing: /tmp/agrobot-next-build-ybgPHn/install/robot_interfaces/share/robot_interfaces/msg/PoseCommand.msg
[13.287s] -- Installing: /tmp/agrobot-next-build-ybgPHn/install/robot_interfaces/share/robot_interfaces/msg/PositionCommand.msg
[13.288s] -- Installing: /tmp/agrobot-next-build-ybgPHn/install/robot_interfaces/share/robot_interfaces/action/PickSequence.action
[13.288s] -- Installing: /tmp/agrobot-next-build-ybgPHn/install/robot_interfaces/share/robot_interfaces/srv/SetIndicator.srv
[13.288s] -- Installing: /tmp/agrobot-next-build-ybgPHn/install/robot_interfaces/share/ament_index/resource_index/package_run_dependencies/robot_interfaces
[13.288s] -- Installing: /tmp/agrobot-next-build-ybgPHn/install/robot_interfaces/share/ament_index/resource_index/parent_prefix_path/robot_interfaces
[13.288s] -- Installing: /tmp/agrobot-next-build-ybgPHn/install/robot_interfaces/share/robot_interfaces/environment/ament_prefix_path.sh
[13.288s] -- Installing: /tmp/agrobot-next-build-ybgPHn/install/robot_interfaces/share/robot_interfaces/environment/ament_prefix_path.dsv
[13.288s] -- Installing: /tmp/agrobot-next-build-ybgPHn/install/robot_interfaces/share/robot_interfaces/environment/path.sh
[13.288s] -- Installing: /tmp/agrobot-next-build-ybgPHn/install/robot_interfaces/share/robot_interfaces/environment/path.dsv
[13.288s] -- Installing: /tmp/agrobot-next-build-ybgPHn/install/robot_interfaces/share/robot_interfaces/local_setup.bash
[13.288s] -- Installing: /tmp/agrobot-next-build-ybgPHn/install/robot_interfaces/share/robot_interfaces/local_setup.sh
[13.288s] -- Installing: /tmp/agrobot-next-build-ybgPHn/install/robot_interfaces/share/robot_interfaces/local_setup.zsh
[13.288s] -- Installing: /tmp/agrobot-next-build-ybgPHn/install/robot_interfaces/share/robot_interfaces/local_setup.dsv
[13.288s] -- Installing: /tmp/agrobot-next-build-ybgPHn/install/robot_interfaces/share/robot_interfaces/package.dsv
[13.289s] -- Installing: /tmp/agrobot-next-build-ybgPHn/install/robot_interfaces/share/ament_index/resource_index/packages/robot_interfaces
[13.289s] -- Installing: /tmp/agrobot-next-build-ybgPHn/install/robot_interfaces/share/robot_interfaces/cmake/export_robot_interfaces__rosidl_generator_cExport.cmake
[13.289s] -- Installing: /tmp/agrobot-next-build-ybgPHn/install/robot_interfaces/share/robot_interfaces/cmake/export_robot_interfaces__rosidl_generator_cExport-noconfig.cmake
[13.289s] -- Installing: /tmp/agrobot-next-build-ybgPHn/install/robot_interfaces/share/robot_interfaces/cmake/export_robot_interfaces__rosidl_typesupport_fastrtps_cExport.cmake
[13.289s] -- Installing: /tmp/agrobot-next-build-ybgPHn/install/robot_interfaces/share/robot_interfaces/cmake/export_robot_interfaces__rosidl_typesupport_fastrtps_cExport-noconfig.cmake
[13.289s] -- Installing: /tmp/agrobot-next-build-ybgPHn/install/robot_interfaces/share/robot_interfaces/cmake/export_robot_interfaces__rosidl_generator_cppExport.cmake
[13.289s] -- Installing: /tmp/agrobot-next-build-ybgPHn/install/robot_interfaces/share/robot_interfaces/cmake/export_robot_interfaces__rosidl_typesupport_fastrtps_cppExport.cmake
[13.289s] -- Installing: /tmp/agrobot-next-build-ybgPHn/install/robot_interfaces/share/robot_interfaces/cmake/export_robot_interfaces__rosidl_typesupport_fastrtps_cppExport-noconfig.cmake
[13.289s] -- Installing: /tmp/agrobot-next-build-ybgPHn/install/robot_interfaces/share/robot_interfaces/cmake/robot_interfaces__rosidl_typesupport_introspection_cExport.cmake
[13.289s] -- Installing: /tmp/agrobot-next-build-ybgPHn/install/robot_interfaces/share/robot_interfaces/cmake/robot_interfaces__rosidl_typesupport_introspection_cExport-noconfig.cmake
[13.289s] -- Installing: /tmp/agrobot-next-build-ybgPHn/install/robot_interfaces/share/robot_interfaces/cmake/robot_interfaces__rosidl_typesupport_cExport.cmake
[13.290s] -- Installing: /tmp/agrobot-next-build-ybgPHn/install/robot_interfaces/share/robot_interfaces/cmake/robot_interfaces__rosidl_typesupport_cExport-noconfig.cmake
[13.290s] -- Installing: /tmp/agrobot-next-build-ybgPHn/install/robot_interfaces/share/robot_interfaces/cmake/robot_interfaces__rosidl_typesupport_introspection_cppExport.cmake
[13.290s] -- Installing: /tmp/agrobot-next-build-ybgPHn/install/robot_interfaces/share/robot_interfaces/cmake/robot_interfaces__rosidl_typesupport_introspection_cppExport-noconfig.cmake
[13.290s] -- Installing: /tmp/agrobot-next-build-ybgPHn/install/robot_interfaces/share/robot_interfaces/cmake/robot_interfaces__rosidl_typesupport_cppExport.cmake
[13.291s] -- Installing: /tmp/agrobot-next-build-ybgPHn/install/robot_interfaces/share/robot_interfaces/cmake/robot_interfaces__rosidl_typesupport_cppExport-noconfig.cmake
[13.291s] -- Installing: /tmp/agrobot-next-build-ybgPHn/install/robot_interfaces/share/robot_interfaces/cmake/export_robot_interfaces__rosidl_generator_pyExport.cmake
[13.291s] -- Installing: /tmp/agrobot-next-build-ybgPHn/install/robot_interfaces/share/robot_interfaces/cmake/export_robot_interfaces__rosidl_generator_pyExport-noconfig.cmake
[13.291s] -- Installing: /tmp/agrobot-next-build-ybgPHn/install/robot_interfaces/share/robot_interfaces/cmake/rosidl_cmake-extras.cmake
[13.291s] -- Installing: /tmp/agrobot-next-build-ybgPHn/install/robot_interfaces/share/robot_interfaces/cmake/ament_cmake_export_dependencies-extras.cmake
[13.292s] -- Installing: /tmp/agrobot-next-build-ybgPHn/install/robot_interfaces/share/robot_interfaces/cmake/ament_cmake_export_include_directories-extras.cmake
[13.292s] -- Installing: /tmp/agrobot-next-build-ybgPHn/install/robot_interfaces/share/robot_interfaces/cmake/ament_cmake_export_libraries-extras.cmake
[13.292s] -- Installing: /tmp/agrobot-next-build-ybgPHn/install/robot_interfaces/share/robot_interfaces/cmake/ament_cmake_export_targets-extras.cmake
[13.292s] -- Installing: /tmp/agrobot-next-build-ybgPHn/install/robot_interfaces/share/robot_interfaces/cmake/rosidl_cmake_export_typesupport_targets-extras.cmake
[13.292s] -- Installing: /tmp/agrobot-next-build-ybgPHn/install/robot_interfaces/share/robot_interfaces/cmake/rosidl_cmake_export_typesupport_libraries-extras.cmake
[13.292s] -- Installing: /tmp/agrobot-next-build-ybgPHn/install/robot_interfaces/share/robot_interfaces/cmake/rosidl_cmake_aggregate_target-extras.cmake
[13.292s] -- Installing: /tmp/agrobot-next-build-ybgPHn/install/robot_interfaces/share/robot_interfaces/cmake/robot_interfacesConfig.cmake
[13.292s] -- Installing: /tmp/agrobot-next-build-ybgPHn/install/robot_interfaces/share/robot_interfaces/cmake/robot_interfacesConfig-version.cmake
[13.292s] -- Installing: /tmp/agrobot-next-build-ybgPHn/install/robot_interfaces/share/robot_interfaces/package.xml
[13.292s] Invoked command in '/tmp/agrobot-next-build-ybgPHn/build/robot_interfaces' returned '0': CMAKE_PREFIX_PATH=${CMAKE_PREFIX_PATH}:/opt/ros/jazzy /usr/bin/cmake --install /tmp/agrobot-next-build-ybgPHn/build/robot_interfaces
