-- The C compiler identification is GNU 13.3.0
-- The CXX compiler identification is GNU 13.3.0
-- Detecting C compiler ABI info
-- Detecting C compiler ABI info - done
-- Check for working C compiler: /usr/bin/cc - skipped
-- Detecting C compile features
-- Detecting C compile features - done
-- Detecting CXX compiler ABI info
-- Detecting CXX compiler ABI info - done
-- Check for working CXX compiler: /usr/bin/c++ - skipped
-- Detecting CXX compile features
-- Detecting CXX compile features - done
-- Found ament_cmake: 2.5.6 (/opt/ros/jazzy/share/ament_cmake/cmake)
-- Found Python3: /usr/bin/python3 (found version "3.12.3") found components: Interpreter 
-- Configuring done (3.7s)
-- Generating done (0.0s)
-- Build files have been written to: /tmp/agrobot-next-build-ybgPHn/build/moveit_config
-- Install configuration: ""
-- Installing: /tmp/agrobot-next-build-ybgPHn/install/moveit_config/share/ament_index/resource_index/package_run_dependencies/moveit_config
-- Installing: /tmp/agrobot-next-build-ybgPHn/install/moveit_config/share/ament_index/resource_index/parent_prefix_path/moveit_config
-- Installing: /tmp/agrobot-next-build-ybgPHn/install/moveit_config/share/moveit_config/environment/ament_prefix_path.sh
-- Installing: /tmp/agrobot-next-build-ybgPHn/install/moveit_config/share/moveit_config/environment/ament_prefix_path.dsv
-- Installing: /tmp/agrobot-next-build-ybgPHn/install/moveit_config/share/moveit_config/environment/path.sh
-- Installing: /tmp/agrobot-next-build-ybgPHn/install/moveit_config/share/moveit_config/environment/path.dsv
-- Installing: /tmp/agrobot-next-build-ybgPHn/install/moveit_config/share/moveit_config/local_setup.bash
-- Installing: /tmp/agrobot-next-build-ybgPHn/install/moveit_config/share/moveit_config/local_setup.sh
-- Installing: /tmp/agrobot-next-build-ybgPHn/install/moveit_config/share/moveit_config/local_setup.zsh
-- Installing: /tmp/agrobot-next-build-ybgPHn/install/moveit_config/share/moveit_config/local_setup.dsv
-- Installing: /tmp/agrobot-next-build-ybgPHn/install/moveit_config/share/moveit_config/package.dsv
-- Installing: /tmp/agrobot-next-build-ybgPHn/install/moveit_config/share/ament_index/resource_index/packages/moveit_config
-- Installing: /tmp/agrobot-next-build-ybgPHn/install/moveit_config/share/moveit_config/cmake/moveit_configConfig.cmake
-- Installing: /tmp/agrobot-next-build-ybgPHn/install/moveit_config/share/moveit_config/cmake/moveit_configConfig-version.cmake
-- Installing: /tmp/agrobot-next-build-ybgPHn/install/moveit_config/share/moveit_config/package.xml
-- Installing: /tmp/agrobot-next-build-ybgPHn/install/moveit_config/share/moveit_config/launch
-- Installing: /tmp/agrobot-next-build-ybgPHn/install/moveit_config/share/moveit_config/launch/spawn_controllers.launch.py
-- Installing: /tmp/agrobot-next-build-ybgPHn/install/moveit_config/share/moveit_config/launch/moveit_rviz.launch.py
-- Installing: /tmp/agrobot-next-build-ybgPHn/install/moveit_config/share/moveit_config/launch/rsp.launch.py
-- Installing: /tmp/agrobot-next-build-ybgPHn/install/moveit_config/share/moveit_config/launch/warehouse_db.launch.py
-- Installing: /tmp/agrobot-next-build-ybgPHn/install/moveit_config/share/moveit_config/launch/static_virtual_joint_tfs.launch.py
-- Installing: /tmp/agrobot-next-build-ybgPHn/install/moveit_config/share/moveit_config/launch/demo.launch.py
-- Installing: /tmp/agrobot-next-build-ybgPHn/install/moveit_config/share/moveit_config/launch/move_group.launch.py
-- Installing: /tmp/agrobot-next-build-ybgPHn/install/moveit_config/share/moveit_config/launch/setup_assistant.launch.py
-- Installing: /tmp/agrobot-next-build-ybgPHn/install/moveit_config/share/moveit_config/config
-- Installing: /tmp/agrobot-next-build-ybgPHn/install/moveit_config/share/moveit_config/config/robot.urdf.xacro
-- Installing: /tmp/agrobot-next-build-ybgPHn/install/moveit_config/share/moveit_config/config/joint_limits.yaml.bak_joint0_limits_20260509_221213
-- Installing: /tmp/agrobot-next-build-ybgPHn/install/moveit_config/share/moveit_config/config/robot.srdf
-- Installing: /tmp/agrobot-next-build-ybgPHn/install/moveit_config/share/moveit_config/config/moveit_controllers.yaml.bak.1778687197
-- Installing: /tmp/agrobot-next-build-ybgPHn/install/moveit_config/share/moveit_config/config/moveit.rviz
-- Installing: /tmp/agrobot-next-build-ybgPHn/install/moveit_config/share/moveit_config/config/initial_positions.yaml
-- Installing: /tmp/agrobot-next-build-ybgPHn/install/moveit_config/share/moveit_config/config/moveit_controllers.yaml
-- Installing: /tmp/agrobot-next-build-ybgPHn/install/moveit_config/share/moveit_config/config/ros2_controllers.yaml
-- Installing: /tmp/agrobot-next-build-ybgPHn/install/moveit_config/share/moveit_config/config/robot.ros2_control.xacro
-- Installing: /tmp/agrobot-next-build-ybgPHn/install/moveit_config/share/moveit_config/config/kinematics.yaml
-- Installing: /tmp/agrobot-next-build-ybgPHn/install/moveit_config/share/moveit_config/config/pilz_cartesian_limits.yaml
-- Installing: /tmp/agrobot-next-build-ybgPHn/install/moveit_config/share/moveit_config/config/joint_limits.yaml
-- Installing: /tmp/agrobot-next-build-ybgPHn/install/moveit_config/share/moveit_config/.setup_assistant
