[1.024s] Invoking command in '/home/gsylvia/agrobot-reverse-engineering/Agrobot/src/epos2_bridge': AMENT_PREFIX_PATH=/home/gsylvia/agrobot-reverse-engineering/Agrobot/install/epos2_bridge_interfaces:/home/gsylvia/agrobot-reverse-engineering/Agrobot/install/canopen_interfaces:${AMENT_PREFIX_PATH} CMAKE_PREFIX_PATH=/home/gsylvia/agrobot-reverse-engineering/Agrobot/install/epos2_bridge_interfaces:/home/gsylvia/agrobot-reverse-engineering/Agrobot/install/canopen_interfaces:${CMAKE_PREFIX_PATH} LD_LIBRARY_PATH=/home/gsylvia/agrobot-reverse-engineering/Agrobot/install/epos2_bridge_interfaces/lib:/home/gsylvia/agrobot-reverse-engineering/Agrobot/install/canopen_interfaces/lib:${LD_LIBRARY_PATH} PYTHONPATH=/home/gsylvia/agrobot-reverse-engineering/Agrobot/build/epos2_bridge/prefix_override:/usr/lib/python3/dist-packages/colcon_core/task/python/colcon_distutils_commands:/home/gsylvia/agrobot-reverse-engineering/Agrobot/install/epos2_bridge/lib/python3.12/site-packages:/home/gsylvia/agrobot-reverse-engineering/Agrobot/install/epos2_bridge_interfaces/lib/python3.12/site-packages:/home/gsylvia/agrobot-reverse-engineering/Agrobot/install/canopen_interfaces/lib/python3.12/site-packages:${PYTHONPATH} /usr/bin/python3 -W ignore:setup.py install is deprecated -W ignore:easy_install command is deprecated setup.py egg_info --egg-base ../../build/epos2_bridge build --build-base /home/gsylvia/agrobot-reverse-engineering/Agrobot/build/epos2_bridge/build install --record /home/gsylvia/agrobot-reverse-engineering/Agrobot/build/epos2_bridge/install.log --install-scripts $base/lib/epos2_bridge --single-version-externally-managed install_data
[1.170s] running egg_info
[1.181s] writing ../../build/epos2_bridge/epos2_bridge.egg-info/PKG-INFO
[1.181s] writing dependency_links to ../../build/epos2_bridge/epos2_bridge.egg-info/dependency_links.txt
[1.181s] writing entry points to ../../build/epos2_bridge/epos2_bridge.egg-info/entry_points.txt
[1.182s] writing requirements to ../../build/epos2_bridge/epos2_bridge.egg-info/requires.txt
[1.182s] writing top-level names to ../../build/epos2_bridge/epos2_bridge.egg-info/top_level.txt
[1.205s] reading manifest file '../../build/epos2_bridge/epos2_bridge.egg-info/SOURCES.txt'
[1.206s] adding license file 'LICENSE'
[1.206s] writing manifest file '../../build/epos2_bridge/epos2_bridge.egg-info/SOURCES.txt'
[1.207s] running build
[1.207s] running build_py
[1.208s] running install
[1.212s] running install_lib
[1.224s] running install_data
[1.224s] running install_egg_info
[1.237s] removing '/home/gsylvia/agrobot-reverse-engineering/Agrobot/install/epos2_bridge/lib/python3.12/site-packages/epos2_bridge-0.0.1-py3.12.egg-info' (and everything under it)
[1.237s] Copying ../../build/epos2_bridge/epos2_bridge.egg-info to /home/gsylvia/agrobot-reverse-engineering/Agrobot/install/epos2_bridge/lib/python3.12/site-packages/epos2_bridge-0.0.1-py3.12.egg-info
[1.239s] running install_scripts
[1.307s] Installing epos2_arm_controller script to /home/gsylvia/agrobot-reverse-engineering/Agrobot/install/epos2_bridge/lib/epos2_bridge
[1.307s] Installing epos2_fjt_fanout script to /home/gsylvia/agrobot-reverse-engineering/Agrobot/install/epos2_bridge/lib/epos2_bridge
[1.307s] Installing epos2_j3_bridge script to /home/gsylvia/agrobot-reverse-engineering/Agrobot/install/epos2_bridge/lib/epos2_bridge
[1.308s] Installing epos2_joint_bridge script to /home/gsylvia/agrobot-reverse-engineering/Agrobot/install/epos2_bridge/lib/epos2_bridge
[1.308s] writing list of installed files to '/home/gsylvia/agrobot-reverse-engineering/Agrobot/build/epos2_bridge/install.log'
[1.327s] Invoked command in '/home/gsylvia/agrobot-reverse-engineering/Agrobot/src/epos2_bridge' returned '0': AMENT_PREFIX_PATH=/home/gsylvia/agrobot-reverse-engineering/Agrobot/install/epos2_bridge_interfaces:/home/gsylvia/agrobot-reverse-engineering/Agrobot/install/canopen_interfaces:${AMENT_PREFIX_PATH} CMAKE_PREFIX_PATH=/home/gsylvia/agrobot-reverse-engineering/Agrobot/install/epos2_bridge_interfaces:/home/gsylvia/agrobot-reverse-engineering/Agrobot/install/canopen_interfaces:${CMAKE_PREFIX_PATH} LD_LIBRARY_PATH=/home/gsylvia/agrobot-reverse-engineering/Agrobot/install/epos2_bridge_interfaces/lib:/home/gsylvia/agrobot-reverse-engineering/Agrobot/install/canopen_interfaces/lib:${LD_LIBRARY_PATH} PYTHONPATH=/home/gsylvia/agrobot-reverse-engineering/Agrobot/build/epos2_bridge/prefix_override:/usr/lib/python3/dist-packages/colcon_core/task/python/colcon_distutils_commands:/home/gsylvia/agrobot-reverse-engineering/Agrobot/install/epos2_bridge/lib/python3.12/site-packages:/home/gsylvia/agrobot-reverse-engineering/Agrobot/install/epos2_bridge_interfaces/lib/python3.12/site-packages:/home/gsylvia/agrobot-reverse-engineering/Agrobot/install/canopen_interfaces/lib/python3.12/site-packages:${PYTHONPATH} /usr/bin/python3 -W ignore:setup.py install is deprecated -W ignore:easy_install command is deprecated setup.py egg_info --egg-base ../../build/epos2_bridge build --build-base /home/gsylvia/agrobot-reverse-engineering/Agrobot/build/epos2_bridge/build install --record /home/gsylvia/agrobot-reverse-engineering/Agrobot/build/epos2_bridge/install.log --install-scripts $base/lib/epos2_bridge --single-version-externally-managed install_data
