[ 25%] Building CXX object CMakeFiles/canopen_ros2_control.dir/src/canopen_system.cpp.o
[ 50%] Building CXX object CMakeFiles/canopen_ros2_control.dir/src/cia402_system.cpp.o
[ 75%] Building CXX object CMakeFiles/canopen_ros2_control.dir/src/robot_system.cpp.o
In file included from /home/gsylvia/agrobot-reverse-engineering/Agrobot/src/ros2_canopen/canopen_ros2_control/src/canopen_system.cpp:24:
/home/gsylvia/agrobot-reverse-engineering/Agrobot/src/ros2_canopen/canopen_ros2_control/include/canopen_ros2_control/canopen_system.hpp: In member function ‘void canopen_ros2_control::Ros2ControlEmcyData::set_emcy(ros2_canopen::COEmcy)’:
/home/gsylvia/agrobot-reverse-engineering/Agrobot/src/ros2_canopen/canopen_ros2_control/include/canopen_ros2_control/canopen_system.hpp:264:16: warning: ‘void* memcpy(void*, const void*, size_t)’ reading 2 bytes from a region of size 1 [-Wstringop-overread]
  264 |     std::memcpy(&msef_data, &e.msef[4], sizeof(uint16_t));
      |     ~~~~~~~~~~~^~~~~~~~~~~~~~~~~~~~~~~~~~~~~~~~~~~~~~~~~~
/home/gsylvia/agrobot-reverse-engineering/Agrobot/src/ros2_canopen/canopen_ros2_control/include/canopen_ros2_control/canopen_system.hpp:243:38: note: at offset 7 into source object ‘e’ of size 8
  243 |   void set_emcy(ros2_canopen::COEmcy e)
      |                 ~~~~~~~~~~~~~~~~~~~~~^
[100%] Linking CXX shared library libcanopen_ros2_control.so
[100%] Built target canopen_ros2_control
-- Install configuration: ""
-- Up-to-date: /home/gsylvia/agrobot-reverse-engineering/Agrobot/install/canopen_ros2_control/share/canopen_ros2_control/canopen_ros2_control.xml
-- Installing: /home/gsylvia/agrobot-reverse-engineering/Agrobot/install/canopen_ros2_control/lib/libcanopen_ros2_control.so
-- Set non-toolchain portion of runtime path of "/home/gsylvia/agrobot-reverse-engineering/Agrobot/install/canopen_ros2_control/lib/libcanopen_ros2_control.so" to ""
-- Up-to-date: /home/gsylvia/agrobot-reverse-engineering/Agrobot/install/canopen_ros2_control/include
-- Up-to-date: /home/gsylvia/agrobot-reverse-engineering/Agrobot/install/canopen_ros2_control/include/canopen_ros2_control
-- Up-to-date: /home/gsylvia/agrobot-reverse-engineering/Agrobot/install/canopen_ros2_control/include/canopen_ros2_control/cia402_data.hpp
-- Up-to-date: /home/gsylvia/agrobot-reverse-engineering/Agrobot/install/canopen_ros2_control/include/canopen_ros2_control/cia402_system.hpp
-- Up-to-date: /home/gsylvia/agrobot-reverse-engineering/Agrobot/install/canopen_ros2_control/include/canopen_ros2_control/visibility_control.h
-- Up-to-date: /home/gsylvia/agrobot-reverse-engineering/Agrobot/install/canopen_ros2_control/include/canopen_ros2_control/helpers.hpp
-- Up-to-date: /home/gsylvia/agrobot-reverse-engineering/Agrobot/install/canopen_ros2_control/include/canopen_ros2_control/canopen_system.hpp
-- Up-to-date: /home/gsylvia/agrobot-reverse-engineering/Agrobot/install/canopen_ros2_control/include/canopen_ros2_control/robot_system.hpp
-- Up-to-date: /home/gsylvia/agrobot-reverse-engineering/Agrobot/install/canopen_ros2_control/share/canopen_ros2_control/environment/library_path.sh
-- Up-to-date: /home/gsylvia/agrobot-reverse-engineering/Agrobot/install/canopen_ros2_control/share/canopen_ros2_control/environment/library_path.dsv
-- Up-to-date: /home/gsylvia/agrobot-reverse-engineering/Agrobot/install/canopen_ros2_control/share/ament_index/resource_index/package_run_dependencies/canopen_ros2_control
-- Up-to-date: /home/gsylvia/agrobot-reverse-engineering/Agrobot/install/canopen_ros2_control/share/ament_index/resource_index/parent_prefix_path/canopen_ros2_control
-- Up-to-date: /home/gsylvia/agrobot-reverse-engineering/Agrobot/install/canopen_ros2_control/share/canopen_ros2_control/environment/ament_prefix_path.sh
-- Up-to-date: /home/gsylvia/agrobot-reverse-engineering/Agrobot/install/canopen_ros2_control/share/canopen_ros2_control/environment/ament_prefix_path.dsv
-- Up-to-date: /home/gsylvia/agrobot-reverse-engineering/Agrobot/install/canopen_ros2_control/share/canopen_ros2_control/environment/path.sh
-- Up-to-date: /home/gsylvia/agrobot-reverse-engineering/Agrobot/install/canopen_ros2_control/share/canopen_ros2_control/environment/path.dsv
-- Up-to-date: /home/gsylvia/agrobot-reverse-engineering/Agrobot/install/canopen_ros2_control/share/canopen_ros2_control/local_setup.bash
-- Up-to-date: /home/gsylvia/agrobot-reverse-engineering/Agrobot/install/canopen_ros2_control/share/canopen_ros2_control/local_setup.sh
-- Up-to-date: /home/gsylvia/agrobot-reverse-engineering/Agrobot/install/canopen_ros2_control/share/canopen_ros2_control/local_setup.zsh
-- Up-to-date: /home/gsylvia/agrobot-reverse-engineering/Agrobot/install/canopen_ros2_control/share/canopen_ros2_control/local_setup.dsv
-- Installing: /home/gsylvia/agrobot-reverse-engineering/Agrobot/install/canopen_ros2_control/share/canopen_ros2_control/package.dsv
-- Up-to-date: /home/gsylvia/agrobot-reverse-engineering/Agrobot/install/canopen_ros2_control/share/ament_index/resource_index/packages/canopen_ros2_control
-- Up-to-date: /home/gsylvia/agrobot-reverse-engineering/Agrobot/install/canopen_ros2_control/share/ament_index/resource_index/hardware_interface__pluginlib__plugin/canopen_ros2_control
-- Up-to-date: /home/gsylvia/agrobot-reverse-engineering/Agrobot/install/canopen_ros2_control/share/canopen_ros2_control/cmake/ament_cmake_export_include_directories-extras.cmake
-- Up-to-date: /home/gsylvia/agrobot-reverse-engineering/Agrobot/install/canopen_ros2_control/share/canopen_ros2_control/cmake/ament_cmake_export_libraries-extras.cmake
-- Up-to-date: /home/gsylvia/agrobot-reverse-engineering/Agrobot/install/canopen_ros2_control/share/canopen_ros2_control/cmake/ament_cmake_export_dependencies-extras.cmake
-- Up-to-date: /home/gsylvia/agrobot-reverse-engineering/Agrobot/install/canopen_ros2_control/share/canopen_ros2_control/cmake/canopen_ros2_controlConfig.cmake
-- Up-to-date: /home/gsylvia/agrobot-reverse-engineering/Agrobot/install/canopen_ros2_control/share/canopen_ros2_control/cmake/canopen_ros2_controlConfig-version.cmake
-- Up-to-date: /home/gsylvia/agrobot-reverse-engineering/Agrobot/install/canopen_ros2_control/share/canopen_ros2_control/package.xml
