-- Install configuration: ""
-- Up-to-date: /home/gsylvia/agrobot-reverse-engineering/Agrobot/install/robot_description/share/robot_description/launch
-- Up-to-date: /home/gsylvia/agrobot-reverse-engineering/Agrobot/install/robot_description/share/robot_description/launch/display.launch.xml
-- Up-to-date: /home/gsylvia/agrobot-reverse-engineering/Agrobot/install/robot_description/share/robot_description/rviz
-- Up-to-date: /home/gsylvia/agrobot-reverse-engineering/Agrobot/install/robot_description/share/robot_description/rviz/urdf_config.rviz
-- Up-to-date: /home/gsylvia/agrobot-reverse-engineering/Agrobot/install/robot_description/share/robot_description/urdf
-- Up-to-date: /home/gsylvia/agrobot-reverse-engineering/Agrobot/install/robot_description/share/robot_description/urdf/robot.urdf.xacro
-- Up-to-date: /home/gsylvia/agrobot-reverse-engineering/Agrobot/install/robot_description/share/robot_description/urdf/robot.xacro
-- Up-to-date: /home/gsylvia/agrobot-reverse-engineering/Agrobot/install/robot_description/share/robot_description/urdf/common_properties.xacro
-- Up-to-date: /home/gsylvia/agrobot-reverse-engineering/Agrobot/install/robot_description/share/robot_description/urdf/robot.ros2_control.xacro
-- Up-to-date: /home/gsylvia/agrobot-reverse-engineering/Agrobot/install/robot_description/share/robot_description/meshes
-- Up-to-date: /home/gsylvia/agrobot-reverse-engineering/Agrobot/install/robot_description/share/robot_description/meshes/Base Link Collision.stl
-- Up-to-date: /home/gsylvia/agrobot-reverse-engineering/Agrobot/install/robot_description/share/robot_description/meshes/Gripper fin.stl
-- Up-to-date: /home/gsylvia/agrobot-reverse-engineering/Agrobot/install/robot_description/share/robot_description/meshes/Link 4 Visual.stl
-- Up-to-date: /home/gsylvia/agrobot-reverse-engineering/Agrobot/install/robot_description/share/robot_description/meshes/Link 5 Collision.stl
-- Up-to-date: /home/gsylvia/agrobot-reverse-engineering/Agrobot/install/robot_description/share/robot_description/meshes/Base Link Visual.stl
-- Up-to-date: /home/gsylvia/agrobot-reverse-engineering/Agrobot/install/robot_description/share/robot_description/meshes/Link 3 Collision.stl
-- Up-to-date: /home/gsylvia/agrobot-reverse-engineering/Agrobot/install/robot_description/share/robot_description/meshes/Link 5 Visual.stl
-- Up-to-date: /home/gsylvia/agrobot-reverse-engineering/Agrobot/install/robot_description/share/robot_description/meshes/Link 2 Collision.stl
-- Up-to-date: /home/gsylvia/agrobot-reverse-engineering/Agrobot/install/robot_description/share/robot_description/meshes/Link 1 Collision.stl
-- Up-to-date: /home/gsylvia/agrobot-reverse-engineering/Agrobot/install/robot_description/share/robot_description/meshes/Link 1 Visual.stl
-- Up-to-date: /home/gsylvia/agrobot-reverse-engineering/Agrobot/install/robot_description/share/robot_description/meshes/End Effector Geometry.stl
-- Up-to-date: /home/gsylvia/agrobot-reverse-engineering/Agrobot/install/robot_description/share/robot_description/meshes/Link 3 Visual.stl
-- Up-to-date: /home/gsylvia/agrobot-reverse-engineering/Agrobot/install/robot_description/share/robot_description/meshes/Link 2 Visual.stl
-- Up-to-date: /home/gsylvia/agrobot-reverse-engineering/Agrobot/install/robot_description/share/robot_description/meshes/Link 4 Collision.stl
-- Up-to-date: /home/gsylvia/agrobot-reverse-engineering/Agrobot/install/robot_description/share/ament_index/resource_index/package_run_dependencies/robot_description
-- Up-to-date: /home/gsylvia/agrobot-reverse-engineering/Agrobot/install/robot_description/share/ament_index/resource_index/parent_prefix_path/robot_description
-- Up-to-date: /home/gsylvia/agrobot-reverse-engineering/Agrobot/install/robot_description/share/robot_description/environment/ament_prefix_path.sh
-- Up-to-date: /home/gsylvia/agrobot-reverse-engineering/Agrobot/install/robot_description/share/robot_description/environment/ament_prefix_path.dsv
-- Up-to-date: /home/gsylvia/agrobot-reverse-engineering/Agrobot/install/robot_description/share/robot_description/environment/path.sh
-- Up-to-date: /home/gsylvia/agrobot-reverse-engineering/Agrobot/install/robot_description/share/robot_description/environment/path.dsv
-- Up-to-date: /home/gsylvia/agrobot-reverse-engineering/Agrobot/install/robot_description/share/robot_description/local_setup.bash
-- Up-to-date: /home/gsylvia/agrobot-reverse-engineering/Agrobot/install/robot_description/share/robot_description/local_setup.sh
-- Up-to-date: /home/gsylvia/agrobot-reverse-engineering/Agrobot/install/robot_description/share/robot_description/local_setup.zsh
-- Up-to-date: /home/gsylvia/agrobot-reverse-engineering/Agrobot/install/robot_description/share/robot_description/local_setup.dsv
-- Installing: /home/gsylvia/agrobot-reverse-engineering/Agrobot/install/robot_description/share/robot_description/package.dsv
-- Up-to-date: /home/gsylvia/agrobot-reverse-engineering/Agrobot/install/robot_description/share/ament_index/resource_index/packages/robot_description
-- Up-to-date: /home/gsylvia/agrobot-reverse-engineering/Agrobot/install/robot_description/share/robot_description/cmake/robot_descriptionConfig.cmake
-- Up-to-date: /home/gsylvia/agrobot-reverse-engineering/Agrobot/install/robot_description/share/robot_description/cmake/robot_descriptionConfig-version.cmake
-- Up-to-date: /home/gsylvia/agrobot-reverse-engineering/Agrobot/install/robot_description/share/robot_description/package.xml
