[0.016s] Invoking command in '/home/gsylvia/agrobot-reverse-engineering/Agrobot/build/robot_description': CMAKE_PREFIX_PATH=${CMAKE_PREFIX_PATH}:/opt/ros/jazzy /usr/bin/cmake --build /home/gsylvia/agrobot-reverse-engineering/Agrobot/build/robot_description -- -j16 -l16
[0.058s] Invoked command in '/home/gsylvia/agrobot-reverse-engineering/Agrobot/build/robot_description' returned '0': CMAKE_PREFIX_PATH=${CMAKE_PREFIX_PATH}:/opt/ros/jazzy /usr/bin/cmake --build /home/gsylvia/agrobot-reverse-engineering/Agrobot/build/robot_description -- -j16 -l16
[0.067s] Invoking command in '/home/gsylvia/agrobot-reverse-engineering/Agrobot/build/robot_description': CMAKE_PREFIX_PATH=${CMAKE_PREFIX_PATH}:/opt/ros/jazzy /usr/bin/cmake --install /home/gsylvia/agrobot-reverse-engineering/Agrobot/build/robot_description
[0.075s] -- Install configuration: ""
[0.075s] -- Up-to-date: /home/gsylvia/agrobot-reverse-engineering/Agrobot/install/robot_description/share/robot_description/launch
[0.075s] -- Up-to-date: /home/gsylvia/agrobot-reverse-engineering/Agrobot/install/robot_description/share/robot_description/launch/display.launch.xml
[0.075s] -- Up-to-date: /home/gsylvia/agrobot-reverse-engineering/Agrobot/install/robot_description/share/robot_description/rviz
[0.076s] -- Up-to-date: /home/gsylvia/agrobot-reverse-engineering/Agrobot/install/robot_description/share/robot_description/rviz/urdf_config.rviz
[0.076s] -- Up-to-date: /home/gsylvia/agrobot-reverse-engineering/Agrobot/install/robot_description/share/robot_description/urdf
[0.076s] -- Up-to-date: /home/gsylvia/agrobot-reverse-engineering/Agrobot/install/robot_description/share/robot_description/urdf/robot.urdf.xacro
[0.076s] -- Up-to-date: /home/gsylvia/agrobot-reverse-engineering/Agrobot/install/robot_description/share/robot_description/urdf/robot.xacro
[0.076s] -- Up-to-date: /home/gsylvia/agrobot-reverse-engineering/Agrobot/install/robot_description/share/robot_description/urdf/common_properties.xacro
[0.076s] -- Up-to-date: /home/gsylvia/agrobot-reverse-engineering/Agrobot/install/robot_description/share/robot_description/urdf/robot.ros2_control.xacro
[0.076s] -- Up-to-date: /home/gsylvia/agrobot-reverse-engineering/Agrobot/install/robot_description/share/robot_description/meshes
[0.077s] -- Up-to-date: /home/gsylvia/agrobot-reverse-engineering/Agrobot/install/robot_description/share/robot_description/meshes/Base Link Collision.stl
[0.077s] -- Up-to-date: /home/gsylvia/agrobot-reverse-engineering/Agrobot/install/robot_description/share/robot_description/meshes/Gripper fin.stl
[0.077s] -- Up-to-date: /home/gsylvia/agrobot-reverse-engineering/Agrobot/install/robot_description/share/robot_description/meshes/Link 4 Visual.stl
[0.077s] -- Up-to-date: /home/gsylvia/agrobot-reverse-engineering/Agrobot/install/robot_description/share/robot_description/meshes/Link 5 Collision.stl
[0.077s] -- Up-to-date: /home/gsylvia/agrobot-reverse-engineering/Agrobot/install/robot_description/share/robot_description/meshes/Base Link Visual.stl
[0.077s] -- Up-to-date: /home/gsylvia/agrobot-reverse-engineering/Agrobot/install/robot_description/share/robot_description/meshes/Link 3 Collision.stl
[0.077s] -- Up-to-date: /home/gsylvia/agrobot-reverse-engineering/Agrobot/install/robot_description/share/robot_description/meshes/Link 5 Visual.stl
[0.077s] -- Up-to-date: /home/gsylvia/agrobot-reverse-engineering/Agrobot/install/robot_description/share/robot_description/meshes/Link 2 Collision.stl
[0.077s] -- Up-to-date: /home/gsylvia/agrobot-reverse-engineering/Agrobot/install/robot_description/share/robot_description/meshes/Link 1 Collision.stl
[0.077s] -- Up-to-date: /home/gsylvia/agrobot-reverse-engineering/Agrobot/install/robot_description/share/robot_description/meshes/Link 1 Visual.stl
[0.077s] -- Up-to-date: /home/gsylvia/agrobot-reverse-engineering/Agrobot/install/robot_description/share/robot_description/meshes/End Effector Geometry.stl
[0.077s] -- Up-to-date: /home/gsylvia/agrobot-reverse-engineering/Agrobot/install/robot_description/share/robot_description/meshes/Link 3 Visual.stl
[0.077s] -- Up-to-date: /home/gsylvia/agrobot-reverse-engineering/Agrobot/install/robot_description/share/robot_description/meshes/Link 2 Visual.stl
[0.078s] -- Up-to-date: /home/gsylvia/agrobot-reverse-engineering/Agrobot/install/robot_description/share/robot_description/meshes/Link 4 Collision.stl
[0.078s] -- Up-to-date: /home/gsylvia/agrobot-reverse-engineering/Agrobot/install/robot_description/share/ament_index/resource_index/package_run_dependencies/robot_description
[0.078s] -- Up-to-date: /home/gsylvia/agrobot-reverse-engineering/Agrobot/install/robot_description/share/ament_index/resource_index/parent_prefix_path/robot_description
[0.078s] -- Up-to-date: /home/gsylvia/agrobot-reverse-engineering/Agrobot/install/robot_description/share/robot_description/environment/ament_prefix_path.sh
[0.078s] -- Up-to-date: /home/gsylvia/agrobot-reverse-engineering/Agrobot/install/robot_description/share/robot_description/environment/ament_prefix_path.dsv
[0.078s] -- Up-to-date: /home/gsylvia/agrobot-reverse-engineering/Agrobot/install/robot_description/share/robot_description/environment/path.sh
[0.078s] -- Up-to-date: /home/gsylvia/agrobot-reverse-engineering/Agrobot/install/robot_description/share/robot_description/environment/path.dsv
[0.078s] -- Up-to-date: /home/gsylvia/agrobot-reverse-engineering/Agrobot/install/robot_description/share/robot_description/local_setup.bash
[0.078s] -- Up-to-date: /home/gsylvia/agrobot-reverse-engineering/Agrobot/install/robot_description/share/robot_description/local_setup.sh
[0.078s] -- Up-to-date: /home/gsylvia/agrobot-reverse-engineering/Agrobot/install/robot_description/share/robot_description/local_setup.zsh
[0.078s] -- Up-to-date: /home/gsylvia/agrobot-reverse-engineering/Agrobot/install/robot_description/share/robot_description/local_setup.dsv
[0.078s] -- Installing: /home/gsylvia/agrobot-reverse-engineering/Agrobot/install/robot_description/share/robot_description/package.dsv
[0.080s] -- Up-to-date: /home/gsylvia/agrobot-reverse-engineering/Agrobot/install/robot_description/share/ament_index/resource_index/packages/robot_description
[0.080s] -- Up-to-date: /home/gsylvia/agrobot-reverse-engineering/Agrobot/install/robot_description/share/robot_description/cmake/robot_descriptionConfig.cmake
[0.080s] -- Up-to-date: /home/gsylvia/agrobot-reverse-engineering/Agrobot/install/robot_description/share/robot_description/cmake/robot_descriptionConfig-version.cmake
[0.080s] -- Up-to-date: /home/gsylvia/agrobot-reverse-engineering/Agrobot/install/robot_description/share/robot_description/package.xml
[0.081s] Invoked command in '/home/gsylvia/agrobot-reverse-engineering/Agrobot/build/robot_description' returned '0': CMAKE_PREFIX_PATH=${CMAKE_PREFIX_PATH}:/opt/ros/jazzy /usr/bin/cmake --install /home/gsylvia/agrobot-reverse-engineering/Agrobot/build/robot_description
