-- The C compiler identification is GNU 13.3.0
-- The CXX compiler identification is GNU 13.3.0
-- Detecting C compiler ABI info
-- Detecting C compiler ABI info - done
-- Check for working C compiler: /usr/bin/cc - skipped
-- Detecting C compile features
-- Detecting C compile features - done
-- Detecting CXX compiler ABI info
-- Detecting CXX compiler ABI info - done
-- Check for working CXX compiler: /usr/bin/c++ - skipped
-- Detecting CXX compile features
-- Detecting CXX compile features - done
-- Found ament_cmake: 2.5.6 (/opt/ros/jazzy/share/ament_cmake/cmake)
-- Found Python3: /usr/bin/python3 (found version "3.12.3") found components: Interpreter 
-- Found ament_cmake_ros: 0.12.1 (/opt/ros/jazzy/share/ament_cmake_ros/cmake)
-- Found canopen_core: 0.3.1 (/tmp/agrobot-next-build-ybgPHn/install/canopen_core/share/canopen_core/cmake)
-- Found Boost: /usr/lib/x86_64-linux-gnu/cmake/Boost-1.83.0/BoostConfig.cmake (found version "1.83.0") found components: system thread 
-- Found rosidl_generator_c: 4.6.9 (/opt/ros/jazzy/share/rosidl_generator_c/cmake)
-- Found rosidl_generator_cpp: 4.6.9 (/opt/ros/jazzy/share/rosidl_generator_cpp/cmake)
-- Using all available rosidl_typesupport_c: rosidl_typesupport_fastrtps_c;rosidl_typesupport_introspection_c
-- Using all available rosidl_typesupport_cpp: rosidl_typesupport_fastrtps_cpp;rosidl_typesupport_introspection_cpp
-- Found rmw_implementation_cmake: 7.3.3 (/opt/ros/jazzy/share/rmw_implementation_cmake/cmake)
-- Found rmw_fastrtps_cpp: 8.4.4 (/opt/ros/jazzy/share/rmw_fastrtps_cpp/cmake)
-- Found OpenSSL: /usr/lib/x86_64-linux-gnu/libcrypto.so (found version "3.0.13")  
-- Found FastRTPS: /opt/ros/jazzy/include (Required is at least version "2.13") 
-- Using RMW implementation 'rmw_fastrtps_cpp' as default
-- Setting yaml-cpp_DIR to: '/opt/ros/jazzy/share/yaml_cpp_vendor/cmake/../../../opt/yaml_cpp_vendor/share/cmake/yaml-cpp'
-- Found std_msgs: 5.3.8 (/opt/ros/jazzy/share/std_msgs/cmake)
-- Found std_srvs: 5.3.8 (/opt/ros/jazzy/share/std_srvs/cmake)
-- Found diagnostic_updater: 4.2.7 (/opt/ros/jazzy/share/diagnostic_updater/cmake)
-- node_canopen_base_driver: /tmp/agrobot-next-build-ybgPHn/install/lely_core_libraries/lib/liblely-can.so;/tmp/agrobot-next-build-ybgPHn/install/lely_core_libraries/lib/liblely-co.so;/tmp/agrobot-next-build-ybgPHn/install/lely_core_libraries/lib/liblely-coapp.so;/tmp/agrobot-next-build-ybgPHn/install/lely_core_libraries/lib/liblely-ev.so;/tmp/agrobot-next-build-ybgPHn/install/lely_core_libraries/lib/liblely-io2.so;/tmp/agrobot-next-build-ybgPHn/install/lely_core_libraries/lib/liblely-libc.so;/tmp/agrobot-next-build-ybgPHn/install/lely_core_libraries/lib/liblely-tap.so;/tmp/agrobot-next-build-ybgPHn/install/lely_core_libraries/lib/liblely-util.so
-- Found gtest sources under '/opt/ros/jazzy/src/gtest_vendor': C++ tests using 'Google Test' will be built
-- Found Threads: TRUE  
-- Configuring done (2.9s)
-- Generating done (0.0s)
-- Build files have been written to: /tmp/agrobot-next-build-ybgPHn/build/canopen_base_driver
[ 12%] Building CXX object CMakeFiles/lely_driver_bridge.dir/src/lely_driver_bridge.cpp.o
[ 12%] Building CXX object gtest/CMakeFiles/gtest_main.dir/src/gtest_main.cc.o
[ 18%] Building CXX object gtest/CMakeFiles/gtest.dir/src/gtest-all.cc.o
[ 25%] Linking CXX static library libgtest_main.a
[ 25%] Built target gtest_main
[ 31%] Linking CXX static library libgtest.a
[ 31%] Built target gtest
[ 37%] Building CXX object test/CMakeFiles/test_base_driver_component.dir/test_base_driver_component.cpp.o
[ 43%] Linking CXX shared library liblely_driver_bridge.so
[ 43%] Built target lely_driver_bridge
[ 50%] Building CXX object CMakeFiles/node_canopen_base_driver.dir/src/node_interfaces/node_canopen_base_driver.cpp.o
[ 56%] Linking CXX executable test_base_driver_component
[ 56%] Built target test_base_driver_component
[ 62%] Linking CXX shared library libnode_canopen_base_driver.so
[ 62%] Built target node_canopen_base_driver
[ 68%] Building CXX object test/CMakeFiles/test_node_canopen_base_driver_ros.dir/test_node_canopen_base_driver_ros.cpp.o
[ 75%] Building CXX object CMakeFiles/lifecycle_base_driver.dir/src/lifecycle_base_driver.cpp.o
[ 81%] Building CXX object CMakeFiles/base_driver.dir/src/base_driver.cpp.o
[ 87%] Linking CXX executable test_node_canopen_base_driver_ros
[ 93%] Linking CXX shared library libbase_driver.so
[100%] Linking CXX shared library liblifecycle_base_driver.so
[100%] Built target test_node_canopen_base_driver_ros
[100%] Built target base_driver
[100%] Built target lifecycle_base_driver
-- Install configuration: ""
-- Installing: /tmp/agrobot-next-build-ybgPHn/install/canopen_base_driver/include
-- Installing: /tmp/agrobot-next-build-ybgPHn/install/canopen_base_driver/include/canopen_base_driver
-- Installing: /tmp/agrobot-next-build-ybgPHn/install/canopen_base_driver/include/canopen_base_driver/node_interfaces
-- Installing: /tmp/agrobot-next-build-ybgPHn/install/canopen_base_driver/include/canopen_base_driver/node_interfaces/node_canopen_base_driver.hpp
-- Installing: /tmp/agrobot-next-build-ybgPHn/install/canopen_base_driver/include/canopen_base_driver/node_interfaces/node_canopen_base_driver_impl.hpp
-- Installing: /tmp/agrobot-next-build-ybgPHn/install/canopen_base_driver/include/canopen_base_driver/lely_driver_bridge.hpp
-- Installing: /tmp/agrobot-next-build-ybgPHn/install/canopen_base_driver/include/canopen_base_driver/visibility_control.h
-- Installing: /tmp/agrobot-next-build-ybgPHn/install/canopen_base_driver/include/canopen_base_driver/lifecycle_base_driver.hpp
-- Installing: /tmp/agrobot-next-build-ybgPHn/install/canopen_base_driver/include/canopen_base_driver/diagnostic_collector.hpp
-- Installing: /tmp/agrobot-next-build-ybgPHn/install/canopen_base_driver/include/canopen_base_driver/base_driver.hpp
-- Installing: /tmp/agrobot-next-build-ybgPHn/install/canopen_base_driver/lib/liblifecycle_base_driver.so
-- Set non-toolchain portion of runtime path of "/tmp/agrobot-next-build-ybgPHn/install/canopen_base_driver/lib/liblifecycle_base_driver.so" to ""
-- Installing: /tmp/agrobot-next-build-ybgPHn/install/canopen_base_driver/lib/libbase_driver.so
-- Set non-toolchain portion of runtime path of "/tmp/agrobot-next-build-ybgPHn/install/canopen_base_driver/lib/libbase_driver.so" to ""
-- Installing: /tmp/agrobot-next-build-ybgPHn/install/canopen_base_driver/lib/libnode_canopen_base_driver.so
-- Set non-toolchain portion of runtime path of "/tmp/agrobot-next-build-ybgPHn/install/canopen_base_driver/lib/libnode_canopen_base_driver.so" to ""
-- Installing: /tmp/agrobot-next-build-ybgPHn/install/canopen_base_driver/lib/liblely_driver_bridge.so
-- Set non-toolchain portion of runtime path of "/tmp/agrobot-next-build-ybgPHn/install/canopen_base_driver/lib/liblely_driver_bridge.so" to ""
-- Installing: /tmp/agrobot-next-build-ybgPHn/install/canopen_base_driver/share/canopen_base_driver/environment/library_path.sh
-- Installing: /tmp/agrobot-next-build-ybgPHn/install/canopen_base_driver/share/canopen_base_driver/environment/library_path.dsv
-- Installing: /tmp/agrobot-next-build-ybgPHn/install/canopen_base_driver/share/ament_index/resource_index/package_run_dependencies/canopen_base_driver
-- Installing: /tmp/agrobot-next-build-ybgPHn/install/canopen_base_driver/share/ament_index/resource_index/parent_prefix_path/canopen_base_driver
-- Installing: /tmp/agrobot-next-build-ybgPHn/install/canopen_base_driver/share/canopen_base_driver/environment/ament_prefix_path.sh
-- Installing: /tmp/agrobot-next-build-ybgPHn/install/canopen_base_driver/share/canopen_base_driver/environment/ament_prefix_path.dsv
-- Installing: /tmp/agrobot-next-build-ybgPHn/install/canopen_base_driver/share/canopen_base_driver/environment/path.sh
-- Installing: /tmp/agrobot-next-build-ybgPHn/install/canopen_base_driver/share/canopen_base_driver/environment/path.dsv
-- Installing: /tmp/agrobot-next-build-ybgPHn/install/canopen_base_driver/share/canopen_base_driver/local_setup.bash
-- Installing: /tmp/agrobot-next-build-ybgPHn/install/canopen_base_driver/share/canopen_base_driver/local_setup.sh
-- Installing: /tmp/agrobot-next-build-ybgPHn/install/canopen_base_driver/share/canopen_base_driver/local_setup.zsh
-- Installing: /tmp/agrobot-next-build-ybgPHn/install/canopen_base_driver/share/canopen_base_driver/local_setup.dsv
-- Installing: /tmp/agrobot-next-build-ybgPHn/install/canopen_base_driver/share/canopen_base_driver/package.dsv
-- Installing: /tmp/agrobot-next-build-ybgPHn/install/canopen_base_driver/share/ament_index/resource_index/packages/canopen_base_driver
-- Installing: /tmp/agrobot-next-build-ybgPHn/install/canopen_base_driver/share/ament_index/resource_index/rclcpp_components/canopen_base_driver
-- Installing: /tmp/agrobot-next-build-ybgPHn/install/canopen_base_driver/share/canopen_base_driver/cmake/export_canopen_base_driverExport.cmake
-- Installing: /tmp/agrobot-next-build-ybgPHn/install/canopen_base_driver/share/canopen_base_driver/cmake/export_canopen_base_driverExport-noconfig.cmake
-- Installing: /tmp/agrobot-next-build-ybgPHn/install/canopen_base_driver/share/canopen_base_driver/cmake/ament_cmake_export_include_directories-extras.cmake
-- Installing: /tmp/agrobot-next-build-ybgPHn/install/canopen_base_driver/share/canopen_base_driver/cmake/ament_cmake_export_libraries-extras.cmake
-- Installing: /tmp/agrobot-next-build-ybgPHn/install/canopen_base_driver/share/canopen_base_driver/cmake/ament_cmake_export_targets-extras.cmake
-- Installing: /tmp/agrobot-next-build-ybgPHn/install/canopen_base_driver/share/canopen_base_driver/cmake/ament_cmake_export_dependencies-extras.cmake
-- Installing: /tmp/agrobot-next-build-ybgPHn/install/canopen_base_driver/share/canopen_base_driver/cmake/canopen_base_driverConfig.cmake
-- Installing: /tmp/agrobot-next-build-ybgPHn/install/canopen_base_driver/share/canopen_base_driver/cmake/canopen_base_driverConfig-version.cmake
-- Installing: /tmp/agrobot-next-build-ybgPHn/install/canopen_base_driver/share/canopen_base_driver/package.xml
