[0.350s] Invoking command in '/tmp/agrobot-next-build-ybgPHn/build/canopen_base_driver': AMENT_PREFIX_PATH=/tmp/agrobot-next-build-ybgPHn/install/canopen_core:/tmp/agrobot-next-build-ybgPHn/install/lely_core_libraries:/tmp/agrobot-next-build-ybgPHn/install/canopen_interfaces:${AMENT_PREFIX_PATH} CMAKE_PREFIX_PATH=/tmp/agrobot-next-build-ybgPHn/install/canopen_core:/tmp/agrobot-next-build-ybgPHn/install/lely_core_libraries:/tmp/agrobot-next-build-ybgPHn/install/canopen_interfaces:/opt/ros/jazzy/opt/gz_sim_vendor:/opt/ros/jazzy/opt/gz_sensors_vendor:/opt/ros/jazzy/opt/gz_physics_vendor:/opt/ros/jazzy/opt/sdformat_vendor:/opt/ros/jazzy/opt/gz_gui_vendor:/opt/ros/jazzy/opt/gz_transport_vendor:/opt/ros/jazzy/opt/gz_rendering_vendor:/opt/ros/jazzy/opt/gz_plugin_vendor:/opt/ros/jazzy/opt/gz_fuel_tools_vendor:/opt/ros/jazzy/opt/gz_msgs_vendor:/opt/ros/jazzy/opt/gz_common_vendor:/opt/ros/jazzy/opt/gz_math_vendor:/opt/ros/jazzy/opt/gz_utils_vendor:/opt/ros/jazzy/opt/gz_tools_vendor:/opt/ros/jazzy/opt/gz_ogre_next_vendor:/opt/ros/jazzy/opt/gz_dartsim_vendor:/opt/ros/jazzy/opt/gz_cmake_vendor:/opt/ros/jazzy LD_LIBRARY_PATH=/tmp/agrobot-next-build-ybgPHn/install/canopen_core/lib:/tmp/agrobot-next-build-ybgPHn/install/lely_core_libraries/lib:/tmp/agrobot-next-build-ybgPHn/install/canopen_interfaces/lib:${LD_LIBRARY_PATH} PATH=/tmp/agrobot-next-build-ybgPHn/install/lely_core_libraries/bin:${PATH} PYTHONPATH=/tmp/agrobot-next-build-ybgPHn/install/lely_core_libraries/lib/python3.12/site-packages:/tmp/agrobot-next-build-ybgPHn/install/canopen_interfaces/lib/python3.12/site-packages:${PYTHONPATH} /usr/bin/cmake /home/gsylvia/agrobot-reverse-engineering/Agrobot/src/ros2_canopen/canopen_base_driver -DCMAKE_INSTALL_PREFIX=/tmp/agrobot-next-build-ybgPHn/install/canopen_base_driver
[0.453s] -- The C compiler identification is GNU 13.3.0
[1.013s] -- The CXX compiler identification is GNU 13.3.0
[1.503s] -- Detecting C compiler ABI info
[1.739s] -- Detecting C compiler ABI info - done
[1.744s] -- Check for working C compiler: /usr/bin/cc - skipped
[1.744s] -- Detecting C compile features
[1.744s] -- Detecting C compile features - done
[1.830s] -- Detecting CXX compiler ABI info
[2.042s] -- Detecting CXX compiler ABI info - done
[2.048s] -- Check for working CXX compiler: /usr/bin/c++ - skipped
[2.048s] -- Detecting CXX compile features
[2.048s] -- Detecting CXX compile features - done
[2.050s] -- Found ament_cmake: 2.5.6 (/opt/ros/jazzy/share/ament_cmake/cmake)
[2.160s] -- Found Python3: /usr/bin/python3 (found version "3.12.3") found components: Interpreter 
[2.247s] -- Found ament_cmake_ros: 0.12.1 (/opt/ros/jazzy/share/ament_cmake_ros/cmake)
[2.260s] -- Found canopen_core: 0.3.1 (/tmp/agrobot-next-build-ybgPHn/install/canopen_core/share/canopen_core/cmake)
[2.401s] -- Found Boost: /usr/lib/x86_64-linux-gnu/cmake/Boost-1.83.0/BoostConfig.cmake (found version "1.83.0") found components: system thread 
[2.523s] -- Found rosidl_generator_c: 4.6.9 (/opt/ros/jazzy/share/rosidl_generator_c/cmake)
[2.533s] -- Found rosidl_generator_cpp: 4.6.9 (/opt/ros/jazzy/share/rosidl_generator_cpp/cmake)
[2.545s] -- Using all available rosidl_typesupport_c: rosidl_typesupport_fastrtps_c;rosidl_typesupport_introspection_c
[2.558s] -- Using all available rosidl_typesupport_cpp: rosidl_typesupport_fastrtps_cpp;rosidl_typesupport_introspection_cpp
[2.650s] -- Found rmw_implementation_cmake: 7.3.3 (/opt/ros/jazzy/share/rmw_implementation_cmake/cmake)
[2.652s] -- Found rmw_fastrtps_cpp: 8.4.4 (/opt/ros/jazzy/share/rmw_fastrtps_cpp/cmake)
[2.705s] -- Found OpenSSL: /usr/lib/x86_64-linux-gnu/libcrypto.so (found version "3.0.13")  
[2.845s] -- Found FastRTPS: /opt/ros/jazzy/include (Required is at least version "2.13") 
[2.950s] -- Using RMW implementation 'rmw_fastrtps_cpp' as default
[3.132s] -- Setting yaml-cpp_DIR to: '/opt/ros/jazzy/share/yaml_cpp_vendor/cmake/../../../opt/yaml_cpp_vendor/share/cmake/yaml-cpp'
[3.134s] -- Found std_msgs: 5.3.8 (/opt/ros/jazzy/share/std_msgs/cmake)
[3.144s] -- Found std_srvs: 5.3.8 (/opt/ros/jazzy/share/std_srvs/cmake)
[3.155s] -- Found diagnostic_updater: 4.2.7 (/opt/ros/jazzy/share/diagnostic_updater/cmake)
[3.177s] -- node_canopen_base_driver: /tmp/agrobot-next-build-ybgPHn/install/lely_core_libraries/lib/liblely-can.so;/tmp/agrobot-next-build-ybgPHn/install/lely_core_libraries/lib/liblely-co.so;/tmp/agrobot-next-build-ybgPHn/install/lely_core_libraries/lib/liblely-coapp.so;/tmp/agrobot-next-build-ybgPHn/install/lely_core_libraries/lib/liblely-ev.so;/tmp/agrobot-next-build-ybgPHn/install/lely_core_libraries/lib/liblely-io2.so;/tmp/agrobot-next-build-ybgPHn/install/lely_core_libraries/lib/liblely-libc.so;/tmp/agrobot-next-build-ybgPHn/install/lely_core_libraries/lib/liblely-tap.so;/tmp/agrobot-next-build-ybgPHn/install/lely_core_libraries/lib/liblely-util.so
[3.183s] -- Found gtest sources under '/opt/ros/jazzy/src/gtest_vendor': C++ tests using 'Google Test' will be built
[3.185s] -- Found Threads: TRUE  
[3.255s] -- Configuring done (2.9s)
[3.294s] -- Generating done (0.0s)
[3.301s] -- Build files have been written to: /tmp/agrobot-next-build-ybgPHn/build/canopen_base_driver
[3.314s] Invoked command in '/tmp/agrobot-next-build-ybgPHn/build/canopen_base_driver' returned '0': AMENT_PREFIX_PATH=/tmp/agrobot-next-build-ybgPHn/install/canopen_core:/tmp/agrobot-next-build-ybgPHn/install/lely_core_libraries:/tmp/agrobot-next-build-ybgPHn/install/canopen_interfaces:${AMENT_PREFIX_PATH} CMAKE_PREFIX_PATH=/tmp/agrobot-next-build-ybgPHn/install/canopen_core:/tmp/agrobot-next-build-ybgPHn/install/lely_core_libraries:/tmp/agrobot-next-build-ybgPHn/install/canopen_interfaces:/opt/ros/jazzy/opt/gz_sim_vendor:/opt/ros/jazzy/opt/gz_sensors_vendor:/opt/ros/jazzy/opt/gz_physics_vendor:/opt/ros/jazzy/opt/sdformat_vendor:/opt/ros/jazzy/opt/gz_gui_vendor:/opt/ros/jazzy/opt/gz_transport_vendor:/opt/ros/jazzy/opt/gz_rendering_vendor:/opt/ros/jazzy/opt/gz_plugin_vendor:/opt/ros/jazzy/opt/gz_fuel_tools_vendor:/opt/ros/jazzy/opt/gz_msgs_vendor:/opt/ros/jazzy/opt/gz_common_vendor:/opt/ros/jazzy/opt/gz_math_vendor:/opt/ros/jazzy/opt/gz_utils_vendor:/opt/ros/jazzy/opt/gz_tools_vendor:/opt/ros/jazzy/opt/gz_ogre_next_vendor:/opt/ros/jazzy/opt/gz_dartsim_vendor:/opt/ros/jazzy/opt/gz_cmake_vendor:/opt/ros/jazzy LD_LIBRARY_PATH=/tmp/agrobot-next-build-ybgPHn/install/canopen_core/lib:/tmp/agrobot-next-build-ybgPHn/install/lely_core_libraries/lib:/tmp/agrobot-next-build-ybgPHn/install/canopen_interfaces/lib:${LD_LIBRARY_PATH} PATH=/tmp/agrobot-next-build-ybgPHn/install/lely_core_libraries/bin:${PATH} PYTHONPATH=/tmp/agrobot-next-build-ybgPHn/install/lely_core_libraries/lib/python3.12/site-packages:/tmp/agrobot-next-build-ybgPHn/install/canopen_interfaces/lib/python3.12/site-packages:${PYTHONPATH} /usr/bin/cmake /home/gsylvia/agrobot-reverse-engineering/Agrobot/src/ros2_canopen/canopen_base_driver -DCMAKE_INSTALL_PREFIX=/tmp/agrobot-next-build-ybgPHn/install/canopen_base_driver
[3.315s] Invoking command in '/tmp/agrobot-next-build-ybgPHn/build/canopen_base_driver': AMENT_PREFIX_PATH=/tmp/agrobot-next-build-ybgPHn/install/canopen_core:/tmp/agrobot-next-build-ybgPHn/install/lely_core_libraries:/tmp/agrobot-next-build-ybgPHn/install/canopen_interfaces:${AMENT_PREFIX_PATH} CMAKE_PREFIX_PATH=/tmp/agrobot-next-build-ybgPHn/install/canopen_core:/tmp/agrobot-next-build-ybgPHn/install/lely_core_libraries:/tmp/agrobot-next-build-ybgPHn/install/canopen_interfaces:/opt/ros/jazzy/opt/gz_sim_vendor:/opt/ros/jazzy/opt/gz_sensors_vendor:/opt/ros/jazzy/opt/gz_physics_vendor:/opt/ros/jazzy/opt/sdformat_vendor:/opt/ros/jazzy/opt/gz_gui_vendor:/opt/ros/jazzy/opt/gz_transport_vendor:/opt/ros/jazzy/opt/gz_rendering_vendor:/opt/ros/jazzy/opt/gz_plugin_vendor:/opt/ros/jazzy/opt/gz_fuel_tools_vendor:/opt/ros/jazzy/opt/gz_msgs_vendor:/opt/ros/jazzy/opt/gz_common_vendor:/opt/ros/jazzy/opt/gz_math_vendor:/opt/ros/jazzy/opt/gz_utils_vendor:/opt/ros/jazzy/opt/gz_tools_vendor:/opt/ros/jazzy/opt/gz_ogre_next_vendor:/opt/ros/jazzy/opt/gz_dartsim_vendor:/opt/ros/jazzy/opt/gz_cmake_vendor:/opt/ros/jazzy LD_LIBRARY_PATH=/tmp/agrobot-next-build-ybgPHn/install/canopen_core/lib:/tmp/agrobot-next-build-ybgPHn/install/lely_core_libraries/lib:/tmp/agrobot-next-build-ybgPHn/install/canopen_interfaces/lib:${LD_LIBRARY_PATH} PATH=/tmp/agrobot-next-build-ybgPHn/install/lely_core_libraries/bin:${PATH} PYTHONPATH=/tmp/agrobot-next-build-ybgPHn/install/lely_core_libraries/lib/python3.12/site-packages:/tmp/agrobot-next-build-ybgPHn/install/canopen_interfaces/lib/python3.12/site-packages:${PYTHONPATH} /usr/bin/cmake --build /tmp/agrobot-next-build-ybgPHn/build/canopen_base_driver -- -j16 -l16
[3.355s] [ 12%] Building CXX object CMakeFiles/lely_driver_bridge.dir/src/lely_driver_bridge.cpp.o
[3.355s] [ 12%] Building CXX object gtest/CMakeFiles/gtest_main.dir/src/gtest_main.cc.o
[3.355s] [ 18%] Building CXX object gtest/CMakeFiles/gtest.dir/src/gtest-all.cc.o
[3.942s] [ 25%] Linking CXX static library libgtest_main.a
[3.972s] [ 25%] Built target gtest_main
[5.979s] [ 31%] Linking CXX static library libgtest.a
[6.021s] [ 31%] Built target gtest
[6.037s] [ 37%] Building CXX object test/CMakeFiles/test_base_driver_component.dir/test_base_driver_component.cpp.o
[7.545s] [ 43%] Linking CXX shared library liblely_driver_bridge.so
[7.739s] [ 43%] Built target lely_driver_bridge
[7.756s] [ 50%] Building CXX object CMakeFiles/node_canopen_base_driver.dir/src/node_interfaces/node_canopen_base_driver.cpp.o
[10.391s] [ 56%] Linking CXX executable test_base_driver_component
[10.632s] [ 56%] Built target test_base_driver_component
[13.104s] [ 62%] Linking CXX shared library libnode_canopen_base_driver.so
[13.381s] [ 62%] Built target node_canopen_base_driver
[13.397s] [ 68%] Building CXX object test/CMakeFiles/test_node_canopen_base_driver_ros.dir/test_node_canopen_base_driver_ros.cpp.o
[13.397s] [ 75%] Building CXX object CMakeFiles/lifecycle_base_driver.dir/src/lifecycle_base_driver.cpp.o
[13.397s] [ 81%] Building CXX object CMakeFiles/base_driver.dir/src/base_driver.cpp.o
[18.709s] [ 87%] Linking CXX executable test_node_canopen_base_driver_ros
[18.844s] [ 93%] Linking CXX shared library libbase_driver.so
[18.879s] [100%] Linking CXX shared library liblifecycle_base_driver.so
[19.134s] [100%] Built target test_node_canopen_base_driver_ros
[19.190s] [100%] Built target base_driver
[19.240s] [100%] Built target lifecycle_base_driver
[19.253s] Invoked command in '/tmp/agrobot-next-build-ybgPHn/build/canopen_base_driver' returned '0': AMENT_PREFIX_PATH=/tmp/agrobot-next-build-ybgPHn/install/canopen_core:/tmp/agrobot-next-build-ybgPHn/install/lely_core_libraries:/tmp/agrobot-next-build-ybgPHn/install/canopen_interfaces:${AMENT_PREFIX_PATH} CMAKE_PREFIX_PATH=/tmp/agrobot-next-build-ybgPHn/install/canopen_core:/tmp/agrobot-next-build-ybgPHn/install/lely_core_libraries:/tmp/agrobot-next-build-ybgPHn/install/canopen_interfaces:/opt/ros/jazzy/opt/gz_sim_vendor:/opt/ros/jazzy/opt/gz_sensors_vendor:/opt/ros/jazzy/opt/gz_physics_vendor:/opt/ros/jazzy/opt/sdformat_vendor:/opt/ros/jazzy/opt/gz_gui_vendor:/opt/ros/jazzy/opt/gz_transport_vendor:/opt/ros/jazzy/opt/gz_rendering_vendor:/opt/ros/jazzy/opt/gz_plugin_vendor:/opt/ros/jazzy/opt/gz_fuel_tools_vendor:/opt/ros/jazzy/opt/gz_msgs_vendor:/opt/ros/jazzy/opt/gz_common_vendor:/opt/ros/jazzy/opt/gz_math_vendor:/opt/ros/jazzy/opt/gz_utils_vendor:/opt/ros/jazzy/opt/gz_tools_vendor:/opt/ros/jazzy/opt/gz_ogre_next_vendor:/opt/ros/jazzy/opt/gz_dartsim_vendor:/opt/ros/jazzy/opt/gz_cmake_vendor:/opt/ros/jazzy LD_LIBRARY_PATH=/tmp/agrobot-next-build-ybgPHn/install/canopen_core/lib:/tmp/agrobot-next-build-ybgPHn/install/lely_core_libraries/lib:/tmp/agrobot-next-build-ybgPHn/install/canopen_interfaces/lib:${LD_LIBRARY_PATH} PATH=/tmp/agrobot-next-build-ybgPHn/install/lely_core_libraries/bin:${PATH} PYTHONPATH=/tmp/agrobot-next-build-ybgPHn/install/lely_core_libraries/lib/python3.12/site-packages:/tmp/agrobot-next-build-ybgPHn/install/canopen_interfaces/lib/python3.12/site-packages:${PYTHONPATH} /usr/bin/cmake --build /tmp/agrobot-next-build-ybgPHn/build/canopen_base_driver -- -j16 -l16
[19.254s] Invoking command in '/tmp/agrobot-next-build-ybgPHn/build/canopen_base_driver': AMENT_PREFIX_PATH=/tmp/agrobot-next-build-ybgPHn/install/canopen_core:/tmp/agrobot-next-build-ybgPHn/install/lely_core_libraries:/tmp/agrobot-next-build-ybgPHn/install/canopen_interfaces:${AMENT_PREFIX_PATH} CMAKE_PREFIX_PATH=/tmp/agrobot-next-build-ybgPHn/install/canopen_core:/tmp/agrobot-next-build-ybgPHn/install/lely_core_libraries:/tmp/agrobot-next-build-ybgPHn/install/canopen_interfaces:/opt/ros/jazzy/opt/gz_sim_vendor:/opt/ros/jazzy/opt/gz_sensors_vendor:/opt/ros/jazzy/opt/gz_physics_vendor:/opt/ros/jazzy/opt/sdformat_vendor:/opt/ros/jazzy/opt/gz_gui_vendor:/opt/ros/jazzy/opt/gz_transport_vendor:/opt/ros/jazzy/opt/gz_rendering_vendor:/opt/ros/jazzy/opt/gz_plugin_vendor:/opt/ros/jazzy/opt/gz_fuel_tools_vendor:/opt/ros/jazzy/opt/gz_msgs_vendor:/opt/ros/jazzy/opt/gz_common_vendor:/opt/ros/jazzy/opt/gz_math_vendor:/opt/ros/jazzy/opt/gz_utils_vendor:/opt/ros/jazzy/opt/gz_tools_vendor:/opt/ros/jazzy/opt/gz_ogre_next_vendor:/opt/ros/jazzy/opt/gz_dartsim_vendor:/opt/ros/jazzy/opt/gz_cmake_vendor:/opt/ros/jazzy LD_LIBRARY_PATH=/tmp/agrobot-next-build-ybgPHn/install/canopen_core/lib:/tmp/agrobot-next-build-ybgPHn/install/lely_core_libraries/lib:/tmp/agrobot-next-build-ybgPHn/install/canopen_interfaces/lib:${LD_LIBRARY_PATH} PATH=/tmp/agrobot-next-build-ybgPHn/install/lely_core_libraries/bin:${PATH} PYTHONPATH=/tmp/agrobot-next-build-ybgPHn/install/lely_core_libraries/lib/python3.12/site-packages:/tmp/agrobot-next-build-ybgPHn/install/canopen_interfaces/lib/python3.12/site-packages:${PYTHONPATH} /usr/bin/cmake --install /tmp/agrobot-next-build-ybgPHn/build/canopen_base_driver
[19.262s] -- Install configuration: ""
[19.262s] -- Installing: /tmp/agrobot-next-build-ybgPHn/install/canopen_base_driver/include
[19.262s] -- Installing: /tmp/agrobot-next-build-ybgPHn/install/canopen_base_driver/include/canopen_base_driver
[19.262s] -- Installing: /tmp/agrobot-next-build-ybgPHn/install/canopen_base_driver/include/canopen_base_driver/node_interfaces
[19.263s] -- Installing: /tmp/agrobot-next-build-ybgPHn/install/canopen_base_driver/include/canopen_base_driver/node_interfaces/node_canopen_base_driver.hpp
[19.263s] -- Installing: /tmp/agrobot-next-build-ybgPHn/install/canopen_base_driver/include/canopen_base_driver/node_interfaces/node_canopen_base_driver_impl.hpp
[19.263s] -- Installing: /tmp/agrobot-next-build-ybgPHn/install/canopen_base_driver/include/canopen_base_driver/lely_driver_bridge.hpp
[19.263s] -- Installing: /tmp/agrobot-next-build-ybgPHn/install/canopen_base_driver/include/canopen_base_driver/visibility_control.h
[19.263s] -- Installing: /tmp/agrobot-next-build-ybgPHn/install/canopen_base_driver/include/canopen_base_driver/lifecycle_base_driver.hpp
[19.264s] -- Installing: /tmp/agrobot-next-build-ybgPHn/install/canopen_base_driver/include/canopen_base_driver/diagnostic_collector.hpp
[19.264s] -- Installing: /tmp/agrobot-next-build-ybgPHn/install/canopen_base_driver/include/canopen_base_driver/base_driver.hpp
[19.264s] -- Installing: /tmp/agrobot-next-build-ybgPHn/install/canopen_base_driver/lib/liblifecycle_base_driver.so
[19.265s] -- Set non-toolchain portion of runtime path of "/tmp/agrobot-next-build-ybgPHn/install/canopen_base_driver/lib/liblifecycle_base_driver.so" to ""
[19.265s] -- Installing: /tmp/agrobot-next-build-ybgPHn/install/canopen_base_driver/lib/libbase_driver.so
[19.266s] -- Set non-toolchain portion of runtime path of "/tmp/agrobot-next-build-ybgPHn/install/canopen_base_driver/lib/libbase_driver.so" to ""
[19.266s] -- Installing: /tmp/agrobot-next-build-ybgPHn/install/canopen_base_driver/lib/libnode_canopen_base_driver.so
[19.269s] -- Set non-toolchain portion of runtime path of "/tmp/agrobot-next-build-ybgPHn/install/canopen_base_driver/lib/libnode_canopen_base_driver.so" to ""
[19.269s] -- Installing: /tmp/agrobot-next-build-ybgPHn/install/canopen_base_driver/lib/liblely_driver_bridge.so
[19.271s] -- Set non-toolchain portion of runtime path of "/tmp/agrobot-next-build-ybgPHn/install/canopen_base_driver/lib/liblely_driver_bridge.so" to ""
[19.271s] -- Installing: /tmp/agrobot-next-build-ybgPHn/install/canopen_base_driver/share/canopen_base_driver/environment/library_path.sh
[19.272s] -- Installing: /tmp/agrobot-next-build-ybgPHn/install/canopen_base_driver/share/canopen_base_driver/environment/library_path.dsv
[19.272s] -- Installing: /tmp/agrobot-next-build-ybgPHn/install/canopen_base_driver/share/ament_index/resource_index/package_run_dependencies/canopen_base_driver
[19.273s] -- Installing: /tmp/agrobot-next-build-ybgPHn/install/canopen_base_driver/share/ament_index/resource_index/parent_prefix_path/canopen_base_driver
[19.273s] -- Installing: /tmp/agrobot-next-build-ybgPHn/install/canopen_base_driver/share/canopen_base_driver/environment/ament_prefix_path.sh
[19.273s] -- Installing: /tmp/agrobot-next-build-ybgPHn/install/canopen_base_driver/share/canopen_base_driver/environment/ament_prefix_path.dsv
[19.273s] -- Installing: /tmp/agrobot-next-build-ybgPHn/install/canopen_base_driver/share/canopen_base_driver/environment/path.sh
[19.274s] -- Installing: /tmp/agrobot-next-build-ybgPHn/install/canopen_base_driver/share/canopen_base_driver/environment/path.dsv
[19.274s] -- Installing: /tmp/agrobot-next-build-ybgPHn/install/canopen_base_driver/share/canopen_base_driver/local_setup.bash
[19.274s] -- Installing: /tmp/agrobot-next-build-ybgPHn/install/canopen_base_driver/share/canopen_base_driver/local_setup.sh
[19.274s] -- Installing: /tmp/agrobot-next-build-ybgPHn/install/canopen_base_driver/share/canopen_base_driver/local_setup.zsh
[19.274s] -- Installing: /tmp/agrobot-next-build-ybgPHn/install/canopen_base_driver/share/canopen_base_driver/local_setup.dsv
[19.274s] -- Installing: /tmp/agrobot-next-build-ybgPHn/install/canopen_base_driver/share/canopen_base_driver/package.dsv
[19.274s] -- Installing: /tmp/agrobot-next-build-ybgPHn/install/canopen_base_driver/share/ament_index/resource_index/packages/canopen_base_driver
[19.274s] -- Installing: /tmp/agrobot-next-build-ybgPHn/install/canopen_base_driver/share/ament_index/resource_index/rclcpp_components/canopen_base_driver
[19.274s] -- Installing: /tmp/agrobot-next-build-ybgPHn/install/canopen_base_driver/share/canopen_base_driver/cmake/export_canopen_base_driverExport.cmake
[19.274s] -- Installing: /tmp/agrobot-next-build-ybgPHn/install/canopen_base_driver/share/canopen_base_driver/cmake/export_canopen_base_driverExport-noconfig.cmake
[19.274s] -- Installing: /tmp/agrobot-next-build-ybgPHn/install/canopen_base_driver/share/canopen_base_driver/cmake/ament_cmake_export_include_directories-extras.cmake
[19.274s] -- Installing: /tmp/agrobot-next-build-ybgPHn/install/canopen_base_driver/share/canopen_base_driver/cmake/ament_cmake_export_libraries-extras.cmake
[19.275s] -- Installing: /tmp/agrobot-next-build-ybgPHn/install/canopen_base_driver/share/canopen_base_driver/cmake/ament_cmake_export_targets-extras.cmake
[19.275s] -- Installing: /tmp/agrobot-next-build-ybgPHn/install/canopen_base_driver/share/canopen_base_driver/cmake/ament_cmake_export_dependencies-extras.cmake
[19.275s] -- Installing: /tmp/agrobot-next-build-ybgPHn/install/canopen_base_driver/share/canopen_base_driver/cmake/canopen_base_driverConfig.cmake
[19.275s] -- Installing: /tmp/agrobot-next-build-ybgPHn/install/canopen_base_driver/share/canopen_base_driver/cmake/canopen_base_driverConfig-version.cmake
[19.275s] -- Installing: /tmp/agrobot-next-build-ybgPHn/install/canopen_base_driver/share/canopen_base_driver/package.xml
[19.277s] Invoked command in '/tmp/agrobot-next-build-ybgPHn/build/canopen_base_driver' returned '0': AMENT_PREFIX_PATH=/tmp/agrobot-next-build-ybgPHn/install/canopen_core:/tmp/agrobot-next-build-ybgPHn/install/lely_core_libraries:/tmp/agrobot-next-build-ybgPHn/install/canopen_interfaces:${AMENT_PREFIX_PATH} CMAKE_PREFIX_PATH=/tmp/agrobot-next-build-ybgPHn/install/canopen_core:/tmp/agrobot-next-build-ybgPHn/install/lely_core_libraries:/tmp/agrobot-next-build-ybgPHn/install/canopen_interfaces:/opt/ros/jazzy/opt/gz_sim_vendor:/opt/ros/jazzy/opt/gz_sensors_vendor:/opt/ros/jazzy/opt/gz_physics_vendor:/opt/ros/jazzy/opt/sdformat_vendor:/opt/ros/jazzy/opt/gz_gui_vendor:/opt/ros/jazzy/opt/gz_transport_vendor:/opt/ros/jazzy/opt/gz_rendering_vendor:/opt/ros/jazzy/opt/gz_plugin_vendor:/opt/ros/jazzy/opt/gz_fuel_tools_vendor:/opt/ros/jazzy/opt/gz_msgs_vendor:/opt/ros/jazzy/opt/gz_common_vendor:/opt/ros/jazzy/opt/gz_math_vendor:/opt/ros/jazzy/opt/gz_utils_vendor:/opt/ros/jazzy/opt/gz_tools_vendor:/opt/ros/jazzy/opt/gz_ogre_next_vendor:/opt/ros/jazzy/opt/gz_dartsim_vendor:/opt/ros/jazzy/opt/gz_cmake_vendor:/opt/ros/jazzy LD_LIBRARY_PATH=/tmp/agrobot-next-build-ybgPHn/install/canopen_core/lib:/tmp/agrobot-next-build-ybgPHn/install/lely_core_libraries/lib:/tmp/agrobot-next-build-ybgPHn/install/canopen_interfaces/lib:${LD_LIBRARY_PATH} PATH=/tmp/agrobot-next-build-ybgPHn/install/lely_core_libraries/bin:${PATH} PYTHONPATH=/tmp/agrobot-next-build-ybgPHn/install/lely_core_libraries/lib/python3.12/site-packages:/tmp/agrobot-next-build-ybgPHn/install/canopen_interfaces/lib/python3.12/site-packages:${PYTHONPATH} /usr/bin/cmake --install /tmp/agrobot-next-build-ybgPHn/build/canopen_base_driver
