[ 16%] Built target gtest_main
[ 22%] Built target gtest
[ 27%] Building CXX object CMakeFiles/lely_master_bridge.dir/src/lely_master_bridge.cpp.o
[ 33%] Linking CXX shared library liblely_master_bridge.so
[ 33%] Built target lely_master_bridge
[ 38%] Building CXX object CMakeFiles/node_canopen_basic_master.dir/src/node_interfaces/node_canopen_basic_master.cpp.o
[ 44%] Linking CXX shared library libnode_canopen_basic_master.so
[ 44%] Built target node_canopen_basic_master
[ 55%] Building CXX object CMakeFiles/lifecycle_master_driver.dir/src/lifecycle_master_driver.cpp.o
[ 55%] Building CXX object CMakeFiles/master_driver.dir/src/master_driver.cpp.o
[ 61%] Linking CXX shared library liblifecycle_master_driver.so
[ 66%] Linking CXX shared library libmaster_driver.so
[ 66%] Built target lifecycle_master_driver
[ 66%] Built target master_driver
[ 77%] Building CXX object test/CMakeFiles/test_master_driver_component.dir/test_master_driver_component.cpp.o
[ 77%] Building CXX object test/CMakeFiles/test_node_canopen_basic_driver_ros.dir/test_node_canopen_basic_master_ros.cpp.o
[ 83%] Building CXX object test/CMakeFiles/test_node_canopen_basic_driver.dir/test_node_canopen_basic_master.cpp.o
[ 88%] Linking CXX executable test_node_canopen_basic_driver
[ 94%] Linking CXX executable test_master_driver_component
[ 94%] Built target test_master_driver_component
[ 94%] Built target test_node_canopen_basic_driver
[100%] Linking CXX executable test_node_canopen_basic_driver_ros
[100%] Built target test_node_canopen_basic_driver_ros
-- Install configuration: ""
-- Up-to-date: /home/gsylvia/agrobot-reverse-engineering/Agrobot/install/canopen_master_driver/include
-- Up-to-date: /home/gsylvia/agrobot-reverse-engineering/Agrobot/install/canopen_master_driver/include/canopen_master_driver
-- Up-to-date: /home/gsylvia/agrobot-reverse-engineering/Agrobot/install/canopen_master_driver/include/canopen_master_driver/node_interfaces
-- Up-to-date: /home/gsylvia/agrobot-reverse-engineering/Agrobot/install/canopen_master_driver/include/canopen_master_driver/node_interfaces/node_canopen_basic_master.hpp
-- Up-to-date: /home/gsylvia/agrobot-reverse-engineering/Agrobot/install/canopen_master_driver/include/canopen_master_driver/node_interfaces/node_canopen_basic_master_impl.hpp
-- Up-to-date: /home/gsylvia/agrobot-reverse-engineering/Agrobot/install/canopen_master_driver/include/canopen_master_driver/lifecycle_master_driver.hpp
-- Up-to-date: /home/gsylvia/agrobot-reverse-engineering/Agrobot/install/canopen_master_driver/include/canopen_master_driver/visibility_control.h
-- Up-to-date: /home/gsylvia/agrobot-reverse-engineering/Agrobot/install/canopen_master_driver/include/canopen_master_driver/master_driver.hpp
-- Up-to-date: /home/gsylvia/agrobot-reverse-engineering/Agrobot/install/canopen_master_driver/include/canopen_master_driver/lely_master_bridge.hpp
-- Installing: /home/gsylvia/agrobot-reverse-engineering/Agrobot/install/canopen_master_driver/lib/liblifecycle_master_driver.so
-- Set non-toolchain portion of runtime path of "/home/gsylvia/agrobot-reverse-engineering/Agrobot/install/canopen_master_driver/lib/liblifecycle_master_driver.so" to ""
-- Installing: /home/gsylvia/agrobot-reverse-engineering/Agrobot/install/canopen_master_driver/lib/libmaster_driver.so
-- Set non-toolchain portion of runtime path of "/home/gsylvia/agrobot-reverse-engineering/Agrobot/install/canopen_master_driver/lib/libmaster_driver.so" to ""
-- Installing: /home/gsylvia/agrobot-reverse-engineering/Agrobot/install/canopen_master_driver/lib/libnode_canopen_basic_master.so
-- Set non-toolchain portion of runtime path of "/home/gsylvia/agrobot-reverse-engineering/Agrobot/install/canopen_master_driver/lib/libnode_canopen_basic_master.so" to ""
-- Installing: /home/gsylvia/agrobot-reverse-engineering/Agrobot/install/canopen_master_driver/lib/liblely_master_bridge.so
-- Set non-toolchain portion of runtime path of "/home/gsylvia/agrobot-reverse-engineering/Agrobot/install/canopen_master_driver/lib/liblely_master_bridge.so" to ""
-- Up-to-date: /home/gsylvia/agrobot-reverse-engineering/Agrobot/install/canopen_master_driver/share/canopen_master_driver/environment/library_path.sh
-- Up-to-date: /home/gsylvia/agrobot-reverse-engineering/Agrobot/install/canopen_master_driver/share/canopen_master_driver/environment/library_path.dsv
-- Up-to-date: /home/gsylvia/agrobot-reverse-engineering/Agrobot/install/canopen_master_driver/share/ament_index/resource_index/package_run_dependencies/canopen_master_driver
-- Up-to-date: /home/gsylvia/agrobot-reverse-engineering/Agrobot/install/canopen_master_driver/share/ament_index/resource_index/parent_prefix_path/canopen_master_driver
-- Up-to-date: /home/gsylvia/agrobot-reverse-engineering/Agrobot/install/canopen_master_driver/share/canopen_master_driver/environment/ament_prefix_path.sh
-- Up-to-date: /home/gsylvia/agrobot-reverse-engineering/Agrobot/install/canopen_master_driver/share/canopen_master_driver/environment/ament_prefix_path.dsv
-- Up-to-date: /home/gsylvia/agrobot-reverse-engineering/Agrobot/install/canopen_master_driver/share/canopen_master_driver/environment/path.sh
-- Up-to-date: /home/gsylvia/agrobot-reverse-engineering/Agrobot/install/canopen_master_driver/share/canopen_master_driver/environment/path.dsv
-- Up-to-date: /home/gsylvia/agrobot-reverse-engineering/Agrobot/install/canopen_master_driver/share/canopen_master_driver/local_setup.bash
-- Up-to-date: /home/gsylvia/agrobot-reverse-engineering/Agrobot/install/canopen_master_driver/share/canopen_master_driver/local_setup.sh
-- Up-to-date: /home/gsylvia/agrobot-reverse-engineering/Agrobot/install/canopen_master_driver/share/canopen_master_driver/local_setup.zsh
-- Up-to-date: /home/gsylvia/agrobot-reverse-engineering/Agrobot/install/canopen_master_driver/share/canopen_master_driver/local_setup.dsv
-- Installing: /home/gsylvia/agrobot-reverse-engineering/Agrobot/install/canopen_master_driver/share/canopen_master_driver/package.dsv
-- Up-to-date: /home/gsylvia/agrobot-reverse-engineering/Agrobot/install/canopen_master_driver/share/ament_index/resource_index/packages/canopen_master_driver
-- Up-to-date: /home/gsylvia/agrobot-reverse-engineering/Agrobot/install/canopen_master_driver/share/ament_index/resource_index/rclcpp_components/canopen_master_driver
-- Up-to-date: /home/gsylvia/agrobot-reverse-engineering/Agrobot/install/canopen_master_driver/share/canopen_master_driver/cmake/export_canopen_master_driverExport.cmake
-- Up-to-date: /home/gsylvia/agrobot-reverse-engineering/Agrobot/install/canopen_master_driver/share/canopen_master_driver/cmake/export_canopen_master_driverExport-noconfig.cmake
-- Up-to-date: /home/gsylvia/agrobot-reverse-engineering/Agrobot/install/canopen_master_driver/share/canopen_master_driver/cmake/ament_cmake_export_include_directories-extras.cmake
-- Up-to-date: /home/gsylvia/agrobot-reverse-engineering/Agrobot/install/canopen_master_driver/share/canopen_master_driver/cmake/ament_cmake_export_libraries-extras.cmake
-- Up-to-date: /home/gsylvia/agrobot-reverse-engineering/Agrobot/install/canopen_master_driver/share/canopen_master_driver/cmake/ament_cmake_export_targets-extras.cmake
-- Up-to-date: /home/gsylvia/agrobot-reverse-engineering/Agrobot/install/canopen_master_driver/share/canopen_master_driver/cmake/ament_cmake_export_dependencies-extras.cmake
-- Up-to-date: /home/gsylvia/agrobot-reverse-engineering/Agrobot/install/canopen_master_driver/share/canopen_master_driver/cmake/canopen_master_driverConfig.cmake
-- Up-to-date: /home/gsylvia/agrobot-reverse-engineering/Agrobot/install/canopen_master_driver/share/canopen_master_driver/cmake/canopen_master_driverConfig-version.cmake
-- Up-to-date: /home/gsylvia/agrobot-reverse-engineering/Agrobot/install/canopen_master_driver/share/canopen_master_driver/package.xml
