[  1%] Built target robot_interfaces__rosidl_generator_type_description
[  2%] Built target robot_interfaces__rs
[  4%] Built target robot_interfaces__cpp
[ 26%] Built target robot_interfaces__rosidl_generator_c
[ 26%] Built target ament_cmake_python_copy_robot_interfaces
[ 36%] Built target robot_interfaces__rosidl_typesupport_introspection_cpp
[ 45%] Built target robot_interfaces__rosidl_typesupport_fastrtps_c
[ 54%] Built target robot_interfaces__rosidl_typesupport_introspection_c
[ 73%] Built target robot_interfaces__rosidl_typesupport_cpp
[ 68%] Built target robot_interfaces__rosidl_typesupport_fastrtps_cpp
[ 82%] Built target robot_interfaces__rosidl_typesupport_c
[ 82%] Built target robot_interfaces
[ 84%] Built target robot_interfaces__py
[ 92%] Built target robot_interfaces__rosidl_generator_py
[ 97%] Built target robot_interfaces_s__rosidl_typesupport_c
[ 97%] Built target robot_interfaces_s__rosidl_typesupport_introspection_c
[100%] Built target robot_interfaces_s__rosidl_typesupport_fastrtps_c
running egg_info
writing robot_interfaces.egg-info/PKG-INFO
writing dependency_links to robot_interfaces.egg-info/dependency_links.txt
writing top-level names to robot_interfaces.egg-info/top_level.txt
reading manifest file 'robot_interfaces.egg-info/SOURCES.txt'
writing manifest file 'robot_interfaces.egg-info/SOURCES.txt'
[100%] Built target ament_cmake_python_build_robot_interfaces_egg
-- Install configuration: ""
-- Up-to-date: /home/gsylvia/agrobot-reverse-engineering/Agrobot/install/robot_interfaces/share/ament_index/resource_index/rosidl_interfaces/robot_interfaces
-- Up-to-date: /home/gsylvia/agrobot-reverse-engineering/Agrobot/install/robot_interfaces/share/robot_interfaces/msg/JointCommand.json
-- Up-to-date: /home/gsylvia/agrobot-reverse-engineering/Agrobot/install/robot_interfaces/share/robot_interfaces/msg/PoseCommand.json
-- Up-to-date: /home/gsylvia/agrobot-reverse-engineering/Agrobot/install/robot_interfaces/share/robot_interfaces/msg/PositionCommand.json
-- Up-to-date: /home/gsylvia/agrobot-reverse-engineering/Agrobot/install/robot_interfaces/share/robot_interfaces/action/PickSequence.json
-- Up-to-date: /home/gsylvia/agrobot-reverse-engineering/Agrobot/install/robot_interfaces/share/robot_interfaces/srv/SetIndicator.json
-- Up-to-date: /home/gsylvia/agrobot-reverse-engineering/Agrobot/install/robot_interfaces/include/robot_interfaces/robot_interfaces
-- Up-to-date: /home/gsylvia/agrobot-reverse-engineering/Agrobot/install/robot_interfaces/include/robot_interfaces/robot_interfaces/srv
-- Up-to-date: /home/gsylvia/agrobot-reverse-engineering/Agrobot/install/robot_interfaces/include/robot_interfaces/robot_interfaces/srv/detail
-- Up-to-date: /home/gsylvia/agrobot-reverse-engineering/Agrobot/install/robot_interfaces/include/robot_interfaces/robot_interfaces/srv/detail/set_indicator__struct.h
-- Installing: /home/gsylvia/agrobot-reverse-engineering/Agrobot/install/robot_interfaces/include/robot_interfaces/robot_interfaces/srv/detail/set_indicator__type_support.c
-- Up-to-date: /home/gsylvia/agrobot-reverse-engineering/Agrobot/install/robot_interfaces/include/robot_interfaces/robot_interfaces/srv/detail/set_indicator__description.c
-- Up-to-date: /home/gsylvia/agrobot-reverse-engineering/Agrobot/install/robot_interfaces/include/robot_interfaces/robot_interfaces/srv/detail/set_indicator__functions.h
-- Up-to-date: /home/gsylvia/agrobot-reverse-engineering/Agrobot/install/robot_interfaces/include/robot_interfaces/robot_interfaces/srv/detail/set_indicator__type_support.h
-- Up-to-date: /home/gsylvia/agrobot-reverse-engineering/Agrobot/install/robot_interfaces/include/robot_interfaces/robot_interfaces/srv/detail/set_indicator__functions.c
-- Up-to-date: /home/gsylvia/agrobot-reverse-engineering/Agrobot/install/robot_interfaces/include/robot_interfaces/robot_interfaces/srv/set_indicator.h
-- Up-to-date: /home/gsylvia/agrobot-reverse-engineering/Agrobot/install/robot_interfaces/include/robot_interfaces/robot_interfaces/action
-- Up-to-date: /home/gsylvia/agrobot-reverse-engineering/Agrobot/install/robot_interfaces/include/robot_interfaces/robot_interfaces/action/detail
-- Up-to-date: /home/gsylvia/agrobot-reverse-engineering/Agrobot/install/robot_interfaces/include/robot_interfaces/robot_interfaces/action/detail/pick_sequence__functions.c
-- Up-to-date: /home/gsylvia/agrobot-reverse-engineering/Agrobot/install/robot_interfaces/include/robot_interfaces/robot_interfaces/action/detail/pick_sequence__functions.h
-- Up-to-date: /home/gsylvia/agrobot-reverse-engineering/Agrobot/install/robot_interfaces/include/robot_interfaces/robot_interfaces/action/detail/pick_sequence__struct.h
-- Up-to-date: /home/gsylvia/agrobot-reverse-engineering/Agrobot/install/robot_interfaces/include/robot_interfaces/robot_interfaces/action/detail/pick_sequence__type_support.h
-- Up-to-date: /home/gsylvia/agrobot-reverse-engineering/Agrobot/install/robot_interfaces/include/robot_interfaces/robot_interfaces/action/detail/pick_sequence__description.c
-- Installing: /home/gsylvia/agrobot-reverse-engineering/Agrobot/install/robot_interfaces/include/robot_interfaces/robot_interfaces/action/detail/pick_sequence__type_support.c
-- Up-to-date: /home/gsylvia/agrobot-reverse-engineering/Agrobot/install/robot_interfaces/include/robot_interfaces/robot_interfaces/action/pick_sequence.h
-- Up-to-date: /home/gsylvia/agrobot-reverse-engineering/Agrobot/install/robot_interfaces/include/robot_interfaces/robot_interfaces/msg
-- Up-to-date: /home/gsylvia/agrobot-reverse-engineering/Agrobot/install/robot_interfaces/include/robot_interfaces/robot_interfaces/msg/joint_command.h
-- Up-to-date: /home/gsylvia/agrobot-reverse-engineering/Agrobot/install/robot_interfaces/include/robot_interfaces/robot_interfaces/msg/rosidl_generator_c__visibility_control.h
-- Up-to-date: /home/gsylvia/agrobot-reverse-engineering/Agrobot/install/robot_interfaces/include/robot_interfaces/robot_interfaces/msg/detail
-- Installing: /home/gsylvia/agrobot-reverse-engineering/Agrobot/install/robot_interfaces/include/robot_interfaces/robot_interfaces/msg/detail/pose_command__type_support.c
-- Installing: /home/gsylvia/agrobot-reverse-engineering/Agrobot/install/robot_interfaces/include/robot_interfaces/robot_interfaces/msg/detail/joint_command__type_support.c
-- Up-to-date: /home/gsylvia/agrobot-reverse-engineering/Agrobot/install/robot_interfaces/include/robot_interfaces/robot_interfaces/msg/detail/joint_command__struct.h
-- Up-to-date: /home/gsylvia/agrobot-reverse-engineering/Agrobot/install/robot_interfaces/include/robot_interfaces/robot_interfaces/msg/detail/pose_command__functions.c
-- Up-to-date: /home/gsylvia/agrobot-reverse-engineering/Agrobot/install/robot_interfaces/include/robot_interfaces/robot_interfaces/msg/detail/joint_command__functions.h
-- Up-to-date: /home/gsylvia/agrobot-reverse-engineering/Agrobot/install/robot_interfaces/include/robot_interfaces/robot_interfaces/msg/detail/joint_command__type_support.h
-- Up-to-date: /home/gsylvia/agrobot-reverse-engineering/Agrobot/install/robot_interfaces/include/robot_interfaces/robot_interfaces/msg/detail/pose_command__type_support.h
-- Up-to-date: /home/gsylvia/agrobot-reverse-engineering/Agrobot/install/robot_interfaces/include/robot_interfaces/robot_interfaces/msg/detail/position_command__functions.h
-- Up-to-date: /home/gsylvia/agrobot-reverse-engineering/Agrobot/install/robot_interfaces/include/robot_interfaces/robot_interfaces/msg/detail/pose_command__description.c
-- Up-to-date: /home/gsylvia/agrobot-reverse-engineering/Agrobot/install/robot_interfaces/include/robot_interfaces/robot_interfaces/msg/detail/position_command__type_support.h
-- Up-to-date: /home/gsylvia/agrobot-reverse-engineering/Agrobot/install/robot_interfaces/include/robot_interfaces/robot_interfaces/msg/detail/pose_command__functions.h
-- Up-to-date: /home/gsylvia/agrobot-reverse-engineering/Agrobot/install/robot_interfaces/include/robot_interfaces/robot_interfaces/msg/detail/joint_command__description.c
-- Up-to-date: /home/gsylvia/agrobot-reverse-engineering/Agrobot/install/robot_interfaces/include/robot_interfaces/robot_interfaces/msg/detail/pose_command__struct.h
-- Up-to-date: /home/gsylvia/agrobot-reverse-engineering/Agrobot/install/robot_interfaces/include/robot_interfaces/robot_interfaces/msg/detail/position_command__description.c
-- Up-to-date: /home/gsylvia/agrobot-reverse-engineering/Agrobot/install/robot_interfaces/include/robot_interfaces/robot_interfaces/msg/detail/position_command__struct.h
-- Up-to-date: /home/gsylvia/agrobot-reverse-engineering/Agrobot/install/robot_interfaces/include/robot_interfaces/robot_interfaces/msg/detail/joint_command__functions.c
-- Up-to-date: /home/gsylvia/agrobot-reverse-engineering/Agrobot/install/robot_interfaces/include/robot_interfaces/robot_interfaces/msg/detail/position_command__functions.c
-- Installing: /home/gsylvia/agrobot-reverse-engineering/Agrobot/install/robot_interfaces/include/robot_interfaces/robot_interfaces/msg/detail/position_command__type_support.c
-- Up-to-date: /home/gsylvia/agrobot-reverse-engineering/Agrobot/install/robot_interfaces/include/robot_interfaces/robot_interfaces/msg/pose_command.h
-- Up-to-date: /home/gsylvia/agrobot-reverse-engineering/Agrobot/install/robot_interfaces/include/robot_interfaces/robot_interfaces/msg/position_command.h
-- Up-to-date: /home/gsylvia/agrobot-reverse-engineering/Agrobot/install/robot_interfaces/share/robot_interfaces/environment/library_path.sh
-- Up-to-date: /home/gsylvia/agrobot-reverse-engineering/Agrobot/install/robot_interfaces/share/robot_interfaces/environment/library_path.dsv
-- Up-to-date: /home/gsylvia/agrobot-reverse-engineering/Agrobot/install/robot_interfaces/lib/librobot_interfaces__rosidl_generator_c.so
-- Up-to-date: /home/gsylvia/agrobot-reverse-engineering/Agrobot/install/robot_interfaces/include/robot_interfaces/robot_interfaces
-- Up-to-date: /home/gsylvia/agrobot-reverse-engineering/Agrobot/install/robot_interfaces/include/robot_interfaces/robot_interfaces/srv
-- Up-to-date: /home/gsylvia/agrobot-reverse-engineering/Agrobot/install/robot_interfaces/include/robot_interfaces/robot_interfaces/srv/detail
-- Up-to-date: /home/gsylvia/agrobot-reverse-engineering/Agrobot/install/robot_interfaces/include/robot_interfaces/robot_interfaces/srv/detail/set_indicator__rosidl_typesupport_fastrtps_c.h
-- Up-to-date: /home/gsylvia/agrobot-reverse-engineering/Agrobot/install/robot_interfaces/include/robot_interfaces/robot_interfaces/action
-- Up-to-date: /home/gsylvia/agrobot-reverse-engineering/Agrobot/install/robot_interfaces/include/robot_interfaces/robot_interfaces/action/detail
-- Up-to-date: /home/gsylvia/agrobot-reverse-engineering/Agrobot/install/robot_interfaces/include/robot_interfaces/robot_interfaces/action/detail/pick_sequence__rosidl_typesupport_fastrtps_c.h
-- Up-to-date: /home/gsylvia/agrobot-reverse-engineering/Agrobot/install/robot_interfaces/include/robot_interfaces/robot_interfaces/msg
-- Up-to-date: /home/gsylvia/agrobot-reverse-engineering/Agrobot/install/robot_interfaces/include/robot_interfaces/robot_interfaces/msg/detail
-- Up-to-date: /home/gsylvia/agrobot-reverse-engineering/Agrobot/install/robot_interfaces/include/robot_interfaces/robot_interfaces/msg/detail/pose_command__rosidl_typesupport_fastrtps_c.h
-- Up-to-date: /home/gsylvia/agrobot-reverse-engineering/Agrobot/install/robot_interfaces/include/robot_interfaces/robot_interfaces/msg/detail/position_command__rosidl_typesupport_fastrtps_c.h
-- Up-to-date: /home/gsylvia/agrobot-reverse-engineering/Agrobot/install/robot_interfaces/include/robot_interfaces/robot_interfaces/msg/detail/joint_command__rosidl_typesupport_fastrtps_c.h
-- Up-to-date: /home/gsylvia/agrobot-reverse-engineering/Agrobot/install/robot_interfaces/include/robot_interfaces/robot_interfaces/msg/rosidl_typesupport_fastrtps_c__visibility_control.h
-- Up-to-date: /home/gsylvia/agrobot-reverse-engineering/Agrobot/install/robot_interfaces/lib/librobot_interfaces__rosidl_typesupport_fastrtps_c.so
-- Up-to-date: /home/gsylvia/agrobot-reverse-engineering/Agrobot/install/robot_interfaces/include/robot_interfaces/robot_interfaces
-- Up-to-date: /home/gsylvia/agrobot-reverse-engineering/Agrobot/install/robot_interfaces/include/robot_interfaces/robot_interfaces/srv
-- Up-to-date: /home/gsylvia/agrobot-reverse-engineering/Agrobot/install/robot_interfaces/include/robot_interfaces/robot_interfaces/srv/set_indicator.hpp
-- Up-to-date: /home/gsylvia/agrobot-reverse-engineering/Agrobot/install/robot_interfaces/include/robot_interfaces/robot_interfaces/srv/detail
-- Up-to-date: /home/gsylvia/agrobot-reverse-engineering/Agrobot/install/robot_interfaces/include/robot_interfaces/robot_interfaces/srv/detail/set_indicator__struct.hpp
-- Up-to-date: /home/gsylvia/agrobot-reverse-engineering/Agrobot/install/robot_interfaces/include/robot_interfaces/robot_interfaces/srv/detail/set_indicator__traits.hpp
-- Up-to-date: /home/gsylvia/agrobot-reverse-engineering/Agrobot/install/robot_interfaces/include/robot_interfaces/robot_interfaces/srv/detail/set_indicator__type_support.hpp
-- Up-to-date: /home/gsylvia/agrobot-reverse-engineering/Agrobot/install/robot_interfaces/include/robot_interfaces/robot_interfaces/srv/detail/set_indicator__builder.hpp
-- Up-to-date: /home/gsylvia/agrobot-reverse-engineering/Agrobot/install/robot_interfaces/include/robot_interfaces/robot_interfaces/action
-- Up-to-date: /home/gsylvia/agrobot-reverse-engineering/Agrobot/install/robot_interfaces/include/robot_interfaces/robot_interfaces/action/pick_sequence.hpp
-- Up-to-date: /home/gsylvia/agrobot-reverse-engineering/Agrobot/install/robot_interfaces/include/robot_interfaces/robot_interfaces/action/detail
-- Up-to-date: /home/gsylvia/agrobot-reverse-engineering/Agrobot/install/robot_interfaces/include/robot_interfaces/robot_interfaces/action/detail/pick_sequence__type_support.hpp
-- Up-to-date: /home/gsylvia/agrobot-reverse-engineering/Agrobot/install/robot_interfaces/include/robot_interfaces/robot_interfaces/action/detail/pick_sequence__struct.hpp
-- Up-to-date: /home/gsylvia/agrobot-reverse-engineering/Agrobot/install/robot_interfaces/include/robot_interfaces/robot_interfaces/action/detail/pick_sequence__traits.hpp
-- Up-to-date: /home/gsylvia/agrobot-reverse-engineering/Agrobot/install/robot_interfaces/include/robot_interfaces/robot_interfaces/action/detail/pick_sequence__builder.hpp
-- Up-to-date: /home/gsylvia/agrobot-reverse-engineering/Agrobot/install/robot_interfaces/include/robot_interfaces/robot_interfaces/msg
-- Up-to-date: /home/gsylvia/agrobot-reverse-engineering/Agrobot/install/robot_interfaces/include/robot_interfaces/robot_interfaces/msg/detail
-- Up-to-date: /home/gsylvia/agrobot-reverse-engineering/Agrobot/install/robot_interfaces/include/robot_interfaces/robot_interfaces/msg/detail/joint_command__type_support.hpp
-- Up-to-date: /home/gsylvia/agrobot-reverse-engineering/Agrobot/install/robot_interfaces/include/robot_interfaces/robot_interfaces/msg/detail/position_command__builder.hpp
-- Up-to-date: /home/gsylvia/agrobot-reverse-engineering/Agrobot/install/robot_interfaces/include/robot_interfaces/robot_interfaces/msg/detail/pose_command__traits.hpp
-- Up-to-date: /home/gsylvia/agrobot-reverse-engineering/Agrobot/install/robot_interfaces/include/robot_interfaces/robot_interfaces/msg/detail/pose_command__builder.hpp
-- Up-to-date: /home/gsylvia/agrobot-reverse-engineering/Agrobot/install/robot_interfaces/include/robot_interfaces/robot_interfaces/msg/detail/position_command__traits.hpp
-- Up-to-date: /home/gsylvia/agrobot-reverse-engineering/Agrobot/install/robot_interfaces/include/robot_interfaces/robot_interfaces/msg/detail/position_command__struct.hpp
-- Up-to-date: /home/gsylvia/agrobot-reverse-engineering/Agrobot/install/robot_interfaces/include/robot_interfaces/robot_interfaces/msg/detail/joint_command__builder.hpp
-- Up-to-date: /home/gsylvia/agrobot-reverse-engineering/Agrobot/install/robot_interfaces/include/robot_interfaces/robot_interfaces/msg/detail/position_command__type_support.hpp
-- Up-to-date: /home/gsylvia/agrobot-reverse-engineering/Agrobot/install/robot_interfaces/include/robot_interfaces/robot_interfaces/msg/detail/pose_command__type_support.hpp
-- Up-to-date: /home/gsylvia/agrobot-reverse-engineering/Agrobot/install/robot_interfaces/include/robot_interfaces/robot_interfaces/msg/detail/joint_command__traits.hpp
-- Up-to-date: /home/gsylvia/agrobot-reverse-engineering/Agrobot/install/robot_interfaces/include/robot_interfaces/robot_interfaces/msg/detail/joint_command__struct.hpp
-- Up-to-date: /home/gsylvia/agrobot-reverse-engineering/Agrobot/install/robot_interfaces/include/robot_interfaces/robot_interfaces/msg/detail/pose_command__struct.hpp
-- Up-to-date: /home/gsylvia/agrobot-reverse-engineering/Agrobot/install/robot_interfaces/include/robot_interfaces/robot_interfaces/msg/rosidl_generator_cpp__visibility_control.hpp
-- Up-to-date: /home/gsylvia/agrobot-reverse-engineering/Agrobot/install/robot_interfaces/include/robot_interfaces/robot_interfaces/msg/position_command.hpp
-- Up-to-date: /home/gsylvia/agrobot-reverse-engineering/Agrobot/install/robot_interfaces/include/robot_interfaces/robot_interfaces/msg/joint_command.hpp
-- Up-to-date: /home/gsylvia/agrobot-reverse-engineering/Agrobot/install/robot_interfaces/include/robot_interfaces/robot_interfaces/msg/pose_command.hpp
-- Up-to-date: /home/gsylvia/agrobot-reverse-engineering/Agrobot/install/robot_interfaces/include/robot_interfaces/robot_interfaces
-- Up-to-date: /home/gsylvia/agrobot-reverse-engineering/Agrobot/install/robot_interfaces/include/robot_interfaces/robot_interfaces/srv
-- Up-to-date: /home/gsylvia/agrobot-reverse-engineering/Agrobot/install/robot_interfaces/include/robot_interfaces/robot_interfaces/srv/detail
-- Up-to-date: /home/gsylvia/agrobot-reverse-engineering/Agrobot/install/robot_interfaces/include/robot_interfaces/robot_interfaces/srv/detail/dds_fastrtps
-- Up-to-date: /home/gsylvia/agrobot-reverse-engineering/Agrobot/install/robot_interfaces/include/robot_interfaces/robot_interfaces/srv/detail/set_indicator__rosidl_typesupport_fastrtps_cpp.hpp
-- Up-to-date: /home/gsylvia/agrobot-reverse-engineering/Agrobot/install/robot_interfaces/include/robot_interfaces/robot_interfaces/action
-- Up-to-date: /home/gsylvia/agrobot-reverse-engineering/Agrobot/install/robot_interfaces/include/robot_interfaces/robot_interfaces/action/detail
-- Up-to-date: /home/gsylvia/agrobot-reverse-engineering/Agrobot/install/robot_interfaces/include/robot_interfaces/robot_interfaces/action/detail/dds_fastrtps
-- Up-to-date: /home/gsylvia/agrobot-reverse-engineering/Agrobot/install/robot_interfaces/include/robot_interfaces/robot_interfaces/action/detail/pick_sequence__rosidl_typesupport_fastrtps_cpp.hpp
-- Up-to-date: /home/gsylvia/agrobot-reverse-engineering/Agrobot/install/robot_interfaces/include/robot_interfaces/robot_interfaces/msg
-- Up-to-date: /home/gsylvia/agrobot-reverse-engineering/Agrobot/install/robot_interfaces/include/robot_interfaces/robot_interfaces/msg/detail
-- Up-to-date: /home/gsylvia/agrobot-reverse-engineering/Agrobot/install/robot_interfaces/include/robot_interfaces/robot_interfaces/msg/detail/dds_fastrtps
-- Up-to-date: /home/gsylvia/agrobot-reverse-engineering/Agrobot/install/robot_interfaces/include/robot_interfaces/robot_interfaces/msg/detail/joint_command__rosidl_typesupport_fastrtps_cpp.hpp
-- Up-to-date: /home/gsylvia/agrobot-reverse-engineering/Agrobot/install/robot_interfaces/include/robot_interfaces/robot_interfaces/msg/detail/pose_command__rosidl_typesupport_fastrtps_cpp.hpp
-- Up-to-date: /home/gsylvia/agrobot-reverse-engineering/Agrobot/install/robot_interfaces/include/robot_interfaces/robot_interfaces/msg/detail/position_command__rosidl_typesupport_fastrtps_cpp.hpp
-- Up-to-date: /home/gsylvia/agrobot-reverse-engineering/Agrobot/install/robot_interfaces/include/robot_interfaces/robot_interfaces/msg/rosidl_typesupport_fastrtps_cpp__visibility_control.h
-- Up-to-date: /home/gsylvia/agrobot-reverse-engineering/Agrobot/install/robot_interfaces/lib/librobot_interfaces__rosidl_typesupport_fastrtps_cpp.so
-- Up-to-date: /home/gsylvia/agrobot-reverse-engineering/Agrobot/install/robot_interfaces/include/robot_interfaces/robot_interfaces
-- Up-to-date: /home/gsylvia/agrobot-reverse-engineering/Agrobot/install/robot_interfaces/include/robot_interfaces/robot_interfaces/srv
-- Up-to-date: /home/gsylvia/agrobot-reverse-engineering/Agrobot/install/robot_interfaces/include/robot_interfaces/robot_interfaces/srv/detail
-- Up-to-date: /home/gsylvia/agrobot-reverse-engineering/Agrobot/install/robot_interfaces/include/robot_interfaces/robot_interfaces/srv/detail/set_indicator__rosidl_typesupport_introspection_c.h
-- Installing: /home/gsylvia/agrobot-reverse-engineering/Agrobot/install/robot_interfaces/include/robot_interfaces/robot_interfaces/srv/detail/set_indicator__type_support.c
-- Up-to-date: /home/gsylvia/agrobot-reverse-engineering/Agrobot/install/robot_interfaces/include/robot_interfaces/robot_interfaces/action
-- Up-to-date: /home/gsylvia/agrobot-reverse-engineering/Agrobot/install/robot_interfaces/include/robot_interfaces/robot_interfaces/action/detail
-- Up-to-date: /home/gsylvia/agrobot-reverse-engineering/Agrobot/install/robot_interfaces/include/robot_interfaces/robot_interfaces/action/detail/pick_sequence__rosidl_typesupport_introspection_c.h
-- Installing: /home/gsylvia/agrobot-reverse-engineering/Agrobot/install/robot_interfaces/include/robot_interfaces/robot_interfaces/action/detail/pick_sequence__type_support.c
-- Up-to-date: /home/gsylvia/agrobot-reverse-engineering/Agrobot/install/robot_interfaces/include/robot_interfaces/robot_interfaces/msg
-- Up-to-date: /home/gsylvia/agrobot-reverse-engineering/Agrobot/install/robot_interfaces/include/robot_interfaces/robot_interfaces/msg/rosidl_typesupport_introspection_c__visibility_control.h
-- Up-to-date: /home/gsylvia/agrobot-reverse-engineering/Agrobot/install/robot_interfaces/include/robot_interfaces/robot_interfaces/msg/detail
-- Installing: /home/gsylvia/agrobot-reverse-engineering/Agrobot/install/robot_interfaces/include/robot_interfaces/robot_interfaces/msg/detail/pose_command__type_support.c
-- Installing: /home/gsylvia/agrobot-reverse-engineering/Agrobot/install/robot_interfaces/include/robot_interfaces/robot_interfaces/msg/detail/joint_command__type_support.c
-- Up-to-date: /home/gsylvia/agrobot-reverse-engineering/Agrobot/install/robot_interfaces/include/robot_interfaces/robot_interfaces/msg/detail/pose_command__rosidl_typesupport_introspection_c.h
-- Up-to-date: /home/gsylvia/agrobot-reverse-engineering/Agrobot/install/robot_interfaces/include/robot_interfaces/robot_interfaces/msg/detail/joint_command__rosidl_typesupport_introspection_c.h
-- Up-to-date: /home/gsylvia/agrobot-reverse-engineering/Agrobot/install/robot_interfaces/include/robot_interfaces/robot_interfaces/msg/detail/position_command__rosidl_typesupport_introspection_c.h
-- Installing: /home/gsylvia/agrobot-reverse-engineering/Agrobot/install/robot_interfaces/include/robot_interfaces/robot_interfaces/msg/detail/position_command__type_support.c
-- Up-to-date: /home/gsylvia/agrobot-reverse-engineering/Agrobot/install/robot_interfaces/lib/librobot_interfaces__rosidl_typesupport_introspection_c.so
-- Up-to-date: /home/gsylvia/agrobot-reverse-engineering/Agrobot/install/robot_interfaces/lib/librobot_interfaces__rosidl_typesupport_c.so
-- Up-to-date: /home/gsylvia/agrobot-reverse-engineering/Agrobot/install/robot_interfaces/include/robot_interfaces/robot_interfaces
-- Up-to-date: /home/gsylvia/agrobot-reverse-engineering/Agrobot/install/robot_interfaces/include/robot_interfaces/robot_interfaces/srv
-- Up-to-date: /home/gsylvia/agrobot-reverse-engineering/Agrobot/install/robot_interfaces/include/robot_interfaces/robot_interfaces/srv/detail
-- Up-to-date: /home/gsylvia/agrobot-reverse-engineering/Agrobot/install/robot_interfaces/include/robot_interfaces/robot_interfaces/srv/detail/set_indicator__rosidl_typesupport_introspection_cpp.hpp
-- Up-to-date: /home/gsylvia/agrobot-reverse-engineering/Agrobot/install/robot_interfaces/include/robot_interfaces/robot_interfaces/srv/detail/set_indicator__type_support.cpp
-- Up-to-date: /home/gsylvia/agrobot-reverse-engineering/Agrobot/install/robot_interfaces/include/robot_interfaces/robot_interfaces/action
-- Up-to-date: /home/gsylvia/agrobot-reverse-engineering/Agrobot/install/robot_interfaces/include/robot_interfaces/robot_interfaces/action/detail
-- Up-to-date: /home/gsylvia/agrobot-reverse-engineering/Agrobot/install/robot_interfaces/include/robot_interfaces/robot_interfaces/action/detail/pick_sequence__type_support.cpp
-- Up-to-date: /home/gsylvia/agrobot-reverse-engineering/Agrobot/install/robot_interfaces/include/robot_interfaces/robot_interfaces/action/detail/pick_sequence__rosidl_typesupport_introspection_cpp.hpp
-- Up-to-date: /home/gsylvia/agrobot-reverse-engineering/Agrobot/install/robot_interfaces/include/robot_interfaces/robot_interfaces/msg
-- Up-to-date: /home/gsylvia/agrobot-reverse-engineering/Agrobot/install/robot_interfaces/include/robot_interfaces/robot_interfaces/msg/detail
-- Up-to-date: /home/gsylvia/agrobot-reverse-engineering/Agrobot/install/robot_interfaces/include/robot_interfaces/robot_interfaces/msg/detail/pose_command__rosidl_typesupport_introspection_cpp.hpp
-- Up-to-date: /home/gsylvia/agrobot-reverse-engineering/Agrobot/install/robot_interfaces/include/robot_interfaces/robot_interfaces/msg/detail/position_command__type_support.cpp
-- Up-to-date: /home/gsylvia/agrobot-reverse-engineering/Agrobot/install/robot_interfaces/include/robot_interfaces/robot_interfaces/msg/detail/joint_command__rosidl_typesupport_introspection_cpp.hpp
-- Up-to-date: /home/gsylvia/agrobot-reverse-engineering/Agrobot/install/robot_interfaces/include/robot_interfaces/robot_interfaces/msg/detail/position_command__rosidl_typesupport_introspection_cpp.hpp
-- Up-to-date: /home/gsylvia/agrobot-reverse-engineering/Agrobot/install/robot_interfaces/include/robot_interfaces/robot_interfaces/msg/detail/joint_command__type_support.cpp
-- Up-to-date: /home/gsylvia/agrobot-reverse-engineering/Agrobot/install/robot_interfaces/include/robot_interfaces/robot_interfaces/msg/detail/pose_command__type_support.cpp
-- Up-to-date: /home/gsylvia/agrobot-reverse-engineering/Agrobot/install/robot_interfaces/lib/librobot_interfaces__rosidl_typesupport_introspection_cpp.so
-- Up-to-date: /home/gsylvia/agrobot-reverse-engineering/Agrobot/install/robot_interfaces/lib/librobot_interfaces__rosidl_typesupport_cpp.so
-- Up-to-date: /home/gsylvia/agrobot-reverse-engineering/Agrobot/install/robot_interfaces/share/robot_interfaces/environment/pythonpath.sh
-- Up-to-date: /home/gsylvia/agrobot-reverse-engineering/Agrobot/install/robot_interfaces/share/robot_interfaces/environment/pythonpath.dsv
-- Up-to-date: /home/gsylvia/agrobot-reverse-engineering/Agrobot/install/robot_interfaces/lib/python3.12/site-packages/robot_interfaces-0.0.0-py3.12.egg-info
-- Installing: /home/gsylvia/agrobot-reverse-engineering/Agrobot/install/robot_interfaces/lib/python3.12/site-packages/robot_interfaces-0.0.0-py3.12.egg-info/PKG-INFO
-- Installing: /home/gsylvia/agrobot-reverse-engineering/Agrobot/install/robot_interfaces/lib/python3.12/site-packages/robot_interfaces-0.0.0-py3.12.egg-info/dependency_links.txt
-- Installing: /home/gsylvia/agrobot-reverse-engineering/Agrobot/install/robot_interfaces/lib/python3.12/site-packages/robot_interfaces-0.0.0-py3.12.egg-info/top_level.txt
-- Installing: /home/gsylvia/agrobot-reverse-engineering/Agrobot/install/robot_interfaces/lib/python3.12/site-packages/robot_interfaces-0.0.0-py3.12.egg-info/SOURCES.txt
-- Up-to-date: /home/gsylvia/agrobot-reverse-engineering/Agrobot/install/robot_interfaces/lib/python3.12/site-packages/robot_interfaces
-- Up-to-date: /home/gsylvia/agrobot-reverse-engineering/Agrobot/install/robot_interfaces/lib/python3.12/site-packages/robot_interfaces/_robot_interfaces_s.ep.rosidl_typesupport_fastrtps_c.c
-- Up-to-date: /home/gsylvia/agrobot-reverse-engineering/Agrobot/install/robot_interfaces/lib/python3.12/site-packages/robot_interfaces/robot_interfaces_s__rosidl_typesupport_c.so
-- Up-to-date: /home/gsylvia/agrobot-reverse-engineering/Agrobot/install/robot_interfaces/lib/python3.12/site-packages/robot_interfaces/robot_interfaces_s__rosidl_typesupport_fastrtps_c.so
-- Up-to-date: /home/gsylvia/agrobot-reverse-engineering/Agrobot/install/robot_interfaces/lib/python3.12/site-packages/robot_interfaces/_robot_interfaces_s.ep.rosidl_typesupport_c.c
-- Up-to-date: /home/gsylvia/agrobot-reverse-engineering/Agrobot/install/robot_interfaces/lib/python3.12/site-packages/robot_interfaces/srv
-- Up-to-date: /home/gsylvia/agrobot-reverse-engineering/Agrobot/install/robot_interfaces/lib/python3.12/site-packages/robot_interfaces/srv/_set_indicator_s.c
-- Up-to-date: /home/gsylvia/agrobot-reverse-engineering/Agrobot/install/robot_interfaces/lib/python3.12/site-packages/robot_interfaces/srv/__init__.py
-- Up-to-date: /home/gsylvia/agrobot-reverse-engineering/Agrobot/install/robot_interfaces/lib/python3.12/site-packages/robot_interfaces/srv/_set_indicator.py
-- Up-to-date: /home/gsylvia/agrobot-reverse-engineering/Agrobot/install/robot_interfaces/lib/python3.12/site-packages/robot_interfaces/action
-- Up-to-date: /home/gsylvia/agrobot-reverse-engineering/Agrobot/install/robot_interfaces/lib/python3.12/site-packages/robot_interfaces/action/__init__.py
-- Up-to-date: /home/gsylvia/agrobot-reverse-engineering/Agrobot/install/robot_interfaces/lib/python3.12/site-packages/robot_interfaces/action/_pick_sequence_s.c
-- Up-to-date: /home/gsylvia/agrobot-reverse-engineering/Agrobot/install/robot_interfaces/lib/python3.12/site-packages/robot_interfaces/action/_pick_sequence.py
-- Up-to-date: /home/gsylvia/agrobot-reverse-engineering/Agrobot/install/robot_interfaces/lib/python3.12/site-packages/robot_interfaces/__init__.py
-- Up-to-date: /home/gsylvia/agrobot-reverse-engineering/Agrobot/install/robot_interfaces/lib/python3.12/site-packages/robot_interfaces/_robot_interfaces_s.ep.rosidl_typesupport_introspection_c.c
-- Up-to-date: /home/gsylvia/agrobot-reverse-engineering/Agrobot/install/robot_interfaces/lib/python3.12/site-packages/robot_interfaces/robot_interfaces_s__rosidl_typesupport_introspection_c.so
-- Up-to-date: /home/gsylvia/agrobot-reverse-engineering/Agrobot/install/robot_interfaces/lib/python3.12/site-packages/robot_interfaces/msg
-- Up-to-date: /home/gsylvia/agrobot-reverse-engineering/Agrobot/install/robot_interfaces/lib/python3.12/site-packages/robot_interfaces/msg/_position_command.py
-- Up-to-date: /home/gsylvia/agrobot-reverse-engineering/Agrobot/install/robot_interfaces/lib/python3.12/site-packages/robot_interfaces/msg/_joint_command_s.c
-- Up-to-date: /home/gsylvia/agrobot-reverse-engineering/Agrobot/install/robot_interfaces/lib/python3.12/site-packages/robot_interfaces/msg/__init__.py
-- Up-to-date: /home/gsylvia/agrobot-reverse-engineering/Agrobot/install/robot_interfaces/lib/python3.12/site-packages/robot_interfaces/msg/_pose_command.py
-- Up-to-date: /home/gsylvia/agrobot-reverse-engineering/Agrobot/install/robot_interfaces/lib/python3.12/site-packages/robot_interfaces/msg/_position_command_s.c
-- Up-to-date: /home/gsylvia/agrobot-reverse-engineering/Agrobot/install/robot_interfaces/lib/python3.12/site-packages/robot_interfaces/msg/_pose_command_s.c
-- Up-to-date: /home/gsylvia/agrobot-reverse-engineering/Agrobot/install/robot_interfaces/lib/python3.12/site-packages/robot_interfaces/msg/_joint_command.py
Listing '/home/gsylvia/agrobot-reverse-engineering/Agrobot/install/robot_interfaces/lib/python3.12/site-packages/robot_interfaces'...
Listing '/home/gsylvia/agrobot-reverse-engineering/Agrobot/install/robot_interfaces/lib/python3.12/site-packages/robot_interfaces/action'...
Listing '/home/gsylvia/agrobot-reverse-engineering/Agrobot/install/robot_interfaces/lib/python3.12/site-packages/robot_interfaces/msg'...
Listing '/home/gsylvia/agrobot-reverse-engineering/Agrobot/install/robot_interfaces/lib/python3.12/site-packages/robot_interfaces/srv'...
-- Up-to-date: /home/gsylvia/agrobot-reverse-engineering/Agrobot/install/robot_interfaces/lib/python3.12/site-packages/robot_interfaces/robot_interfaces_s__rosidl_typesupport_fastrtps_c.so
-- Up-to-date: /home/gsylvia/agrobot-reverse-engineering/Agrobot/install/robot_interfaces/lib/python3.12/site-packages/robot_interfaces/robot_interfaces_s__rosidl_typesupport_introspection_c.so
-- Up-to-date: /home/gsylvia/agrobot-reverse-engineering/Agrobot/install/robot_interfaces/lib/python3.12/site-packages/robot_interfaces/robot_interfaces_s__rosidl_typesupport_c.so
-- Up-to-date: /home/gsylvia/agrobot-reverse-engineering/Agrobot/install/robot_interfaces/lib/librobot_interfaces__rosidl_generator_py.so
-- Up-to-date: /home/gsylvia/agrobot-reverse-engineering/Agrobot/install/robot_interfaces/share/robot_interfaces/rust
-- Up-to-date: /home/gsylvia/agrobot-reverse-engineering/Agrobot/install/robot_interfaces/share/robot_interfaces/rust/build.rs
-- Up-to-date: /home/gsylvia/agrobot-reverse-engineering/Agrobot/install/robot_interfaces/share/robot_interfaces/rust/Cargo.toml
-- Up-to-date: /home/gsylvia/agrobot-reverse-engineering/Agrobot/install/robot_interfaces/share/robot_interfaces/rust/src
-- Up-to-date: /home/gsylvia/agrobot-reverse-engineering/Agrobot/install/robot_interfaces/share/robot_interfaces/rust/src/msg.rs
-- Up-to-date: /home/gsylvia/agrobot-reverse-engineering/Agrobot/install/robot_interfaces/share/robot_interfaces/rust/src/srv.rs
-- Up-to-date: /home/gsylvia/agrobot-reverse-engineering/Agrobot/install/robot_interfaces/share/robot_interfaces/rust/src/srv
-- Up-to-date: /home/gsylvia/agrobot-reverse-engineering/Agrobot/install/robot_interfaces/share/robot_interfaces/rust/src/srv/rmw.rs
-- Up-to-date: /home/gsylvia/agrobot-reverse-engineering/Agrobot/install/robot_interfaces/share/robot_interfaces/rust/src/action
-- Up-to-date: /home/gsylvia/agrobot-reverse-engineering/Agrobot/install/robot_interfaces/share/robot_interfaces/rust/src/action/rmw.rs
-- Up-to-date: /home/gsylvia/agrobot-reverse-engineering/Agrobot/install/robot_interfaces/share/robot_interfaces/rust/src/action.rs
-- Up-to-date: /home/gsylvia/agrobot-reverse-engineering/Agrobot/install/robot_interfaces/share/robot_interfaces/rust/src/msg
-- Up-to-date: /home/gsylvia/agrobot-reverse-engineering/Agrobot/install/robot_interfaces/share/robot_interfaces/rust/src/msg/rmw.rs
-- Up-to-date: /home/gsylvia/agrobot-reverse-engineering/Agrobot/install/robot_interfaces/share/robot_interfaces/rust/src/lib.rs
-- Up-to-date: /home/gsylvia/agrobot-reverse-engineering/Agrobot/install/robot_interfaces/share/robot_interfaces/msg/JointCommand.idl
-- Up-to-date: /home/gsylvia/agrobot-reverse-engineering/Agrobot/install/robot_interfaces/share/robot_interfaces/msg/PoseCommand.idl
-- Up-to-date: /home/gsylvia/agrobot-reverse-engineering/Agrobot/install/robot_interfaces/share/robot_interfaces/msg/PositionCommand.idl
-- Up-to-date: /home/gsylvia/agrobot-reverse-engineering/Agrobot/install/robot_interfaces/share/robot_interfaces/action/PickSequence.idl
-- Up-to-date: /home/gsylvia/agrobot-reverse-engineering/Agrobot/install/robot_interfaces/share/robot_interfaces/srv/SetIndicator.idl
-- Up-to-date: /home/gsylvia/agrobot-reverse-engineering/Agrobot/install/robot_interfaces/share/robot_interfaces/msg/JointCommand.msg
-- Up-to-date: /home/gsylvia/agrobot-reverse-engineering/Agrobot/install/robot_interfaces/share/robot_interfaces/msg/PoseCommand.msg
-- Up-to-date: /home/gsylvia/agrobot-reverse-engineering/Agrobot/install/robot_interfaces/share/robot_interfaces/msg/PositionCommand.msg
-- Up-to-date: /home/gsylvia/agrobot-reverse-engineering/Agrobot/install/robot_interfaces/share/robot_interfaces/action/PickSequence.action
-- Up-to-date: /home/gsylvia/agrobot-reverse-engineering/Agrobot/install/robot_interfaces/share/robot_interfaces/srv/SetIndicator.srv
-- Up-to-date: /home/gsylvia/agrobot-reverse-engineering/Agrobot/install/robot_interfaces/share/ament_index/resource_index/package_run_dependencies/robot_interfaces
-- Up-to-date: /home/gsylvia/agrobot-reverse-engineering/Agrobot/install/robot_interfaces/share/ament_index/resource_index/parent_prefix_path/robot_interfaces
-- Up-to-date: /home/gsylvia/agrobot-reverse-engineering/Agrobot/install/robot_interfaces/share/robot_interfaces/environment/ament_prefix_path.sh
-- Up-to-date: /home/gsylvia/agrobot-reverse-engineering/Agrobot/install/robot_interfaces/share/robot_interfaces/environment/ament_prefix_path.dsv
-- Up-to-date: /home/gsylvia/agrobot-reverse-engineering/Agrobot/install/robot_interfaces/share/robot_interfaces/environment/path.sh
-- Up-to-date: /home/gsylvia/agrobot-reverse-engineering/Agrobot/install/robot_interfaces/share/robot_interfaces/environment/path.dsv
-- Up-to-date: /home/gsylvia/agrobot-reverse-engineering/Agrobot/install/robot_interfaces/share/robot_interfaces/local_setup.bash
-- Up-to-date: /home/gsylvia/agrobot-reverse-engineering/Agrobot/install/robot_interfaces/share/robot_interfaces/local_setup.sh
-- Up-to-date: /home/gsylvia/agrobot-reverse-engineering/Agrobot/install/robot_interfaces/share/robot_interfaces/local_setup.zsh
-- Up-to-date: /home/gsylvia/agrobot-reverse-engineering/Agrobot/install/robot_interfaces/share/robot_interfaces/local_setup.dsv
-- Installing: /home/gsylvia/agrobot-reverse-engineering/Agrobot/install/robot_interfaces/share/robot_interfaces/package.dsv
-- Up-to-date: /home/gsylvia/agrobot-reverse-engineering/Agrobot/install/robot_interfaces/share/ament_index/resource_index/packages/robot_interfaces
-- Up-to-date: /home/gsylvia/agrobot-reverse-engineering/Agrobot/install/robot_interfaces/share/robot_interfaces/cmake/export_robot_interfaces__rosidl_generator_cExport.cmake
-- Up-to-date: /home/gsylvia/agrobot-reverse-engineering/Agrobot/install/robot_interfaces/share/robot_interfaces/cmake/export_robot_interfaces__rosidl_generator_cExport-noconfig.cmake
-- Up-to-date: /home/gsylvia/agrobot-reverse-engineering/Agrobot/install/robot_interfaces/share/robot_interfaces/cmake/export_robot_interfaces__rosidl_typesupport_fastrtps_cExport.cmake
-- Up-to-date: /home/gsylvia/agrobot-reverse-engineering/Agrobot/install/robot_interfaces/share/robot_interfaces/cmake/export_robot_interfaces__rosidl_typesupport_fastrtps_cExport-noconfig.cmake
-- Up-to-date: /home/gsylvia/agrobot-reverse-engineering/Agrobot/install/robot_interfaces/share/robot_interfaces/cmake/export_robot_interfaces__rosidl_generator_cppExport.cmake
-- Up-to-date: /home/gsylvia/agrobot-reverse-engineering/Agrobot/install/robot_interfaces/share/robot_interfaces/cmake/export_robot_interfaces__rosidl_typesupport_fastrtps_cppExport.cmake
-- Up-to-date: /home/gsylvia/agrobot-reverse-engineering/Agrobot/install/robot_interfaces/share/robot_interfaces/cmake/export_robot_interfaces__rosidl_typesupport_fastrtps_cppExport-noconfig.cmake
-- Up-to-date: /home/gsylvia/agrobot-reverse-engineering/Agrobot/install/robot_interfaces/share/robot_interfaces/cmake/robot_interfaces__rosidl_typesupport_introspection_cExport.cmake
-- Up-to-date: /home/gsylvia/agrobot-reverse-engineering/Agrobot/install/robot_interfaces/share/robot_interfaces/cmake/robot_interfaces__rosidl_typesupport_introspection_cExport-noconfig.cmake
-- Up-to-date: /home/gsylvia/agrobot-reverse-engineering/Agrobot/install/robot_interfaces/share/robot_interfaces/cmake/robot_interfaces__rosidl_typesupport_cExport.cmake
-- Up-to-date: /home/gsylvia/agrobot-reverse-engineering/Agrobot/install/robot_interfaces/share/robot_interfaces/cmake/robot_interfaces__rosidl_typesupport_cExport-noconfig.cmake
-- Up-to-date: /home/gsylvia/agrobot-reverse-engineering/Agrobot/install/robot_interfaces/share/robot_interfaces/cmake/robot_interfaces__rosidl_typesupport_introspection_cppExport.cmake
-- Up-to-date: /home/gsylvia/agrobot-reverse-engineering/Agrobot/install/robot_interfaces/share/robot_interfaces/cmake/robot_interfaces__rosidl_typesupport_introspection_cppExport-noconfig.cmake
-- Up-to-date: /home/gsylvia/agrobot-reverse-engineering/Agrobot/install/robot_interfaces/share/robot_interfaces/cmake/robot_interfaces__rosidl_typesupport_cppExport.cmake
-- Up-to-date: /home/gsylvia/agrobot-reverse-engineering/Agrobot/install/robot_interfaces/share/robot_interfaces/cmake/robot_interfaces__rosidl_typesupport_cppExport-noconfig.cmake
-- Up-to-date: /home/gsylvia/agrobot-reverse-engineering/Agrobot/install/robot_interfaces/share/robot_interfaces/cmake/export_robot_interfaces__rosidl_generator_pyExport.cmake
-- Up-to-date: /home/gsylvia/agrobot-reverse-engineering/Agrobot/install/robot_interfaces/share/robot_interfaces/cmake/export_robot_interfaces__rosidl_generator_pyExport-noconfig.cmake
-- Up-to-date: /home/gsylvia/agrobot-reverse-engineering/Agrobot/install/robot_interfaces/share/robot_interfaces/cmake/rosidl_cmake-extras.cmake
-- Up-to-date: /home/gsylvia/agrobot-reverse-engineering/Agrobot/install/robot_interfaces/share/robot_interfaces/cmake/ament_cmake_export_dependencies-extras.cmake
-- Up-to-date: /home/gsylvia/agrobot-reverse-engineering/Agrobot/install/robot_interfaces/share/robot_interfaces/cmake/ament_cmake_export_include_directories-extras.cmake
-- Up-to-date: /home/gsylvia/agrobot-reverse-engineering/Agrobot/install/robot_interfaces/share/robot_interfaces/cmake/ament_cmake_export_libraries-extras.cmake
-- Up-to-date: /home/gsylvia/agrobot-reverse-engineering/Agrobot/install/robot_interfaces/share/robot_interfaces/cmake/ament_cmake_export_targets-extras.cmake
-- Up-to-date: /home/gsylvia/agrobot-reverse-engineering/Agrobot/install/robot_interfaces/share/robot_interfaces/cmake/rosidl_cmake_export_typesupport_targets-extras.cmake
-- Up-to-date: /home/gsylvia/agrobot-reverse-engineering/Agrobot/install/robot_interfaces/share/robot_interfaces/cmake/rosidl_cmake_export_typesupport_libraries-extras.cmake
-- Up-to-date: /home/gsylvia/agrobot-reverse-engineering/Agrobot/install/robot_interfaces/share/robot_interfaces/cmake/rosidl_cmake_aggregate_target-extras.cmake
-- Up-to-date: /home/gsylvia/agrobot-reverse-engineering/Agrobot/install/robot_interfaces/share/robot_interfaces/cmake/robot_interfacesConfig.cmake
-- Up-to-date: /home/gsylvia/agrobot-reverse-engineering/Agrobot/install/robot_interfaces/share/robot_interfaces/cmake/robot_interfacesConfig-version.cmake
-- Up-to-date: /home/gsylvia/agrobot-reverse-engineering/Agrobot/install/robot_interfaces/share/robot_interfaces/package.xml
