[0.007s] Invoking command in '/home/gsylvia/agrobot-reverse-engineering/Agrobot/build/robot_interfaces': CMAKE_PREFIX_PATH=${CMAKE_PREFIX_PATH}:/opt/ros/jazzy /usr/bin/cmake --build /home/gsylvia/agrobot-reverse-engineering/Agrobot/build/robot_interfaces -- -j16 -l16
[0.075s] [  1%] Built target robot_interfaces__rosidl_generator_type_description
[0.079s] [  2%] Built target robot_interfaces__rs
[0.102s] [  4%] Built target robot_interfaces__cpp
[0.120s] [ 26%] Built target robot_interfaces__rosidl_generator_c
[0.120s] [ 26%] Built target ament_cmake_python_copy_robot_interfaces
[0.177s] [ 36%] Built target robot_interfaces__rosidl_typesupport_introspection_cpp
[0.184s] [ 45%] Built target robot_interfaces__rosidl_typesupport_fastrtps_c
[0.185s] [ 54%] Built target robot_interfaces__rosidl_typesupport_introspection_c
[0.189s] [ 73%] Built target robot_interfaces__rosidl_typesupport_cpp
[0.190s] [ 68%] Built target robot_interfaces__rosidl_typesupport_fastrtps_cpp
[0.197s] [ 82%] Built target robot_interfaces__rosidl_typesupport_c
[0.225s] [ 82%] Built target robot_interfaces
[0.246s] [ 84%] Built target robot_interfaces__py
[0.270s] [ 92%] Built target robot_interfaces__rosidl_generator_py
[0.291s] [ 97%] Built target robot_interfaces_s__rosidl_typesupport_c
[0.291s] [ 97%] Built target robot_interfaces_s__rosidl_typesupport_introspection_c
[0.291s] [100%] Built target robot_interfaces_s__rosidl_typesupport_fastrtps_c
[0.325s] running egg_info
[0.335s] writing robot_interfaces.egg-info/PKG-INFO
[0.335s] writing dependency_links to robot_interfaces.egg-info/dependency_links.txt
[0.335s] writing top-level names to robot_interfaces.egg-info/top_level.txt
[0.374s] reading manifest file 'robot_interfaces.egg-info/SOURCES.txt'
[0.374s] writing manifest file 'robot_interfaces.egg-info/SOURCES.txt'
[0.415s] [100%] Built target ament_cmake_python_build_robot_interfaces_egg
[0.420s] Invoked command in '/home/gsylvia/agrobot-reverse-engineering/Agrobot/build/robot_interfaces' returned '0': CMAKE_PREFIX_PATH=${CMAKE_PREFIX_PATH}:/opt/ros/jazzy /usr/bin/cmake --build /home/gsylvia/agrobot-reverse-engineering/Agrobot/build/robot_interfaces -- -j16 -l16
[0.421s] Invoking command in '/home/gsylvia/agrobot-reverse-engineering/Agrobot/build/robot_interfaces': CMAKE_PREFIX_PATH=${CMAKE_PREFIX_PATH}:/opt/ros/jazzy /usr/bin/cmake --install /home/gsylvia/agrobot-reverse-engineering/Agrobot/build/robot_interfaces
[0.444s] -- Install configuration: ""
[0.444s] -- Up-to-date: /home/gsylvia/agrobot-reverse-engineering/Agrobot/install/robot_interfaces/share/ament_index/resource_index/rosidl_interfaces/robot_interfaces
[0.444s] -- Up-to-date: /home/gsylvia/agrobot-reverse-engineering/Agrobot/install/robot_interfaces/share/robot_interfaces/msg/JointCommand.json
[0.444s] -- Up-to-date: /home/gsylvia/agrobot-reverse-engineering/Agrobot/install/robot_interfaces/share/robot_interfaces/msg/PoseCommand.json
[0.444s] -- Up-to-date: /home/gsylvia/agrobot-reverse-engineering/Agrobot/install/robot_interfaces/share/robot_interfaces/msg/PositionCommand.json
[0.444s] -- Up-to-date: /home/gsylvia/agrobot-reverse-engineering/Agrobot/install/robot_interfaces/share/robot_interfaces/action/PickSequence.json
[0.444s] -- Up-to-date: /home/gsylvia/agrobot-reverse-engineering/Agrobot/install/robot_interfaces/share/robot_interfaces/srv/SetIndicator.json
[0.444s] -- Up-to-date: /home/gsylvia/agrobot-reverse-engineering/Agrobot/install/robot_interfaces/include/robot_interfaces/robot_interfaces
[0.444s] -- Up-to-date: /home/gsylvia/agrobot-reverse-engineering/Agrobot/install/robot_interfaces/include/robot_interfaces/robot_interfaces/srv
[0.444s] -- Up-to-date: /home/gsylvia/agrobot-reverse-engineering/Agrobot/install/robot_interfaces/include/robot_interfaces/robot_interfaces/srv/detail
[0.444s] -- Up-to-date: /home/gsylvia/agrobot-reverse-engineering/Agrobot/install/robot_interfaces/include/robot_interfaces/robot_interfaces/srv/detail/set_indicator__struct.h
[0.444s] -- Installing: /home/gsylvia/agrobot-reverse-engineering/Agrobot/install/robot_interfaces/include/robot_interfaces/robot_interfaces/srv/detail/set_indicator__type_support.c
[0.444s] -- Up-to-date: /home/gsylvia/agrobot-reverse-engineering/Agrobot/install/robot_interfaces/include/robot_interfaces/robot_interfaces/srv/detail/set_indicator__description.c
[0.444s] -- Up-to-date: /home/gsylvia/agrobot-reverse-engineering/Agrobot/install/robot_interfaces/include/robot_interfaces/robot_interfaces/srv/detail/set_indicator__functions.h
[0.444s] -- Up-to-date: /home/gsylvia/agrobot-reverse-engineering/Agrobot/install/robot_interfaces/include/robot_interfaces/robot_interfaces/srv/detail/set_indicator__type_support.h
[0.444s] -- Up-to-date: /home/gsylvia/agrobot-reverse-engineering/Agrobot/install/robot_interfaces/include/robot_interfaces/robot_interfaces/srv/detail/set_indicator__functions.c
[0.444s] -- Up-to-date: /home/gsylvia/agrobot-reverse-engineering/Agrobot/install/robot_interfaces/include/robot_interfaces/robot_interfaces/srv/set_indicator.h
[0.444s] -- Up-to-date: /home/gsylvia/agrobot-reverse-engineering/Agrobot/install/robot_interfaces/include/robot_interfaces/robot_interfaces/action
[0.444s] -- Up-to-date: /home/gsylvia/agrobot-reverse-engineering/Agrobot/install/robot_interfaces/include/robot_interfaces/robot_interfaces/action/detail
[0.444s] -- Up-to-date: /home/gsylvia/agrobot-reverse-engineering/Agrobot/install/robot_interfaces/include/robot_interfaces/robot_interfaces/action/detail/pick_sequence__functions.c
[0.444s] -- Up-to-date: /home/gsylvia/agrobot-reverse-engineering/Agrobot/install/robot_interfaces/include/robot_interfaces/robot_interfaces/action/detail/pick_sequence__functions.h
[0.444s] -- Up-to-date: /home/gsylvia/agrobot-reverse-engineering/Agrobot/install/robot_interfaces/include/robot_interfaces/robot_interfaces/action/detail/pick_sequence__struct.h
[0.444s] -- Up-to-date: /home/gsylvia/agrobot-reverse-engineering/Agrobot/install/robot_interfaces/include/robot_interfaces/robot_interfaces/action/detail/pick_sequence__type_support.h
[0.444s] -- Up-to-date: /home/gsylvia/agrobot-reverse-engineering/Agrobot/install/robot_interfaces/include/robot_interfaces/robot_interfaces/action/detail/pick_sequence__description.c
[0.444s] -- Installing: /home/gsylvia/agrobot-reverse-engineering/Agrobot/install/robot_interfaces/include/robot_interfaces/robot_interfaces/action/detail/pick_sequence__type_support.c
[0.445s] -- Up-to-date: /home/gsylvia/agrobot-reverse-engineering/Agrobot/install/robot_interfaces/include/robot_interfaces/robot_interfaces/action/pick_sequence.h
[0.445s] -- Up-to-date: /home/gsylvia/agrobot-reverse-engineering/Agrobot/install/robot_interfaces/include/robot_interfaces/robot_interfaces/msg
[0.445s] -- Up-to-date: /home/gsylvia/agrobot-reverse-engineering/Agrobot/install/robot_interfaces/include/robot_interfaces/robot_interfaces/msg/joint_command.h
[0.445s] -- Up-to-date: /home/gsylvia/agrobot-reverse-engineering/Agrobot/install/robot_interfaces/include/robot_interfaces/robot_interfaces/msg/rosidl_generator_c__visibility_control.h
[0.445s] -- Up-to-date: /home/gsylvia/agrobot-reverse-engineering/Agrobot/install/robot_interfaces/include/robot_interfaces/robot_interfaces/msg/detail
[0.445s] -- Installing: /home/gsylvia/agrobot-reverse-engineering/Agrobot/install/robot_interfaces/include/robot_interfaces/robot_interfaces/msg/detail/pose_command__type_support.c
[0.445s] -- Installing: /home/gsylvia/agrobot-reverse-engineering/Agrobot/install/robot_interfaces/include/robot_interfaces/robot_interfaces/msg/detail/joint_command__type_support.c
[0.445s] -- Up-to-date: /home/gsylvia/agrobot-reverse-engineering/Agrobot/install/robot_interfaces/include/robot_interfaces/robot_interfaces/msg/detail/joint_command__struct.h
[0.445s] -- Up-to-date: /home/gsylvia/agrobot-reverse-engineering/Agrobot/install/robot_interfaces/include/robot_interfaces/robot_interfaces/msg/detail/pose_command__functions.c
[0.445s] -- Up-to-date: /home/gsylvia/agrobot-reverse-engineering/Agrobot/install/robot_interfaces/include/robot_interfaces/robot_interfaces/msg/detail/joint_command__functions.h
[0.445s] -- Up-to-date: /home/gsylvia/agrobot-reverse-engineering/Agrobot/install/robot_interfaces/include/robot_interfaces/robot_interfaces/msg/detail/joint_command__type_support.h
[0.445s] -- Up-to-date: /home/gsylvia/agrobot-reverse-engineering/Agrobot/install/robot_interfaces/include/robot_interfaces/robot_interfaces/msg/detail/pose_command__type_support.h
[0.445s] -- Up-to-date: /home/gsylvia/agrobot-reverse-engineering/Agrobot/install/robot_interfaces/include/robot_interfaces/robot_interfaces/msg/detail/position_command__functions.h
[0.445s] -- Up-to-date: /home/gsylvia/agrobot-reverse-engineering/Agrobot/install/robot_interfaces/include/robot_interfaces/robot_interfaces/msg/detail/pose_command__description.c
[0.445s] -- Up-to-date: /home/gsylvia/agrobot-reverse-engineering/Agrobot/install/robot_interfaces/include/robot_interfaces/robot_interfaces/msg/detail/position_command__type_support.h
[0.445s] -- Up-to-date: /home/gsylvia/agrobot-reverse-engineering/Agrobot/install/robot_interfaces/include/robot_interfaces/robot_interfaces/msg/detail/pose_command__functions.h
[0.445s] -- Up-to-date: /home/gsylvia/agrobot-reverse-engineering/Agrobot/install/robot_interfaces/include/robot_interfaces/robot_interfaces/msg/detail/joint_command__description.c
[0.445s] -- Up-to-date: /home/gsylvia/agrobot-reverse-engineering/Agrobot/install/robot_interfaces/include/robot_interfaces/robot_interfaces/msg/detail/pose_command__struct.h
[0.445s] -- Up-to-date: /home/gsylvia/agrobot-reverse-engineering/Agrobot/install/robot_interfaces/include/robot_interfaces/robot_interfaces/msg/detail/position_command__description.c
[0.445s] -- Up-to-date: /home/gsylvia/agrobot-reverse-engineering/Agrobot/install/robot_interfaces/include/robot_interfaces/robot_interfaces/msg/detail/position_command__struct.h
[0.445s] -- Up-to-date: /home/gsylvia/agrobot-reverse-engineering/Agrobot/install/robot_interfaces/include/robot_interfaces/robot_interfaces/msg/detail/joint_command__functions.c
[0.445s] -- Up-to-date: /home/gsylvia/agrobot-reverse-engineering/Agrobot/install/robot_interfaces/include/robot_interfaces/robot_interfaces/msg/detail/position_command__functions.c
[0.445s] -- Installing: /home/gsylvia/agrobot-reverse-engineering/Agrobot/install/robot_interfaces/include/robot_interfaces/robot_interfaces/msg/detail/position_command__type_support.c
[0.445s] -- Up-to-date: /home/gsylvia/agrobot-reverse-engineering/Agrobot/install/robot_interfaces/include/robot_interfaces/robot_interfaces/msg/pose_command.h
[0.445s] -- Up-to-date: /home/gsylvia/agrobot-reverse-engineering/Agrobot/install/robot_interfaces/include/robot_interfaces/robot_interfaces/msg/position_command.h
[0.445s] -- Up-to-date: /home/gsylvia/agrobot-reverse-engineering/Agrobot/install/robot_interfaces/share/robot_interfaces/environment/library_path.sh
[0.445s] -- Up-to-date: /home/gsylvia/agrobot-reverse-engineering/Agrobot/install/robot_interfaces/share/robot_interfaces/environment/library_path.dsv
[0.445s] -- Up-to-date: /home/gsylvia/agrobot-reverse-engineering/Agrobot/install/robot_interfaces/lib/librobot_interfaces__rosidl_generator_c.so
[0.445s] -- Up-to-date: /home/gsylvia/agrobot-reverse-engineering/Agrobot/install/robot_interfaces/include/robot_interfaces/robot_interfaces
[0.445s] -- Up-to-date: /home/gsylvia/agrobot-reverse-engineering/Agrobot/install/robot_interfaces/include/robot_interfaces/robot_interfaces/srv
[0.445s] -- Up-to-date: /home/gsylvia/agrobot-reverse-engineering/Agrobot/install/robot_interfaces/include/robot_interfaces/robot_interfaces/srv/detail
[0.445s] -- Up-to-date: /home/gsylvia/agrobot-reverse-engineering/Agrobot/install/robot_interfaces/include/robot_interfaces/robot_interfaces/srv/detail/set_indicator__rosidl_typesupport_fastrtps_c.h
[0.445s] -- Up-to-date: /home/gsylvia/agrobot-reverse-engineering/Agrobot/install/robot_interfaces/include/robot_interfaces/robot_interfaces/action
[0.445s] -- Up-to-date: /home/gsylvia/agrobot-reverse-engineering/Agrobot/install/robot_interfaces/include/robot_interfaces/robot_interfaces/action/detail
[0.446s] -- Up-to-date: /home/gsylvia/agrobot-reverse-engineering/Agrobot/install/robot_interfaces/include/robot_interfaces/robot_interfaces/action/detail/pick_sequence__rosidl_typesupport_fastrtps_c.h
[0.446s] -- Up-to-date: /home/gsylvia/agrobot-reverse-engineering/Agrobot/install/robot_interfaces/include/robot_interfaces/robot_interfaces/msg
[0.446s] -- Up-to-date: /home/gsylvia/agrobot-reverse-engineering/Agrobot/install/robot_interfaces/include/robot_interfaces/robot_interfaces/msg/detail
[0.446s] -- Up-to-date: /home/gsylvia/agrobot-reverse-engineering/Agrobot/install/robot_interfaces/include/robot_interfaces/robot_interfaces/msg/detail/pose_command__rosidl_typesupport_fastrtps_c.h
[0.446s] -- Up-to-date: /home/gsylvia/agrobot-reverse-engineering/Agrobot/install/robot_interfaces/include/robot_interfaces/robot_interfaces/msg/detail/position_command__rosidl_typesupport_fastrtps_c.h
[0.446s] -- Up-to-date: /home/gsylvia/agrobot-reverse-engineering/Agrobot/install/robot_interfaces/include/robot_interfaces/robot_interfaces/msg/detail/joint_command__rosidl_typesupport_fastrtps_c.h
[0.446s] -- Up-to-date: /home/gsylvia/agrobot-reverse-engineering/Agrobot/install/robot_interfaces/include/robot_interfaces/robot_interfaces/msg/rosidl_typesupport_fastrtps_c__visibility_control.h
[0.446s] -- Up-to-date: /home/gsylvia/agrobot-reverse-engineering/Agrobot/install/robot_interfaces/lib/librobot_interfaces__rosidl_typesupport_fastrtps_c.so
[0.446s] -- Up-to-date: /home/gsylvia/agrobot-reverse-engineering/Agrobot/install/robot_interfaces/include/robot_interfaces/robot_interfaces
[0.446s] -- Up-to-date: /home/gsylvia/agrobot-reverse-engineering/Agrobot/install/robot_interfaces/include/robot_interfaces/robot_interfaces/srv
[0.446s] -- Up-to-date: /home/gsylvia/agrobot-reverse-engineering/Agrobot/install/robot_interfaces/include/robot_interfaces/robot_interfaces/srv/set_indicator.hpp
[0.446s] -- Up-to-date: /home/gsylvia/agrobot-reverse-engineering/Agrobot/install/robot_interfaces/include/robot_interfaces/robot_interfaces/srv/detail
[0.446s] -- Up-to-date: /home/gsylvia/agrobot-reverse-engineering/Agrobot/install/robot_interfaces/include/robot_interfaces/robot_interfaces/srv/detail/set_indicator__struct.hpp
[0.446s] -- Up-to-date: /home/gsylvia/agrobot-reverse-engineering/Agrobot/install/robot_interfaces/include/robot_interfaces/robot_interfaces/srv/detail/set_indicator__traits.hpp
[0.446s] -- Up-to-date: /home/gsylvia/agrobot-reverse-engineering/Agrobot/install/robot_interfaces/include/robot_interfaces/robot_interfaces/srv/detail/set_indicator__type_support.hpp
[0.446s] -- Up-to-date: /home/gsylvia/agrobot-reverse-engineering/Agrobot/install/robot_interfaces/include/robot_interfaces/robot_interfaces/srv/detail/set_indicator__builder.hpp
[0.446s] -- Up-to-date: /home/gsylvia/agrobot-reverse-engineering/Agrobot/install/robot_interfaces/include/robot_interfaces/robot_interfaces/action
[0.446s] -- Up-to-date: /home/gsylvia/agrobot-reverse-engineering/Agrobot/install/robot_interfaces/include/robot_interfaces/robot_interfaces/action/pick_sequence.hpp
[0.446s] -- Up-to-date: /home/gsylvia/agrobot-reverse-engineering/Agrobot/install/robot_interfaces/include/robot_interfaces/robot_interfaces/action/detail
[0.446s] -- Up-to-date: /home/gsylvia/agrobot-reverse-engineering/Agrobot/install/robot_interfaces/include/robot_interfaces/robot_interfaces/action/detail/pick_sequence__type_support.hpp
[0.446s] -- Up-to-date: /home/gsylvia/agrobot-reverse-engineering/Agrobot/install/robot_interfaces/include/robot_interfaces/robot_interfaces/action/detail/pick_sequence__struct.hpp
[0.446s] -- Up-to-date: /home/gsylvia/agrobot-reverse-engineering/Agrobot/install/robot_interfaces/include/robot_interfaces/robot_interfaces/action/detail/pick_sequence__traits.hpp
[0.446s] -- Up-to-date: /home/gsylvia/agrobot-reverse-engineering/Agrobot/install/robot_interfaces/include/robot_interfaces/robot_interfaces/action/detail/pick_sequence__builder.hpp
[0.446s] -- Up-to-date: /home/gsylvia/agrobot-reverse-engineering/Agrobot/install/robot_interfaces/include/robot_interfaces/robot_interfaces/msg
[0.446s] -- Up-to-date: /home/gsylvia/agrobot-reverse-engineering/Agrobot/install/robot_interfaces/include/robot_interfaces/robot_interfaces/msg/detail
[0.446s] -- Up-to-date: /home/gsylvia/agrobot-reverse-engineering/Agrobot/install/robot_interfaces/include/robot_interfaces/robot_interfaces/msg/detail/joint_command__type_support.hpp
[0.446s] -- Up-to-date: /home/gsylvia/agrobot-reverse-engineering/Agrobot/install/robot_interfaces/include/robot_interfaces/robot_interfaces/msg/detail/position_command__builder.hpp
[0.446s] -- Up-to-date: /home/gsylvia/agrobot-reverse-engineering/Agrobot/install/robot_interfaces/include/robot_interfaces/robot_interfaces/msg/detail/pose_command__traits.hpp
[0.446s] -- Up-to-date: /home/gsylvia/agrobot-reverse-engineering/Agrobot/install/robot_interfaces/include/robot_interfaces/robot_interfaces/msg/detail/pose_command__builder.hpp
[0.446s] -- Up-to-date: /home/gsylvia/agrobot-reverse-engineering/Agrobot/install/robot_interfaces/include/robot_interfaces/robot_interfaces/msg/detail/position_command__traits.hpp
[0.446s] -- Up-to-date: /home/gsylvia/agrobot-reverse-engineering/Agrobot/install/robot_interfaces/include/robot_interfaces/robot_interfaces/msg/detail/position_command__struct.hpp
[0.447s] -- Up-to-date: /home/gsylvia/agrobot-reverse-engineering/Agrobot/install/robot_interfaces/include/robot_interfaces/robot_interfaces/msg/detail/joint_command__builder.hpp
[0.447s] -- Up-to-date: /home/gsylvia/agrobot-reverse-engineering/Agrobot/install/robot_interfaces/include/robot_interfaces/robot_interfaces/msg/detail/position_command__type_support.hpp
[0.447s] -- Up-to-date: /home/gsylvia/agrobot-reverse-engineering/Agrobot/install/robot_interfaces/include/robot_interfaces/robot_interfaces/msg/detail/pose_command__type_support.hpp
[0.447s] -- Up-to-date: /home/gsylvia/agrobot-reverse-engineering/Agrobot/install/robot_interfaces/include/robot_interfaces/robot_interfaces/msg/detail/joint_command__traits.hpp
[0.447s] -- Up-to-date: /home/gsylvia/agrobot-reverse-engineering/Agrobot/install/robot_interfaces/include/robot_interfaces/robot_interfaces/msg/detail/joint_command__struct.hpp
[0.447s] -- Up-to-date: /home/gsylvia/agrobot-reverse-engineering/Agrobot/install/robot_interfaces/include/robot_interfaces/robot_interfaces/msg/detail/pose_command__struct.hpp
[0.447s] -- Up-to-date: /home/gsylvia/agrobot-reverse-engineering/Agrobot/install/robot_interfaces/include/robot_interfaces/robot_interfaces/msg/rosidl_generator_cpp__visibility_control.hpp
[0.447s] -- Up-to-date: /home/gsylvia/agrobot-reverse-engineering/Agrobot/install/robot_interfaces/include/robot_interfaces/robot_interfaces/msg/position_command.hpp
[0.447s] -- Up-to-date: /home/gsylvia/agrobot-reverse-engineering/Agrobot/install/robot_interfaces/include/robot_interfaces/robot_interfaces/msg/joint_command.hpp
[0.447s] -- Up-to-date: /home/gsylvia/agrobot-reverse-engineering/Agrobot/install/robot_interfaces/include/robot_interfaces/robot_interfaces/msg/pose_command.hpp
[0.447s] -- Up-to-date: /home/gsylvia/agrobot-reverse-engineering/Agrobot/install/robot_interfaces/include/robot_interfaces/robot_interfaces
[0.447s] -- Up-to-date: /home/gsylvia/agrobot-reverse-engineering/Agrobot/install/robot_interfaces/include/robot_interfaces/robot_interfaces/srv
[0.447s] -- Up-to-date: /home/gsylvia/agrobot-reverse-engineering/Agrobot/install/robot_interfaces/include/robot_interfaces/robot_interfaces/srv/detail
[0.447s] -- Up-to-date: /home/gsylvia/agrobot-reverse-engineering/Agrobot/install/robot_interfaces/include/robot_interfaces/robot_interfaces/srv/detail/dds_fastrtps
[0.447s] -- Up-to-date: /home/gsylvia/agrobot-reverse-engineering/Agrobot/install/robot_interfaces/include/robot_interfaces/robot_interfaces/srv/detail/set_indicator__rosidl_typesupport_fastrtps_cpp.hpp
[0.447s] -- Up-to-date: /home/gsylvia/agrobot-reverse-engineering/Agrobot/install/robot_interfaces/include/robot_interfaces/robot_interfaces/action
[0.447s] -- Up-to-date: /home/gsylvia/agrobot-reverse-engineering/Agrobot/install/robot_interfaces/include/robot_interfaces/robot_interfaces/action/detail
[0.447s] -- Up-to-date: /home/gsylvia/agrobot-reverse-engineering/Agrobot/install/robot_interfaces/include/robot_interfaces/robot_interfaces/action/detail/dds_fastrtps
[0.447s] -- Up-to-date: /home/gsylvia/agrobot-reverse-engineering/Agrobot/install/robot_interfaces/include/robot_interfaces/robot_interfaces/action/detail/pick_sequence__rosidl_typesupport_fastrtps_cpp.hpp
[0.447s] -- Up-to-date: /home/gsylvia/agrobot-reverse-engineering/Agrobot/install/robot_interfaces/include/robot_interfaces/robot_interfaces/msg
[0.447s] -- Up-to-date: /home/gsylvia/agrobot-reverse-engineering/Agrobot/install/robot_interfaces/include/robot_interfaces/robot_interfaces/msg/detail
[0.447s] -- Up-to-date: /home/gsylvia/agrobot-reverse-engineering/Agrobot/install/robot_interfaces/include/robot_interfaces/robot_interfaces/msg/detail/dds_fastrtps
[0.447s] -- Up-to-date: /home/gsylvia/agrobot-reverse-engineering/Agrobot/install/robot_interfaces/include/robot_interfaces/robot_interfaces/msg/detail/joint_command__rosidl_typesupport_fastrtps_cpp.hpp
[0.447s] -- Up-to-date: /home/gsylvia/agrobot-reverse-engineering/Agrobot/install/robot_interfaces/include/robot_interfaces/robot_interfaces/msg/detail/pose_command__rosidl_typesupport_fastrtps_cpp.hpp
[0.447s] -- Up-to-date: /home/gsylvia/agrobot-reverse-engineering/Agrobot/install/robot_interfaces/include/robot_interfaces/robot_interfaces/msg/detail/position_command__rosidl_typesupport_fastrtps_cpp.hpp
[0.447s] -- Up-to-date: /home/gsylvia/agrobot-reverse-engineering/Agrobot/install/robot_interfaces/include/robot_interfaces/robot_interfaces/msg/rosidl_typesupport_fastrtps_cpp__visibility_control.h
[0.447s] -- Up-to-date: /home/gsylvia/agrobot-reverse-engineering/Agrobot/install/robot_interfaces/lib/librobot_interfaces__rosidl_typesupport_fastrtps_cpp.so
[0.447s] -- Up-to-date: /home/gsylvia/agrobot-reverse-engineering/Agrobot/install/robot_interfaces/include/robot_interfaces/robot_interfaces
[0.447s] -- Up-to-date: /home/gsylvia/agrobot-reverse-engineering/Agrobot/install/robot_interfaces/include/robot_interfaces/robot_interfaces/srv
[0.447s] -- Up-to-date: /home/gsylvia/agrobot-reverse-engineering/Agrobot/install/robot_interfaces/include/robot_interfaces/robot_interfaces/srv/detail
[0.447s] -- Up-to-date: /home/gsylvia/agrobot-reverse-engineering/Agrobot/install/robot_interfaces/include/robot_interfaces/robot_interfaces/srv/detail/set_indicator__rosidl_typesupport_introspection_c.h
[0.447s] -- Installing: /home/gsylvia/agrobot-reverse-engineering/Agrobot/install/robot_interfaces/include/robot_interfaces/robot_interfaces/srv/detail/set_indicator__type_support.c
[0.447s] -- Up-to-date: /home/gsylvia/agrobot-reverse-engineering/Agrobot/install/robot_interfaces/include/robot_interfaces/robot_interfaces/action
[0.447s] -- Up-to-date: /home/gsylvia/agrobot-reverse-engineering/Agrobot/install/robot_interfaces/include/robot_interfaces/robot_interfaces/action/detail
[0.448s] -- Up-to-date: /home/gsylvia/agrobot-reverse-engineering/Agrobot/install/robot_interfaces/include/robot_interfaces/robot_interfaces/action/detail/pick_sequence__rosidl_typesupport_introspection_c.h
[0.448s] -- Installing: /home/gsylvia/agrobot-reverse-engineering/Agrobot/install/robot_interfaces/include/robot_interfaces/robot_interfaces/action/detail/pick_sequence__type_support.c
[0.448s] -- Up-to-date: /home/gsylvia/agrobot-reverse-engineering/Agrobot/install/robot_interfaces/include/robot_interfaces/robot_interfaces/msg
[0.448s] -- Up-to-date: /home/gsylvia/agrobot-reverse-engineering/Agrobot/install/robot_interfaces/include/robot_interfaces/robot_interfaces/msg/rosidl_typesupport_introspection_c__visibility_control.h
[0.448s] -- Up-to-date: /home/gsylvia/agrobot-reverse-engineering/Agrobot/install/robot_interfaces/include/robot_interfaces/robot_interfaces/msg/detail
[0.448s] -- Installing: /home/gsylvia/agrobot-reverse-engineering/Agrobot/install/robot_interfaces/include/robot_interfaces/robot_interfaces/msg/detail/pose_command__type_support.c
[0.448s] -- Installing: /home/gsylvia/agrobot-reverse-engineering/Agrobot/install/robot_interfaces/include/robot_interfaces/robot_interfaces/msg/detail/joint_command__type_support.c
[0.448s] -- Up-to-date: /home/gsylvia/agrobot-reverse-engineering/Agrobot/install/robot_interfaces/include/robot_interfaces/robot_interfaces/msg/detail/pose_command__rosidl_typesupport_introspection_c.h
[0.448s] -- Up-to-date: /home/gsylvia/agrobot-reverse-engineering/Agrobot/install/robot_interfaces/include/robot_interfaces/robot_interfaces/msg/detail/joint_command__rosidl_typesupport_introspection_c.h
[0.448s] -- Up-to-date: /home/gsylvia/agrobot-reverse-engineering/Agrobot/install/robot_interfaces/include/robot_interfaces/robot_interfaces/msg/detail/position_command__rosidl_typesupport_introspection_c.h
[0.448s] -- Installing: /home/gsylvia/agrobot-reverse-engineering/Agrobot/install/robot_interfaces/include/robot_interfaces/robot_interfaces/msg/detail/position_command__type_support.c
[0.448s] -- Up-to-date: /home/gsylvia/agrobot-reverse-engineering/Agrobot/install/robot_interfaces/lib/librobot_interfaces__rosidl_typesupport_introspection_c.so
[0.448s] -- Up-to-date: /home/gsylvia/agrobot-reverse-engineering/Agrobot/install/robot_interfaces/lib/librobot_interfaces__rosidl_typesupport_c.so
[0.448s] -- Up-to-date: /home/gsylvia/agrobot-reverse-engineering/Agrobot/install/robot_interfaces/include/robot_interfaces/robot_interfaces
[0.448s] -- Up-to-date: /home/gsylvia/agrobot-reverse-engineering/Agrobot/install/robot_interfaces/include/robot_interfaces/robot_interfaces/srv
[0.448s] -- Up-to-date: /home/gsylvia/agrobot-reverse-engineering/Agrobot/install/robot_interfaces/include/robot_interfaces/robot_interfaces/srv/detail
[0.448s] -- Up-to-date: /home/gsylvia/agrobot-reverse-engineering/Agrobot/install/robot_interfaces/include/robot_interfaces/robot_interfaces/srv/detail/set_indicator__rosidl_typesupport_introspection_cpp.hpp
[0.448s] -- Up-to-date: /home/gsylvia/agrobot-reverse-engineering/Agrobot/install/robot_interfaces/include/robot_interfaces/robot_interfaces/srv/detail/set_indicator__type_support.cpp
[0.448s] -- Up-to-date: /home/gsylvia/agrobot-reverse-engineering/Agrobot/install/robot_interfaces/include/robot_interfaces/robot_interfaces/action
[0.448s] -- Up-to-date: /home/gsylvia/agrobot-reverse-engineering/Agrobot/install/robot_interfaces/include/robot_interfaces/robot_interfaces/action/detail
[0.448s] -- Up-to-date: /home/gsylvia/agrobot-reverse-engineering/Agrobot/install/robot_interfaces/include/robot_interfaces/robot_interfaces/action/detail/pick_sequence__type_support.cpp
[0.448s] -- Up-to-date: /home/gsylvia/agrobot-reverse-engineering/Agrobot/install/robot_interfaces/include/robot_interfaces/robot_interfaces/action/detail/pick_sequence__rosidl_typesupport_introspection_cpp.hpp
[0.448s] -- Up-to-date: /home/gsylvia/agrobot-reverse-engineering/Agrobot/install/robot_interfaces/include/robot_interfaces/robot_interfaces/msg
[0.448s] -- Up-to-date: /home/gsylvia/agrobot-reverse-engineering/Agrobot/install/robot_interfaces/include/robot_interfaces/robot_interfaces/msg/detail
[0.448s] -- Up-to-date: /home/gsylvia/agrobot-reverse-engineering/Agrobot/install/robot_interfaces/include/robot_interfaces/robot_interfaces/msg/detail/pose_command__rosidl_typesupport_introspection_cpp.hpp
[0.448s] -- Up-to-date: /home/gsylvia/agrobot-reverse-engineering/Agrobot/install/robot_interfaces/include/robot_interfaces/robot_interfaces/msg/detail/position_command__type_support.cpp
[0.448s] -- Up-to-date: /home/gsylvia/agrobot-reverse-engineering/Agrobot/install/robot_interfaces/include/robot_interfaces/robot_interfaces/msg/detail/joint_command__rosidl_typesupport_introspection_cpp.hpp
[0.448s] -- Up-to-date: /home/gsylvia/agrobot-reverse-engineering/Agrobot/install/robot_interfaces/include/robot_interfaces/robot_interfaces/msg/detail/position_command__rosidl_typesupport_introspection_cpp.hpp
[0.448s] -- Up-to-date: /home/gsylvia/agrobot-reverse-engineering/Agrobot/install/robot_interfaces/include/robot_interfaces/robot_interfaces/msg/detail/joint_command__type_support.cpp
[0.448s] -- Up-to-date: /home/gsylvia/agrobot-reverse-engineering/Agrobot/install/robot_interfaces/include/robot_interfaces/robot_interfaces/msg/detail/pose_command__type_support.cpp
[0.448s] -- Up-to-date: /home/gsylvia/agrobot-reverse-engineering/Agrobot/install/robot_interfaces/lib/librobot_interfaces__rosidl_typesupport_introspection_cpp.so
[0.448s] -- Up-to-date: /home/gsylvia/agrobot-reverse-engineering/Agrobot/install/robot_interfaces/lib/librobot_interfaces__rosidl_typesupport_cpp.so
[0.448s] -- Up-to-date: /home/gsylvia/agrobot-reverse-engineering/Agrobot/install/robot_interfaces/share/robot_interfaces/environment/pythonpath.sh
[0.448s] -- Up-to-date: /home/gsylvia/agrobot-reverse-engineering/Agrobot/install/robot_interfaces/share/robot_interfaces/environment/pythonpath.dsv
[0.448s] -- Up-to-date: /home/gsylvia/agrobot-reverse-engineering/Agrobot/install/robot_interfaces/lib/python3.12/site-packages/robot_interfaces-0.0.0-py3.12.egg-info
[0.448s] -- Installing: /home/gsylvia/agrobot-reverse-engineering/Agrobot/install/robot_interfaces/lib/python3.12/site-packages/robot_interfaces-0.0.0-py3.12.egg-info/PKG-INFO
[0.448s] -- Installing: /home/gsylvia/agrobot-reverse-engineering/Agrobot/install/robot_interfaces/lib/python3.12/site-packages/robot_interfaces-0.0.0-py3.12.egg-info/dependency_links.txt
[0.448s] -- Installing: /home/gsylvia/agrobot-reverse-engineering/Agrobot/install/robot_interfaces/lib/python3.12/site-packages/robot_interfaces-0.0.0-py3.12.egg-info/top_level.txt
[0.449s] -- Installing: /home/gsylvia/agrobot-reverse-engineering/Agrobot/install/robot_interfaces/lib/python3.12/site-packages/robot_interfaces-0.0.0-py3.12.egg-info/SOURCES.txt
[0.449s] -- Up-to-date: /home/gsylvia/agrobot-reverse-engineering/Agrobot/install/robot_interfaces/lib/python3.12/site-packages/robot_interfaces
[0.449s] -- Up-to-date: /home/gsylvia/agrobot-reverse-engineering/Agrobot/install/robot_interfaces/lib/python3.12/site-packages/robot_interfaces/_robot_interfaces_s.ep.rosidl_typesupport_fastrtps_c.c
[0.449s] -- Up-to-date: /home/gsylvia/agrobot-reverse-engineering/Agrobot/install/robot_interfaces/lib/python3.12/site-packages/robot_interfaces/robot_interfaces_s__rosidl_typesupport_c.so
[0.449s] -- Up-to-date: /home/gsylvia/agrobot-reverse-engineering/Agrobot/install/robot_interfaces/lib/python3.12/site-packages/robot_interfaces/robot_interfaces_s__rosidl_typesupport_fastrtps_c.so
[0.449s] -- Up-to-date: /home/gsylvia/agrobot-reverse-engineering/Agrobot/install/robot_interfaces/lib/python3.12/site-packages/robot_interfaces/_robot_interfaces_s.ep.rosidl_typesupport_c.c
[0.449s] -- Up-to-date: /home/gsylvia/agrobot-reverse-engineering/Agrobot/install/robot_interfaces/lib/python3.12/site-packages/robot_interfaces/srv
[0.449s] -- Up-to-date: /home/gsylvia/agrobot-reverse-engineering/Agrobot/install/robot_interfaces/lib/python3.12/site-packages/robot_interfaces/srv/_set_indicator_s.c
[0.449s] -- Up-to-date: /home/gsylvia/agrobot-reverse-engineering/Agrobot/install/robot_interfaces/lib/python3.12/site-packages/robot_interfaces/srv/__init__.py
[0.449s] -- Up-to-date: /home/gsylvia/agrobot-reverse-engineering/Agrobot/install/robot_interfaces/lib/python3.12/site-packages/robot_interfaces/srv/_set_indicator.py
[0.449s] -- Up-to-date: /home/gsylvia/agrobot-reverse-engineering/Agrobot/install/robot_interfaces/lib/python3.12/site-packages/robot_interfaces/action
[0.449s] -- Up-to-date: /home/gsylvia/agrobot-reverse-engineering/Agrobot/install/robot_interfaces/lib/python3.12/site-packages/robot_interfaces/action/__init__.py
[0.449s] -- Up-to-date: /home/gsylvia/agrobot-reverse-engineering/Agrobot/install/robot_interfaces/lib/python3.12/site-packages/robot_interfaces/action/_pick_sequence_s.c
[0.449s] -- Up-to-date: /home/gsylvia/agrobot-reverse-engineering/Agrobot/install/robot_interfaces/lib/python3.12/site-packages/robot_interfaces/action/_pick_sequence.py
[0.449s] -- Up-to-date: /home/gsylvia/agrobot-reverse-engineering/Agrobot/install/robot_interfaces/lib/python3.12/site-packages/robot_interfaces/__init__.py
[0.449s] -- Up-to-date: /home/gsylvia/agrobot-reverse-engineering/Agrobot/install/robot_interfaces/lib/python3.12/site-packages/robot_interfaces/_robot_interfaces_s.ep.rosidl_typesupport_introspection_c.c
[0.449s] -- Up-to-date: /home/gsylvia/agrobot-reverse-engineering/Agrobot/install/robot_interfaces/lib/python3.12/site-packages/robot_interfaces/robot_interfaces_s__rosidl_typesupport_introspection_c.so
[0.449s] -- Up-to-date: /home/gsylvia/agrobot-reverse-engineering/Agrobot/install/robot_interfaces/lib/python3.12/site-packages/robot_interfaces/msg
[0.449s] -- Up-to-date: /home/gsylvia/agrobot-reverse-engineering/Agrobot/install/robot_interfaces/lib/python3.12/site-packages/robot_interfaces/msg/_position_command.py
[0.449s] -- Up-to-date: /home/gsylvia/agrobot-reverse-engineering/Agrobot/install/robot_interfaces/lib/python3.12/site-packages/robot_interfaces/msg/_joint_command_s.c
[0.449s] -- Up-to-date: /home/gsylvia/agrobot-reverse-engineering/Agrobot/install/robot_interfaces/lib/python3.12/site-packages/robot_interfaces/msg/__init__.py
[0.449s] -- Up-to-date: /home/gsylvia/agrobot-reverse-engineering/Agrobot/install/robot_interfaces/lib/python3.12/site-packages/robot_interfaces/msg/_pose_command.py
[0.449s] -- Up-to-date: /home/gsylvia/agrobot-reverse-engineering/Agrobot/install/robot_interfaces/lib/python3.12/site-packages/robot_interfaces/msg/_position_command_s.c
[0.449s] -- Up-to-date: /home/gsylvia/agrobot-reverse-engineering/Agrobot/install/robot_interfaces/lib/python3.12/site-packages/robot_interfaces/msg/_pose_command_s.c
[0.449s] -- Up-to-date: /home/gsylvia/agrobot-reverse-engineering/Agrobot/install/robot_interfaces/lib/python3.12/site-packages/robot_interfaces/msg/_joint_command.py
[0.478s] Listing '/home/gsylvia/agrobot-reverse-engineering/Agrobot/install/robot_interfaces/lib/python3.12/site-packages/robot_interfaces'...
[0.478s] Listing '/home/gsylvia/agrobot-reverse-engineering/Agrobot/install/robot_interfaces/lib/python3.12/site-packages/robot_interfaces/action'...
[0.478s] Listing '/home/gsylvia/agrobot-reverse-engineering/Agrobot/install/robot_interfaces/lib/python3.12/site-packages/robot_interfaces/msg'...
[0.478s] Listing '/home/gsylvia/agrobot-reverse-engineering/Agrobot/install/robot_interfaces/lib/python3.12/site-packages/robot_interfaces/srv'...
[0.483s] -- Up-to-date: /home/gsylvia/agrobot-reverse-engineering/Agrobot/install/robot_interfaces/lib/python3.12/site-packages/robot_interfaces/robot_interfaces_s__rosidl_typesupport_fastrtps_c.so
[0.484s] -- Up-to-date: /home/gsylvia/agrobot-reverse-engineering/Agrobot/install/robot_interfaces/lib/python3.12/site-packages/robot_interfaces/robot_interfaces_s__rosidl_typesupport_introspection_c.so
[0.485s] -- Up-to-date: /home/gsylvia/agrobot-reverse-engineering/Agrobot/install/robot_interfaces/lib/python3.12/site-packages/robot_interfaces/robot_interfaces_s__rosidl_typesupport_c.so
[0.486s] -- Up-to-date: /home/gsylvia/agrobot-reverse-engineering/Agrobot/install/robot_interfaces/lib/librobot_interfaces__rosidl_generator_py.so
[0.486s] -- Up-to-date: /home/gsylvia/agrobot-reverse-engineering/Agrobot/install/robot_interfaces/share/robot_interfaces/rust
[0.486s] -- Up-to-date: /home/gsylvia/agrobot-reverse-engineering/Agrobot/install/robot_interfaces/share/robot_interfaces/rust/build.rs
[0.486s] -- Up-to-date: /home/gsylvia/agrobot-reverse-engineering/Agrobot/install/robot_interfaces/share/robot_interfaces/rust/Cargo.toml
[0.487s] -- Up-to-date: /home/gsylvia/agrobot-reverse-engineering/Agrobot/install/robot_interfaces/share/robot_interfaces/rust/src
[0.487s] -- Up-to-date: /home/gsylvia/agrobot-reverse-engineering/Agrobot/install/robot_interfaces/share/robot_interfaces/rust/src/msg.rs
[0.487s] -- Up-to-date: /home/gsylvia/agrobot-reverse-engineering/Agrobot/install/robot_interfaces/share/robot_interfaces/rust/src/srv.rs
[0.487s] -- Up-to-date: /home/gsylvia/agrobot-reverse-engineering/Agrobot/install/robot_interfaces/share/robot_interfaces/rust/src/srv
[0.487s] -- Up-to-date: /home/gsylvia/agrobot-reverse-engineering/Agrobot/install/robot_interfaces/share/robot_interfaces/rust/src/srv/rmw.rs
[0.487s] -- Up-to-date: /home/gsylvia/agrobot-reverse-engineering/Agrobot/install/robot_interfaces/share/robot_interfaces/rust/src/action
[0.487s] -- Up-to-date: /home/gsylvia/agrobot-reverse-engineering/Agrobot/install/robot_interfaces/share/robot_interfaces/rust/src/action/rmw.rs
[0.487s] -- Up-to-date: /home/gsylvia/agrobot-reverse-engineering/Agrobot/install/robot_interfaces/share/robot_interfaces/rust/src/action.rs
[0.487s] -- Up-to-date: /home/gsylvia/agrobot-reverse-engineering/Agrobot/install/robot_interfaces/share/robot_interfaces/rust/src/msg
[0.487s] -- Up-to-date: /home/gsylvia/agrobot-reverse-engineering/Agrobot/install/robot_interfaces/share/robot_interfaces/rust/src/msg/rmw.rs
[0.487s] -- Up-to-date: /home/gsylvia/agrobot-reverse-engineering/Agrobot/install/robot_interfaces/share/robot_interfaces/rust/src/lib.rs
[0.487s] -- Up-to-date: /home/gsylvia/agrobot-reverse-engineering/Agrobot/install/robot_interfaces/share/robot_interfaces/msg/JointCommand.idl
[0.487s] -- Up-to-date: /home/gsylvia/agrobot-reverse-engineering/Agrobot/install/robot_interfaces/share/robot_interfaces/msg/PoseCommand.idl
[0.487s] -- Up-to-date: /home/gsylvia/agrobot-reverse-engineering/Agrobot/install/robot_interfaces/share/robot_interfaces/msg/PositionCommand.idl
[0.487s] -- Up-to-date: /home/gsylvia/agrobot-reverse-engineering/Agrobot/install/robot_interfaces/share/robot_interfaces/action/PickSequence.idl
[0.487s] -- Up-to-date: /home/gsylvia/agrobot-reverse-engineering/Agrobot/install/robot_interfaces/share/robot_interfaces/srv/SetIndicator.idl
[0.488s] -- Up-to-date: /home/gsylvia/agrobot-reverse-engineering/Agrobot/install/robot_interfaces/share/robot_interfaces/msg/JointCommand.msg
[0.488s] -- Up-to-date: /home/gsylvia/agrobot-reverse-engineering/Agrobot/install/robot_interfaces/share/robot_interfaces/msg/PoseCommand.msg
[0.488s] -- Up-to-date: /home/gsylvia/agrobot-reverse-engineering/Agrobot/install/robot_interfaces/share/robot_interfaces/msg/PositionCommand.msg
[0.488s] -- Up-to-date: /home/gsylvia/agrobot-reverse-engineering/Agrobot/install/robot_interfaces/share/robot_interfaces/action/PickSequence.action
[0.488s] -- Up-to-date: /home/gsylvia/agrobot-reverse-engineering/Agrobot/install/robot_interfaces/share/robot_interfaces/srv/SetIndicator.srv
[0.488s] -- Up-to-date: /home/gsylvia/agrobot-reverse-engineering/Agrobot/install/robot_interfaces/share/ament_index/resource_index/package_run_dependencies/robot_interfaces
[0.488s] -- Up-to-date: /home/gsylvia/agrobot-reverse-engineering/Agrobot/install/robot_interfaces/share/ament_index/resource_index/parent_prefix_path/robot_interfaces
[0.488s] -- Up-to-date: /home/gsylvia/agrobot-reverse-engineering/Agrobot/install/robot_interfaces/share/robot_interfaces/environment/ament_prefix_path.sh
[0.488s] -- Up-to-date: /home/gsylvia/agrobot-reverse-engineering/Agrobot/install/robot_interfaces/share/robot_interfaces/environment/ament_prefix_path.dsv
[0.488s] -- Up-to-date: /home/gsylvia/agrobot-reverse-engineering/Agrobot/install/robot_interfaces/share/robot_interfaces/environment/path.sh
[0.488s] -- Up-to-date: /home/gsylvia/agrobot-reverse-engineering/Agrobot/install/robot_interfaces/share/robot_interfaces/environment/path.dsv
[0.488s] -- Up-to-date: /home/gsylvia/agrobot-reverse-engineering/Agrobot/install/robot_interfaces/share/robot_interfaces/local_setup.bash
[0.488s] -- Up-to-date: /home/gsylvia/agrobot-reverse-engineering/Agrobot/install/robot_interfaces/share/robot_interfaces/local_setup.sh
[0.488s] -- Up-to-date: /home/gsylvia/agrobot-reverse-engineering/Agrobot/install/robot_interfaces/share/robot_interfaces/local_setup.zsh
[0.488s] -- Up-to-date: /home/gsylvia/agrobot-reverse-engineering/Agrobot/install/robot_interfaces/share/robot_interfaces/local_setup.dsv
[0.488s] -- Installing: /home/gsylvia/agrobot-reverse-engineering/Agrobot/install/robot_interfaces/share/robot_interfaces/package.dsv
[0.489s] -- Up-to-date: /home/gsylvia/agrobot-reverse-engineering/Agrobot/install/robot_interfaces/share/ament_index/resource_index/packages/robot_interfaces
[0.489s] -- Up-to-date: /home/gsylvia/agrobot-reverse-engineering/Agrobot/install/robot_interfaces/share/robot_interfaces/cmake/export_robot_interfaces__rosidl_generator_cExport.cmake
[0.489s] -- Up-to-date: /home/gsylvia/agrobot-reverse-engineering/Agrobot/install/robot_interfaces/share/robot_interfaces/cmake/export_robot_interfaces__rosidl_generator_cExport-noconfig.cmake
[0.489s] -- Up-to-date: /home/gsylvia/agrobot-reverse-engineering/Agrobot/install/robot_interfaces/share/robot_interfaces/cmake/export_robot_interfaces__rosidl_typesupport_fastrtps_cExport.cmake
[0.489s] -- Up-to-date: /home/gsylvia/agrobot-reverse-engineering/Agrobot/install/robot_interfaces/share/robot_interfaces/cmake/export_robot_interfaces__rosidl_typesupport_fastrtps_cExport-noconfig.cmake
[0.489s] -- Up-to-date: /home/gsylvia/agrobot-reverse-engineering/Agrobot/install/robot_interfaces/share/robot_interfaces/cmake/export_robot_interfaces__rosidl_generator_cppExport.cmake
[0.490s] -- Up-to-date: /home/gsylvia/agrobot-reverse-engineering/Agrobot/install/robot_interfaces/share/robot_interfaces/cmake/export_robot_interfaces__rosidl_typesupport_fastrtps_cppExport.cmake
[0.490s] -- Up-to-date: /home/gsylvia/agrobot-reverse-engineering/Agrobot/install/robot_interfaces/share/robot_interfaces/cmake/export_robot_interfaces__rosidl_typesupport_fastrtps_cppExport-noconfig.cmake
[0.490s] -- Up-to-date: /home/gsylvia/agrobot-reverse-engineering/Agrobot/install/robot_interfaces/share/robot_interfaces/cmake/robot_interfaces__rosidl_typesupport_introspection_cExport.cmake
[0.490s] -- Up-to-date: /home/gsylvia/agrobot-reverse-engineering/Agrobot/install/robot_interfaces/share/robot_interfaces/cmake/robot_interfaces__rosidl_typesupport_introspection_cExport-noconfig.cmake
[0.491s] -- Up-to-date: /home/gsylvia/agrobot-reverse-engineering/Agrobot/install/robot_interfaces/share/robot_interfaces/cmake/robot_interfaces__rosidl_typesupport_cExport.cmake
[0.491s] -- Up-to-date: /home/gsylvia/agrobot-reverse-engineering/Agrobot/install/robot_interfaces/share/robot_interfaces/cmake/robot_interfaces__rosidl_typesupport_cExport-noconfig.cmake
[0.491s] -- Up-to-date: /home/gsylvia/agrobot-reverse-engineering/Agrobot/install/robot_interfaces/share/robot_interfaces/cmake/robot_interfaces__rosidl_typesupport_introspection_cppExport.cmake
[0.491s] -- Up-to-date: /home/gsylvia/agrobot-reverse-engineering/Agrobot/install/robot_interfaces/share/robot_interfaces/cmake/robot_interfaces__rosidl_typesupport_introspection_cppExport-noconfig.cmake
[0.492s] -- Up-to-date: /home/gsylvia/agrobot-reverse-engineering/Agrobot/install/robot_interfaces/share/robot_interfaces/cmake/robot_interfaces__rosidl_typesupport_cppExport.cmake
[0.492s] -- Up-to-date: /home/gsylvia/agrobot-reverse-engineering/Agrobot/install/robot_interfaces/share/robot_interfaces/cmake/robot_interfaces__rosidl_typesupport_cppExport-noconfig.cmake
[0.492s] -- Up-to-date: /home/gsylvia/agrobot-reverse-engineering/Agrobot/install/robot_interfaces/share/robot_interfaces/cmake/export_robot_interfaces__rosidl_generator_pyExport.cmake
[0.493s] -- Up-to-date: /home/gsylvia/agrobot-reverse-engineering/Agrobot/install/robot_interfaces/share/robot_interfaces/cmake/export_robot_interfaces__rosidl_generator_pyExport-noconfig.cmake
[0.493s] -- Up-to-date: /home/gsylvia/agrobot-reverse-engineering/Agrobot/install/robot_interfaces/share/robot_interfaces/cmake/rosidl_cmake-extras.cmake
[0.493s] -- Up-to-date: /home/gsylvia/agrobot-reverse-engineering/Agrobot/install/robot_interfaces/share/robot_interfaces/cmake/ament_cmake_export_dependencies-extras.cmake
[0.493s] -- Up-to-date: /home/gsylvia/agrobot-reverse-engineering/Agrobot/install/robot_interfaces/share/robot_interfaces/cmake/ament_cmake_export_include_directories-extras.cmake
[0.493s] -- Up-to-date: /home/gsylvia/agrobot-reverse-engineering/Agrobot/install/robot_interfaces/share/robot_interfaces/cmake/ament_cmake_export_libraries-extras.cmake
[0.493s] -- Up-to-date: /home/gsylvia/agrobot-reverse-engineering/Agrobot/install/robot_interfaces/share/robot_interfaces/cmake/ament_cmake_export_targets-extras.cmake
[0.493s] -- Up-to-date: /home/gsylvia/agrobot-reverse-engineering/Agrobot/install/robot_interfaces/share/robot_interfaces/cmake/rosidl_cmake_export_typesupport_targets-extras.cmake
[0.493s] -- Up-to-date: /home/gsylvia/agrobot-reverse-engineering/Agrobot/install/robot_interfaces/share/robot_interfaces/cmake/rosidl_cmake_export_typesupport_libraries-extras.cmake
[0.493s] -- Up-to-date: /home/gsylvia/agrobot-reverse-engineering/Agrobot/install/robot_interfaces/share/robot_interfaces/cmake/rosidl_cmake_aggregate_target-extras.cmake
[0.493s] -- Up-to-date: /home/gsylvia/agrobot-reverse-engineering/Agrobot/install/robot_interfaces/share/robot_interfaces/cmake/robot_interfacesConfig.cmake
[0.493s] -- Up-to-date: /home/gsylvia/agrobot-reverse-engineering/Agrobot/install/robot_interfaces/share/robot_interfaces/cmake/robot_interfacesConfig-version.cmake
[0.493s] -- Up-to-date: /home/gsylvia/agrobot-reverse-engineering/Agrobot/install/robot_interfaces/share/robot_interfaces/package.xml
[0.496s] Invoked command in '/home/gsylvia/agrobot-reverse-engineering/Agrobot/build/robot_interfaces' returned '0': CMAKE_PREFIX_PATH=${CMAKE_PREFIX_PATH}:/opt/ros/jazzy /usr/bin/cmake --install /home/gsylvia/agrobot-reverse-engineering/Agrobot/build/robot_interfaces
