[INFO] [launch]: All log files can be found below /home/gsylvia/agrobot-reverse-engineering/build_logs/run-dgJ1XH/commander/2026-09-23-16-35-32-589647-GarrettPC-678230
[INFO] [launch]: Default logging verbosity is set to INFO
[INFO] [commander-1]: process started with pid [678261]
[INFO] [tomato_picker.py-2]: process started with pid [678262]
[INFO] [static_transform_publisher-3]: process started with pid [678263]
[static_transform_publisher-3] [INFO] [1790195733.278749215] [static_transform_publisher_trTNJRSipsDYcBlV]: Spinning until stopped - publishing transform
[static_transform_publisher-3] translation: ('0.000000', '0.200000', '0.000000')
[static_transform_publisher-3] rotation: ('-0.707108', '0.000000', '0.000000', '0.707105')
[static_transform_publisher-3] from 'linear_rail_link' to 'camera_color_optical_frame'
[commander-1] [INFO] [1790195733.319588517] [moveit_3350385858.moveit.ros.rdf_loader]: Loaded robot model in 0.00339479 seconds
[commander-1] [INFO] [1790195733.319787249] [moveit_3350385858.moveit.core.robot_model]: Loading robot model 'robot'...
[commander-1] [INFO] [1790195733.496787426] [trac_ik_kinematics_plugin.trac_ik_kinematics_plugin]: IK Using joint base_link 0 1.565
[commander-1] [INFO] [1790195733.496827650] [trac_ik_kinematics_plugin.trac_ik_kinematics_plugin]: IK Using joint link1 -3.14159 3.14159
[commander-1] [INFO] [1790195733.496830270] [trac_ik_kinematics_plugin.trac_ik_kinematics_plugin]: IK Using joint link2 -1.57079 1.57079
[commander-1] [INFO] [1790195733.496831958] [trac_ik_kinematics_plugin.trac_ik_kinematics_plugin]: IK Using joint link3 -4.5 1.5
[commander-1] [INFO] [1790195733.496833928] [trac_ik_kinematics_plugin.trac_ik_kinematics_plugin]: IK Using joint link4 -3.14159 3.14159
[commander-1] [INFO] [1790195733.496835351] [trac_ik_kinematics_plugin.trac_ik_kinematics_plugin]: IK Using joint link5 -5 5
[commander-1] [INFO] [1790195733.496836862] [trac_ik_kinematics_plugin.trac_ik_kinematics_plugin]: IK Using joint link6 0 2.0944
[commander-1] [INFO] [1790195733.496837737] [trac_ik_kinematics_plugin.trac_ik_kinematics_plugin]: Using solve type Distance
[commander-1] [INFO] [1790195733.522523395] [moveit_3350385858.moveit.ros.move_group_interface]: Ready to take commands for planning group arm.
[commander-1] [INFO] [1790195733.532220525] [commander]: Commander node initialized and ready to receive commands.
[tomato_picker.py-2] [INFO] [1790195733.809393003] [tomato_picker]: TomatoPicker ready, waiting for detections...
