/commander
  Subscribers:
    /agrobot/joint_cmd: robot_interfaces/msg/JointCommand
    /agrobot/pose_cmd: robot_interfaces/msg/PoseCommand
    /agrobot/position_cmd: robot_interfaces/msg/PositionCommand
    /agrobot/proceed: std_msgs/msg/Bool
    /parameter_events: rcl_interfaces/msg/ParameterEvent
  Publishers:
    /attached_collision_object: moveit_msgs/msg/AttachedCollisionObject
    /parameter_events: rcl_interfaces/msg/ParameterEvent
    /rosout: rcl_interfaces/msg/Log
    /trajectory_execution_event: std_msgs/msg/String
  Service Servers:
    /commander/describe_parameters: rcl_interfaces/srv/DescribeParameters
    /commander/get_parameter_types: rcl_interfaces/srv/GetParameterTypes
    /commander/get_parameters: rcl_interfaces/srv/GetParameters
    /commander/get_type_description: type_description_interfaces/srv/GetTypeDescription
    /commander/list_parameters: rcl_interfaces/srv/ListParameters
    /commander/set_parameters: rcl_interfaces/srv/SetParameters
    /commander/set_parameters_atomically: rcl_interfaces/srv/SetParametersAtomically
  Service Clients:
    /compute_cartesian_path: moveit_msgs/srv/GetCartesianPath
    /get_planner_params: moveit_msgs/srv/GetPlannerParams
    /query_planner_interface: moveit_msgs/srv/QueryPlannerInterfaces
    /set_planner_params: moveit_msgs/srv/SetPlannerParams
  Action Servers:
    /agrobot/pick_sequence: robot_interfaces/action/PickSequence
  Action Clients:
    /execute_trajectory: moveit_msgs/action/ExecuteTrajectory
    /move_action: moveit_msgs/action/MoveGroup
/tomato_picker
  Subscribers:
    /agrobot/safe_to_pick: std_msgs/msg/Bool
    /agrobot/tomato_spatial: std_msgs/msg/String
    /tf: tf2_msgs/msg/TFMessage
    /tf_static: tf2_msgs/msg/TFMessage
  Publishers:
    /agrobot/pick_targets: geometry_msgs/msg/PoseArray
    /parameter_events: rcl_interfaces/msg/ParameterEvent
    /rosout: rcl_interfaces/msg/Log
  Service Servers:
    /tomato_picker/describe_parameters: rcl_interfaces/srv/DescribeParameters
    /tomato_picker/get_parameter_types: rcl_interfaces/srv/GetParameterTypes
    /tomato_picker/get_parameters: rcl_interfaces/srv/GetParameters
    /tomato_picker/get_type_description: type_description_interfaces/srv/GetTypeDescription
    /tomato_picker/list_parameters: rcl_interfaces/srv/ListParameters
    /tomato_picker/set_parameters: rcl_interfaces/srv/SetParameters
    /tomato_picker/set_parameters_atomically: rcl_interfaces/srv/SetParametersAtomically
  Service Clients:

  Action Servers:

  Action Clients:

/move_group
  Subscribers:
    /parameter_events: rcl_interfaces/msg/ParameterEvent
    /trajectory_execution_event: std_msgs/msg/String
  Publishers:
    /display_contacts: visualization_msgs/msg/MarkerArray
    /display_planned_path: moveit_msgs/msg/DisplayTrajectory
    /parameter_events: rcl_interfaces/msg/ParameterEvent
    /pipeline_state: moveit_msgs/msg/PipelineState
    /robot_description_semantic: std_msgs/msg/String
    /rosout: rcl_interfaces/msg/Log
  Service Servers:
    /apply_planning_scene: moveit_msgs/srv/ApplyPlanningScene
    /check_state_validity: moveit_msgs/srv/GetStateValidity
    /clear_octomap: std_srvs/srv/Empty
    /compute_cartesian_path: moveit_msgs/srv/GetCartesianPath
    /compute_fk: moveit_msgs/srv/GetPositionFK
    /compute_ik: moveit_msgs/srv/GetPositionIK
    /get_planner_params: moveit_msgs/srv/GetPlannerParams
    /get_urdf: moveit_msgs/srv/GetGroupUrdf
    /load_geometry_from_file: moveit_msgs/srv/LoadGeometryFromFile
    /load_map: moveit_msgs/srv/LoadMap
    /move_group/describe_parameters: rcl_interfaces/srv/DescribeParameters
    /move_group/get_parameter_types: rcl_interfaces/srv/GetParameterTypes
    /move_group/get_parameters: rcl_interfaces/srv/GetParameters
    /move_group/get_type_description: type_description_interfaces/srv/GetTypeDescription
    /move_group/list_parameters: rcl_interfaces/srv/ListParameters
    /move_group/set_parameters: rcl_interfaces/srv/SetParameters
    /move_group/set_parameters_atomically: rcl_interfaces/srv/SetParametersAtomically
    /plan_kinematic_path: moveit_msgs/srv/GetMotionPlan
    /plan_sequence_path: moveit_msgs/srv/GetMotionSequence
    /query_planner_interface: moveit_msgs/srv/QueryPlannerInterfaces
    /save_geometry_to_file: moveit_msgs/srv/SaveGeometryToFile
    /save_map: moveit_msgs/srv/SaveMap
    /set_planner_params: moveit_msgs/srv/SetPlannerParams
  Service Clients:

  Action Servers:
    /execute_trajectory: moveit_msgs/action/ExecuteTrajectory
    /move_action: moveit_msgs/action/MoveGroup
    /sequence_move_group: moveit_msgs/action/MoveGroupSequence
  Action Clients:

/controller_manager
  Subscribers:
    /parameter_events: rcl_interfaces/msg/ParameterEvent
    /robot_description: std_msgs/msg/String
  Publishers:
    /controller_manager/activity: controller_manager_msgs/msg/ControllerManagerActivity
    /controller_manager/introspection_data/full: pal_statistics_msgs/msg/Statistics
    /controller_manager/introspection_data/names: pal_statistics_msgs/msg/StatisticsNames
    /controller_manager/introspection_data/values: pal_statistics_msgs/msg/StatisticsValues
    /controller_manager/statistics/full: pal_statistics_msgs/msg/Statistics
    /controller_manager/statistics/names: pal_statistics_msgs/msg/StatisticsNames
    /controller_manager/statistics/values: pal_statistics_msgs/msg/StatisticsValues
    /diagnostics: diagnostic_msgs/msg/DiagnosticArray
    /parameter_events: rcl_interfaces/msg/ParameterEvent
    /rosout: rcl_interfaces/msg/Log
  Service Servers:
    /controller_manager/cleanup_controller: controller_manager_msgs/srv/CleanupController
    /controller_manager/configure_controller: controller_manager_msgs/srv/ConfigureController
    /controller_manager/describe_parameters: rcl_interfaces/srv/DescribeParameters
    /controller_manager/get_logger_levels: rcl_interfaces/srv/GetLoggerLevels
    /controller_manager/get_parameter_types: rcl_interfaces/srv/GetParameterTypes
    /controller_manager/get_parameters: rcl_interfaces/srv/GetParameters
    /controller_manager/get_type_description: type_description_interfaces/srv/GetTypeDescription
    /controller_manager/list_controller_types: controller_manager_msgs/srv/ListControllerTypes
    /controller_manager/list_controllers: controller_manager_msgs/srv/ListControllers
    /controller_manager/list_hardware_components: controller_manager_msgs/srv/ListHardwareComponents
    /controller_manager/list_hardware_interfaces: controller_manager_msgs/srv/ListHardwareInterfaces
    /controller_manager/list_parameters: rcl_interfaces/srv/ListParameters
    /controller_manager/load_controller: controller_manager_msgs/srv/LoadController
    /controller_manager/reload_controller_libraries: controller_manager_msgs/srv/ReloadControllerLibraries
    /controller_manager/set_hardware_component_state: controller_manager_msgs/srv/SetHardwareComponentState
    /controller_manager/set_logger_levels: rcl_interfaces/srv/SetLoggerLevels
    /controller_manager/set_parameters: rcl_interfaces/srv/SetParameters
    /controller_manager/set_parameters_atomically: rcl_interfaces/srv/SetParametersAtomically
    /controller_manager/switch_controller: controller_manager_msgs/srv/SwitchController
    /controller_manager/unload_controller: controller_manager_msgs/srv/UnloadController
  Service Clients:

  Action Servers:

  Action Clients:

/arm_controller
  Subscribers:
    /arm_controller/joint_trajectory: trajectory_msgs/msg/JointTrajectory
    /arm_controller/speed_scaling_input: control_msgs/msg/SpeedScalingFactor
    /parameter_events: rcl_interfaces/msg/ParameterEvent
  Publishers:
    /arm_controller/controller_state: control_msgs/msg/JointTrajectoryControllerState
    /arm_controller/transition_event: lifecycle_msgs/msg/TransitionEvent
    /parameter_events: rcl_interfaces/msg/ParameterEvent
    /rosout: rcl_interfaces/msg/Log
  Service Servers:
    /arm_controller/describe_parameters: rcl_interfaces/srv/DescribeParameters
    /arm_controller/get_logger_levels: rcl_interfaces/srv/GetLoggerLevels
    /arm_controller/get_parameter_types: rcl_interfaces/srv/GetParameterTypes
    /arm_controller/get_parameters: rcl_interfaces/srv/GetParameters
    /arm_controller/get_type_description: type_description_interfaces/srv/GetTypeDescription
    /arm_controller/list_parameters: rcl_interfaces/srv/ListParameters
    /arm_controller/query_state: control_msgs/srv/QueryTrajectoryState
    /arm_controller/set_logger_levels: rcl_interfaces/srv/SetLoggerLevels
    /arm_controller/set_parameters: rcl_interfaces/srv/SetParameters
    /arm_controller/set_parameters_atomically: rcl_interfaces/srv/SetParametersAtomically
  Service Clients:

  Action Servers:
    /arm_controller/follow_joint_trajectory: control_msgs/action/FollowJointTrajectory
  Action Clients:

/joint_state_broadcaster
  Subscribers:
    /parameter_events: rcl_interfaces/msg/ParameterEvent
  Publishers:
    /dynamic_joint_states: control_msgs/msg/DynamicJointState
    /joint_state_broadcaster/transition_event: lifecycle_msgs/msg/TransitionEvent
    /joint_states: sensor_msgs/msg/JointState
    /parameter_events: rcl_interfaces/msg/ParameterEvent
    /rosout: rcl_interfaces/msg/Log
  Service Servers:
    /joint_state_broadcaster/describe_parameters: rcl_interfaces/srv/DescribeParameters
    /joint_state_broadcaster/get_logger_levels: rcl_interfaces/srv/GetLoggerLevels
    /joint_state_broadcaster/get_parameter_types: rcl_interfaces/srv/GetParameterTypes
    /joint_state_broadcaster/get_parameters: rcl_interfaces/srv/GetParameters
    /joint_state_broadcaster/get_type_description: type_description_interfaces/srv/GetTypeDescription
    /joint_state_broadcaster/list_parameters: rcl_interfaces/srv/ListParameters
    /joint_state_broadcaster/set_logger_levels: rcl_interfaces/srv/SetLoggerLevels
    /joint_state_broadcaster/set_parameters: rcl_interfaces/srv/SetParameters
    /joint_state_broadcaster/set_parameters_atomically: rcl_interfaces/srv/SetParametersAtomically
  Service Clients:

  Action Servers:

  Action Clients:

/robot_state_publisher
  Subscribers:
    /joint_states: sensor_msgs/msg/JointState
    /parameter_events: rcl_interfaces/msg/ParameterEvent
  Publishers:
    /parameter_events: rcl_interfaces/msg/ParameterEvent
    /robot_description: std_msgs/msg/String
    /rosout: rcl_interfaces/msg/Log
    /tf: tf2_msgs/msg/TFMessage
    /tf_static: tf2_msgs/msg/TFMessage
  Service Servers:
    /robot_state_publisher/describe_parameters: rcl_interfaces/srv/DescribeParameters
    /robot_state_publisher/get_parameter_types: rcl_interfaces/srv/GetParameterTypes
    /robot_state_publisher/get_parameters: rcl_interfaces/srv/GetParameters
    /robot_state_publisher/get_type_description: type_description_interfaces/srv/GetTypeDescription
    /robot_state_publisher/list_parameters: rcl_interfaces/srv/ListParameters
    /robot_state_publisher/set_parameters: rcl_interfaces/srv/SetParameters
    /robot_state_publisher/set_parameters_atomically: rcl_interfaces/srv/SetParametersAtomically
  Service Clients:

  Action Servers:

  Action Clients:

/rviz
  Subscribers:
    /display_planned_path: moveit_msgs/msg/DisplayTrajectory
    /parameter_events: rcl_interfaces/msg/ParameterEvent
    /recognized_object_array: object_recognition_msgs/msg/RecognizedObjectArray
    /rviz_moveit_motion_planning_display/robot_interaction_interactive_marker_topic/feedback: visualization_msgs/msg/InteractiveMarkerFeedback
  Publishers:
    /attached_collision_object: moveit_msgs/msg/AttachedCollisionObject
    /parameter_events: rcl_interfaces/msg/ParameterEvent
    /planning_scene: moveit_msgs/msg/PlanningScene
    /planning_scene_world: moveit_msgs/msg/PlanningSceneWorld
    /rosout: rcl_interfaces/msg/Log
    /rviz_moveit_motion_planning_display/robot_interaction_interactive_marker_topic/update: visualization_msgs/msg/InteractiveMarkerUpdate
    /trajectory_execution_event: std_msgs/msg/String
  Service Servers:
    /rviz/describe_parameters: rcl_interfaces/srv/DescribeParameters
    /rviz/get_parameter_types: rcl_interfaces/srv/GetParameterTypes
    /rviz/get_parameters: rcl_interfaces/srv/GetParameters
    /rviz/get_type_description: type_description_interfaces/srv/GetTypeDescription
    /rviz/list_parameters: rcl_interfaces/srv/ListParameters
    /rviz/reset_time: std_srvs/srv/Empty
    /rviz/set_parameters: rcl_interfaces/srv/SetParameters
    /rviz/set_parameters_atomically: rcl_interfaces/srv/SetParametersAtomically
    /rviz_moveit_motion_planning_display/robot_interaction_interactive_marker_topic/get_interactive_markers: visualization_msgs/srv/GetInteractiveMarkers
  Service Clients:
    /clear_octomap: std_srvs/srv/Empty
    /compute_cartesian_path: moveit_msgs/srv/GetCartesianPath
    /get_planner_params: moveit_msgs/srv/GetPlannerParams
    /query_planner_interface: moveit_msgs/srv/QueryPlannerInterfaces
    /set_planner_params: moveit_msgs/srv/SetPlannerParams
  Action Servers:

  Action Clients:
    /execute_trajectory: moveit_msgs/action/ExecuteTrajectory
    /move_action: moveit_msgs/action/MoveGroup
/moveit_3350385858
  Subscribers:
    /parameter_events: rcl_interfaces/msg/ParameterEvent
  Publishers:
    /parameter_events: rcl_interfaces/msg/ParameterEvent
    /rosout: rcl_interfaces/msg/Log
  Service Servers:
    /moveit_3350385858/describe_parameters: rcl_interfaces/srv/DescribeParameters
    /moveit_3350385858/get_parameter_types: rcl_interfaces/srv/GetParameterTypes
    /moveit_3350385858/get_parameters: rcl_interfaces/srv/GetParameters
    /moveit_3350385858/get_type_description: type_description_interfaces/srv/GetTypeDescription
    /moveit_3350385858/list_parameters: rcl_interfaces/srv/ListParameters
    /moveit_3350385858/set_parameters: rcl_interfaces/srv/SetParameters
    /moveit_3350385858/set_parameters_atomically: rcl_interfaces/srv/SetParametersAtomically
  Service Clients:

  Action Servers:

  Action Clients:

/moveit_1554771720
  Subscribers:
    /parameter_events: rcl_interfaces/msg/ParameterEvent
  Publishers:
    /parameter_events: rcl_interfaces/msg/ParameterEvent
    /rosout: rcl_interfaces/msg/Log
  Service Servers:
    /moveit_1554771720/describe_parameters: rcl_interfaces/srv/DescribeParameters
    /moveit_1554771720/get_parameter_types: rcl_interfaces/srv/GetParameterTypes
    /moveit_1554771720/get_parameters: rcl_interfaces/srv/GetParameters
    /moveit_1554771720/get_type_description: type_description_interfaces/srv/GetTypeDescription
    /moveit_1554771720/list_parameters: rcl_interfaces/srv/ListParameters
    /moveit_1554771720/set_parameters: rcl_interfaces/srv/SetParameters
    /moveit_1554771720/set_parameters_atomically: rcl_interfaces/srv/SetParametersAtomically
  Service Clients:

  Action Servers:

  Action Clients:

/move_group_private_95487689054560
  Subscribers:
    /attached_collision_object: moveit_msgs/msg/AttachedCollisionObject
    /collision_object: moveit_msgs/msg/CollisionObject
    /joint_states: sensor_msgs/msg/JointState
    /parameter_events: rcl_interfaces/msg/ParameterEvent
    /planning_scene: moveit_msgs/msg/PlanningScene
    /planning_scene_world: moveit_msgs/msg/PlanningSceneWorld
  Publishers:
    /monitored_planning_scene: moveit_msgs/msg/PlanningScene
    /parameter_events: rcl_interfaces/msg/ParameterEvent
    /rosout: rcl_interfaces/msg/Log
  Service Servers:
    /get_planning_scene: moveit_msgs/srv/GetPlanningScene
    /move_group_private_95487689054560/describe_parameters: rcl_interfaces/srv/DescribeParameters
    /move_group_private_95487689054560/get_parameter_types: rcl_interfaces/srv/GetParameterTypes
    /move_group_private_95487689054560/get_parameters: rcl_interfaces/srv/GetParameters
    /move_group_private_95487689054560/get_type_description: type_description_interfaces/srv/GetTypeDescription
    /move_group_private_95487689054560/list_parameters: rcl_interfaces/srv/ListParameters
    /move_group_private_95487689054560/set_parameters: rcl_interfaces/srv/SetParameters
    /move_group_private_95487689054560/set_parameters_atomically: rcl_interfaces/srv/SetParametersAtomically
  Service Clients:

  Action Servers:

  Action Clients:

/move_group/moveit
  Subscribers:
    /parameter_events: rcl_interfaces/msg/ParameterEvent
  Publishers:
    /parameter_events: rcl_interfaces/msg/ParameterEvent
    /rosout: rcl_interfaces/msg/Log
  Service Servers:
    /move_group/moveit/describe_parameters: rcl_interfaces/srv/DescribeParameters
    /move_group/moveit/get_parameter_types: rcl_interfaces/srv/GetParameterTypes
    /move_group/moveit/get_parameters: rcl_interfaces/srv/GetParameters
    /move_group/moveit/get_type_description: type_description_interfaces/srv/GetTypeDescription
    /move_group/moveit/list_parameters: rcl_interfaces/srv/ListParameters
    /move_group/moveit/set_parameters: rcl_interfaces/srv/SetParameters
    /move_group/moveit/set_parameters_atomically: rcl_interfaces/srv/SetParametersAtomically
  Service Clients:

  Action Servers:

  Action Clients:

/rviz_private_124662432475888
  Subscribers:
    /monitored_planning_scene: moveit_msgs/msg/PlanningScene
    /parameter_events: rcl_interfaces/msg/ParameterEvent
  Publishers:
    /parameter_events: rcl_interfaces/msg/ParameterEvent
    /rosout: rcl_interfaces/msg/Log
  Service Servers:
    /rviz_private_124662432475888/describe_parameters: rcl_interfaces/srv/DescribeParameters
    /rviz_private_124662432475888/get_parameter_types: rcl_interfaces/srv/GetParameterTypes
    /rviz_private_124662432475888/get_parameters: rcl_interfaces/srv/GetParameters
    /rviz_private_124662432475888/get_type_description: type_description_interfaces/srv/GetTypeDescription
    /rviz_private_124662432475888/list_parameters: rcl_interfaces/srv/ListParameters
    /rviz_private_124662432475888/set_parameters: rcl_interfaces/srv/SetParameters
    /rviz_private_124662432475888/set_parameters_atomically: rcl_interfaces/srv/SetParametersAtomically
  Service Clients:

  Action Servers:

  Action Clients:

/moveit_simple_controller_manager
  Subscribers:
    /parameter_events: rcl_interfaces/msg/ParameterEvent
  Publishers:
    /parameter_events: rcl_interfaces/msg/ParameterEvent
    /rosout: rcl_interfaces/msg/Log
  Service Servers:
    /moveit_simple_controller_manager/describe_parameters: rcl_interfaces/srv/DescribeParameters
    /moveit_simple_controller_manager/get_parameter_types: rcl_interfaces/srv/GetParameterTypes
    /moveit_simple_controller_manager/get_parameters: rcl_interfaces/srv/GetParameters
    /moveit_simple_controller_manager/get_type_description: type_description_interfaces/srv/GetTypeDescription
    /moveit_simple_controller_manager/list_parameters: rcl_interfaces/srv/ListParameters
    /moveit_simple_controller_manager/set_parameters: rcl_interfaces/srv/SetParameters
    /moveit_simple_controller_manager/set_parameters_atomically: rcl_interfaces/srv/SetParametersAtomically
  Service Clients:

  Action Servers:

  Action Clients:
    /arm_controller/follow_joint_trajectory: control_msgs/action/FollowJointTrajectory
