[0.452s] Invoking command in '/home/gsylvia/agrobot-reverse-engineering/Agrobot/build/canopen_402_driver': AMENT_PREFIX_PATH=/home/gsylvia/agrobot-reverse-engineering/Agrobot/install/canopen_proxy_driver:/home/gsylvia/agrobot-reverse-engineering/Agrobot/install/canopen_base_driver:/home/gsylvia/agrobot-reverse-engineering/Agrobot/install/canopen_core:/home/gsylvia/agrobot-reverse-engineering/Agrobot/install/lely_core_libraries:/home/gsylvia/agrobot-reverse-engineering/Agrobot/install/canopen_interfaces:${AMENT_PREFIX_PATH} CMAKE_PREFIX_PATH=/home/gsylvia/agrobot-reverse-engineering/Agrobot/install/canopen_proxy_driver:/home/gsylvia/agrobot-reverse-engineering/Agrobot/install/canopen_base_driver:/home/gsylvia/agrobot-reverse-engineering/Agrobot/install/canopen_core:/home/gsylvia/agrobot-reverse-engineering/Agrobot/install/lely_core_libraries:/home/gsylvia/agrobot-reverse-engineering/Agrobot/install/canopen_interfaces:/opt/ros/jazzy/opt/gz_sim_vendor:/opt/ros/jazzy/opt/gz_sensors_vendor:/opt/ros/jazzy/opt/gz_physics_vendor:/opt/ros/jazzy/opt/sdformat_vendor:/opt/ros/jazzy/opt/gz_gui_vendor:/opt/ros/jazzy/opt/gz_transport_vendor:/opt/ros/jazzy/opt/gz_rendering_vendor:/opt/ros/jazzy/opt/gz_plugin_vendor:/opt/ros/jazzy/opt/gz_fuel_tools_vendor:/opt/ros/jazzy/opt/gz_msgs_vendor:/opt/ros/jazzy/opt/gz_common_vendor:/opt/ros/jazzy/opt/gz_math_vendor:/opt/ros/jazzy/opt/gz_utils_vendor:/opt/ros/jazzy/opt/gz_tools_vendor:/opt/ros/jazzy/opt/gz_ogre_next_vendor:/opt/ros/jazzy/opt/gz_dartsim_vendor:/opt/ros/jazzy/opt/gz_cmake_vendor:/opt/ros/jazzy LD_LIBRARY_PATH=/home/gsylvia/agrobot-reverse-engineering/Agrobot/install/canopen_proxy_driver/lib:/home/gsylvia/agrobot-reverse-engineering/Agrobot/install/canopen_base_driver/lib:/home/gsylvia/agrobot-reverse-engineering/Agrobot/install/canopen_core/lib:/home/gsylvia/agrobot-reverse-engineering/Agrobot/install/lely_core_libraries/lib:/home/gsylvia/agrobot-reverse-engineering/Agrobot/install/canopen_interfaces/lib:${LD_LIBRARY_PATH} PATH=/home/gsylvia/agrobot-reverse-engineering/Agrobot/install/lely_core_libraries/bin:${PATH} PYTHONPATH=/home/gsylvia/agrobot-reverse-engineering/Agrobot/install/lely_core_libraries/lib/python3.12/site-packages:/home/gsylvia/agrobot-reverse-engineering/Agrobot/install/canopen_interfaces/lib/python3.12/site-packages:${PYTHONPATH} /usr/bin/cmake --build /home/gsylvia/agrobot-reverse-engineering/Agrobot/build/canopen_402_driver -- -j16 -l16
[0.493s] [ 11%] Built target gtest
[0.493s] [ 23%] Built target gtest_main
[0.518s] [ 29%] Building CXX object CMakeFiles/lely_motion_controller_bridge.dir/src/motor.cpp.o
[0.519s] [ 35%] Building CXX object CMakeFiles/lely_motion_controller_bridge.dir/src/default_homing_mode.cpp.o
[0.528s] [ 41%] Building CXX object test/CMakeFiles/test_driver_component.dir/test_driver_component.cpp.o
[4.722s] [ 47%] Linking CXX executable test_driver_component
[4.967s] [ 47%] Built target test_driver_component
[5.318s] [ 52%] Linking CXX shared library liblely_motion_controller_bridge.so
[5.619s] [ 64%] Built target lely_motion_controller_bridge
[5.655s] [ 70%] Building CXX object CMakeFiles/node_canopen_cia402_driver.dir/src/node_interfaces/node_canopen_402_driver.cpp.o
[12.915s] [ 76%] Linking CXX shared library libnode_canopen_cia402_driver.so
[13.461s] [ 76%] Built target node_canopen_cia402_driver
[13.500s] [ 88%] Building CXX object CMakeFiles/lifecycle_cia402_driver.dir/src/lifecycle_cia402_driver.cpp.o
[13.500s] [ 88%] Building CXX object CMakeFiles/cia402_driver.dir/src/cia402_driver.cpp.o
[18.439s] [ 94%] Linking CXX shared library libcia402_driver.so
[18.441s] [100%] Linking CXX shared library liblifecycle_cia402_driver.so
[18.690s] [100%] Built target cia402_driver
[18.691s] [100%] Built target lifecycle_cia402_driver
[18.699s] Invoked command in '/home/gsylvia/agrobot-reverse-engineering/Agrobot/build/canopen_402_driver' returned '0': AMENT_PREFIX_PATH=/home/gsylvia/agrobot-reverse-engineering/Agrobot/install/canopen_proxy_driver:/home/gsylvia/agrobot-reverse-engineering/Agrobot/install/canopen_base_driver:/home/gsylvia/agrobot-reverse-engineering/Agrobot/install/canopen_core:/home/gsylvia/agrobot-reverse-engineering/Agrobot/install/lely_core_libraries:/home/gsylvia/agrobot-reverse-engineering/Agrobot/install/canopen_interfaces:${AMENT_PREFIX_PATH} CMAKE_PREFIX_PATH=/home/gsylvia/agrobot-reverse-engineering/Agrobot/install/canopen_proxy_driver:/home/gsylvia/agrobot-reverse-engineering/Agrobot/install/canopen_base_driver:/home/gsylvia/agrobot-reverse-engineering/Agrobot/install/canopen_core:/home/gsylvia/agrobot-reverse-engineering/Agrobot/install/lely_core_libraries:/home/gsylvia/agrobot-reverse-engineering/Agrobot/install/canopen_interfaces:/opt/ros/jazzy/opt/gz_sim_vendor:/opt/ros/jazzy/opt/gz_sensors_vendor:/opt/ros/jazzy/opt/gz_physics_vendor:/opt/ros/jazzy/opt/sdformat_vendor:/opt/ros/jazzy/opt/gz_gui_vendor:/opt/ros/jazzy/opt/gz_transport_vendor:/opt/ros/jazzy/opt/gz_rendering_vendor:/opt/ros/jazzy/opt/gz_plugin_vendor:/opt/ros/jazzy/opt/gz_fuel_tools_vendor:/opt/ros/jazzy/opt/gz_msgs_vendor:/opt/ros/jazzy/opt/gz_common_vendor:/opt/ros/jazzy/opt/gz_math_vendor:/opt/ros/jazzy/opt/gz_utils_vendor:/opt/ros/jazzy/opt/gz_tools_vendor:/opt/ros/jazzy/opt/gz_ogre_next_vendor:/opt/ros/jazzy/opt/gz_dartsim_vendor:/opt/ros/jazzy/opt/gz_cmake_vendor:/opt/ros/jazzy LD_LIBRARY_PATH=/home/gsylvia/agrobot-reverse-engineering/Agrobot/install/canopen_proxy_driver/lib:/home/gsylvia/agrobot-reverse-engineering/Agrobot/install/canopen_base_driver/lib:/home/gsylvia/agrobot-reverse-engineering/Agrobot/install/canopen_core/lib:/home/gsylvia/agrobot-reverse-engineering/Agrobot/install/lely_core_libraries/lib:/home/gsylvia/agrobot-reverse-engineering/Agrobot/install/canopen_interfaces/lib:${LD_LIBRARY_PATH} PATH=/home/gsylvia/agrobot-reverse-engineering/Agrobot/install/lely_core_libraries/bin:${PATH} PYTHONPATH=/home/gsylvia/agrobot-reverse-engineering/Agrobot/install/lely_core_libraries/lib/python3.12/site-packages:/home/gsylvia/agrobot-reverse-engineering/Agrobot/install/canopen_interfaces/lib/python3.12/site-packages:${PYTHONPATH} /usr/bin/cmake --build /home/gsylvia/agrobot-reverse-engineering/Agrobot/build/canopen_402_driver -- -j16 -l16
[18.701s] Invoking command in '/home/gsylvia/agrobot-reverse-engineering/Agrobot/build/canopen_402_driver': AMENT_PREFIX_PATH=/home/gsylvia/agrobot-reverse-engineering/Agrobot/install/canopen_proxy_driver:/home/gsylvia/agrobot-reverse-engineering/Agrobot/install/canopen_base_driver:/home/gsylvia/agrobot-reverse-engineering/Agrobot/install/canopen_core:/home/gsylvia/agrobot-reverse-engineering/Agrobot/install/lely_core_libraries:/home/gsylvia/agrobot-reverse-engineering/Agrobot/install/canopen_interfaces:${AMENT_PREFIX_PATH} CMAKE_PREFIX_PATH=/home/gsylvia/agrobot-reverse-engineering/Agrobot/install/canopen_proxy_driver:/home/gsylvia/agrobot-reverse-engineering/Agrobot/install/canopen_base_driver:/home/gsylvia/agrobot-reverse-engineering/Agrobot/install/canopen_core:/home/gsylvia/agrobot-reverse-engineering/Agrobot/install/lely_core_libraries:/home/gsylvia/agrobot-reverse-engineering/Agrobot/install/canopen_interfaces:/opt/ros/jazzy/opt/gz_sim_vendor:/opt/ros/jazzy/opt/gz_sensors_vendor:/opt/ros/jazzy/opt/gz_physics_vendor:/opt/ros/jazzy/opt/sdformat_vendor:/opt/ros/jazzy/opt/gz_gui_vendor:/opt/ros/jazzy/opt/gz_transport_vendor:/opt/ros/jazzy/opt/gz_rendering_vendor:/opt/ros/jazzy/opt/gz_plugin_vendor:/opt/ros/jazzy/opt/gz_fuel_tools_vendor:/opt/ros/jazzy/opt/gz_msgs_vendor:/opt/ros/jazzy/opt/gz_common_vendor:/opt/ros/jazzy/opt/gz_math_vendor:/opt/ros/jazzy/opt/gz_utils_vendor:/opt/ros/jazzy/opt/gz_tools_vendor:/opt/ros/jazzy/opt/gz_ogre_next_vendor:/opt/ros/jazzy/opt/gz_dartsim_vendor:/opt/ros/jazzy/opt/gz_cmake_vendor:/opt/ros/jazzy LD_LIBRARY_PATH=/home/gsylvia/agrobot-reverse-engineering/Agrobot/install/canopen_proxy_driver/lib:/home/gsylvia/agrobot-reverse-engineering/Agrobot/install/canopen_base_driver/lib:/home/gsylvia/agrobot-reverse-engineering/Agrobot/install/canopen_core/lib:/home/gsylvia/agrobot-reverse-engineering/Agrobot/install/lely_core_libraries/lib:/home/gsylvia/agrobot-reverse-engineering/Agrobot/install/canopen_interfaces/lib:${LD_LIBRARY_PATH} PATH=/home/gsylvia/agrobot-reverse-engineering/Agrobot/install/lely_core_libraries/bin:${PATH} PYTHONPATH=/home/gsylvia/agrobot-reverse-engineering/Agrobot/install/lely_core_libraries/lib/python3.12/site-packages:/home/gsylvia/agrobot-reverse-engineering/Agrobot/install/canopen_interfaces/lib/python3.12/site-packages:${PYTHONPATH} /usr/bin/cmake --install /home/gsylvia/agrobot-reverse-engineering/Agrobot/build/canopen_402_driver
[18.709s] -- Install configuration: ""
[18.709s] -- Up-to-date: /home/gsylvia/agrobot-reverse-engineering/Agrobot/install/canopen_402_driver/include
[18.709s] -- Up-to-date: /home/gsylvia/agrobot-reverse-engineering/Agrobot/install/canopen_402_driver/include/canopen_402_driver
[18.709s] -- Up-to-date: /home/gsylvia/agrobot-reverse-engineering/Agrobot/install/canopen_402_driver/include/canopen_402_driver/node_interfaces
[18.709s] -- Up-to-date: /home/gsylvia/agrobot-reverse-engineering/Agrobot/install/canopen_402_driver/include/canopen_402_driver/node_interfaces/node_canopen_402_driver.hpp
[18.709s] -- Up-to-date: /home/gsylvia/agrobot-reverse-engineering/Agrobot/install/canopen_402_driver/include/canopen_402_driver/node_interfaces/node_canopen_402_driver_impl.hpp
[18.709s] -- Up-to-date: /home/gsylvia/agrobot-reverse-engineering/Agrobot/install/canopen_402_driver/include/canopen_402_driver/state.hpp
[18.709s] -- Up-to-date: /home/gsylvia/agrobot-reverse-engineering/Agrobot/install/canopen_402_driver/include/canopen_402_driver/base.hpp
[18.709s] -- Up-to-date: /home/gsylvia/agrobot-reverse-engineering/Agrobot/install/canopen_402_driver/include/canopen_402_driver/command.hpp
[18.709s] -- Up-to-date: /home/gsylvia/agrobot-reverse-engineering/Agrobot/install/canopen_402_driver/include/canopen_402_driver/profiled_position_mode.hpp
[18.709s] -- Up-to-date: /home/gsylvia/agrobot-reverse-engineering/Agrobot/install/canopen_402_driver/include/canopen_402_driver/cia402_driver.hpp
[18.709s] -- Up-to-date: /home/gsylvia/agrobot-reverse-engineering/Agrobot/install/canopen_402_driver/include/canopen_402_driver/lifecycle_cia402_driver.hpp
[18.709s] -- Up-to-date: /home/gsylvia/agrobot-reverse-engineering/Agrobot/install/canopen_402_driver/include/canopen_402_driver/default_homing_mode.hpp
[18.709s] -- Up-to-date: /home/gsylvia/agrobot-reverse-engineering/Agrobot/install/canopen_402_driver/include/canopen_402_driver/visibility_control.h
[18.709s] -- Up-to-date: /home/gsylvia/agrobot-reverse-engineering/Agrobot/install/canopen_402_driver/include/canopen_402_driver/mode_forward_helper.hpp
[18.709s] -- Up-to-date: /home/gsylvia/agrobot-reverse-engineering/Agrobot/install/canopen_402_driver/include/canopen_402_driver/motor.hpp
[18.709s] -- Up-to-date: /home/gsylvia/agrobot-reverse-engineering/Agrobot/install/canopen_402_driver/include/canopen_402_driver/homing_mode.hpp
[18.709s] -- Up-to-date: /home/gsylvia/agrobot-reverse-engineering/Agrobot/install/canopen_402_driver/include/canopen_402_driver/word_accessor.hpp
[18.709s] -- Up-to-date: /home/gsylvia/agrobot-reverse-engineering/Agrobot/install/canopen_402_driver/include/canopen_402_driver/mode.hpp
[18.709s] -- Up-to-date: /home/gsylvia/agrobot-reverse-engineering/Agrobot/install/canopen_402_driver/include/canopen_402_driver/mode_target_helper.hpp
[18.709s] -- Installing: /home/gsylvia/agrobot-reverse-engineering/Agrobot/install/canopen_402_driver/lib/liblifecycle_cia402_driver.so
[18.710s] -- Set non-toolchain portion of runtime path of "/home/gsylvia/agrobot-reverse-engineering/Agrobot/install/canopen_402_driver/lib/liblifecycle_cia402_driver.so" to ""
[18.711s] -- Installing: /home/gsylvia/agrobot-reverse-engineering/Agrobot/install/canopen_402_driver/lib/libcia402_driver.so
[18.711s] -- Set non-toolchain portion of runtime path of "/home/gsylvia/agrobot-reverse-engineering/Agrobot/install/canopen_402_driver/lib/libcia402_driver.so" to ""
[18.712s] -- Installing: /home/gsylvia/agrobot-reverse-engineering/Agrobot/install/canopen_402_driver/lib/libnode_canopen_cia402_driver.so
[18.715s] -- Set non-toolchain portion of runtime path of "/home/gsylvia/agrobot-reverse-engineering/Agrobot/install/canopen_402_driver/lib/libnode_canopen_cia402_driver.so" to ""
[18.715s] -- Installing: /home/gsylvia/agrobot-reverse-engineering/Agrobot/install/canopen_402_driver/lib/liblely_motion_controller_bridge.so
[18.717s] -- Set non-toolchain portion of runtime path of "/home/gsylvia/agrobot-reverse-engineering/Agrobot/install/canopen_402_driver/lib/liblely_motion_controller_bridge.so" to ""
[18.717s] -- Up-to-date: /home/gsylvia/agrobot-reverse-engineering/Agrobot/install/canopen_402_driver/share/canopen_402_driver/environment/library_path.sh
[18.717s] -- Up-to-date: /home/gsylvia/agrobot-reverse-engineering/Agrobot/install/canopen_402_driver/share/canopen_402_driver/environment/library_path.dsv
[18.717s] -- Up-to-date: /home/gsylvia/agrobot-reverse-engineering/Agrobot/install/canopen_402_driver/share/ament_index/resource_index/package_run_dependencies/canopen_402_driver
[18.717s] -- Up-to-date: /home/gsylvia/agrobot-reverse-engineering/Agrobot/install/canopen_402_driver/share/ament_index/resource_index/parent_prefix_path/canopen_402_driver
[18.717s] -- Up-to-date: /home/gsylvia/agrobot-reverse-engineering/Agrobot/install/canopen_402_driver/share/canopen_402_driver/environment/ament_prefix_path.sh
[18.717s] -- Up-to-date: /home/gsylvia/agrobot-reverse-engineering/Agrobot/install/canopen_402_driver/share/canopen_402_driver/environment/ament_prefix_path.dsv
[18.717s] -- Up-to-date: /home/gsylvia/agrobot-reverse-engineering/Agrobot/install/canopen_402_driver/share/canopen_402_driver/environment/path.sh
[18.717s] -- Up-to-date: /home/gsylvia/agrobot-reverse-engineering/Agrobot/install/canopen_402_driver/share/canopen_402_driver/environment/path.dsv
[18.717s] -- Up-to-date: /home/gsylvia/agrobot-reverse-engineering/Agrobot/install/canopen_402_driver/share/canopen_402_driver/local_setup.bash
[18.717s] -- Up-to-date: /home/gsylvia/agrobot-reverse-engineering/Agrobot/install/canopen_402_driver/share/canopen_402_driver/local_setup.sh
[18.717s] -- Up-to-date: /home/gsylvia/agrobot-reverse-engineering/Agrobot/install/canopen_402_driver/share/canopen_402_driver/local_setup.zsh
[18.717s] -- Up-to-date: /home/gsylvia/agrobot-reverse-engineering/Agrobot/install/canopen_402_driver/share/canopen_402_driver/local_setup.dsv
[18.717s] -- Installing: /home/gsylvia/agrobot-reverse-engineering/Agrobot/install/canopen_402_driver/share/canopen_402_driver/package.dsv
[18.718s] -- Up-to-date: /home/gsylvia/agrobot-reverse-engineering/Agrobot/install/canopen_402_driver/share/ament_index/resource_index/packages/canopen_402_driver
[18.718s] -- Up-to-date: /home/gsylvia/agrobot-reverse-engineering/Agrobot/install/canopen_402_driver/share/ament_index/resource_index/rclcpp_components/canopen_402_driver
[18.718s] -- Up-to-date: /home/gsylvia/agrobot-reverse-engineering/Agrobot/install/canopen_402_driver/share/canopen_402_driver/cmake/export_canopen_402_driverExport.cmake
[18.718s] -- Up-to-date: /home/gsylvia/agrobot-reverse-engineering/Agrobot/install/canopen_402_driver/share/canopen_402_driver/cmake/export_canopen_402_driverExport-noconfig.cmake
[18.718s] -- Up-to-date: /home/gsylvia/agrobot-reverse-engineering/Agrobot/install/canopen_402_driver/share/canopen_402_driver/cmake/ament_cmake_export_include_directories-extras.cmake
[18.718s] -- Up-to-date: /home/gsylvia/agrobot-reverse-engineering/Agrobot/install/canopen_402_driver/share/canopen_402_driver/cmake/ament_cmake_export_libraries-extras.cmake
[18.718s] -- Up-to-date: /home/gsylvia/agrobot-reverse-engineering/Agrobot/install/canopen_402_driver/share/canopen_402_driver/cmake/ament_cmake_export_targets-extras.cmake
[18.718s] -- Up-to-date: /home/gsylvia/agrobot-reverse-engineering/Agrobot/install/canopen_402_driver/share/canopen_402_driver/cmake/ament_cmake_export_dependencies-extras.cmake
[18.719s] -- Up-to-date: /home/gsylvia/agrobot-reverse-engineering/Agrobot/install/canopen_402_driver/share/canopen_402_driver/cmake/canopen_402_driverConfig.cmake
[18.719s] -- Up-to-date: /home/gsylvia/agrobot-reverse-engineering/Agrobot/install/canopen_402_driver/share/canopen_402_driver/cmake/canopen_402_driverConfig-version.cmake
[18.719s] -- Up-to-date: /home/gsylvia/agrobot-reverse-engineering/Agrobot/install/canopen_402_driver/share/canopen_402_driver/package.xml
[18.721s] Invoked command in '/home/gsylvia/agrobot-reverse-engineering/Agrobot/build/canopen_402_driver' returned '0': AMENT_PREFIX_PATH=/home/gsylvia/agrobot-reverse-engineering/Agrobot/install/canopen_proxy_driver:/home/gsylvia/agrobot-reverse-engineering/Agrobot/install/canopen_base_driver:/home/gsylvia/agrobot-reverse-engineering/Agrobot/install/canopen_core:/home/gsylvia/agrobot-reverse-engineering/Agrobot/install/lely_core_libraries:/home/gsylvia/agrobot-reverse-engineering/Agrobot/install/canopen_interfaces:${AMENT_PREFIX_PATH} CMAKE_PREFIX_PATH=/home/gsylvia/agrobot-reverse-engineering/Agrobot/install/canopen_proxy_driver:/home/gsylvia/agrobot-reverse-engineering/Agrobot/install/canopen_base_driver:/home/gsylvia/agrobot-reverse-engineering/Agrobot/install/canopen_core:/home/gsylvia/agrobot-reverse-engineering/Agrobot/install/lely_core_libraries:/home/gsylvia/agrobot-reverse-engineering/Agrobot/install/canopen_interfaces:/opt/ros/jazzy/opt/gz_sim_vendor:/opt/ros/jazzy/opt/gz_sensors_vendor:/opt/ros/jazzy/opt/gz_physics_vendor:/opt/ros/jazzy/opt/sdformat_vendor:/opt/ros/jazzy/opt/gz_gui_vendor:/opt/ros/jazzy/opt/gz_transport_vendor:/opt/ros/jazzy/opt/gz_rendering_vendor:/opt/ros/jazzy/opt/gz_plugin_vendor:/opt/ros/jazzy/opt/gz_fuel_tools_vendor:/opt/ros/jazzy/opt/gz_msgs_vendor:/opt/ros/jazzy/opt/gz_common_vendor:/opt/ros/jazzy/opt/gz_math_vendor:/opt/ros/jazzy/opt/gz_utils_vendor:/opt/ros/jazzy/opt/gz_tools_vendor:/opt/ros/jazzy/opt/gz_ogre_next_vendor:/opt/ros/jazzy/opt/gz_dartsim_vendor:/opt/ros/jazzy/opt/gz_cmake_vendor:/opt/ros/jazzy LD_LIBRARY_PATH=/home/gsylvia/agrobot-reverse-engineering/Agrobot/install/canopen_proxy_driver/lib:/home/gsylvia/agrobot-reverse-engineering/Agrobot/install/canopen_base_driver/lib:/home/gsylvia/agrobot-reverse-engineering/Agrobot/install/canopen_core/lib:/home/gsylvia/agrobot-reverse-engineering/Agrobot/install/lely_core_libraries/lib:/home/gsylvia/agrobot-reverse-engineering/Agrobot/install/canopen_interfaces/lib:${LD_LIBRARY_PATH} PATH=/home/gsylvia/agrobot-reverse-engineering/Agrobot/install/lely_core_libraries/bin:${PATH} PYTHONPATH=/home/gsylvia/agrobot-reverse-engineering/Agrobot/install/lely_core_libraries/lib/python3.12/site-packages:/home/gsylvia/agrobot-reverse-engineering/Agrobot/install/canopen_interfaces/lib/python3.12/site-packages:${PYTHONPATH} /usr/bin/cmake --install /home/gsylvia/agrobot-reverse-engineering/Agrobot/build/canopen_402_driver
