[0.470s] Invoking command in '/home/gsylvia/agrobot-reverse-engineering/Agrobot/build/canopen_ros2_controllers': AMENT_PREFIX_PATH=/home/gsylvia/agrobot-reverse-engineering/Agrobot/install/canopen_402_driver:/home/gsylvia/agrobot-reverse-engineering/Agrobot/install/canopen_proxy_driver:/home/gsylvia/agrobot-reverse-engineering/Agrobot/install/canopen_base_driver:/home/gsylvia/agrobot-reverse-engineering/Agrobot/install/canopen_core:/home/gsylvia/agrobot-reverse-engineering/Agrobot/install/lely_core_libraries:/home/gsylvia/agrobot-reverse-engineering/Agrobot/install/canopen_interfaces:${AMENT_PREFIX_PATH} CMAKE_PREFIX_PATH=/home/gsylvia/agrobot-reverse-engineering/Agrobot/install/canopen_402_driver:/home/gsylvia/agrobot-reverse-engineering/Agrobot/install/canopen_proxy_driver:/home/gsylvia/agrobot-reverse-engineering/Agrobot/install/canopen_base_driver:/home/gsylvia/agrobot-reverse-engineering/Agrobot/install/canopen_core:/home/gsylvia/agrobot-reverse-engineering/Agrobot/install/lely_core_libraries:/home/gsylvia/agrobot-reverse-engineering/Agrobot/install/canopen_interfaces:/opt/ros/jazzy/opt/gz_sim_vendor:/opt/ros/jazzy/opt/gz_sensors_vendor:/opt/ros/jazzy/opt/gz_physics_vendor:/opt/ros/jazzy/opt/sdformat_vendor:/opt/ros/jazzy/opt/gz_gui_vendor:/opt/ros/jazzy/opt/gz_transport_vendor:/opt/ros/jazzy/opt/gz_rendering_vendor:/opt/ros/jazzy/opt/gz_plugin_vendor:/opt/ros/jazzy/opt/gz_fuel_tools_vendor:/opt/ros/jazzy/opt/gz_msgs_vendor:/opt/ros/jazzy/opt/gz_common_vendor:/opt/ros/jazzy/opt/gz_math_vendor:/opt/ros/jazzy/opt/gz_utils_vendor:/opt/ros/jazzy/opt/gz_tools_vendor:/opt/ros/jazzy/opt/gz_ogre_next_vendor:/opt/ros/jazzy/opt/gz_dartsim_vendor:/opt/ros/jazzy/opt/gz_cmake_vendor:/opt/ros/jazzy LD_LIBRARY_PATH=/home/gsylvia/agrobot-reverse-engineering/Agrobot/install/canopen_402_driver/lib:/home/gsylvia/agrobot-reverse-engineering/Agrobot/install/canopen_proxy_driver/lib:/home/gsylvia/agrobot-reverse-engineering/Agrobot/install/canopen_base_driver/lib:/home/gsylvia/agrobot-reverse-engineering/Agrobot/install/canopen_core/lib:/home/gsylvia/agrobot-reverse-engineering/Agrobot/install/lely_core_libraries/lib:/home/gsylvia/agrobot-reverse-engineering/Agrobot/install/canopen_interfaces/lib:${LD_LIBRARY_PATH} PATH=/home/gsylvia/agrobot-reverse-engineering/Agrobot/install/lely_core_libraries/bin:${PATH} PYTHONPATH=/home/gsylvia/agrobot-reverse-engineering/Agrobot/install/lely_core_libraries/lib/python3.12/site-packages:/home/gsylvia/agrobot-reverse-engineering/Agrobot/install/canopen_interfaces/lib/python3.12/site-packages:${PYTHONPATH} /usr/bin/cmake --build /home/gsylvia/agrobot-reverse-engineering/Agrobot/build/canopen_ros2_controllers -- -j16 -l16
[0.543s] [ 33%] Building CXX object CMakeFiles/canopen_ros2_controllers.dir/src/canopen_proxy_controller.cpp.o
[0.544s] [ 66%] Building CXX object CMakeFiles/canopen_ros2_controllers.dir/src/cia402_device_controller.cpp.o
[4.674s] In file included from /home/gsylvia/agrobot-reverse-engineering/Agrobot/src/ros2_canopen/canopen_ros2_controllers/src/cia402_device_controller.cpp:15:
[4.674s] /home/gsylvia/agrobot-reverse-engineering/Agrobot/src/ros2_canopen/canopen_ros2_controllers/include/canopen_ros2_controllers/cia402_device_controller.hpp: In lambda function:
[4.674s] /home/gsylvia/agrobot-reverse-engineering/Agrobot/src/ros2_canopen/canopen_ros2_controllers/include/canopen_ros2_controllers/cia402_device_controller.hpp:100:45: warning: ignoring return value of ‘bool hardware_interface::LoanedCommandInterface::set_value(const T&, unsigned int) [with T = double]’, declared with attribute ‘nodiscard’ [-Wunused-result]
[4.674s]   100 |           command_interfaces_[cmd].set_value(kCommandValue);
[4.674s]       |           ~~~~~~~~~~~~~~~~~~~~~~~~~~~~~~~~~~^~~~~~~~~~~~~~~
[4.675s] In file included from /opt/ros/jazzy/include/controller_interface/controller_interface/controller_interface_base.hpp:29,
[4.675s]                  from /opt/ros/jazzy/include/controller_interface/controller_interface/controller_interface.hpp:21,
[4.675s]                  from /home/gsylvia/agrobot-reverse-engineering/Agrobot/src/ros2_canopen/canopen_ros2_controllers/include/canopen_ros2_controllers/canopen_proxy_controller.hpp:26,
[4.675s]                  from /home/gsylvia/agrobot-reverse-engineering/Agrobot/src/ros2_canopen/canopen_ros2_controllers/include/canopen_ros2_controllers/cia402_device_controller.hpp:19:
[4.675s] /opt/ros/jazzy/include/hardware_interface/hardware_interface/loaned_command_interface.hpp:117:22: note: declared here
[4.675s]   117 |   [[nodiscard]] bool set_value(const T & value, unsigned int max_tries = 10)
[4.675s]       |                      ^~~~~~~~~
[4.675s] /home/gsylvia/agrobot-reverse-engineering/Agrobot/src/ros2_canopen/canopen_ros2_controllers/include/canopen_ros2_controllers/cia402_device_controller.hpp:102:63: warning: ‘double hardware_interface::LoanedCommandInterface::get_value() const’ is deprecated: Use std::optional<T> get_optional() instead to retrieve the value. This method will be removed by the ROS 2 Kilted Kaiju release. [-Wdeprecated-declarations]
[4.675s]   102 |           while (std::isnan(command_interfaces_[fbk].get_value()) && rclcpp::ok())
[4.675s]       |                             ~~~~~~~~~~~~~~~~~~~~~~~~~~~~~~~~~~^~
[4.675s] /opt/ros/jazzy/include/hardware_interface/hardware_interface/loaned_command_interface.hpp:138:10: note: declared here
[4.675s]   138 |   double get_value() const
[4.675s]       |          ^~~~~~~~~
[4.676s] /home/gsylvia/agrobot-reverse-engineering/Agrobot/src/ros2_canopen/canopen_ros2_controllers/include/canopen_ros2_controllers/cia402_device_controller.hpp:108:83: warning: ‘double hardware_interface::LoanedCommandInterface::get_value() const’ is deprecated: Use std::optional<T> get_optional() instead to retrieve the value. This method will be removed by the ROS 2 Kilted Kaiju release. [-Wdeprecated-declarations]
[4.676s]   108 |           response->success = static_cast<bool>(command_interfaces_[fbk].get_value());
[4.676s]       |                                                 ~~~~~~~~~~~~~~~~~~~~~~~~~~~~~~~~~~^~
[4.676s] /opt/ros/jazzy/include/hardware_interface/hardware_interface/loaned_command_interface.hpp:138:10: note: declared here
[4.676s]   138 |   double get_value() const
[4.676s]       |          ^~~~~~~~~
[4.676s] /home/gsylvia/agrobot-reverse-engineering/Agrobot/src/ros2_canopen/canopen_ros2_controllers/include/canopen_ros2_controllers/cia402_device_controller.hpp:110:45: warning: ignoring return value of ‘bool hardware_interface::LoanedCommandInterface::set_value(const T&, unsigned int) [with T = double]’, declared with attribute ‘nodiscard’ [-Wunused-result]
[4.676s]   110 |           command_interfaces_[fbk].set_value(std::numeric_limits<double>::quiet_NaN());
[4.676s]       |           ~~~~~~~~~~~~~~~~~~~~~~~~~~~~~~~~~~^~~~~~~~~~~~~~~~~~~~~~~~~~~~~~~~~~~~~~~~~~
[4.676s] /opt/ros/jazzy/include/hardware_interface/hardware_interface/loaned_command_interface.hpp:117:22: note: declared here
[4.676s]   117 |   [[nodiscard]] bool set_value(const T & value, unsigned int max_tries = 10)
[4.676s]       |                      ^~~~~~~~~
[4.677s] /home/gsylvia/agrobot-reverse-engineering/Agrobot/src/ros2_canopen/canopen_ros2_controllers/include/canopen_ros2_controllers/cia402_device_controller.hpp:111:45: warning: ignoring return value of ‘bool hardware_interface::LoanedCommandInterface::set_value(const T&, unsigned int) [with T = double]’, declared with attribute ‘nodiscard’ [-Wunused-result]
[4.677s]   111 |           command_interfaces_[cmd].set_value(std::numeric_limits<double>::quiet_NaN());
[4.677s]       |           ~~~~~~~~~~~~~~~~~~~~~~~~~~~~~~~~~~^~~~~~~~~~~~~~~~~~~~~~~~~~~~~~~~~~~~~~~~~~
[4.677s] /opt/ros/jazzy/include/hardware_interface/hardware_interface/loaned_command_interface.hpp:117:22: note: declared here
[4.677s]   117 |   [[nodiscard]] bool set_value(const T & value, unsigned int max_tries = 10)
[4.677s]       |                      ^~~~~~~~~
[6.713s] /home/gsylvia/agrobot-reverse-engineering/Agrobot/src/ros2_canopen/canopen_ros2_controllers/src/canopen_proxy_controller.cpp: In lambda function:
[6.713s] /home/gsylvia/agrobot-reverse-engineering/Agrobot/src/ros2_canopen/canopen_ros2_controllers/src/canopen_proxy_controller.cpp:141:64: warning: ignoring return value of ‘bool hardware_interface::LoanedCommandInterface::set_value(const T&, unsigned int) [with T = double]’, declared with attribute ‘nodiscard’ [-Wunused-result]
[6.713s]   141 |     command_interfaces_[CommandInterfaces::NMT_RESET].set_value(kCommandValue);
[6.713s]       |     ~~~~~~~~~~~~~~~~~~~~~~~~~~~~~~~~~~~~~~~~~~~~~~~~~~~~~~~~~~~^~~~~~~~~~~~~~~
[6.714s] In file included from /opt/ros/jazzy/include/controller_interface/controller_interface/controller_interface_base.hpp:29,
[6.714s]                  from /opt/ros/jazzy/include/controller_interface/controller_interface/controller_interface.hpp:21,
[6.714s]                  from /home/gsylvia/agrobot-reverse-engineering/Agrobot/src/ros2_canopen/canopen_ros2_controllers/include/canopen_ros2_controllers/canopen_proxy_controller.hpp:26,
[6.714s]                  from /home/gsylvia/agrobot-reverse-engineering/Agrobot/src/ros2_canopen/canopen_ros2_controllers/src/canopen_proxy_controller.cpp:15:
[6.714s] /opt/ros/jazzy/include/hardware_interface/hardware_interface/loaned_command_interface.hpp:117:22: note: declared here
[6.714s]   117 |   [[nodiscard]] bool set_value(const T & value, unsigned int max_tries = 10)
[6.714s]       |                      ^~~~~~~~~
[6.714s] /home/gsylvia/agrobot-reverse-engineering/Agrobot/src/ros2_canopen/canopen_ros2_controllers/src/canopen_proxy_controller.cpp:143:83: warning: ‘double hardware_interface::LoanedCommandInterface::get_value() const’ is deprecated: Use std::optional<T> get_optional() instead to retrieve the value. This method will be removed by the ROS 2 Kilted Kaiju release. [-Wdeprecated-declarations]
[6.714s]   143 |     while (!std::isnan(command_interfaces_[CommandInterfaces::NMT_RESET].get_value()))
[6.714s]       |                        ~~~~~~~~~~~~~~~~~~~~~~~~~~~~~~~~~~~~~~~~~~~~~~~~~~~~~~~~~~~^~
[6.714s] /opt/ros/jazzy/include/hardware_interface/hardware_interface/loaned_command_interface.hpp:138:10: note: declared here
[6.714s]   138 |   double get_value() const
[6.714s]       |          ^~~~~~~~~
[6.714s] /home/gsylvia/agrobot-reverse-engineering/Agrobot/src/ros2_canopen/canopen_ros2_controllers/src/canopen_proxy_controller.cpp:150:88: warning: ‘double hardware_interface::LoanedCommandInterface::get_value() const’ is deprecated: Use std::optional<T> get_optional() instead to retrieve the value. This method will be removed by the ROS 2 Kilted Kaiju release. [-Wdeprecated-declarations]
[6.715s]   150 |       static_cast<bool>(command_interfaces_[CommandInterfaces::NMT_RESET_FBK].get_value());
[6.715s]       |                         ~~~~~~~~~~~~~~~~~~~~~~~~~~~~~~~~~~~~~~~~~~~~~~~~~~~~~~~~~~~~~~~^~
[6.715s] /opt/ros/jazzy/include/hardware_interface/hardware_interface/loaned_command_interface.hpp:138:10: note: declared here
[6.715s]   138 |   double get_value() const
[6.715s]       |          ^~~~~~~~~
[6.715s] /home/gsylvia/agrobot-reverse-engineering/Agrobot/src/ros2_canopen/canopen_ros2_controllers/src/canopen_proxy_controller.cpp:152:68: warning: ignoring return value of ‘bool hardware_interface::LoanedCommandInterface::set_value(const T&, unsigned int) [with T = double]’, declared with attribute ‘nodiscard’ [-Wunused-result]
[6.715s]   152 |     command_interfaces_[CommandInterfaces::NMT_RESET_FBK].set_value(
[6.715s]       |     ~~~~~~~~~~~~~~~~~~~~~~~~~~~~~~~~~~~~~~~~~~~~~~~~~~~~~~~~~~~~~~~^
[6.715s]   153 |       std::numeric_limits<double>::quiet_NaN());
[6.715s]       |       ~~~~~~~~~~~~~~~~~~~~~~~~~~~~~~~~~~~~~~~~~                     
[6.715s] /opt/ros/jazzy/include/hardware_interface/hardware_interface/loaned_command_interface.hpp:117:22: note: declared here
[6.715s]   117 |   [[nodiscard]] bool set_value(const T & value, unsigned int max_tries = 10)
[6.715s]       |                      ^~~~~~~~~
[6.715s] /home/gsylvia/agrobot-reverse-engineering/Agrobot/src/ros2_canopen/canopen_ros2_controllers/src/canopen_proxy_controller.cpp: In lambda function:
[6.715s] /home/gsylvia/agrobot-reverse-engineering/Agrobot/src/ros2_canopen/canopen_ros2_controllers/src/canopen_proxy_controller.cpp:166:64: warning: ignoring return value of ‘bool hardware_interface::LoanedCommandInterface::set_value(const T&, unsigned int) [with T = double]’, declared with attribute ‘nodiscard’ [-Wunused-result]
[6.715s]   166 |     command_interfaces_[CommandInterfaces::NMT_START].set_value(kCommandValue);
[6.715s]       |     ~~~~~~~~~~~~~~~~~~~~~~~~~~~~~~~~~~~~~~~~~~~~~~~~~~~~~~~~~~~^~~~~~~~~~~~~~~
[6.715s] /opt/ros/jazzy/include/hardware_interface/hardware_interface/loaned_command_interface.hpp:117:22: note: declared here
[6.715s]   117 |   [[nodiscard]] bool set_value(const T & value, unsigned int max_tries = 10)
[6.715s]       |                      ^~~~~~~~~
[6.715s] /home/gsylvia/agrobot-reverse-engineering/Agrobot/src/ros2_canopen/canopen_ros2_controllers/src/canopen_proxy_controller.cpp:168:83: warning: ‘double hardware_interface::LoanedCommandInterface::get_value() const’ is deprecated: Use std::optional<T> get_optional() instead to retrieve the value. This method will be removed by the ROS 2 Kilted Kaiju release. [-Wdeprecated-declarations]
[6.715s]   168 |     while (!std::isnan(command_interfaces_[CommandInterfaces::NMT_START].get_value()))
[6.715s]       |                        ~~~~~~~~~~~~~~~~~~~~~~~~~~~~~~~~~~~~~~~~~~~~~~~~~~~~~~~~~~~^~
[6.716s] /opt/ros/jazzy/include/hardware_interface/hardware_interface/loaned_command_interface.hpp:138:10: note: declared here
[6.716s]   138 |   double get_value() const
[6.716s]       |          ^~~~~~~~~
[6.716s] /home/gsylvia/agrobot-reverse-engineering/Agrobot/src/ros2_canopen/canopen_ros2_controllers/src/canopen_proxy_controller.cpp:175:88: warning: ‘double hardware_interface::LoanedCommandInterface::get_value() const’ is deprecated: Use std::optional<T> get_optional() instead to retrieve the value. This method will be removed by the ROS 2 Kilted Kaiju release. [-Wdeprecated-declarations]
[6.716s]   175 |       static_cast<bool>(command_interfaces_[CommandInterfaces::NMT_START_FBK].get_value());
[6.716s]       |                         ~~~~~~~~~~~~~~~~~~~~~~~~~~~~~~~~~~~~~~~~~~~~~~~~~~~~~~~~~~~~~~~^~
[6.716s] /opt/ros/jazzy/include/hardware_interface/hardware_interface/loaned_command_interface.hpp:138:10: note: declared here
[6.716s]   138 |   double get_value() const
[6.716s]       |          ^~~~~~~~~
[6.716s] /home/gsylvia/agrobot-reverse-engineering/Agrobot/src/ros2_canopen/canopen_ros2_controllers/src/canopen_proxy_controller.cpp:177:68: warning: ignoring return value of ‘bool hardware_interface::LoanedCommandInterface::set_value(const T&, unsigned int) [with T = double]’, declared with attribute ‘nodiscard’ [-Wunused-result]
[6.716s]   177 |     command_interfaces_[CommandInterfaces::NMT_START_FBK].set_value(
[6.716s]       |     ~~~~~~~~~~~~~~~~~~~~~~~~~~~~~~~~~~~~~~~~~~~~~~~~~~~~~~~~~~~~~~~^
[6.716s]   178 |       std::numeric_limits<double>::quiet_NaN());
[6.716s]       |       ~~~~~~~~~~~~~~~~~~~~~~~~~~~~~~~~~~~~~~~~~                     
[6.716s] /opt/ros/jazzy/include/hardware_interface/hardware_interface/loaned_command_interface.hpp:117:22: note: declared here
[6.716s]   117 |   [[nodiscard]] bool set_value(const T & value, unsigned int max_tries = 10)
[6.716s]       |                      ^~~~~~~~~
[6.721s] /home/gsylvia/agrobot-reverse-engineering/Agrobot/src/ros2_canopen/canopen_ros2_controllers/src/canopen_proxy_controller.cpp: In member function ‘virtual controller_interface::CallbackReturn canopen_ros2_controllers::CanopenProxyController::on_deactivate(const rclcpp_lifecycle::State&)’:
[6.721s] /home/gsylvia/agrobot-reverse-engineering/Agrobot/src/ros2_canopen/canopen_ros2_controllers/src/canopen_proxy_controller.cpp:257:37: warning: ignoring return value of ‘bool hardware_interface::LoanedCommandInterface::set_value(const T&, unsigned int) [with T = double]’, declared with attribute ‘nodiscard’ [-Wunused-result]
[6.721s]   257 |     command_interfaces_[i].set_value(std::numeric_limits<double>::quiet_NaN());
[6.721s]       |     ~~~~~~~~~~~~~~~~~~~~~~~~~~~~~~~~^~~~~~~~~~~~~~~~~~~~~~~~~~~~~~~~~~~~~~~~~~
[6.721s] /opt/ros/jazzy/include/hardware_interface/hardware_interface/loaned_command_interface.hpp:117:22: note: declared here
[6.721s]   117 |   [[nodiscard]] bool set_value(const T & value, unsigned int max_tries = 10)
[6.721s]       |                      ^~~~~~~~~
[6.721s] /home/gsylvia/agrobot-reverse-engineering/Agrobot/src/ros2_canopen/canopen_ros2_controllers/src/canopen_proxy_controller.cpp: In member function ‘virtual controller_interface::return_type canopen_ros2_controllers::CanopenProxyController::update(const rclcpp::Time&, const rclcpp::Duration&)’:
[6.721s] /home/gsylvia/agrobot-reverse-engineering/Agrobot/src/ros2_canopen/canopen_ros2_controllers/src/canopen_proxy_controller.cpp:269:94: warning: ‘double hardware_interface::LoanedStateInterface::get_value() const’ is deprecated: Use std::optional<T> get_optional() instead to retrieve the value. This method will be removed by the ROS 2 Kilted Kaiju release. [-Wdeprecated-declarations]
[6.721s]   269 |     auto nmt_state = static_cast<int>(state_interfaces_[StateInterfaces::NMT_STATE].get_value());
[6.721s]       |                                       ~~~~~~~~~~~~~~~~~~~~~~~~~~~~~~~~~~~~~~~~~~~~~~~~~~~~~~~^~
[6.721s] In file included from /opt/ros/jazzy/include/controller_interface/controller_interface/controller_interface_base.hpp:30:
[6.721s] /opt/ros/jazzy/include/hardware_interface/hardware_interface/loaned_state_interface.hpp:98:10: note: declared here
[6.721s]    98 |   double get_value() const
[6.721s]       |          ^~~~~~~~~
[6.722s] /home/gsylvia/agrobot-reverse-engineering/Agrobot/src/ros2_canopen/canopen_ros2_controllers/src/canopen_proxy_controller.cpp:313:85: warning: ‘double hardware_interface::LoanedStateInterface::get_value() const’ is deprecated: Use std::optional<T> get_optional() instead to retrieve the value. This method will be removed by the ROS 2 Kilted Kaiju release. [-Wdeprecated-declarations]
[6.723s]   313 |       static_cast<uint16_t>(state_interfaces_[StateInterfaces::RPDO_INDEX].get_value());
[6.723s]       |                             ~~~~~~~~~~~~~~~~~~~~~~~~~~~~~~~~~~~~~~~~~~~~~~~~~~~~~~~~^~
[6.723s] /opt/ros/jazzy/include/hardware_interface/hardware_interface/loaned_state_interface.hpp:98:10: note: declared here
[6.723s]    98 |   double get_value() const
[6.723s]       |          ^~~~~~~~~
[6.723s] /home/gsylvia/agrobot-reverse-engineering/Agrobot/src/ros2_canopen/canopen_ros2_controllers/src/canopen_proxy_controller.cpp:315:87: warning: ‘double hardware_interface::LoanedStateInterface::get_value() const’ is deprecated: Use std::optional<T> get_optional() instead to retrieve the value. This method will be removed by the ROS 2 Kilted Kaiju release. [-Wdeprecated-declarations]
[6.723s]   315 |       static_cast<uint8_t>(state_interfaces_[StateInterfaces::RPDO_SUBINDEX].get_value());
[6.723s]       |                            ~~~~~~~~~~~~~~~~~~~~~~~~~~~~~~~~~~~~~~~~~~~~~~~~~~~~~~~~~~~^~
[6.723s] /opt/ros/jazzy/include/hardware_interface/hardware_interface/loaned_state_interface.hpp:98:10: note: declared here
[6.723s]    98 |   double get_value() const
[6.723s]       |          ^~~~~~~~~
[6.723s] /home/gsylvia/agrobot-reverse-engineering/Agrobot/src/ros2_canopen/canopen_ros2_controllers/src/canopen_proxy_controller.cpp:317:84: warning: ‘double hardware_interface::LoanedStateInterface::get_value() const’ is deprecated: Use std::optional<T> get_optional() instead to retrieve the value. This method will be removed by the ROS 2 Kilted Kaiju release. [-Wdeprecated-declarations]
[6.723s]   317 |       static_cast<uint32_t>(state_interfaces_[StateInterfaces::RPDO_DATA].get_value());
[6.723s]       |                             ~~~~~~~~~~~~~~~~~~~~~~~~~~~~~~~~~~~~~~~~~~~~~~~~~~~~~~~^~
[6.723s] /opt/ros/jazzy/include/hardware_interface/hardware_interface/loaned_state_interface.hpp:98:10: note: declared here
[6.723s]    98 |   double get_value() const
[6.723s]       |          ^~~~~~~~~
[6.723s] /home/gsylvia/agrobot-reverse-engineering/Agrobot/src/ros2_canopen/canopen_ros2_controllers/src/canopen_proxy_controller.cpp:330:65: warning: ignoring return value of ‘bool hardware_interface::LoanedCommandInterface::set_value(const T&, unsigned int) [with T = double]’, declared with attribute ‘nodiscard’ [-Wunused-result]
[6.723s]   330 |     command_interfaces_[CommandInterfaces::TPDO_INDEX].set_value(
[6.723s]       |     ~~~~~~~~~~~~~~~~~~~~~~~~~~~~~~~~~~~~~~~~~~~~~~~~~~~~~~~~~~~~^
[6.723s]   331 |       static_cast<double>((*current_cmd)->index));
[6.723s]       |       ~~~~~~~~~~~~~~~~~~~~~~~~~~~~~~~~~~~~~~~~~~~                
[6.723s] /opt/ros/jazzy/include/hardware_interface/hardware_interface/loaned_command_interface.hpp:117:22: note: declared here
[6.723s]   117 |   [[nodiscard]] bool set_value(const T & value, unsigned int max_tries = 10)
[6.724s]       |                      ^~~~~~~~~
[6.724s] /home/gsylvia/agrobot-reverse-engineering/Agrobot/src/ros2_canopen/canopen_ros2_controllers/src/canopen_proxy_controller.cpp:332:68: warning: ignoring return value of ‘bool hardware_interface::LoanedCommandInterface::set_value(const T&, unsigned int) [with T = double]’, declared with attribute ‘nodiscard’ [-Wunused-result]
[6.724s]   332 |     command_interfaces_[CommandInterfaces::TPDO_SUBINDEX].set_value(
[6.724s]       |     ~~~~~~~~~~~~~~~~~~~~~~~~~~~~~~~~~~~~~~~~~~~~~~~~~~~~~~~~~~~~~~~^
[6.724s]   333 |       static_cast<double>((*current_cmd)->subindex));
[6.724s]       |       ~~~~~~~~~~~~~~~~~~~~~~~~~~~~~~~~~~~~~~~~~~~~~~                
[6.724s] /opt/ros/jazzy/include/hardware_interface/hardware_interface/loaned_command_interface.hpp:117:22: note: declared here
[6.724s]   117 |   [[nodiscard]] bool set_value(const T & value, unsigned int max_tries = 10)
[6.724s]       |                      ^~~~~~~~~
[6.724s] /home/gsylvia/agrobot-reverse-engineering/Agrobot/src/ros2_canopen/canopen_ros2_controllers/src/canopen_proxy_controller.cpp:334:64: warning: ignoring return value of ‘bool hardware_interface::LoanedCommandInterface::set_value(const T&, unsigned int) [with T = double]’, declared with attribute ‘nodiscard’ [-Wunused-result]
[6.724s]   334 |     command_interfaces_[CommandInterfaces::TPDO_DATA].set_value(
[6.724s]       |     ~~~~~~~~~~~~~~~~~~~~~~~~~~~~~~~~~~~~~~~~~~~~~~~~~~~~~~~~~~~^
[6.724s]   335 |       static_cast<double>((*current_cmd)->data));
[6.724s]       |       ~~~~~~~~~~~~~~~~~~~~~~~~~~~~~~~~~~~~~~~~~~                
[6.724s] /opt/ros/jazzy/include/hardware_interface/hardware_interface/loaned_command_interface.hpp:117:22: note: declared here
[6.724s]   117 |   [[nodiscard]] bool set_value(const T & value, unsigned int max_tries = 10)
[6.724s]       |                      ^~~~~~~~~
[6.724s] /home/gsylvia/agrobot-reverse-engineering/Agrobot/src/ros2_canopen/canopen_ros2_controllers/src/canopen_proxy_controller.cpp:337:63: warning: ignoring return value of ‘bool hardware_interface::LoanedCommandInterface::set_value(const T&, unsigned int) [with T = double]’, declared with attribute ‘nodiscard’ [-Wunused-result]
[6.724s]   337 |     command_interfaces_[CommandInterfaces::TPDO_ONS].set_value(kCommandValue);
[6.724s]       |     ~~~~~~~~~~~~~~~~~~~~~~~~~~~~~~~~~~~~~~~~~~~~~~~~~~~~~~~~~~^~~~~~~~~~~~~~~
[6.724s] /opt/ros/jazzy/include/hardware_interface/hardware_interface/loaned_command_interface.hpp:117:22: note: declared here
[6.724s]   117 |   [[nodiscard]] bool set_value(const T & value, unsigned int max_tries = 10)
[6.724s]       |                      ^~~~~~~~~
[14.676s] [100%] Linking CXX shared library libcanopen_ros2_controllers.so
[15.185s] [100%] Built target canopen_ros2_controllers
[15.194s] Invoked command in '/home/gsylvia/agrobot-reverse-engineering/Agrobot/build/canopen_ros2_controllers' returned '0': AMENT_PREFIX_PATH=/home/gsylvia/agrobot-reverse-engineering/Agrobot/install/canopen_402_driver:/home/gsylvia/agrobot-reverse-engineering/Agrobot/install/canopen_proxy_driver:/home/gsylvia/agrobot-reverse-engineering/Agrobot/install/canopen_base_driver:/home/gsylvia/agrobot-reverse-engineering/Agrobot/install/canopen_core:/home/gsylvia/agrobot-reverse-engineering/Agrobot/install/lely_core_libraries:/home/gsylvia/agrobot-reverse-engineering/Agrobot/install/canopen_interfaces:${AMENT_PREFIX_PATH} CMAKE_PREFIX_PATH=/home/gsylvia/agrobot-reverse-engineering/Agrobot/install/canopen_402_driver:/home/gsylvia/agrobot-reverse-engineering/Agrobot/install/canopen_proxy_driver:/home/gsylvia/agrobot-reverse-engineering/Agrobot/install/canopen_base_driver:/home/gsylvia/agrobot-reverse-engineering/Agrobot/install/canopen_core:/home/gsylvia/agrobot-reverse-engineering/Agrobot/install/lely_core_libraries:/home/gsylvia/agrobot-reverse-engineering/Agrobot/install/canopen_interfaces:/opt/ros/jazzy/opt/gz_sim_vendor:/opt/ros/jazzy/opt/gz_sensors_vendor:/opt/ros/jazzy/opt/gz_physics_vendor:/opt/ros/jazzy/opt/sdformat_vendor:/opt/ros/jazzy/opt/gz_gui_vendor:/opt/ros/jazzy/opt/gz_transport_vendor:/opt/ros/jazzy/opt/gz_rendering_vendor:/opt/ros/jazzy/opt/gz_plugin_vendor:/opt/ros/jazzy/opt/gz_fuel_tools_vendor:/opt/ros/jazzy/opt/gz_msgs_vendor:/opt/ros/jazzy/opt/gz_common_vendor:/opt/ros/jazzy/opt/gz_math_vendor:/opt/ros/jazzy/opt/gz_utils_vendor:/opt/ros/jazzy/opt/gz_tools_vendor:/opt/ros/jazzy/opt/gz_ogre_next_vendor:/opt/ros/jazzy/opt/gz_dartsim_vendor:/opt/ros/jazzy/opt/gz_cmake_vendor:/opt/ros/jazzy LD_LIBRARY_PATH=/home/gsylvia/agrobot-reverse-engineering/Agrobot/install/canopen_402_driver/lib:/home/gsylvia/agrobot-reverse-engineering/Agrobot/install/canopen_proxy_driver/lib:/home/gsylvia/agrobot-reverse-engineering/Agrobot/install/canopen_base_driver/lib:/home/gsylvia/agrobot-reverse-engineering/Agrobot/install/canopen_core/lib:/home/gsylvia/agrobot-reverse-engineering/Agrobot/install/lely_core_libraries/lib:/home/gsylvia/agrobot-reverse-engineering/Agrobot/install/canopen_interfaces/lib:${LD_LIBRARY_PATH} PATH=/home/gsylvia/agrobot-reverse-engineering/Agrobot/install/lely_core_libraries/bin:${PATH} PYTHONPATH=/home/gsylvia/agrobot-reverse-engineering/Agrobot/install/lely_core_libraries/lib/python3.12/site-packages:/home/gsylvia/agrobot-reverse-engineering/Agrobot/install/canopen_interfaces/lib/python3.12/site-packages:${PYTHONPATH} /usr/bin/cmake --build /home/gsylvia/agrobot-reverse-engineering/Agrobot/build/canopen_ros2_controllers -- -j16 -l16
[15.196s] Invoking command in '/home/gsylvia/agrobot-reverse-engineering/Agrobot/build/canopen_ros2_controllers': AMENT_PREFIX_PATH=/home/gsylvia/agrobot-reverse-engineering/Agrobot/install/canopen_402_driver:/home/gsylvia/agrobot-reverse-engineering/Agrobot/install/canopen_proxy_driver:/home/gsylvia/agrobot-reverse-engineering/Agrobot/install/canopen_base_driver:/home/gsylvia/agrobot-reverse-engineering/Agrobot/install/canopen_core:/home/gsylvia/agrobot-reverse-engineering/Agrobot/install/lely_core_libraries:/home/gsylvia/agrobot-reverse-engineering/Agrobot/install/canopen_interfaces:${AMENT_PREFIX_PATH} CMAKE_PREFIX_PATH=/home/gsylvia/agrobot-reverse-engineering/Agrobot/install/canopen_402_driver:/home/gsylvia/agrobot-reverse-engineering/Agrobot/install/canopen_proxy_driver:/home/gsylvia/agrobot-reverse-engineering/Agrobot/install/canopen_base_driver:/home/gsylvia/agrobot-reverse-engineering/Agrobot/install/canopen_core:/home/gsylvia/agrobot-reverse-engineering/Agrobot/install/lely_core_libraries:/home/gsylvia/agrobot-reverse-engineering/Agrobot/install/canopen_interfaces:/opt/ros/jazzy/opt/gz_sim_vendor:/opt/ros/jazzy/opt/gz_sensors_vendor:/opt/ros/jazzy/opt/gz_physics_vendor:/opt/ros/jazzy/opt/sdformat_vendor:/opt/ros/jazzy/opt/gz_gui_vendor:/opt/ros/jazzy/opt/gz_transport_vendor:/opt/ros/jazzy/opt/gz_rendering_vendor:/opt/ros/jazzy/opt/gz_plugin_vendor:/opt/ros/jazzy/opt/gz_fuel_tools_vendor:/opt/ros/jazzy/opt/gz_msgs_vendor:/opt/ros/jazzy/opt/gz_common_vendor:/opt/ros/jazzy/opt/gz_math_vendor:/opt/ros/jazzy/opt/gz_utils_vendor:/opt/ros/jazzy/opt/gz_tools_vendor:/opt/ros/jazzy/opt/gz_ogre_next_vendor:/opt/ros/jazzy/opt/gz_dartsim_vendor:/opt/ros/jazzy/opt/gz_cmake_vendor:/opt/ros/jazzy LD_LIBRARY_PATH=/home/gsylvia/agrobot-reverse-engineering/Agrobot/install/canopen_402_driver/lib:/home/gsylvia/agrobot-reverse-engineering/Agrobot/install/canopen_proxy_driver/lib:/home/gsylvia/agrobot-reverse-engineering/Agrobot/install/canopen_base_driver/lib:/home/gsylvia/agrobot-reverse-engineering/Agrobot/install/canopen_core/lib:/home/gsylvia/agrobot-reverse-engineering/Agrobot/install/lely_core_libraries/lib:/home/gsylvia/agrobot-reverse-engineering/Agrobot/install/canopen_interfaces/lib:${LD_LIBRARY_PATH} PATH=/home/gsylvia/agrobot-reverse-engineering/Agrobot/install/lely_core_libraries/bin:${PATH} PYTHONPATH=/home/gsylvia/agrobot-reverse-engineering/Agrobot/install/lely_core_libraries/lib/python3.12/site-packages:/home/gsylvia/agrobot-reverse-engineering/Agrobot/install/canopen_interfaces/lib/python3.12/site-packages:${PYTHONPATH} /usr/bin/cmake --install /home/gsylvia/agrobot-reverse-engineering/Agrobot/build/canopen_ros2_controllers
[15.202s] -- Install configuration: ""
[15.202s] -- Up-to-date: /home/gsylvia/agrobot-reverse-engineering/Agrobot/install/canopen_ros2_controllers/share/canopen_ros2_controllers/canopen_ros2_controllers.xml
[15.203s] -- Installing: /home/gsylvia/agrobot-reverse-engineering/Agrobot/install/canopen_ros2_controllers/lib/libcanopen_ros2_controllers.so
[15.210s] -- Set non-toolchain portion of runtime path of "/home/gsylvia/agrobot-reverse-engineering/Agrobot/install/canopen_ros2_controllers/lib/libcanopen_ros2_controllers.so" to ""
[15.210s] -- Up-to-date: /home/gsylvia/agrobot-reverse-engineering/Agrobot/install/canopen_ros2_controllers/include
[15.210s] -- Up-to-date: /home/gsylvia/agrobot-reverse-engineering/Agrobot/install/canopen_ros2_controllers/include/canopen_ros2_controllers
[15.210s] -- Up-to-date: /home/gsylvia/agrobot-reverse-engineering/Agrobot/install/canopen_ros2_controllers/include/canopen_ros2_controllers/visibility_control.h
[15.210s] -- Up-to-date: /home/gsylvia/agrobot-reverse-engineering/Agrobot/install/canopen_ros2_controllers/include/canopen_ros2_controllers/cia402_device_controller.hpp
[15.210s] -- Up-to-date: /home/gsylvia/agrobot-reverse-engineering/Agrobot/install/canopen_ros2_controllers/include/canopen_ros2_controllers/canopen_proxy_controller.hpp
[15.211s] -- Up-to-date: /home/gsylvia/agrobot-reverse-engineering/Agrobot/install/canopen_ros2_controllers/share/canopen_ros2_controllers/environment/library_path.sh
[15.211s] -- Up-to-date: /home/gsylvia/agrobot-reverse-engineering/Agrobot/install/canopen_ros2_controllers/share/canopen_ros2_controllers/environment/library_path.dsv
[15.211s] -- Up-to-date: /home/gsylvia/agrobot-reverse-engineering/Agrobot/install/canopen_ros2_controllers/share/ament_index/resource_index/package_run_dependencies/canopen_ros2_controllers
[15.211s] -- Up-to-date: /home/gsylvia/agrobot-reverse-engineering/Agrobot/install/canopen_ros2_controllers/share/ament_index/resource_index/parent_prefix_path/canopen_ros2_controllers
[15.211s] -- Up-to-date: /home/gsylvia/agrobot-reverse-engineering/Agrobot/install/canopen_ros2_controllers/share/canopen_ros2_controllers/environment/ament_prefix_path.sh
[15.211s] -- Up-to-date: /home/gsylvia/agrobot-reverse-engineering/Agrobot/install/canopen_ros2_controllers/share/canopen_ros2_controllers/environment/ament_prefix_path.dsv
[15.211s] -- Up-to-date: /home/gsylvia/agrobot-reverse-engineering/Agrobot/install/canopen_ros2_controllers/share/canopen_ros2_controllers/environment/path.sh
[15.211s] -- Up-to-date: /home/gsylvia/agrobot-reverse-engineering/Agrobot/install/canopen_ros2_controllers/share/canopen_ros2_controllers/environment/path.dsv
[15.211s] -- Up-to-date: /home/gsylvia/agrobot-reverse-engineering/Agrobot/install/canopen_ros2_controllers/share/canopen_ros2_controllers/local_setup.bash
[15.211s] -- Up-to-date: /home/gsylvia/agrobot-reverse-engineering/Agrobot/install/canopen_ros2_controllers/share/canopen_ros2_controllers/local_setup.sh
[15.211s] -- Up-to-date: /home/gsylvia/agrobot-reverse-engineering/Agrobot/install/canopen_ros2_controllers/share/canopen_ros2_controllers/local_setup.zsh
[15.211s] -- Up-to-date: /home/gsylvia/agrobot-reverse-engineering/Agrobot/install/canopen_ros2_controllers/share/canopen_ros2_controllers/local_setup.dsv
[15.211s] -- Installing: /home/gsylvia/agrobot-reverse-engineering/Agrobot/install/canopen_ros2_controllers/share/canopen_ros2_controllers/package.dsv
[15.212s] -- Up-to-date: /home/gsylvia/agrobot-reverse-engineering/Agrobot/install/canopen_ros2_controllers/share/ament_index/resource_index/packages/canopen_ros2_controllers
[15.212s] -- Up-to-date: /home/gsylvia/agrobot-reverse-engineering/Agrobot/install/canopen_ros2_controllers/share/ament_index/resource_index/controller_interface__pluginlib__plugin/canopen_ros2_controllers
[15.212s] -- Up-to-date: /home/gsylvia/agrobot-reverse-engineering/Agrobot/install/canopen_ros2_controllers/share/canopen_ros2_controllers/cmake/ament_cmake_export_include_directories-extras.cmake
[15.212s] -- Up-to-date: /home/gsylvia/agrobot-reverse-engineering/Agrobot/install/canopen_ros2_controllers/share/canopen_ros2_controllers/cmake/ament_cmake_export_libraries-extras.cmake
[15.212s] -- Up-to-date: /home/gsylvia/agrobot-reverse-engineering/Agrobot/install/canopen_ros2_controllers/share/canopen_ros2_controllers/cmake/ament_cmake_export_dependencies-extras.cmake
[15.212s] -- Up-to-date: /home/gsylvia/agrobot-reverse-engineering/Agrobot/install/canopen_ros2_controllers/share/canopen_ros2_controllers/cmake/canopen_ros2_controllersConfig.cmake
[15.212s] -- Up-to-date: /home/gsylvia/agrobot-reverse-engineering/Agrobot/install/canopen_ros2_controllers/share/canopen_ros2_controllers/cmake/canopen_ros2_controllersConfig-version.cmake
[15.212s] -- Up-to-date: /home/gsylvia/agrobot-reverse-engineering/Agrobot/install/canopen_ros2_controllers/share/canopen_ros2_controllers/package.xml
[15.213s] Invoked command in '/home/gsylvia/agrobot-reverse-engineering/Agrobot/build/canopen_ros2_controllers' returned '0': AMENT_PREFIX_PATH=/home/gsylvia/agrobot-reverse-engineering/Agrobot/install/canopen_402_driver:/home/gsylvia/agrobot-reverse-engineering/Agrobot/install/canopen_proxy_driver:/home/gsylvia/agrobot-reverse-engineering/Agrobot/install/canopen_base_driver:/home/gsylvia/agrobot-reverse-engineering/Agrobot/install/canopen_core:/home/gsylvia/agrobot-reverse-engineering/Agrobot/install/lely_core_libraries:/home/gsylvia/agrobot-reverse-engineering/Agrobot/install/canopen_interfaces:${AMENT_PREFIX_PATH} CMAKE_PREFIX_PATH=/home/gsylvia/agrobot-reverse-engineering/Agrobot/install/canopen_402_driver:/home/gsylvia/agrobot-reverse-engineering/Agrobot/install/canopen_proxy_driver:/home/gsylvia/agrobot-reverse-engineering/Agrobot/install/canopen_base_driver:/home/gsylvia/agrobot-reverse-engineering/Agrobot/install/canopen_core:/home/gsylvia/agrobot-reverse-engineering/Agrobot/install/lely_core_libraries:/home/gsylvia/agrobot-reverse-engineering/Agrobot/install/canopen_interfaces:/opt/ros/jazzy/opt/gz_sim_vendor:/opt/ros/jazzy/opt/gz_sensors_vendor:/opt/ros/jazzy/opt/gz_physics_vendor:/opt/ros/jazzy/opt/sdformat_vendor:/opt/ros/jazzy/opt/gz_gui_vendor:/opt/ros/jazzy/opt/gz_transport_vendor:/opt/ros/jazzy/opt/gz_rendering_vendor:/opt/ros/jazzy/opt/gz_plugin_vendor:/opt/ros/jazzy/opt/gz_fuel_tools_vendor:/opt/ros/jazzy/opt/gz_msgs_vendor:/opt/ros/jazzy/opt/gz_common_vendor:/opt/ros/jazzy/opt/gz_math_vendor:/opt/ros/jazzy/opt/gz_utils_vendor:/opt/ros/jazzy/opt/gz_tools_vendor:/opt/ros/jazzy/opt/gz_ogre_next_vendor:/opt/ros/jazzy/opt/gz_dartsim_vendor:/opt/ros/jazzy/opt/gz_cmake_vendor:/opt/ros/jazzy LD_LIBRARY_PATH=/home/gsylvia/agrobot-reverse-engineering/Agrobot/install/canopen_402_driver/lib:/home/gsylvia/agrobot-reverse-engineering/Agrobot/install/canopen_proxy_driver/lib:/home/gsylvia/agrobot-reverse-engineering/Agrobot/install/canopen_base_driver/lib:/home/gsylvia/agrobot-reverse-engineering/Agrobot/install/canopen_core/lib:/home/gsylvia/agrobot-reverse-engineering/Agrobot/install/lely_core_libraries/lib:/home/gsylvia/agrobot-reverse-engineering/Agrobot/install/canopen_interfaces/lib:${LD_LIBRARY_PATH} PATH=/home/gsylvia/agrobot-reverse-engineering/Agrobot/install/lely_core_libraries/bin:${PATH} PYTHONPATH=/home/gsylvia/agrobot-reverse-engineering/Agrobot/install/lely_core_libraries/lib/python3.12/site-packages:/home/gsylvia/agrobot-reverse-engineering/Agrobot/install/canopen_interfaces/lib/python3.12/site-packages:${PYTHONPATH} /usr/bin/cmake --install /home/gsylvia/agrobot-reverse-engineering/Agrobot/build/canopen_ros2_controllers
