[100%] Built target cartesian_path
[100%] Built target commander
[100%] Built target named_goal
[100%] Built target joint_goal
[100%] Built target position_goal
-- Install configuration: ""
-- Up-to-date: /home/gsylvia/agrobot-reverse-engineering/Agrobot/install/robot_commander/lib/robot_commander/named_goal
-- Up-to-date: /home/gsylvia/agrobot-reverse-engineering/Agrobot/install/robot_commander/lib/robot_commander/joint_goal
-- Up-to-date: /home/gsylvia/agrobot-reverse-engineering/Agrobot/install/robot_commander/lib/robot_commander/position_goal
-- Up-to-date: /home/gsylvia/agrobot-reverse-engineering/Agrobot/install/robot_commander/lib/robot_commander/cartesian_path
-- Up-to-date: /home/gsylvia/agrobot-reverse-engineering/Agrobot/install/robot_commander/lib/robot_commander/commander
-- Up-to-date: /home/gsylvia/agrobot-reverse-engineering/Agrobot/install/robot_commander/lib/robot_commander/tomato_picker.py
-- Up-to-date: /home/gsylvia/agrobot-reverse-engineering/Agrobot/install/robot_commander/lib/robot_commander/sequencer.py
-- Up-to-date: /home/gsylvia/agrobot-reverse-engineering/Agrobot/install/robot_commander/lib/robot_commander/test_multi_tomato.py
-- Up-to-date: /home/gsylvia/agrobot-reverse-engineering/Agrobot/install/robot_commander/lib/robot_commander/test_button_server.py
-- Up-to-date: /home/gsylvia/agrobot-reverse-engineering/Agrobot/install/robot_commander/share/robot_commander//launch
-- Up-to-date: /home/gsylvia/agrobot-reverse-engineering/Agrobot/install/robot_commander/share/robot_commander//launch/commander.launch.py
-- Up-to-date: /home/gsylvia/agrobot-reverse-engineering/Agrobot/install/robot_commander/share/ament_index/resource_index/package_run_dependencies/robot_commander
-- Up-to-date: /home/gsylvia/agrobot-reverse-engineering/Agrobot/install/robot_commander/share/ament_index/resource_index/parent_prefix_path/robot_commander
-- Up-to-date: /home/gsylvia/agrobot-reverse-engineering/Agrobot/install/robot_commander/share/robot_commander/environment/ament_prefix_path.sh
-- Up-to-date: /home/gsylvia/agrobot-reverse-engineering/Agrobot/install/robot_commander/share/robot_commander/environment/ament_prefix_path.dsv
-- Up-to-date: /home/gsylvia/agrobot-reverse-engineering/Agrobot/install/robot_commander/share/robot_commander/environment/path.sh
-- Up-to-date: /home/gsylvia/agrobot-reverse-engineering/Agrobot/install/robot_commander/share/robot_commander/environment/path.dsv
-- Up-to-date: /home/gsylvia/agrobot-reverse-engineering/Agrobot/install/robot_commander/share/robot_commander/local_setup.bash
-- Up-to-date: /home/gsylvia/agrobot-reverse-engineering/Agrobot/install/robot_commander/share/robot_commander/local_setup.sh
-- Up-to-date: /home/gsylvia/agrobot-reverse-engineering/Agrobot/install/robot_commander/share/robot_commander/local_setup.zsh
-- Up-to-date: /home/gsylvia/agrobot-reverse-engineering/Agrobot/install/robot_commander/share/robot_commander/local_setup.dsv
-- Installing: /home/gsylvia/agrobot-reverse-engineering/Agrobot/install/robot_commander/share/robot_commander/package.dsv
-- Up-to-date: /home/gsylvia/agrobot-reverse-engineering/Agrobot/install/robot_commander/share/ament_index/resource_index/packages/robot_commander
-- Up-to-date: /home/gsylvia/agrobot-reverse-engineering/Agrobot/install/robot_commander/share/robot_commander/cmake/robot_commanderConfig.cmake
-- Up-to-date: /home/gsylvia/agrobot-reverse-engineering/Agrobot/install/robot_commander/share/robot_commander/cmake/robot_commanderConfig-version.cmake
-- Up-to-date: /home/gsylvia/agrobot-reverse-engineering/Agrobot/install/robot_commander/share/robot_commander/package.xml
