[0.165s] Invoking command in '/home/gsylvia/agrobot-reverse-engineering/Agrobot/build/robot_commander': AMENT_PREFIX_PATH=/home/gsylvia/agrobot-reverse-engineering/Agrobot/install/robot_interfaces:${AMENT_PREFIX_PATH} CMAKE_PREFIX_PATH=/home/gsylvia/agrobot-reverse-engineering/Agrobot/install/robot_interfaces:/opt/ros/jazzy/opt/gz_sim_vendor:/opt/ros/jazzy/opt/gz_sensors_vendor:/opt/ros/jazzy/opt/gz_physics_vendor:/opt/ros/jazzy/opt/sdformat_vendor:/opt/ros/jazzy/opt/gz_gui_vendor:/opt/ros/jazzy/opt/gz_transport_vendor:/opt/ros/jazzy/opt/gz_rendering_vendor:/opt/ros/jazzy/opt/gz_plugin_vendor:/opt/ros/jazzy/opt/gz_fuel_tools_vendor:/opt/ros/jazzy/opt/gz_msgs_vendor:/opt/ros/jazzy/opt/gz_common_vendor:/opt/ros/jazzy/opt/gz_math_vendor:/opt/ros/jazzy/opt/gz_utils_vendor:/opt/ros/jazzy/opt/gz_tools_vendor:/opt/ros/jazzy/opt/gz_ogre_next_vendor:/opt/ros/jazzy/opt/gz_dartsim_vendor:/opt/ros/jazzy/opt/gz_cmake_vendor:/opt/ros/jazzy LD_LIBRARY_PATH=/home/gsylvia/agrobot-reverse-engineering/Agrobot/install/robot_interfaces/lib:${LD_LIBRARY_PATH} PYTHONPATH=/home/gsylvia/agrobot-reverse-engineering/Agrobot/install/robot_interfaces/lib/python3.12/site-packages:${PYTHONPATH} /usr/bin/cmake --build /home/gsylvia/agrobot-reverse-engineering/Agrobot/build/robot_commander -- -j16 -l16
[0.234s] [100%] Built target cartesian_path
[0.234s] [100%] Built target commander
[0.234s] [100%] Built target named_goal
[0.234s] [100%] Built target joint_goal
[0.234s] [100%] Built target position_goal
[0.243s] Invoked command in '/home/gsylvia/agrobot-reverse-engineering/Agrobot/build/robot_commander' returned '0': AMENT_PREFIX_PATH=/home/gsylvia/agrobot-reverse-engineering/Agrobot/install/robot_interfaces:${AMENT_PREFIX_PATH} CMAKE_PREFIX_PATH=/home/gsylvia/agrobot-reverse-engineering/Agrobot/install/robot_interfaces:/opt/ros/jazzy/opt/gz_sim_vendor:/opt/ros/jazzy/opt/gz_sensors_vendor:/opt/ros/jazzy/opt/gz_physics_vendor:/opt/ros/jazzy/opt/sdformat_vendor:/opt/ros/jazzy/opt/gz_gui_vendor:/opt/ros/jazzy/opt/gz_transport_vendor:/opt/ros/jazzy/opt/gz_rendering_vendor:/opt/ros/jazzy/opt/gz_plugin_vendor:/opt/ros/jazzy/opt/gz_fuel_tools_vendor:/opt/ros/jazzy/opt/gz_msgs_vendor:/opt/ros/jazzy/opt/gz_common_vendor:/opt/ros/jazzy/opt/gz_math_vendor:/opt/ros/jazzy/opt/gz_utils_vendor:/opt/ros/jazzy/opt/gz_tools_vendor:/opt/ros/jazzy/opt/gz_ogre_next_vendor:/opt/ros/jazzy/opt/gz_dartsim_vendor:/opt/ros/jazzy/opt/gz_cmake_vendor:/opt/ros/jazzy LD_LIBRARY_PATH=/home/gsylvia/agrobot-reverse-engineering/Agrobot/install/robot_interfaces/lib:${LD_LIBRARY_PATH} PYTHONPATH=/home/gsylvia/agrobot-reverse-engineering/Agrobot/install/robot_interfaces/lib/python3.12/site-packages:${PYTHONPATH} /usr/bin/cmake --build /home/gsylvia/agrobot-reverse-engineering/Agrobot/build/robot_commander -- -j16 -l16
[0.246s] Invoking command in '/home/gsylvia/agrobot-reverse-engineering/Agrobot/build/robot_commander': AMENT_PREFIX_PATH=/home/gsylvia/agrobot-reverse-engineering/Agrobot/install/robot_interfaces:${AMENT_PREFIX_PATH} CMAKE_PREFIX_PATH=/home/gsylvia/agrobot-reverse-engineering/Agrobot/install/robot_interfaces:/opt/ros/jazzy/opt/gz_sim_vendor:/opt/ros/jazzy/opt/gz_sensors_vendor:/opt/ros/jazzy/opt/gz_physics_vendor:/opt/ros/jazzy/opt/sdformat_vendor:/opt/ros/jazzy/opt/gz_gui_vendor:/opt/ros/jazzy/opt/gz_transport_vendor:/opt/ros/jazzy/opt/gz_rendering_vendor:/opt/ros/jazzy/opt/gz_plugin_vendor:/opt/ros/jazzy/opt/gz_fuel_tools_vendor:/opt/ros/jazzy/opt/gz_msgs_vendor:/opt/ros/jazzy/opt/gz_common_vendor:/opt/ros/jazzy/opt/gz_math_vendor:/opt/ros/jazzy/opt/gz_utils_vendor:/opt/ros/jazzy/opt/gz_tools_vendor:/opt/ros/jazzy/opt/gz_ogre_next_vendor:/opt/ros/jazzy/opt/gz_dartsim_vendor:/opt/ros/jazzy/opt/gz_cmake_vendor:/opt/ros/jazzy LD_LIBRARY_PATH=/home/gsylvia/agrobot-reverse-engineering/Agrobot/install/robot_interfaces/lib:${LD_LIBRARY_PATH} PYTHONPATH=/home/gsylvia/agrobot-reverse-engineering/Agrobot/install/robot_interfaces/lib/python3.12/site-packages:${PYTHONPATH} /usr/bin/cmake --install /home/gsylvia/agrobot-reverse-engineering/Agrobot/build/robot_commander
[0.363s] -- Install configuration: ""
[0.364s] -- Up-to-date: /home/gsylvia/agrobot-reverse-engineering/Agrobot/install/robot_commander/lib/robot_commander/named_goal
[0.364s] -- Up-to-date: /home/gsylvia/agrobot-reverse-engineering/Agrobot/install/robot_commander/lib/robot_commander/joint_goal
[0.364s] -- Up-to-date: /home/gsylvia/agrobot-reverse-engineering/Agrobot/install/robot_commander/lib/robot_commander/position_goal
[0.364s] -- Up-to-date: /home/gsylvia/agrobot-reverse-engineering/Agrobot/install/robot_commander/lib/robot_commander/cartesian_path
[0.365s] -- Up-to-date: /home/gsylvia/agrobot-reverse-engineering/Agrobot/install/robot_commander/lib/robot_commander/commander
[0.365s] -- Up-to-date: /home/gsylvia/agrobot-reverse-engineering/Agrobot/install/robot_commander/lib/robot_commander/tomato_picker.py
[0.365s] -- Up-to-date: /home/gsylvia/agrobot-reverse-engineering/Agrobot/install/robot_commander/lib/robot_commander/sequencer.py
[0.366s] -- Up-to-date: /home/gsylvia/agrobot-reverse-engineering/Agrobot/install/robot_commander/lib/robot_commander/test_multi_tomato.py
[0.366s] -- Up-to-date: /home/gsylvia/agrobot-reverse-engineering/Agrobot/install/robot_commander/lib/robot_commander/test_button_server.py
[0.366s] -- Up-to-date: /home/gsylvia/agrobot-reverse-engineering/Agrobot/install/robot_commander/share/robot_commander//launch
[0.366s] -- Up-to-date: /home/gsylvia/agrobot-reverse-engineering/Agrobot/install/robot_commander/share/robot_commander//launch/commander.launch.py
[0.366s] -- Up-to-date: /home/gsylvia/agrobot-reverse-engineering/Agrobot/install/robot_commander/share/ament_index/resource_index/package_run_dependencies/robot_commander
[0.367s] -- Up-to-date: /home/gsylvia/agrobot-reverse-engineering/Agrobot/install/robot_commander/share/ament_index/resource_index/parent_prefix_path/robot_commander
[0.367s] -- Up-to-date: /home/gsylvia/agrobot-reverse-engineering/Agrobot/install/robot_commander/share/robot_commander/environment/ament_prefix_path.sh
[0.367s] -- Up-to-date: /home/gsylvia/agrobot-reverse-engineering/Agrobot/install/robot_commander/share/robot_commander/environment/ament_prefix_path.dsv
[0.367s] -- Up-to-date: /home/gsylvia/agrobot-reverse-engineering/Agrobot/install/robot_commander/share/robot_commander/environment/path.sh
[0.367s] -- Up-to-date: /home/gsylvia/agrobot-reverse-engineering/Agrobot/install/robot_commander/share/robot_commander/environment/path.dsv
[0.367s] -- Up-to-date: /home/gsylvia/agrobot-reverse-engineering/Agrobot/install/robot_commander/share/robot_commander/local_setup.bash
[0.367s] -- Up-to-date: /home/gsylvia/agrobot-reverse-engineering/Agrobot/install/robot_commander/share/robot_commander/local_setup.sh
[0.367s] -- Up-to-date: /home/gsylvia/agrobot-reverse-engineering/Agrobot/install/robot_commander/share/robot_commander/local_setup.zsh
[0.367s] -- Up-to-date: /home/gsylvia/agrobot-reverse-engineering/Agrobot/install/robot_commander/share/robot_commander/local_setup.dsv
[0.368s] -- Installing: /home/gsylvia/agrobot-reverse-engineering/Agrobot/install/robot_commander/share/robot_commander/package.dsv
[0.368s] -- Up-to-date: /home/gsylvia/agrobot-reverse-engineering/Agrobot/install/robot_commander/share/ament_index/resource_index/packages/robot_commander
[0.368s] -- Up-to-date: /home/gsylvia/agrobot-reverse-engineering/Agrobot/install/robot_commander/share/robot_commander/cmake/robot_commanderConfig.cmake
[0.368s] -- Up-to-date: /home/gsylvia/agrobot-reverse-engineering/Agrobot/install/robot_commander/share/robot_commander/cmake/robot_commanderConfig-version.cmake
[0.368s] -- Up-to-date: /home/gsylvia/agrobot-reverse-engineering/Agrobot/install/robot_commander/share/robot_commander/package.xml
[0.368s] Invoked command in '/home/gsylvia/agrobot-reverse-engineering/Agrobot/build/robot_commander' returned '0': AMENT_PREFIX_PATH=/home/gsylvia/agrobot-reverse-engineering/Agrobot/install/robot_interfaces:${AMENT_PREFIX_PATH} CMAKE_PREFIX_PATH=/home/gsylvia/agrobot-reverse-engineering/Agrobot/install/robot_interfaces:/opt/ros/jazzy/opt/gz_sim_vendor:/opt/ros/jazzy/opt/gz_sensors_vendor:/opt/ros/jazzy/opt/gz_physics_vendor:/opt/ros/jazzy/opt/sdformat_vendor:/opt/ros/jazzy/opt/gz_gui_vendor:/opt/ros/jazzy/opt/gz_transport_vendor:/opt/ros/jazzy/opt/gz_rendering_vendor:/opt/ros/jazzy/opt/gz_plugin_vendor:/opt/ros/jazzy/opt/gz_fuel_tools_vendor:/opt/ros/jazzy/opt/gz_msgs_vendor:/opt/ros/jazzy/opt/gz_common_vendor:/opt/ros/jazzy/opt/gz_math_vendor:/opt/ros/jazzy/opt/gz_utils_vendor:/opt/ros/jazzy/opt/gz_tools_vendor:/opt/ros/jazzy/opt/gz_ogre_next_vendor:/opt/ros/jazzy/opt/gz_dartsim_vendor:/opt/ros/jazzy/opt/gz_cmake_vendor:/opt/ros/jazzy LD_LIBRARY_PATH=/home/gsylvia/agrobot-reverse-engineering/Agrobot/install/robot_interfaces/lib:${LD_LIBRARY_PATH} PYTHONPATH=/home/gsylvia/agrobot-reverse-engineering/Agrobot/install/robot_interfaces/lib/python3.12/site-packages:${PYTHONPATH} /usr/bin/cmake --install /home/gsylvia/agrobot-reverse-engineering/Agrobot/build/robot_commander
