[0.603s] Invoking command in '/tmp/agrobot-next-build-ybgPHn/build/canopen_ros2_control': AMENT_PREFIX_PATH=/tmp/agrobot-next-build-ybgPHn/install/canopen_402_driver:/tmp/agrobot-next-build-ybgPHn/install/canopen_proxy_driver:/tmp/agrobot-next-build-ybgPHn/install/canopen_base_driver:/tmp/agrobot-next-build-ybgPHn/install/canopen_core:/tmp/agrobot-next-build-ybgPHn/install/lely_core_libraries:/tmp/agrobot-next-build-ybgPHn/install/canopen_interfaces:${AMENT_PREFIX_PATH} CMAKE_PREFIX_PATH=/tmp/agrobot-next-build-ybgPHn/install/canopen_402_driver:/tmp/agrobot-next-build-ybgPHn/install/canopen_proxy_driver:/tmp/agrobot-next-build-ybgPHn/install/canopen_base_driver:/tmp/agrobot-next-build-ybgPHn/install/canopen_core:/tmp/agrobot-next-build-ybgPHn/install/lely_core_libraries:/tmp/agrobot-next-build-ybgPHn/install/canopen_interfaces:/opt/ros/jazzy/opt/gz_sim_vendor:/opt/ros/jazzy/opt/gz_sensors_vendor:/opt/ros/jazzy/opt/gz_physics_vendor:/opt/ros/jazzy/opt/sdformat_vendor:/opt/ros/jazzy/opt/gz_gui_vendor:/opt/ros/jazzy/opt/gz_transport_vendor:/opt/ros/jazzy/opt/gz_rendering_vendor:/opt/ros/jazzy/opt/gz_plugin_vendor:/opt/ros/jazzy/opt/gz_fuel_tools_vendor:/opt/ros/jazzy/opt/gz_msgs_vendor:/opt/ros/jazzy/opt/gz_common_vendor:/opt/ros/jazzy/opt/gz_math_vendor:/opt/ros/jazzy/opt/gz_utils_vendor:/opt/ros/jazzy/opt/gz_tools_vendor:/opt/ros/jazzy/opt/gz_ogre_next_vendor:/opt/ros/jazzy/opt/gz_dartsim_vendor:/opt/ros/jazzy/opt/gz_cmake_vendor:/opt/ros/jazzy LD_LIBRARY_PATH=/tmp/agrobot-next-build-ybgPHn/install/canopen_402_driver/lib:/tmp/agrobot-next-build-ybgPHn/install/canopen_proxy_driver/lib:/tmp/agrobot-next-build-ybgPHn/install/canopen_base_driver/lib:/tmp/agrobot-next-build-ybgPHn/install/canopen_core/lib:/tmp/agrobot-next-build-ybgPHn/install/lely_core_libraries/lib:/tmp/agrobot-next-build-ybgPHn/install/canopen_interfaces/lib:${LD_LIBRARY_PATH} PATH=/tmp/agrobot-next-build-ybgPHn/install/lely_core_libraries/bin:${PATH} PYTHONPATH=/tmp/agrobot-next-build-ybgPHn/install/lely_core_libraries/lib/python3.12/site-packages:/tmp/agrobot-next-build-ybgPHn/install/canopen_interfaces/lib/python3.12/site-packages:${PYTHONPATH} /usr/bin/cmake /home/gsylvia/agrobot-reverse-engineering/Agrobot/src/ros2_canopen/canopen_ros2_control -DCMAKE_INSTALL_PREFIX=/tmp/agrobot-next-build-ybgPHn/install/canopen_ros2_control
[0.732s] -- The C compiler identification is GNU 13.3.0
[1.363s] -- The CXX compiler identification is GNU 13.3.0
[1.968s] -- Detecting C compiler ABI info
[2.195s] -- Detecting C compiler ABI info - done
[2.199s] -- Check for working C compiler: /usr/bin/cc - skipped
[2.200s] -- Detecting C compile features
[2.200s] -- Detecting C compile features - done
[2.276s] -- Detecting CXX compiler ABI info
[2.527s] -- Detecting CXX compiler ABI info - done
[2.532s] -- Check for working CXX compiler: /usr/bin/c++ - skipped
[2.532s] -- Detecting CXX compile features
[2.532s] -- Detecting CXX compile features - done
[2.535s] -- Found ros2_control_test_assets: 4.48.0 (/opt/ros/jazzy/share/ros2_control_test_assets/cmake)
[2.537s] -- Found ament_cmake_gmock: 2.5.6 (/opt/ros/jazzy/share/ament_cmake_gmock/cmake)
[2.539s] -- Found ament_cmake: 2.5.6 (/opt/ros/jazzy/share/ament_cmake/cmake)
[2.645s] -- Found Python3: /usr/bin/python3 (found version "3.12.3") found components: Interpreter 
[2.726s] -- Found canopen_402_driver: 0.3.1 (/tmp/agrobot-next-build-ybgPHn/install/canopen_402_driver/share/canopen_402_driver/cmake)
[2.885s] -- Found Boost: /usr/lib/x86_64-linux-gnu/cmake/Boost-1.83.0/BoostConfig.cmake (found version "1.83.0") found components: system thread 
[3.051s] -- Found rosidl_generator_c: 4.6.9 (/opt/ros/jazzy/share/rosidl_generator_c/cmake)
[3.061s] -- Found rosidl_generator_cpp: 4.6.9 (/opt/ros/jazzy/share/rosidl_generator_cpp/cmake)
[3.072s] -- Using all available rosidl_typesupport_c: rosidl_typesupport_fastrtps_c;rosidl_typesupport_introspection_c
[3.085s] -- Using all available rosidl_typesupport_cpp: rosidl_typesupport_fastrtps_cpp;rosidl_typesupport_introspection_cpp
[3.169s] -- Found rmw_implementation_cmake: 7.3.3 (/opt/ros/jazzy/share/rmw_implementation_cmake/cmake)
[3.172s] -- Found rmw_fastrtps_cpp: 8.4.4 (/opt/ros/jazzy/share/rmw_fastrtps_cpp/cmake)
[3.228s] -- Found OpenSSL: /usr/lib/x86_64-linux-gnu/libcrypto.so (found version "3.0.13")  
[3.406s] -- Found FastRTPS: /opt/ros/jazzy/include (Required is at least version "2.13") 
[3.513s] -- Using RMW implementation 'rmw_fastrtps_cpp' as default
[3.750s] -- Setting yaml-cpp_DIR to: '/opt/ros/jazzy/share/yaml_cpp_vendor/cmake/../../../opt/yaml_cpp_vendor/share/cmake/yaml-cpp'
[3.841s] -- Found hardware_interface: 4.48.0 (/opt/ros/jazzy/share/hardware_interface/cmake)
[3.916s] -- Found Boost: /usr/lib/x86_64-linux-gnu/cmake/Boost-1.83.0/BoostConfig.cmake (found version "1.83.0")  
[4.028s] -- Configuring done (3.4s)
[4.049s] -- Generating done (0.0s)
[4.053s] -- Build files have been written to: /tmp/agrobot-next-build-ybgPHn/build/canopen_ros2_control
[4.066s] Invoked command in '/tmp/agrobot-next-build-ybgPHn/build/canopen_ros2_control' returned '0': AMENT_PREFIX_PATH=/tmp/agrobot-next-build-ybgPHn/install/canopen_402_driver:/tmp/agrobot-next-build-ybgPHn/install/canopen_proxy_driver:/tmp/agrobot-next-build-ybgPHn/install/canopen_base_driver:/tmp/agrobot-next-build-ybgPHn/install/canopen_core:/tmp/agrobot-next-build-ybgPHn/install/lely_core_libraries:/tmp/agrobot-next-build-ybgPHn/install/canopen_interfaces:${AMENT_PREFIX_PATH} CMAKE_PREFIX_PATH=/tmp/agrobot-next-build-ybgPHn/install/canopen_402_driver:/tmp/agrobot-next-build-ybgPHn/install/canopen_proxy_driver:/tmp/agrobot-next-build-ybgPHn/install/canopen_base_driver:/tmp/agrobot-next-build-ybgPHn/install/canopen_core:/tmp/agrobot-next-build-ybgPHn/install/lely_core_libraries:/tmp/agrobot-next-build-ybgPHn/install/canopen_interfaces:/opt/ros/jazzy/opt/gz_sim_vendor:/opt/ros/jazzy/opt/gz_sensors_vendor:/opt/ros/jazzy/opt/gz_physics_vendor:/opt/ros/jazzy/opt/sdformat_vendor:/opt/ros/jazzy/opt/gz_gui_vendor:/opt/ros/jazzy/opt/gz_transport_vendor:/opt/ros/jazzy/opt/gz_rendering_vendor:/opt/ros/jazzy/opt/gz_plugin_vendor:/opt/ros/jazzy/opt/gz_fuel_tools_vendor:/opt/ros/jazzy/opt/gz_msgs_vendor:/opt/ros/jazzy/opt/gz_common_vendor:/opt/ros/jazzy/opt/gz_math_vendor:/opt/ros/jazzy/opt/gz_utils_vendor:/opt/ros/jazzy/opt/gz_tools_vendor:/opt/ros/jazzy/opt/gz_ogre_next_vendor:/opt/ros/jazzy/opt/gz_dartsim_vendor:/opt/ros/jazzy/opt/gz_cmake_vendor:/opt/ros/jazzy LD_LIBRARY_PATH=/tmp/agrobot-next-build-ybgPHn/install/canopen_402_driver/lib:/tmp/agrobot-next-build-ybgPHn/install/canopen_proxy_driver/lib:/tmp/agrobot-next-build-ybgPHn/install/canopen_base_driver/lib:/tmp/agrobot-next-build-ybgPHn/install/canopen_core/lib:/tmp/agrobot-next-build-ybgPHn/install/lely_core_libraries/lib:/tmp/agrobot-next-build-ybgPHn/install/canopen_interfaces/lib:${LD_LIBRARY_PATH} PATH=/tmp/agrobot-next-build-ybgPHn/install/lely_core_libraries/bin:${PATH} PYTHONPATH=/tmp/agrobot-next-build-ybgPHn/install/lely_core_libraries/lib/python3.12/site-packages:/tmp/agrobot-next-build-ybgPHn/install/canopen_interfaces/lib/python3.12/site-packages:${PYTHONPATH} /usr/bin/cmake /home/gsylvia/agrobot-reverse-engineering/Agrobot/src/ros2_canopen/canopen_ros2_control -DCMAKE_INSTALL_PREFIX=/tmp/agrobot-next-build-ybgPHn/install/canopen_ros2_control
[4.066s] Invoking command in '/tmp/agrobot-next-build-ybgPHn/build/canopen_ros2_control': AMENT_PREFIX_PATH=/tmp/agrobot-next-build-ybgPHn/install/canopen_402_driver:/tmp/agrobot-next-build-ybgPHn/install/canopen_proxy_driver:/tmp/agrobot-next-build-ybgPHn/install/canopen_base_driver:/tmp/agrobot-next-build-ybgPHn/install/canopen_core:/tmp/agrobot-next-build-ybgPHn/install/lely_core_libraries:/tmp/agrobot-next-build-ybgPHn/install/canopen_interfaces:${AMENT_PREFIX_PATH} CMAKE_PREFIX_PATH=/tmp/agrobot-next-build-ybgPHn/install/canopen_402_driver:/tmp/agrobot-next-build-ybgPHn/install/canopen_proxy_driver:/tmp/agrobot-next-build-ybgPHn/install/canopen_base_driver:/tmp/agrobot-next-build-ybgPHn/install/canopen_core:/tmp/agrobot-next-build-ybgPHn/install/lely_core_libraries:/tmp/agrobot-next-build-ybgPHn/install/canopen_interfaces:/opt/ros/jazzy/opt/gz_sim_vendor:/opt/ros/jazzy/opt/gz_sensors_vendor:/opt/ros/jazzy/opt/gz_physics_vendor:/opt/ros/jazzy/opt/sdformat_vendor:/opt/ros/jazzy/opt/gz_gui_vendor:/opt/ros/jazzy/opt/gz_transport_vendor:/opt/ros/jazzy/opt/gz_rendering_vendor:/opt/ros/jazzy/opt/gz_plugin_vendor:/opt/ros/jazzy/opt/gz_fuel_tools_vendor:/opt/ros/jazzy/opt/gz_msgs_vendor:/opt/ros/jazzy/opt/gz_common_vendor:/opt/ros/jazzy/opt/gz_math_vendor:/opt/ros/jazzy/opt/gz_utils_vendor:/opt/ros/jazzy/opt/gz_tools_vendor:/opt/ros/jazzy/opt/gz_ogre_next_vendor:/opt/ros/jazzy/opt/gz_dartsim_vendor:/opt/ros/jazzy/opt/gz_cmake_vendor:/opt/ros/jazzy LD_LIBRARY_PATH=/tmp/agrobot-next-build-ybgPHn/install/canopen_402_driver/lib:/tmp/agrobot-next-build-ybgPHn/install/canopen_proxy_driver/lib:/tmp/agrobot-next-build-ybgPHn/install/canopen_base_driver/lib:/tmp/agrobot-next-build-ybgPHn/install/canopen_core/lib:/tmp/agrobot-next-build-ybgPHn/install/lely_core_libraries/lib:/tmp/agrobot-next-build-ybgPHn/install/canopen_interfaces/lib:${LD_LIBRARY_PATH} PATH=/tmp/agrobot-next-build-ybgPHn/install/lely_core_libraries/bin:${PATH} PYTHONPATH=/tmp/agrobot-next-build-ybgPHn/install/lely_core_libraries/lib/python3.12/site-packages:/tmp/agrobot-next-build-ybgPHn/install/canopen_interfaces/lib/python3.12/site-packages:${PYTHONPATH} /usr/bin/cmake --build /tmp/agrobot-next-build-ybgPHn/build/canopen_ros2_control -- -j16 -l16
[4.104s] [ 75%] Building CXX object CMakeFiles/canopen_ros2_control.dir/src/cia402_system.cpp.o
[4.104s] [ 75%] Building CXX object CMakeFiles/canopen_ros2_control.dir/src/canopen_system.cpp.o
[4.104s] [ 75%] Building CXX object CMakeFiles/canopen_ros2_control.dir/src/robot_system.cpp.o
[11.028s] In file included from /home/gsylvia/agrobot-reverse-engineering/Agrobot/src/ros2_canopen/canopen_ros2_control/src/canopen_system.cpp:24:
[11.028s] /home/gsylvia/agrobot-reverse-engineering/Agrobot/src/ros2_canopen/canopen_ros2_control/include/canopen_ros2_control/canopen_system.hpp: In member function ‘void canopen_ros2_control::Ros2ControlEmcyData::set_emcy(ros2_canopen::COEmcy)’:
[11.028s] /home/gsylvia/agrobot-reverse-engineering/Agrobot/src/ros2_canopen/canopen_ros2_control/include/canopen_ros2_control/canopen_system.hpp:264:16: warning: ‘void* memcpy(void*, const void*, size_t)’ reading 2 bytes from a region of size 1 [-Wstringop-overread]
[11.028s]   264 |     std::memcpy(&msef_data, &e.msef[4], sizeof(uint16_t));
[11.028s]       |     ~~~~~~~~~~~^~~~~~~~~~~~~~~~~~~~~~~~~~~~~~~~~~~~~~~~~~
[11.028s] /home/gsylvia/agrobot-reverse-engineering/Agrobot/src/ros2_canopen/canopen_ros2_control/include/canopen_ros2_control/canopen_system.hpp:243:38: note: at offset 7 into source object ‘e’ of size 8
[11.028s]   243 |   void set_emcy(ros2_canopen::COEmcy e)
[11.028s]       |                 ~~~~~~~~~~~~~~~~~~~~~^
[13.443s] [100%] Linking CXX shared library libcanopen_ros2_control.so
[13.957s] [100%] Built target canopen_ros2_control
[13.966s] Invoked command in '/tmp/agrobot-next-build-ybgPHn/build/canopen_ros2_control' returned '0': AMENT_PREFIX_PATH=/tmp/agrobot-next-build-ybgPHn/install/canopen_402_driver:/tmp/agrobot-next-build-ybgPHn/install/canopen_proxy_driver:/tmp/agrobot-next-build-ybgPHn/install/canopen_base_driver:/tmp/agrobot-next-build-ybgPHn/install/canopen_core:/tmp/agrobot-next-build-ybgPHn/install/lely_core_libraries:/tmp/agrobot-next-build-ybgPHn/install/canopen_interfaces:${AMENT_PREFIX_PATH} CMAKE_PREFIX_PATH=/tmp/agrobot-next-build-ybgPHn/install/canopen_402_driver:/tmp/agrobot-next-build-ybgPHn/install/canopen_proxy_driver:/tmp/agrobot-next-build-ybgPHn/install/canopen_base_driver:/tmp/agrobot-next-build-ybgPHn/install/canopen_core:/tmp/agrobot-next-build-ybgPHn/install/lely_core_libraries:/tmp/agrobot-next-build-ybgPHn/install/canopen_interfaces:/opt/ros/jazzy/opt/gz_sim_vendor:/opt/ros/jazzy/opt/gz_sensors_vendor:/opt/ros/jazzy/opt/gz_physics_vendor:/opt/ros/jazzy/opt/sdformat_vendor:/opt/ros/jazzy/opt/gz_gui_vendor:/opt/ros/jazzy/opt/gz_transport_vendor:/opt/ros/jazzy/opt/gz_rendering_vendor:/opt/ros/jazzy/opt/gz_plugin_vendor:/opt/ros/jazzy/opt/gz_fuel_tools_vendor:/opt/ros/jazzy/opt/gz_msgs_vendor:/opt/ros/jazzy/opt/gz_common_vendor:/opt/ros/jazzy/opt/gz_math_vendor:/opt/ros/jazzy/opt/gz_utils_vendor:/opt/ros/jazzy/opt/gz_tools_vendor:/opt/ros/jazzy/opt/gz_ogre_next_vendor:/opt/ros/jazzy/opt/gz_dartsim_vendor:/opt/ros/jazzy/opt/gz_cmake_vendor:/opt/ros/jazzy LD_LIBRARY_PATH=/tmp/agrobot-next-build-ybgPHn/install/canopen_402_driver/lib:/tmp/agrobot-next-build-ybgPHn/install/canopen_proxy_driver/lib:/tmp/agrobot-next-build-ybgPHn/install/canopen_base_driver/lib:/tmp/agrobot-next-build-ybgPHn/install/canopen_core/lib:/tmp/agrobot-next-build-ybgPHn/install/lely_core_libraries/lib:/tmp/agrobot-next-build-ybgPHn/install/canopen_interfaces/lib:${LD_LIBRARY_PATH} PATH=/tmp/agrobot-next-build-ybgPHn/install/lely_core_libraries/bin:${PATH} PYTHONPATH=/tmp/agrobot-next-build-ybgPHn/install/lely_core_libraries/lib/python3.12/site-packages:/tmp/agrobot-next-build-ybgPHn/install/canopen_interfaces/lib/python3.12/site-packages:${PYTHONPATH} /usr/bin/cmake --build /tmp/agrobot-next-build-ybgPHn/build/canopen_ros2_control -- -j16 -l16
[13.967s] Invoking command in '/tmp/agrobot-next-build-ybgPHn/build/canopen_ros2_control': AMENT_PREFIX_PATH=/tmp/agrobot-next-build-ybgPHn/install/canopen_402_driver:/tmp/agrobot-next-build-ybgPHn/install/canopen_proxy_driver:/tmp/agrobot-next-build-ybgPHn/install/canopen_base_driver:/tmp/agrobot-next-build-ybgPHn/install/canopen_core:/tmp/agrobot-next-build-ybgPHn/install/lely_core_libraries:/tmp/agrobot-next-build-ybgPHn/install/canopen_interfaces:${AMENT_PREFIX_PATH} CMAKE_PREFIX_PATH=/tmp/agrobot-next-build-ybgPHn/install/canopen_402_driver:/tmp/agrobot-next-build-ybgPHn/install/canopen_proxy_driver:/tmp/agrobot-next-build-ybgPHn/install/canopen_base_driver:/tmp/agrobot-next-build-ybgPHn/install/canopen_core:/tmp/agrobot-next-build-ybgPHn/install/lely_core_libraries:/tmp/agrobot-next-build-ybgPHn/install/canopen_interfaces:/opt/ros/jazzy/opt/gz_sim_vendor:/opt/ros/jazzy/opt/gz_sensors_vendor:/opt/ros/jazzy/opt/gz_physics_vendor:/opt/ros/jazzy/opt/sdformat_vendor:/opt/ros/jazzy/opt/gz_gui_vendor:/opt/ros/jazzy/opt/gz_transport_vendor:/opt/ros/jazzy/opt/gz_rendering_vendor:/opt/ros/jazzy/opt/gz_plugin_vendor:/opt/ros/jazzy/opt/gz_fuel_tools_vendor:/opt/ros/jazzy/opt/gz_msgs_vendor:/opt/ros/jazzy/opt/gz_common_vendor:/opt/ros/jazzy/opt/gz_math_vendor:/opt/ros/jazzy/opt/gz_utils_vendor:/opt/ros/jazzy/opt/gz_tools_vendor:/opt/ros/jazzy/opt/gz_ogre_next_vendor:/opt/ros/jazzy/opt/gz_dartsim_vendor:/opt/ros/jazzy/opt/gz_cmake_vendor:/opt/ros/jazzy LD_LIBRARY_PATH=/tmp/agrobot-next-build-ybgPHn/install/canopen_402_driver/lib:/tmp/agrobot-next-build-ybgPHn/install/canopen_proxy_driver/lib:/tmp/agrobot-next-build-ybgPHn/install/canopen_base_driver/lib:/tmp/agrobot-next-build-ybgPHn/install/canopen_core/lib:/tmp/agrobot-next-build-ybgPHn/install/lely_core_libraries/lib:/tmp/agrobot-next-build-ybgPHn/install/canopen_interfaces/lib:${LD_LIBRARY_PATH} PATH=/tmp/agrobot-next-build-ybgPHn/install/lely_core_libraries/bin:${PATH} PYTHONPATH=/tmp/agrobot-next-build-ybgPHn/install/lely_core_libraries/lib/python3.12/site-packages:/tmp/agrobot-next-build-ybgPHn/install/canopen_interfaces/lib/python3.12/site-packages:${PYTHONPATH} /usr/bin/cmake --install /tmp/agrobot-next-build-ybgPHn/build/canopen_ros2_control
[13.973s] -- Install configuration: ""
[13.974s] -- Installing: /tmp/agrobot-next-build-ybgPHn/install/canopen_ros2_control/share/canopen_ros2_control/canopen_ros2_control.xml
[13.974s] -- Installing: /tmp/agrobot-next-build-ybgPHn/install/canopen_ros2_control/lib/libcanopen_ros2_control.so
[13.976s] -- Set non-toolchain portion of runtime path of "/tmp/agrobot-next-build-ybgPHn/install/canopen_ros2_control/lib/libcanopen_ros2_control.so" to ""
[13.976s] -- Installing: /tmp/agrobot-next-build-ybgPHn/install/canopen_ros2_control/include
[13.976s] -- Installing: /tmp/agrobot-next-build-ybgPHn/install/canopen_ros2_control/include/canopen_ros2_control
[13.976s] -- Installing: /tmp/agrobot-next-build-ybgPHn/install/canopen_ros2_control/include/canopen_ros2_control/cia402_data.hpp
[13.976s] -- Installing: /tmp/agrobot-next-build-ybgPHn/install/canopen_ros2_control/include/canopen_ros2_control/cia402_system.hpp
[13.976s] -- Installing: /tmp/agrobot-next-build-ybgPHn/install/canopen_ros2_control/include/canopen_ros2_control/visibility_control.h
[13.976s] -- Installing: /tmp/agrobot-next-build-ybgPHn/install/canopen_ros2_control/include/canopen_ros2_control/helpers.hpp
[13.976s] -- Installing: /tmp/agrobot-next-build-ybgPHn/install/canopen_ros2_control/include/canopen_ros2_control/canopen_system.hpp
[13.976s] -- Installing: /tmp/agrobot-next-build-ybgPHn/install/canopen_ros2_control/include/canopen_ros2_control/robot_system.hpp
[13.977s] -- Installing: /tmp/agrobot-next-build-ybgPHn/install/canopen_ros2_control/share/canopen_ros2_control/environment/library_path.sh
[13.977s] -- Installing: /tmp/agrobot-next-build-ybgPHn/install/canopen_ros2_control/share/canopen_ros2_control/environment/library_path.dsv
[13.977s] -- Installing: /tmp/agrobot-next-build-ybgPHn/install/canopen_ros2_control/share/ament_index/resource_index/package_run_dependencies/canopen_ros2_control
[13.977s] -- Installing: /tmp/agrobot-next-build-ybgPHn/install/canopen_ros2_control/share/ament_index/resource_index/parent_prefix_path/canopen_ros2_control
[13.977s] -- Installing: /tmp/agrobot-next-build-ybgPHn/install/canopen_ros2_control/share/canopen_ros2_control/environment/ament_prefix_path.sh
[13.977s] -- Installing: /tmp/agrobot-next-build-ybgPHn/install/canopen_ros2_control/share/canopen_ros2_control/environment/ament_prefix_path.dsv
[13.977s] -- Installing: /tmp/agrobot-next-build-ybgPHn/install/canopen_ros2_control/share/canopen_ros2_control/environment/path.sh
[13.977s] -- Installing: /tmp/agrobot-next-build-ybgPHn/install/canopen_ros2_control/share/canopen_ros2_control/environment/path.dsv
[13.977s] -- Installing: /tmp/agrobot-next-build-ybgPHn/install/canopen_ros2_control/share/canopen_ros2_control/local_setup.bash
[13.978s] -- Installing: /tmp/agrobot-next-build-ybgPHn/install/canopen_ros2_control/share/canopen_ros2_control/local_setup.sh
[13.978s] -- Installing: /tmp/agrobot-next-build-ybgPHn/install/canopen_ros2_control/share/canopen_ros2_control/local_setup.zsh
[13.978s] -- Installing: /tmp/agrobot-next-build-ybgPHn/install/canopen_ros2_control/share/canopen_ros2_control/local_setup.dsv
[13.978s] -- Installing: /tmp/agrobot-next-build-ybgPHn/install/canopen_ros2_control/share/canopen_ros2_control/package.dsv
[13.978s] -- Installing: /tmp/agrobot-next-build-ybgPHn/install/canopen_ros2_control/share/ament_index/resource_index/packages/canopen_ros2_control
[13.978s] -- Installing: /tmp/agrobot-next-build-ybgPHn/install/canopen_ros2_control/share/ament_index/resource_index/hardware_interface__pluginlib__plugin/canopen_ros2_control
[13.978s] -- Installing: /tmp/agrobot-next-build-ybgPHn/install/canopen_ros2_control/share/canopen_ros2_control/cmake/ament_cmake_export_include_directories-extras.cmake
[13.978s] -- Installing: /tmp/agrobot-next-build-ybgPHn/install/canopen_ros2_control/share/canopen_ros2_control/cmake/ament_cmake_export_libraries-extras.cmake
[13.978s] -- Installing: /tmp/agrobot-next-build-ybgPHn/install/canopen_ros2_control/share/canopen_ros2_control/cmake/ament_cmake_export_dependencies-extras.cmake
[13.978s] -- Installing: /tmp/agrobot-next-build-ybgPHn/install/canopen_ros2_control/share/canopen_ros2_control/cmake/canopen_ros2_controlConfig.cmake
[13.979s] -- Installing: /tmp/agrobot-next-build-ybgPHn/install/canopen_ros2_control/share/canopen_ros2_control/cmake/canopen_ros2_controlConfig-version.cmake
[13.979s] -- Installing: /tmp/agrobot-next-build-ybgPHn/install/canopen_ros2_control/share/canopen_ros2_control/package.xml
[13.980s] Invoked command in '/tmp/agrobot-next-build-ybgPHn/build/canopen_ros2_control' returned '0': AMENT_PREFIX_PATH=/tmp/agrobot-next-build-ybgPHn/install/canopen_402_driver:/tmp/agrobot-next-build-ybgPHn/install/canopen_proxy_driver:/tmp/agrobot-next-build-ybgPHn/install/canopen_base_driver:/tmp/agrobot-next-build-ybgPHn/install/canopen_core:/tmp/agrobot-next-build-ybgPHn/install/lely_core_libraries:/tmp/agrobot-next-build-ybgPHn/install/canopen_interfaces:${AMENT_PREFIX_PATH} CMAKE_PREFIX_PATH=/tmp/agrobot-next-build-ybgPHn/install/canopen_402_driver:/tmp/agrobot-next-build-ybgPHn/install/canopen_proxy_driver:/tmp/agrobot-next-build-ybgPHn/install/canopen_base_driver:/tmp/agrobot-next-build-ybgPHn/install/canopen_core:/tmp/agrobot-next-build-ybgPHn/install/lely_core_libraries:/tmp/agrobot-next-build-ybgPHn/install/canopen_interfaces:/opt/ros/jazzy/opt/gz_sim_vendor:/opt/ros/jazzy/opt/gz_sensors_vendor:/opt/ros/jazzy/opt/gz_physics_vendor:/opt/ros/jazzy/opt/sdformat_vendor:/opt/ros/jazzy/opt/gz_gui_vendor:/opt/ros/jazzy/opt/gz_transport_vendor:/opt/ros/jazzy/opt/gz_rendering_vendor:/opt/ros/jazzy/opt/gz_plugin_vendor:/opt/ros/jazzy/opt/gz_fuel_tools_vendor:/opt/ros/jazzy/opt/gz_msgs_vendor:/opt/ros/jazzy/opt/gz_common_vendor:/opt/ros/jazzy/opt/gz_math_vendor:/opt/ros/jazzy/opt/gz_utils_vendor:/opt/ros/jazzy/opt/gz_tools_vendor:/opt/ros/jazzy/opt/gz_ogre_next_vendor:/opt/ros/jazzy/opt/gz_dartsim_vendor:/opt/ros/jazzy/opt/gz_cmake_vendor:/opt/ros/jazzy LD_LIBRARY_PATH=/tmp/agrobot-next-build-ybgPHn/install/canopen_402_driver/lib:/tmp/agrobot-next-build-ybgPHn/install/canopen_proxy_driver/lib:/tmp/agrobot-next-build-ybgPHn/install/canopen_base_driver/lib:/tmp/agrobot-next-build-ybgPHn/install/canopen_core/lib:/tmp/agrobot-next-build-ybgPHn/install/lely_core_libraries/lib:/tmp/agrobot-next-build-ybgPHn/install/canopen_interfaces/lib:${LD_LIBRARY_PATH} PATH=/tmp/agrobot-next-build-ybgPHn/install/lely_core_libraries/bin:${PATH} PYTHONPATH=/tmp/agrobot-next-build-ybgPHn/install/lely_core_libraries/lib/python3.12/site-packages:/tmp/agrobot-next-build-ybgPHn/install/canopen_interfaces/lib/python3.12/site-packages:${PYTHONPATH} /usr/bin/cmake --install /tmp/agrobot-next-build-ybgPHn/build/canopen_ros2_control
