-- Found ament_cmake: 2.5.6 (/opt/ros/jazzy/share/ament_cmake/cmake)
-- Found Python3: /usr/bin/python3 (found version "3.12.3") found components: Interpreter 
-- Configuring done (0.3s)
-- Generating done (0.0s)
-- Build files have been written to: /tmp/agrobot-next-build-ybgPHn/build/canopen
-- Install configuration: ""
-- Installing: /tmp/agrobot-next-build-ybgPHn/install/canopen/share/ament_index/resource_index/package_run_dependencies/canopen
-- Installing: /tmp/agrobot-next-build-ybgPHn/install/canopen/share/ament_index/resource_index/parent_prefix_path/canopen
-- Installing: /tmp/agrobot-next-build-ybgPHn/install/canopen/share/canopen/environment/ament_prefix_path.sh
-- Installing: /tmp/agrobot-next-build-ybgPHn/install/canopen/share/canopen/environment/ament_prefix_path.dsv
-- Installing: /tmp/agrobot-next-build-ybgPHn/install/canopen/share/canopen/environment/path.sh
-- Installing: /tmp/agrobot-next-build-ybgPHn/install/canopen/share/canopen/environment/path.dsv
-- Installing: /tmp/agrobot-next-build-ybgPHn/install/canopen/share/canopen/local_setup.bash
-- Installing: /tmp/agrobot-next-build-ybgPHn/install/canopen/share/canopen/local_setup.sh
-- Installing: /tmp/agrobot-next-build-ybgPHn/install/canopen/share/canopen/local_setup.zsh
-- Installing: /tmp/agrobot-next-build-ybgPHn/install/canopen/share/canopen/local_setup.dsv
-- Installing: /tmp/agrobot-next-build-ybgPHn/install/canopen/share/canopen/package.dsv
-- Installing: /tmp/agrobot-next-build-ybgPHn/install/canopen/share/ament_index/resource_index/packages/canopen
-- Installing: /tmp/agrobot-next-build-ybgPHn/install/canopen/share/canopen/cmake/canopenConfig.cmake
-- Installing: /tmp/agrobot-next-build-ybgPHn/install/canopen/share/canopen/cmake/canopenConfig-version.cmake
-- Installing: /tmp/agrobot-next-build-ybgPHn/install/canopen/share/canopen/package.xml
