running egg_info
creating ../../../../../../../tmp/agrobot-next-build-ybgPHn/build/canopen_utils/canopen_utils.egg-info
writing ../../../../../../../tmp/agrobot-next-build-ybgPHn/build/canopen_utils/canopen_utils.egg-info/PKG-INFO
writing dependency_links to ../../../../../../../tmp/agrobot-next-build-ybgPHn/build/canopen_utils/canopen_utils.egg-info/dependency_links.txt
writing entry points to ../../../../../../../tmp/agrobot-next-build-ybgPHn/build/canopen_utils/canopen_utils.egg-info/entry_points.txt
writing requirements to ../../../../../../../tmp/agrobot-next-build-ybgPHn/build/canopen_utils/canopen_utils.egg-info/requires.txt
writing top-level names to ../../../../../../../tmp/agrobot-next-build-ybgPHn/build/canopen_utils/canopen_utils.egg-info/top_level.txt
writing manifest file '../../../../../../../tmp/agrobot-next-build-ybgPHn/build/canopen_utils/canopen_utils.egg-info/SOURCES.txt'
reading manifest file '../../../../../../../tmp/agrobot-next-build-ybgPHn/build/canopen_utils/canopen_utils.egg-info/SOURCES.txt'
adding license file 'LICENSE'
writing manifest file '../../../../../../../tmp/agrobot-next-build-ybgPHn/build/canopen_utils/canopen_utils.egg-info/SOURCES.txt'
running build
running build_py
creating /tmp/agrobot-next-build-ybgPHn/build/canopen_utils/build
creating /tmp/agrobot-next-build-ybgPHn/build/canopen_utils/build/lib
creating /tmp/agrobot-next-build-ybgPHn/build/canopen_utils/build/lib/canopen_utils
copying canopen_utils/launch_test_node.py -> /tmp/agrobot-next-build-ybgPHn/build/canopen_utils/build/lib/canopen_utils
copying canopen_utils/test_node.py -> /tmp/agrobot-next-build-ybgPHn/build/canopen_utils/build/lib/canopen_utils
copying canopen_utils/simple_rpdo_tpdo_tester.py -> /tmp/agrobot-next-build-ybgPHn/build/canopen_utils/build/lib/canopen_utils
copying canopen_utils/__init__.py -> /tmp/agrobot-next-build-ybgPHn/build/canopen_utils/build/lib/canopen_utils
copying canopen_utils/cyclic_tester.py -> /tmp/agrobot-next-build-ybgPHn/build/canopen_utils/build/lib/canopen_utils
running install
running install_lib
creating /tmp/agrobot-next-build-ybgPHn/install/canopen_utils/lib/python3.12/site-packages/canopen_utils
copying /tmp/agrobot-next-build-ybgPHn/build/canopen_utils/build/lib/canopen_utils/launch_test_node.py -> /tmp/agrobot-next-build-ybgPHn/install/canopen_utils/lib/python3.12/site-packages/canopen_utils
copying /tmp/agrobot-next-build-ybgPHn/build/canopen_utils/build/lib/canopen_utils/test_node.py -> /tmp/agrobot-next-build-ybgPHn/install/canopen_utils/lib/python3.12/site-packages/canopen_utils
copying /tmp/agrobot-next-build-ybgPHn/build/canopen_utils/build/lib/canopen_utils/simple_rpdo_tpdo_tester.py -> /tmp/agrobot-next-build-ybgPHn/install/canopen_utils/lib/python3.12/site-packages/canopen_utils
copying /tmp/agrobot-next-build-ybgPHn/build/canopen_utils/build/lib/canopen_utils/__init__.py -> /tmp/agrobot-next-build-ybgPHn/install/canopen_utils/lib/python3.12/site-packages/canopen_utils
copying /tmp/agrobot-next-build-ybgPHn/build/canopen_utils/build/lib/canopen_utils/cyclic_tester.py -> /tmp/agrobot-next-build-ybgPHn/install/canopen_utils/lib/python3.12/site-packages/canopen_utils
byte-compiling /tmp/agrobot-next-build-ybgPHn/install/canopen_utils/lib/python3.12/site-packages/canopen_utils/launch_test_node.py to launch_test_node.cpython-312.pyc
byte-compiling /tmp/agrobot-next-build-ybgPHn/install/canopen_utils/lib/python3.12/site-packages/canopen_utils/test_node.py to test_node.cpython-312.pyc
byte-compiling /tmp/agrobot-next-build-ybgPHn/install/canopen_utils/lib/python3.12/site-packages/canopen_utils/simple_rpdo_tpdo_tester.py to simple_rpdo_tpdo_tester.cpython-312.pyc
byte-compiling /tmp/agrobot-next-build-ybgPHn/install/canopen_utils/lib/python3.12/site-packages/canopen_utils/__init__.py to __init__.cpython-312.pyc
byte-compiling /tmp/agrobot-next-build-ybgPHn/install/canopen_utils/lib/python3.12/site-packages/canopen_utils/cyclic_tester.py to cyclic_tester.cpython-312.pyc
running install_data
creating /tmp/agrobot-next-build-ybgPHn/install/canopen_utils/share/ament_index
creating /tmp/agrobot-next-build-ybgPHn/install/canopen_utils/share/ament_index/resource_index
creating /tmp/agrobot-next-build-ybgPHn/install/canopen_utils/share/ament_index/resource_index/packages
copying resource/canopen_utils -> /tmp/agrobot-next-build-ybgPHn/install/canopen_utils/share/ament_index/resource_index/packages
copying package.xml -> /tmp/agrobot-next-build-ybgPHn/install/canopen_utils/share/canopen_utils
running install_egg_info
Copying ../../../../../../../tmp/agrobot-next-build-ybgPHn/build/canopen_utils/canopen_utils.egg-info to /tmp/agrobot-next-build-ybgPHn/install/canopen_utils/lib/python3.12/site-packages/canopen_utils-0.3.1-py3.12.egg-info
running install_scripts
Installing cyclic_tester script to /tmp/agrobot-next-build-ybgPHn/install/canopen_utils/lib/canopen_utils
Installing simple_tester script to /tmp/agrobot-next-build-ybgPHn/install/canopen_utils/lib/canopen_utils
writing list of installed files to '/tmp/agrobot-next-build-ybgPHn/build/canopen_utils/install.log'
