[0.886s] Invoking command in '/home/gsylvia/agrobot-reverse-engineering/Agrobot/src/ros2_canopen/canopen_utils': AMENT_PREFIX_PATH=/tmp/agrobot-next-build-ybgPHn/install/canopen_interfaces:${AMENT_PREFIX_PATH} CMAKE_PREFIX_PATH=/tmp/agrobot-next-build-ybgPHn/install/canopen_interfaces:${CMAKE_PREFIX_PATH} LD_LIBRARY_PATH=/tmp/agrobot-next-build-ybgPHn/install/canopen_interfaces/lib:${LD_LIBRARY_PATH} PYTHONPATH=/tmp/agrobot-next-build-ybgPHn/build/canopen_utils/prefix_override:/usr/lib/python3/dist-packages/colcon_core/task/python/colcon_distutils_commands:/tmp/agrobot-next-build-ybgPHn/install/canopen_utils/lib/python3.12/site-packages:/tmp/agrobot-next-build-ybgPHn/install/canopen_interfaces/lib/python3.12/site-packages:${PYTHONPATH} /usr/bin/python3 -W ignore:setup.py install is deprecated -W ignore:easy_install command is deprecated setup.py egg_info --egg-base ../../../../../../../tmp/agrobot-next-build-ybgPHn/build/canopen_utils build --build-base /tmp/agrobot-next-build-ybgPHn/build/canopen_utils/build install --record /tmp/agrobot-next-build-ybgPHn/build/canopen_utils/install.log --install-scripts $base/lib/canopen_utils --single-version-externally-managed install_data
[1.062s] running egg_info
[1.062s] creating ../../../../../../../tmp/agrobot-next-build-ybgPHn/build/canopen_utils/canopen_utils.egg-info
[1.073s] writing ../../../../../../../tmp/agrobot-next-build-ybgPHn/build/canopen_utils/canopen_utils.egg-info/PKG-INFO
[1.073s] writing dependency_links to ../../../../../../../tmp/agrobot-next-build-ybgPHn/build/canopen_utils/canopen_utils.egg-info/dependency_links.txt
[1.073s] writing entry points to ../../../../../../../tmp/agrobot-next-build-ybgPHn/build/canopen_utils/canopen_utils.egg-info/entry_points.txt
[1.074s] writing requirements to ../../../../../../../tmp/agrobot-next-build-ybgPHn/build/canopen_utils/canopen_utils.egg-info/requires.txt
[1.074s] writing top-level names to ../../../../../../../tmp/agrobot-next-build-ybgPHn/build/canopen_utils/canopen_utils.egg-info/top_level.txt
[1.074s] writing manifest file '../../../../../../../tmp/agrobot-next-build-ybgPHn/build/canopen_utils/canopen_utils.egg-info/SOURCES.txt'
[1.095s] reading manifest file '../../../../../../../tmp/agrobot-next-build-ybgPHn/build/canopen_utils/canopen_utils.egg-info/SOURCES.txt'
[1.095s] adding license file 'LICENSE'
[1.096s] writing manifest file '../../../../../../../tmp/agrobot-next-build-ybgPHn/build/canopen_utils/canopen_utils.egg-info/SOURCES.txt'
[1.096s] running build
[1.096s] running build_py
[1.096s] creating /tmp/agrobot-next-build-ybgPHn/build/canopen_utils/build
[1.096s] creating /tmp/agrobot-next-build-ybgPHn/build/canopen_utils/build/lib
[1.096s] creating /tmp/agrobot-next-build-ybgPHn/build/canopen_utils/build/lib/canopen_utils
[1.097s] copying canopen_utils/launch_test_node.py -> /tmp/agrobot-next-build-ybgPHn/build/canopen_utils/build/lib/canopen_utils
[1.097s] copying canopen_utils/test_node.py -> /tmp/agrobot-next-build-ybgPHn/build/canopen_utils/build/lib/canopen_utils
[1.097s] copying canopen_utils/simple_rpdo_tpdo_tester.py -> /tmp/agrobot-next-build-ybgPHn/build/canopen_utils/build/lib/canopen_utils
[1.097s] copying canopen_utils/__init__.py -> /tmp/agrobot-next-build-ybgPHn/build/canopen_utils/build/lib/canopen_utils
[1.097s] copying canopen_utils/cyclic_tester.py -> /tmp/agrobot-next-build-ybgPHn/build/canopen_utils/build/lib/canopen_utils
[1.097s] running install
[1.100s] running install_lib
[1.113s] creating /tmp/agrobot-next-build-ybgPHn/install/canopen_utils/lib/python3.12/site-packages/canopen_utils
[1.113s] copying /tmp/agrobot-next-build-ybgPHn/build/canopen_utils/build/lib/canopen_utils/launch_test_node.py -> /tmp/agrobot-next-build-ybgPHn/install/canopen_utils/lib/python3.12/site-packages/canopen_utils
[1.113s] copying /tmp/agrobot-next-build-ybgPHn/build/canopen_utils/build/lib/canopen_utils/test_node.py -> /tmp/agrobot-next-build-ybgPHn/install/canopen_utils/lib/python3.12/site-packages/canopen_utils
[1.113s] copying /tmp/agrobot-next-build-ybgPHn/build/canopen_utils/build/lib/canopen_utils/simple_rpdo_tpdo_tester.py -> /tmp/agrobot-next-build-ybgPHn/install/canopen_utils/lib/python3.12/site-packages/canopen_utils
[1.113s] copying /tmp/agrobot-next-build-ybgPHn/build/canopen_utils/build/lib/canopen_utils/__init__.py -> /tmp/agrobot-next-build-ybgPHn/install/canopen_utils/lib/python3.12/site-packages/canopen_utils
[1.113s] copying /tmp/agrobot-next-build-ybgPHn/build/canopen_utils/build/lib/canopen_utils/cyclic_tester.py -> /tmp/agrobot-next-build-ybgPHn/install/canopen_utils/lib/python3.12/site-packages/canopen_utils
[1.114s] byte-compiling /tmp/agrobot-next-build-ybgPHn/install/canopen_utils/lib/python3.12/site-packages/canopen_utils/launch_test_node.py to launch_test_node.cpython-312.pyc
[1.115s] byte-compiling /tmp/agrobot-next-build-ybgPHn/install/canopen_utils/lib/python3.12/site-packages/canopen_utils/test_node.py to test_node.cpython-312.pyc
[1.116s] byte-compiling /tmp/agrobot-next-build-ybgPHn/install/canopen_utils/lib/python3.12/site-packages/canopen_utils/simple_rpdo_tpdo_tester.py to simple_rpdo_tpdo_tester.cpython-312.pyc
[1.116s] byte-compiling /tmp/agrobot-next-build-ybgPHn/install/canopen_utils/lib/python3.12/site-packages/canopen_utils/__init__.py to __init__.cpython-312.pyc
[1.116s] byte-compiling /tmp/agrobot-next-build-ybgPHn/install/canopen_utils/lib/python3.12/site-packages/canopen_utils/cyclic_tester.py to cyclic_tester.cpython-312.pyc
[1.117s] running install_data
[1.117s] creating /tmp/agrobot-next-build-ybgPHn/install/canopen_utils/share/ament_index
[1.118s] creating /tmp/agrobot-next-build-ybgPHn/install/canopen_utils/share/ament_index/resource_index
[1.118s] creating /tmp/agrobot-next-build-ybgPHn/install/canopen_utils/share/ament_index/resource_index/packages
[1.118s] copying resource/canopen_utils -> /tmp/agrobot-next-build-ybgPHn/install/canopen_utils/share/ament_index/resource_index/packages
[1.118s] copying package.xml -> /tmp/agrobot-next-build-ybgPHn/install/canopen_utils/share/canopen_utils
[1.118s] running install_egg_info
[1.130s] Copying ../../../../../../../tmp/agrobot-next-build-ybgPHn/build/canopen_utils/canopen_utils.egg-info to /tmp/agrobot-next-build-ybgPHn/install/canopen_utils/lib/python3.12/site-packages/canopen_utils-0.3.1-py3.12.egg-info
[1.131s] running install_scripts
[1.215s] Installing cyclic_tester script to /tmp/agrobot-next-build-ybgPHn/install/canopen_utils/lib/canopen_utils
[1.215s] Installing simple_tester script to /tmp/agrobot-next-build-ybgPHn/install/canopen_utils/lib/canopen_utils
[1.215s] writing list of installed files to '/tmp/agrobot-next-build-ybgPHn/build/canopen_utils/install.log'
[1.239s] Invoked command in '/home/gsylvia/agrobot-reverse-engineering/Agrobot/src/ros2_canopen/canopen_utils' returned '0': AMENT_PREFIX_PATH=/tmp/agrobot-next-build-ybgPHn/install/canopen_interfaces:${AMENT_PREFIX_PATH} CMAKE_PREFIX_PATH=/tmp/agrobot-next-build-ybgPHn/install/canopen_interfaces:${CMAKE_PREFIX_PATH} LD_LIBRARY_PATH=/tmp/agrobot-next-build-ybgPHn/install/canopen_interfaces/lib:${LD_LIBRARY_PATH} PYTHONPATH=/tmp/agrobot-next-build-ybgPHn/build/canopen_utils/prefix_override:/usr/lib/python3/dist-packages/colcon_core/task/python/colcon_distutils_commands:/tmp/agrobot-next-build-ybgPHn/install/canopen_utils/lib/python3.12/site-packages:/tmp/agrobot-next-build-ybgPHn/install/canopen_interfaces/lib/python3.12/site-packages:${PYTHONPATH} /usr/bin/python3 -W ignore:setup.py install is deprecated -W ignore:easy_install command is deprecated setup.py egg_info --egg-base ../../../../../../../tmp/agrobot-next-build-ybgPHn/build/canopen_utils build --build-base /tmp/agrobot-next-build-ybgPHn/build/canopen_utils/build install --record /tmp/agrobot-next-build-ybgPHn/build/canopen_utils/install.log --install-scripts $base/lib/canopen_utils --single-version-externally-managed install_data
