[  1%] Built target epos2_bridge_interfaces__rs
[  3%] Built target epos2_bridge_interfaces__rosidl_generator_type_description
[  5%] Built target epos2_bridge_interfaces__cpp
[  5%] Built target ament_cmake_python_copy_epos2_bridge_interfaces
[ 25%] Built target epos2_bridge_interfaces__rosidl_generator_c
[ 34%] Built target epos2_bridge_interfaces__rosidl_typesupport_introspection_c
[ 43%] Built target epos2_bridge_interfaces__rosidl_typesupport_introspection_cpp
[ 52%] Built target epos2_bridge_interfaces__rosidl_typesupport_c
[ 61%] Built target epos2_bridge_interfaces__rosidl_typesupport_fastrtps_c
[ 70%] Built target epos2_bridge_interfaces__rosidl_typesupport_cpp
[ 80%] Built target epos2_bridge_interfaces__rosidl_typesupport_fastrtps_cpp
[ 80%] Built target epos2_bridge_interfaces
[ 81%] Built target epos2_bridge_interfaces__py
[ 89%] Built target epos2_bridge_interfaces__rosidl_generator_py
[ 92%] Built target epos2_bridge_interfaces_s__rosidl_typesupport_fastrtps_c
[100%] Built target epos2_bridge_interfaces_s__rosidl_typesupport_introspection_c
[100%] Built target epos2_bridge_interfaces_s__rosidl_typesupport_c
running egg_info
writing epos2_bridge_interfaces.egg-info/PKG-INFO
writing dependency_links to epos2_bridge_interfaces.egg-info/dependency_links.txt
writing top-level names to epos2_bridge_interfaces.egg-info/top_level.txt
reading manifest file 'epos2_bridge_interfaces.egg-info/SOURCES.txt'
writing manifest file 'epos2_bridge_interfaces.egg-info/SOURCES.txt'
[100%] Built target ament_cmake_python_build_epos2_bridge_interfaces_egg
-- Install configuration: ""
-- Up-to-date: /home/gsylvia/agrobot-reverse-engineering/Agrobot/install/epos2_bridge_interfaces/share/ament_index/resource_index/rosidl_interfaces/epos2_bridge_interfaces
-- Up-to-date: /home/gsylvia/agrobot-reverse-engineering/Agrobot/install/epos2_bridge_interfaces/share/epos2_bridge_interfaces/srv/MoveDelta.json
-- Up-to-date: /home/gsylvia/agrobot-reverse-engineering/Agrobot/install/epos2_bridge_interfaces/share/epos2_bridge_interfaces/srv/MoveAbsolute.json
-- Up-to-date: /home/gsylvia/agrobot-reverse-engineering/Agrobot/install/epos2_bridge_interfaces/share/epos2_bridge_interfaces/srv/MoveAbsoluteTimed.json
-- Up-to-date: /home/gsylvia/agrobot-reverse-engineering/Agrobot/install/epos2_bridge_interfaces/include/epos2_bridge_interfaces/epos2_bridge_interfaces
-- Up-to-date: /home/gsylvia/agrobot-reverse-engineering/Agrobot/install/epos2_bridge_interfaces/include/epos2_bridge_interfaces/epos2_bridge_interfaces/srv
-- Up-to-date: /home/gsylvia/agrobot-reverse-engineering/Agrobot/install/epos2_bridge_interfaces/include/epos2_bridge_interfaces/epos2_bridge_interfaces/srv/move_absolute_timed.h
-- Up-to-date: /home/gsylvia/agrobot-reverse-engineering/Agrobot/install/epos2_bridge_interfaces/include/epos2_bridge_interfaces/epos2_bridge_interfaces/srv/detail
-- Up-to-date: /home/gsylvia/agrobot-reverse-engineering/Agrobot/install/epos2_bridge_interfaces/include/epos2_bridge_interfaces/epos2_bridge_interfaces/srv/detail/move_absolute__struct.h
-- Up-to-date: /home/gsylvia/agrobot-reverse-engineering/Agrobot/install/epos2_bridge_interfaces/include/epos2_bridge_interfaces/epos2_bridge_interfaces/srv/detail/move_absolute__functions.c
-- Up-to-date: /home/gsylvia/agrobot-reverse-engineering/Agrobot/install/epos2_bridge_interfaces/include/epos2_bridge_interfaces/epos2_bridge_interfaces/srv/detail/move_absolute_timed__functions.c
-- Up-to-date: /home/gsylvia/agrobot-reverse-engineering/Agrobot/install/epos2_bridge_interfaces/include/epos2_bridge_interfaces/epos2_bridge_interfaces/srv/detail/move_delta__description.c
-- Up-to-date: /home/gsylvia/agrobot-reverse-engineering/Agrobot/install/epos2_bridge_interfaces/include/epos2_bridge_interfaces/epos2_bridge_interfaces/srv/detail/move_delta__functions.h
-- Up-to-date: /home/gsylvia/agrobot-reverse-engineering/Agrobot/install/epos2_bridge_interfaces/include/epos2_bridge_interfaces/epos2_bridge_interfaces/srv/detail/move_absolute__type_support.h
-- Up-to-date: /home/gsylvia/agrobot-reverse-engineering/Agrobot/install/epos2_bridge_interfaces/include/epos2_bridge_interfaces/epos2_bridge_interfaces/srv/detail/move_absolute_timed__struct.h
-- Up-to-date: /home/gsylvia/agrobot-reverse-engineering/Agrobot/install/epos2_bridge_interfaces/include/epos2_bridge_interfaces/epos2_bridge_interfaces/srv/detail/move_delta__functions.c
-- Up-to-date: /home/gsylvia/agrobot-reverse-engineering/Agrobot/install/epos2_bridge_interfaces/include/epos2_bridge_interfaces/epos2_bridge_interfaces/srv/detail/move_absolute_timed__type_support.c
-- Up-to-date: /home/gsylvia/agrobot-reverse-engineering/Agrobot/install/epos2_bridge_interfaces/include/epos2_bridge_interfaces/epos2_bridge_interfaces/srv/detail/move_delta__type_support.c
-- Up-to-date: /home/gsylvia/agrobot-reverse-engineering/Agrobot/install/epos2_bridge_interfaces/include/epos2_bridge_interfaces/epos2_bridge_interfaces/srv/detail/move_absolute__description.c
-- Up-to-date: /home/gsylvia/agrobot-reverse-engineering/Agrobot/install/epos2_bridge_interfaces/include/epos2_bridge_interfaces/epos2_bridge_interfaces/srv/detail/move_absolute__functions.h
-- Up-to-date: /home/gsylvia/agrobot-reverse-engineering/Agrobot/install/epos2_bridge_interfaces/include/epos2_bridge_interfaces/epos2_bridge_interfaces/srv/detail/move_absolute_timed__type_support.h
-- Up-to-date: /home/gsylvia/agrobot-reverse-engineering/Agrobot/install/epos2_bridge_interfaces/include/epos2_bridge_interfaces/epos2_bridge_interfaces/srv/detail/move_absolute__type_support.c
-- Up-to-date: /home/gsylvia/agrobot-reverse-engineering/Agrobot/install/epos2_bridge_interfaces/include/epos2_bridge_interfaces/epos2_bridge_interfaces/srv/detail/move_delta__struct.h
-- Up-to-date: /home/gsylvia/agrobot-reverse-engineering/Agrobot/install/epos2_bridge_interfaces/include/epos2_bridge_interfaces/epos2_bridge_interfaces/srv/detail/move_absolute_timed__description.c
-- Up-to-date: /home/gsylvia/agrobot-reverse-engineering/Agrobot/install/epos2_bridge_interfaces/include/epos2_bridge_interfaces/epos2_bridge_interfaces/srv/detail/move_delta__type_support.h
-- Up-to-date: /home/gsylvia/agrobot-reverse-engineering/Agrobot/install/epos2_bridge_interfaces/include/epos2_bridge_interfaces/epos2_bridge_interfaces/srv/detail/move_absolute_timed__functions.h
-- Up-to-date: /home/gsylvia/agrobot-reverse-engineering/Agrobot/install/epos2_bridge_interfaces/include/epos2_bridge_interfaces/epos2_bridge_interfaces/srv/move_absolute.h
-- Up-to-date: /home/gsylvia/agrobot-reverse-engineering/Agrobot/install/epos2_bridge_interfaces/include/epos2_bridge_interfaces/epos2_bridge_interfaces/srv/move_delta.h
-- Up-to-date: /home/gsylvia/agrobot-reverse-engineering/Agrobot/install/epos2_bridge_interfaces/include/epos2_bridge_interfaces/epos2_bridge_interfaces/msg
-- Up-to-date: /home/gsylvia/agrobot-reverse-engineering/Agrobot/install/epos2_bridge_interfaces/include/epos2_bridge_interfaces/epos2_bridge_interfaces/msg/rosidl_generator_c__visibility_control.h
-- Up-to-date: /home/gsylvia/agrobot-reverse-engineering/Agrobot/install/epos2_bridge_interfaces/share/epos2_bridge_interfaces/environment/library_path.sh
-- Up-to-date: /home/gsylvia/agrobot-reverse-engineering/Agrobot/install/epos2_bridge_interfaces/share/epos2_bridge_interfaces/environment/library_path.dsv
-- Up-to-date: /home/gsylvia/agrobot-reverse-engineering/Agrobot/install/epos2_bridge_interfaces/lib/libepos2_bridge_interfaces__rosidl_generator_c.so
-- Up-to-date: /home/gsylvia/agrobot-reverse-engineering/Agrobot/install/epos2_bridge_interfaces/include/epos2_bridge_interfaces/epos2_bridge_interfaces
-- Up-to-date: /home/gsylvia/agrobot-reverse-engineering/Agrobot/install/epos2_bridge_interfaces/include/epos2_bridge_interfaces/epos2_bridge_interfaces/srv
-- Up-to-date: /home/gsylvia/agrobot-reverse-engineering/Agrobot/install/epos2_bridge_interfaces/include/epos2_bridge_interfaces/epos2_bridge_interfaces/srv/detail
-- Up-to-date: /home/gsylvia/agrobot-reverse-engineering/Agrobot/install/epos2_bridge_interfaces/include/epos2_bridge_interfaces/epos2_bridge_interfaces/srv/detail/move_absolute_timed__rosidl_typesupport_fastrtps_c.h
-- Up-to-date: /home/gsylvia/agrobot-reverse-engineering/Agrobot/install/epos2_bridge_interfaces/include/epos2_bridge_interfaces/epos2_bridge_interfaces/srv/detail/move_delta__rosidl_typesupport_fastrtps_c.h
-- Up-to-date: /home/gsylvia/agrobot-reverse-engineering/Agrobot/install/epos2_bridge_interfaces/include/epos2_bridge_interfaces/epos2_bridge_interfaces/srv/detail/move_absolute__rosidl_typesupport_fastrtps_c.h
-- Up-to-date: /home/gsylvia/agrobot-reverse-engineering/Agrobot/install/epos2_bridge_interfaces/include/epos2_bridge_interfaces/epos2_bridge_interfaces/msg
-- Up-to-date: /home/gsylvia/agrobot-reverse-engineering/Agrobot/install/epos2_bridge_interfaces/include/epos2_bridge_interfaces/epos2_bridge_interfaces/msg/rosidl_typesupport_fastrtps_c__visibility_control.h
-- Up-to-date: /home/gsylvia/agrobot-reverse-engineering/Agrobot/install/epos2_bridge_interfaces/lib/libepos2_bridge_interfaces__rosidl_typesupport_fastrtps_c.so
-- Up-to-date: /home/gsylvia/agrobot-reverse-engineering/Agrobot/install/epos2_bridge_interfaces/include/epos2_bridge_interfaces/epos2_bridge_interfaces
-- Up-to-date: /home/gsylvia/agrobot-reverse-engineering/Agrobot/install/epos2_bridge_interfaces/include/epos2_bridge_interfaces/epos2_bridge_interfaces/srv
-- Up-to-date: /home/gsylvia/agrobot-reverse-engineering/Agrobot/install/epos2_bridge_interfaces/include/epos2_bridge_interfaces/epos2_bridge_interfaces/srv/detail
-- Up-to-date: /home/gsylvia/agrobot-reverse-engineering/Agrobot/install/epos2_bridge_interfaces/include/epos2_bridge_interfaces/epos2_bridge_interfaces/srv/detail/move_absolute_timed__rosidl_typesupport_introspection_c.h
-- Up-to-date: /home/gsylvia/agrobot-reverse-engineering/Agrobot/install/epos2_bridge_interfaces/include/epos2_bridge_interfaces/epos2_bridge_interfaces/srv/detail/move_absolute__rosidl_typesupport_introspection_c.h
-- Up-to-date: /home/gsylvia/agrobot-reverse-engineering/Agrobot/install/epos2_bridge_interfaces/include/epos2_bridge_interfaces/epos2_bridge_interfaces/srv/detail/move_absolute_timed__type_support.c
-- Up-to-date: /home/gsylvia/agrobot-reverse-engineering/Agrobot/install/epos2_bridge_interfaces/include/epos2_bridge_interfaces/epos2_bridge_interfaces/srv/detail/move_delta__type_support.c
-- Up-to-date: /home/gsylvia/agrobot-reverse-engineering/Agrobot/install/epos2_bridge_interfaces/include/epos2_bridge_interfaces/epos2_bridge_interfaces/srv/detail/move_delta__rosidl_typesupport_introspection_c.h
-- Up-to-date: /home/gsylvia/agrobot-reverse-engineering/Agrobot/install/epos2_bridge_interfaces/include/epos2_bridge_interfaces/epos2_bridge_interfaces/srv/detail/move_absolute__type_support.c
-- Up-to-date: /home/gsylvia/agrobot-reverse-engineering/Agrobot/install/epos2_bridge_interfaces/include/epos2_bridge_interfaces/epos2_bridge_interfaces/msg
-- Up-to-date: /home/gsylvia/agrobot-reverse-engineering/Agrobot/install/epos2_bridge_interfaces/include/epos2_bridge_interfaces/epos2_bridge_interfaces/msg/rosidl_typesupport_introspection_c__visibility_control.h
-- Up-to-date: /home/gsylvia/agrobot-reverse-engineering/Agrobot/install/epos2_bridge_interfaces/lib/libepos2_bridge_interfaces__rosidl_typesupport_introspection_c.so
-- Up-to-date: /home/gsylvia/agrobot-reverse-engineering/Agrobot/install/epos2_bridge_interfaces/lib/libepos2_bridge_interfaces__rosidl_typesupport_c.so
-- Up-to-date: /home/gsylvia/agrobot-reverse-engineering/Agrobot/install/epos2_bridge_interfaces/include/epos2_bridge_interfaces/epos2_bridge_interfaces
-- Up-to-date: /home/gsylvia/agrobot-reverse-engineering/Agrobot/install/epos2_bridge_interfaces/include/epos2_bridge_interfaces/epos2_bridge_interfaces/srv
-- Up-to-date: /home/gsylvia/agrobot-reverse-engineering/Agrobot/install/epos2_bridge_interfaces/include/epos2_bridge_interfaces/epos2_bridge_interfaces/srv/move_absolute.hpp
-- Up-to-date: /home/gsylvia/agrobot-reverse-engineering/Agrobot/install/epos2_bridge_interfaces/include/epos2_bridge_interfaces/epos2_bridge_interfaces/srv/move_delta.hpp
-- Up-to-date: /home/gsylvia/agrobot-reverse-engineering/Agrobot/install/epos2_bridge_interfaces/include/epos2_bridge_interfaces/epos2_bridge_interfaces/srv/detail
-- Up-to-date: /home/gsylvia/agrobot-reverse-engineering/Agrobot/install/epos2_bridge_interfaces/include/epos2_bridge_interfaces/epos2_bridge_interfaces/srv/detail/move_delta__builder.hpp
-- Up-to-date: /home/gsylvia/agrobot-reverse-engineering/Agrobot/install/epos2_bridge_interfaces/include/epos2_bridge_interfaces/epos2_bridge_interfaces/srv/detail/move_delta__struct.hpp
-- Up-to-date: /home/gsylvia/agrobot-reverse-engineering/Agrobot/install/epos2_bridge_interfaces/include/epos2_bridge_interfaces/epos2_bridge_interfaces/srv/detail/move_absolute__struct.hpp
-- Up-to-date: /home/gsylvia/agrobot-reverse-engineering/Agrobot/install/epos2_bridge_interfaces/include/epos2_bridge_interfaces/epos2_bridge_interfaces/srv/detail/move_delta__type_support.hpp
-- Up-to-date: /home/gsylvia/agrobot-reverse-engineering/Agrobot/install/epos2_bridge_interfaces/include/epos2_bridge_interfaces/epos2_bridge_interfaces/srv/detail/move_absolute__type_support.hpp
-- Up-to-date: /home/gsylvia/agrobot-reverse-engineering/Agrobot/install/epos2_bridge_interfaces/include/epos2_bridge_interfaces/epos2_bridge_interfaces/srv/detail/move_absolute__builder.hpp
-- Up-to-date: /home/gsylvia/agrobot-reverse-engineering/Agrobot/install/epos2_bridge_interfaces/include/epos2_bridge_interfaces/epos2_bridge_interfaces/srv/detail/move_absolute_timed__struct.hpp
-- Up-to-date: /home/gsylvia/agrobot-reverse-engineering/Agrobot/install/epos2_bridge_interfaces/include/epos2_bridge_interfaces/epos2_bridge_interfaces/srv/detail/move_absolute_timed__builder.hpp
-- Up-to-date: /home/gsylvia/agrobot-reverse-engineering/Agrobot/install/epos2_bridge_interfaces/include/epos2_bridge_interfaces/epos2_bridge_interfaces/srv/detail/move_absolute__traits.hpp
-- Up-to-date: /home/gsylvia/agrobot-reverse-engineering/Agrobot/install/epos2_bridge_interfaces/include/epos2_bridge_interfaces/epos2_bridge_interfaces/srv/detail/move_absolute_timed__type_support.hpp
-- Up-to-date: /home/gsylvia/agrobot-reverse-engineering/Agrobot/install/epos2_bridge_interfaces/include/epos2_bridge_interfaces/epos2_bridge_interfaces/srv/detail/move_absolute_timed__traits.hpp
-- Up-to-date: /home/gsylvia/agrobot-reverse-engineering/Agrobot/install/epos2_bridge_interfaces/include/epos2_bridge_interfaces/epos2_bridge_interfaces/srv/detail/move_delta__traits.hpp
-- Up-to-date: /home/gsylvia/agrobot-reverse-engineering/Agrobot/install/epos2_bridge_interfaces/include/epos2_bridge_interfaces/epos2_bridge_interfaces/srv/move_absolute_timed.hpp
-- Up-to-date: /home/gsylvia/agrobot-reverse-engineering/Agrobot/install/epos2_bridge_interfaces/include/epos2_bridge_interfaces/epos2_bridge_interfaces/msg
-- Up-to-date: /home/gsylvia/agrobot-reverse-engineering/Agrobot/install/epos2_bridge_interfaces/include/epos2_bridge_interfaces/epos2_bridge_interfaces/msg/rosidl_generator_cpp__visibility_control.hpp
-- Up-to-date: /home/gsylvia/agrobot-reverse-engineering/Agrobot/install/epos2_bridge_interfaces/include/epos2_bridge_interfaces/epos2_bridge_interfaces
-- Up-to-date: /home/gsylvia/agrobot-reverse-engineering/Agrobot/install/epos2_bridge_interfaces/include/epos2_bridge_interfaces/epos2_bridge_interfaces/srv
-- Up-to-date: /home/gsylvia/agrobot-reverse-engineering/Agrobot/install/epos2_bridge_interfaces/include/epos2_bridge_interfaces/epos2_bridge_interfaces/srv/detail
-- Up-to-date: /home/gsylvia/agrobot-reverse-engineering/Agrobot/install/epos2_bridge_interfaces/include/epos2_bridge_interfaces/epos2_bridge_interfaces/srv/detail/move_absolute_timed__rosidl_typesupport_fastrtps_cpp.hpp
-- Up-to-date: /home/gsylvia/agrobot-reverse-engineering/Agrobot/install/epos2_bridge_interfaces/include/epos2_bridge_interfaces/epos2_bridge_interfaces/srv/detail/dds_fastrtps
-- Up-to-date: /home/gsylvia/agrobot-reverse-engineering/Agrobot/install/epos2_bridge_interfaces/include/epos2_bridge_interfaces/epos2_bridge_interfaces/srv/detail/move_absolute__rosidl_typesupport_fastrtps_cpp.hpp
-- Up-to-date: /home/gsylvia/agrobot-reverse-engineering/Agrobot/install/epos2_bridge_interfaces/include/epos2_bridge_interfaces/epos2_bridge_interfaces/srv/detail/move_delta__rosidl_typesupport_fastrtps_cpp.hpp
-- Up-to-date: /home/gsylvia/agrobot-reverse-engineering/Agrobot/install/epos2_bridge_interfaces/include/epos2_bridge_interfaces/epos2_bridge_interfaces/msg
-- Up-to-date: /home/gsylvia/agrobot-reverse-engineering/Agrobot/install/epos2_bridge_interfaces/include/epos2_bridge_interfaces/epos2_bridge_interfaces/msg/rosidl_typesupport_fastrtps_cpp__visibility_control.h
-- Up-to-date: /home/gsylvia/agrobot-reverse-engineering/Agrobot/install/epos2_bridge_interfaces/lib/libepos2_bridge_interfaces__rosidl_typesupport_fastrtps_cpp.so
-- Up-to-date: /home/gsylvia/agrobot-reverse-engineering/Agrobot/install/epos2_bridge_interfaces/include/epos2_bridge_interfaces/epos2_bridge_interfaces
-- Up-to-date: /home/gsylvia/agrobot-reverse-engineering/Agrobot/install/epos2_bridge_interfaces/include/epos2_bridge_interfaces/epos2_bridge_interfaces/srv
-- Up-to-date: /home/gsylvia/agrobot-reverse-engineering/Agrobot/install/epos2_bridge_interfaces/include/epos2_bridge_interfaces/epos2_bridge_interfaces/srv/detail
-- Up-to-date: /home/gsylvia/agrobot-reverse-engineering/Agrobot/install/epos2_bridge_interfaces/include/epos2_bridge_interfaces/epos2_bridge_interfaces/srv/detail/move_delta__rosidl_typesupport_introspection_cpp.hpp
-- Up-to-date: /home/gsylvia/agrobot-reverse-engineering/Agrobot/install/epos2_bridge_interfaces/include/epos2_bridge_interfaces/epos2_bridge_interfaces/srv/detail/move_absolute__rosidl_typesupport_introspection_cpp.hpp
-- Up-to-date: /home/gsylvia/agrobot-reverse-engineering/Agrobot/install/epos2_bridge_interfaces/include/epos2_bridge_interfaces/epos2_bridge_interfaces/srv/detail/move_absolute_timed__rosidl_typesupport_introspection_cpp.hpp
-- Up-to-date: /home/gsylvia/agrobot-reverse-engineering/Agrobot/install/epos2_bridge_interfaces/include/epos2_bridge_interfaces/epos2_bridge_interfaces/srv/detail/move_delta__type_support.cpp
-- Up-to-date: /home/gsylvia/agrobot-reverse-engineering/Agrobot/install/epos2_bridge_interfaces/include/epos2_bridge_interfaces/epos2_bridge_interfaces/srv/detail/move_absolute_timed__type_support.cpp
-- Up-to-date: /home/gsylvia/agrobot-reverse-engineering/Agrobot/install/epos2_bridge_interfaces/include/epos2_bridge_interfaces/epos2_bridge_interfaces/srv/detail/move_absolute__type_support.cpp
-- Up-to-date: /home/gsylvia/agrobot-reverse-engineering/Agrobot/install/epos2_bridge_interfaces/lib/libepos2_bridge_interfaces__rosidl_typesupport_introspection_cpp.so
-- Up-to-date: /home/gsylvia/agrobot-reverse-engineering/Agrobot/install/epos2_bridge_interfaces/lib/libepos2_bridge_interfaces__rosidl_typesupport_cpp.so
-- Up-to-date: /home/gsylvia/agrobot-reverse-engineering/Agrobot/install/epos2_bridge_interfaces/share/epos2_bridge_interfaces/environment/pythonpath.sh
-- Up-to-date: /home/gsylvia/agrobot-reverse-engineering/Agrobot/install/epos2_bridge_interfaces/share/epos2_bridge_interfaces/environment/pythonpath.dsv
-- Up-to-date: /home/gsylvia/agrobot-reverse-engineering/Agrobot/install/epos2_bridge_interfaces/lib/python3.12/site-packages/epos2_bridge_interfaces-0.0.1-py3.12.egg-info
-- Installing: /home/gsylvia/agrobot-reverse-engineering/Agrobot/install/epos2_bridge_interfaces/lib/python3.12/site-packages/epos2_bridge_interfaces-0.0.1-py3.12.egg-info/PKG-INFO
-- Installing: /home/gsylvia/agrobot-reverse-engineering/Agrobot/install/epos2_bridge_interfaces/lib/python3.12/site-packages/epos2_bridge_interfaces-0.0.1-py3.12.egg-info/dependency_links.txt
-- Installing: /home/gsylvia/agrobot-reverse-engineering/Agrobot/install/epos2_bridge_interfaces/lib/python3.12/site-packages/epos2_bridge_interfaces-0.0.1-py3.12.egg-info/top_level.txt
-- Installing: /home/gsylvia/agrobot-reverse-engineering/Agrobot/install/epos2_bridge_interfaces/lib/python3.12/site-packages/epos2_bridge_interfaces-0.0.1-py3.12.egg-info/SOURCES.txt
-- Up-to-date: /home/gsylvia/agrobot-reverse-engineering/Agrobot/install/epos2_bridge_interfaces/lib/python3.12/site-packages/epos2_bridge_interfaces
-- Up-to-date: /home/gsylvia/agrobot-reverse-engineering/Agrobot/install/epos2_bridge_interfaces/lib/python3.12/site-packages/epos2_bridge_interfaces/epos2_bridge_interfaces_s__rosidl_typesupport_introspection_c.so
-- Up-to-date: /home/gsylvia/agrobot-reverse-engineering/Agrobot/install/epos2_bridge_interfaces/lib/python3.12/site-packages/epos2_bridge_interfaces/_epos2_bridge_interfaces_s.ep.rosidl_typesupport_fastrtps_c.c
-- Up-to-date: /home/gsylvia/agrobot-reverse-engineering/Agrobot/install/epos2_bridge_interfaces/lib/python3.12/site-packages/epos2_bridge_interfaces/_epos2_bridge_interfaces_s.ep.rosidl_typesupport_c.c
-- Up-to-date: /home/gsylvia/agrobot-reverse-engineering/Agrobot/install/epos2_bridge_interfaces/lib/python3.12/site-packages/epos2_bridge_interfaces/srv
-- Up-to-date: /home/gsylvia/agrobot-reverse-engineering/Agrobot/install/epos2_bridge_interfaces/lib/python3.12/site-packages/epos2_bridge_interfaces/srv/_move_delta.py
-- Up-to-date: /home/gsylvia/agrobot-reverse-engineering/Agrobot/install/epos2_bridge_interfaces/lib/python3.12/site-packages/epos2_bridge_interfaces/srv/_move_absolute_timed_s.c
-- Up-to-date: /home/gsylvia/agrobot-reverse-engineering/Agrobot/install/epos2_bridge_interfaces/lib/python3.12/site-packages/epos2_bridge_interfaces/srv/_move_absolute_timed.py
-- Up-to-date: /home/gsylvia/agrobot-reverse-engineering/Agrobot/install/epos2_bridge_interfaces/lib/python3.12/site-packages/epos2_bridge_interfaces/srv/_move_absolute_s.c
-- Up-to-date: /home/gsylvia/agrobot-reverse-engineering/Agrobot/install/epos2_bridge_interfaces/lib/python3.12/site-packages/epos2_bridge_interfaces/srv/__init__.py
-- Up-to-date: /home/gsylvia/agrobot-reverse-engineering/Agrobot/install/epos2_bridge_interfaces/lib/python3.12/site-packages/epos2_bridge_interfaces/srv/_move_delta_s.c
-- Up-to-date: /home/gsylvia/agrobot-reverse-engineering/Agrobot/install/epos2_bridge_interfaces/lib/python3.12/site-packages/epos2_bridge_interfaces/srv/_move_absolute.py
-- Up-to-date: /home/gsylvia/agrobot-reverse-engineering/Agrobot/install/epos2_bridge_interfaces/lib/python3.12/site-packages/epos2_bridge_interfaces/__init__.py
-- Up-to-date: /home/gsylvia/agrobot-reverse-engineering/Agrobot/install/epos2_bridge_interfaces/lib/python3.12/site-packages/epos2_bridge_interfaces/epos2_bridge_interfaces_s__rosidl_typesupport_c.so
-- Up-to-date: /home/gsylvia/agrobot-reverse-engineering/Agrobot/install/epos2_bridge_interfaces/lib/python3.12/site-packages/epos2_bridge_interfaces/epos2_bridge_interfaces_s__rosidl_typesupport_fastrtps_c.so
-- Up-to-date: /home/gsylvia/agrobot-reverse-engineering/Agrobot/install/epos2_bridge_interfaces/lib/python3.12/site-packages/epos2_bridge_interfaces/_epos2_bridge_interfaces_s.ep.rosidl_typesupport_introspection_c.c
Listing '/home/gsylvia/agrobot-reverse-engineering/Agrobot/install/epos2_bridge_interfaces/lib/python3.12/site-packages/epos2_bridge_interfaces'...
Listing '/home/gsylvia/agrobot-reverse-engineering/Agrobot/install/epos2_bridge_interfaces/lib/python3.12/site-packages/epos2_bridge_interfaces/srv'...
-- Up-to-date: /home/gsylvia/agrobot-reverse-engineering/Agrobot/install/epos2_bridge_interfaces/lib/python3.12/site-packages/epos2_bridge_interfaces/epos2_bridge_interfaces_s__rosidl_typesupport_fastrtps_c.so
-- Up-to-date: /home/gsylvia/agrobot-reverse-engineering/Agrobot/install/epos2_bridge_interfaces/lib/python3.12/site-packages/epos2_bridge_interfaces/epos2_bridge_interfaces_s__rosidl_typesupport_introspection_c.so
-- Up-to-date: /home/gsylvia/agrobot-reverse-engineering/Agrobot/install/epos2_bridge_interfaces/lib/python3.12/site-packages/epos2_bridge_interfaces/epos2_bridge_interfaces_s__rosidl_typesupport_c.so
-- Up-to-date: /home/gsylvia/agrobot-reverse-engineering/Agrobot/install/epos2_bridge_interfaces/lib/libepos2_bridge_interfaces__rosidl_generator_py.so
-- Up-to-date: /home/gsylvia/agrobot-reverse-engineering/Agrobot/install/epos2_bridge_interfaces/share/epos2_bridge_interfaces/rust
-- Up-to-date: /home/gsylvia/agrobot-reverse-engineering/Agrobot/install/epos2_bridge_interfaces/share/epos2_bridge_interfaces/rust/build.rs
-- Up-to-date: /home/gsylvia/agrobot-reverse-engineering/Agrobot/install/epos2_bridge_interfaces/share/epos2_bridge_interfaces/rust/Cargo.toml
-- Up-to-date: /home/gsylvia/agrobot-reverse-engineering/Agrobot/install/epos2_bridge_interfaces/share/epos2_bridge_interfaces/rust/src
-- Up-to-date: /home/gsylvia/agrobot-reverse-engineering/Agrobot/install/epos2_bridge_interfaces/share/epos2_bridge_interfaces/rust/src/srv.rs
-- Up-to-date: /home/gsylvia/agrobot-reverse-engineering/Agrobot/install/epos2_bridge_interfaces/share/epos2_bridge_interfaces/rust/src/srv
-- Up-to-date: /home/gsylvia/agrobot-reverse-engineering/Agrobot/install/epos2_bridge_interfaces/share/epos2_bridge_interfaces/rust/src/srv/rmw.rs
-- Up-to-date: /home/gsylvia/agrobot-reverse-engineering/Agrobot/install/epos2_bridge_interfaces/share/epos2_bridge_interfaces/rust/src/lib.rs
-- Up-to-date: /home/gsylvia/agrobot-reverse-engineering/Agrobot/install/epos2_bridge_interfaces/share/epos2_bridge_interfaces/srv/MoveDelta.idl
-- Up-to-date: /home/gsylvia/agrobot-reverse-engineering/Agrobot/install/epos2_bridge_interfaces/share/epos2_bridge_interfaces/srv/MoveAbsolute.idl
-- Up-to-date: /home/gsylvia/agrobot-reverse-engineering/Agrobot/install/epos2_bridge_interfaces/share/epos2_bridge_interfaces/srv/MoveAbsoluteTimed.idl
-- Up-to-date: /home/gsylvia/agrobot-reverse-engineering/Agrobot/install/epos2_bridge_interfaces/share/epos2_bridge_interfaces/srv/MoveDelta.srv
-- Up-to-date: /home/gsylvia/agrobot-reverse-engineering/Agrobot/install/epos2_bridge_interfaces/share/epos2_bridge_interfaces/srv/MoveAbsolute.srv
-- Up-to-date: /home/gsylvia/agrobot-reverse-engineering/Agrobot/install/epos2_bridge_interfaces/share/epos2_bridge_interfaces/srv/MoveAbsoluteTimed.srv
-- Up-to-date: /home/gsylvia/agrobot-reverse-engineering/Agrobot/install/epos2_bridge_interfaces/share/ament_index/resource_index/package_run_dependencies/epos2_bridge_interfaces
-- Up-to-date: /home/gsylvia/agrobot-reverse-engineering/Agrobot/install/epos2_bridge_interfaces/share/ament_index/resource_index/parent_prefix_path/epos2_bridge_interfaces
-- Up-to-date: /home/gsylvia/agrobot-reverse-engineering/Agrobot/install/epos2_bridge_interfaces/share/epos2_bridge_interfaces/environment/ament_prefix_path.sh
-- Up-to-date: /home/gsylvia/agrobot-reverse-engineering/Agrobot/install/epos2_bridge_interfaces/share/epos2_bridge_interfaces/environment/ament_prefix_path.dsv
-- Up-to-date: /home/gsylvia/agrobot-reverse-engineering/Agrobot/install/epos2_bridge_interfaces/share/epos2_bridge_interfaces/environment/path.sh
-- Up-to-date: /home/gsylvia/agrobot-reverse-engineering/Agrobot/install/epos2_bridge_interfaces/share/epos2_bridge_interfaces/environment/path.dsv
-- Up-to-date: /home/gsylvia/agrobot-reverse-engineering/Agrobot/install/epos2_bridge_interfaces/share/epos2_bridge_interfaces/local_setup.bash
-- Up-to-date: /home/gsylvia/agrobot-reverse-engineering/Agrobot/install/epos2_bridge_interfaces/share/epos2_bridge_interfaces/local_setup.sh
-- Up-to-date: /home/gsylvia/agrobot-reverse-engineering/Agrobot/install/epos2_bridge_interfaces/share/epos2_bridge_interfaces/local_setup.zsh
-- Up-to-date: /home/gsylvia/agrobot-reverse-engineering/Agrobot/install/epos2_bridge_interfaces/share/epos2_bridge_interfaces/local_setup.dsv
-- Installing: /home/gsylvia/agrobot-reverse-engineering/Agrobot/install/epos2_bridge_interfaces/share/epos2_bridge_interfaces/package.dsv
-- Up-to-date: /home/gsylvia/agrobot-reverse-engineering/Agrobot/install/epos2_bridge_interfaces/share/ament_index/resource_index/packages/epos2_bridge_interfaces
-- Up-to-date: /home/gsylvia/agrobot-reverse-engineering/Agrobot/install/epos2_bridge_interfaces/share/epos2_bridge_interfaces/cmake/export_epos2_bridge_interfaces__rosidl_generator_cExport.cmake
-- Up-to-date: /home/gsylvia/agrobot-reverse-engineering/Agrobot/install/epos2_bridge_interfaces/share/epos2_bridge_interfaces/cmake/export_epos2_bridge_interfaces__rosidl_generator_cExport-noconfig.cmake
-- Up-to-date: /home/gsylvia/agrobot-reverse-engineering/Agrobot/install/epos2_bridge_interfaces/share/epos2_bridge_interfaces/cmake/export_epos2_bridge_interfaces__rosidl_typesupport_fastrtps_cExport.cmake
-- Up-to-date: /home/gsylvia/agrobot-reverse-engineering/Agrobot/install/epos2_bridge_interfaces/share/epos2_bridge_interfaces/cmake/export_epos2_bridge_interfaces__rosidl_typesupport_fastrtps_cExport-noconfig.cmake
-- Up-to-date: /home/gsylvia/agrobot-reverse-engineering/Agrobot/install/epos2_bridge_interfaces/share/epos2_bridge_interfaces/cmake/epos2_bridge_interfaces__rosidl_typesupport_introspection_cExport.cmake
-- Up-to-date: /home/gsylvia/agrobot-reverse-engineering/Agrobot/install/epos2_bridge_interfaces/share/epos2_bridge_interfaces/cmake/epos2_bridge_interfaces__rosidl_typesupport_introspection_cExport-noconfig.cmake
-- Up-to-date: /home/gsylvia/agrobot-reverse-engineering/Agrobot/install/epos2_bridge_interfaces/share/epos2_bridge_interfaces/cmake/epos2_bridge_interfaces__rosidl_typesupport_cExport.cmake
-- Up-to-date: /home/gsylvia/agrobot-reverse-engineering/Agrobot/install/epos2_bridge_interfaces/share/epos2_bridge_interfaces/cmake/epos2_bridge_interfaces__rosidl_typesupport_cExport-noconfig.cmake
-- Up-to-date: /home/gsylvia/agrobot-reverse-engineering/Agrobot/install/epos2_bridge_interfaces/share/epos2_bridge_interfaces/cmake/export_epos2_bridge_interfaces__rosidl_generator_cppExport.cmake
-- Up-to-date: /home/gsylvia/agrobot-reverse-engineering/Agrobot/install/epos2_bridge_interfaces/share/epos2_bridge_interfaces/cmake/export_epos2_bridge_interfaces__rosidl_typesupport_fastrtps_cppExport.cmake
-- Up-to-date: /home/gsylvia/agrobot-reverse-engineering/Agrobot/install/epos2_bridge_interfaces/share/epos2_bridge_interfaces/cmake/export_epos2_bridge_interfaces__rosidl_typesupport_fastrtps_cppExport-noconfig.cmake
-- Up-to-date: /home/gsylvia/agrobot-reverse-engineering/Agrobot/install/epos2_bridge_interfaces/share/epos2_bridge_interfaces/cmake/epos2_bridge_interfaces__rosidl_typesupport_introspection_cppExport.cmake
-- Up-to-date: /home/gsylvia/agrobot-reverse-engineering/Agrobot/install/epos2_bridge_interfaces/share/epos2_bridge_interfaces/cmake/epos2_bridge_interfaces__rosidl_typesupport_introspection_cppExport-noconfig.cmake
-- Up-to-date: /home/gsylvia/agrobot-reverse-engineering/Agrobot/install/epos2_bridge_interfaces/share/epos2_bridge_interfaces/cmake/epos2_bridge_interfaces__rosidl_typesupport_cppExport.cmake
-- Up-to-date: /home/gsylvia/agrobot-reverse-engineering/Agrobot/install/epos2_bridge_interfaces/share/epos2_bridge_interfaces/cmake/epos2_bridge_interfaces__rosidl_typesupport_cppExport-noconfig.cmake
-- Up-to-date: /home/gsylvia/agrobot-reverse-engineering/Agrobot/install/epos2_bridge_interfaces/share/epos2_bridge_interfaces/cmake/export_epos2_bridge_interfaces__rosidl_generator_pyExport.cmake
-- Up-to-date: /home/gsylvia/agrobot-reverse-engineering/Agrobot/install/epos2_bridge_interfaces/share/epos2_bridge_interfaces/cmake/export_epos2_bridge_interfaces__rosidl_generator_pyExport-noconfig.cmake
-- Up-to-date: /home/gsylvia/agrobot-reverse-engineering/Agrobot/install/epos2_bridge_interfaces/share/epos2_bridge_interfaces/cmake/rosidl_cmake-extras.cmake
-- Up-to-date: /home/gsylvia/agrobot-reverse-engineering/Agrobot/install/epos2_bridge_interfaces/share/epos2_bridge_interfaces/cmake/ament_cmake_export_dependencies-extras.cmake
-- Up-to-date: /home/gsylvia/agrobot-reverse-engineering/Agrobot/install/epos2_bridge_interfaces/share/epos2_bridge_interfaces/cmake/ament_cmake_export_include_directories-extras.cmake
-- Up-to-date: /home/gsylvia/agrobot-reverse-engineering/Agrobot/install/epos2_bridge_interfaces/share/epos2_bridge_interfaces/cmake/ament_cmake_export_libraries-extras.cmake
-- Up-to-date: /home/gsylvia/agrobot-reverse-engineering/Agrobot/install/epos2_bridge_interfaces/share/epos2_bridge_interfaces/cmake/ament_cmake_export_targets-extras.cmake
-- Up-to-date: /home/gsylvia/agrobot-reverse-engineering/Agrobot/install/epos2_bridge_interfaces/share/epos2_bridge_interfaces/cmake/rosidl_cmake_export_typesupport_targets-extras.cmake
-- Up-to-date: /home/gsylvia/agrobot-reverse-engineering/Agrobot/install/epos2_bridge_interfaces/share/epos2_bridge_interfaces/cmake/rosidl_cmake_export_typesupport_libraries-extras.cmake
-- Up-to-date: /home/gsylvia/agrobot-reverse-engineering/Agrobot/install/epos2_bridge_interfaces/share/epos2_bridge_interfaces/cmake/rosidl_cmake_aggregate_target-extras.cmake
-- Up-to-date: /home/gsylvia/agrobot-reverse-engineering/Agrobot/install/epos2_bridge_interfaces/share/epos2_bridge_interfaces/cmake/epos2_bridge_interfacesConfig.cmake
-- Up-to-date: /home/gsylvia/agrobot-reverse-engineering/Agrobot/install/epos2_bridge_interfaces/share/epos2_bridge_interfaces/cmake/epos2_bridge_interfacesConfig-version.cmake
-- Up-to-date: /home/gsylvia/agrobot-reverse-engineering/Agrobot/install/epos2_bridge_interfaces/share/epos2_bridge_interfaces/package.xml
