[0.018s] Invoking command in '/home/gsylvia/agrobot-reverse-engineering/Agrobot/build/epos2_bridge_interfaces': CMAKE_PREFIX_PATH=${CMAKE_PREFIX_PATH}:/opt/ros/jazzy /usr/bin/cmake --build /home/gsylvia/agrobot-reverse-engineering/Agrobot/build/epos2_bridge_interfaces -- -j16 -l16
[0.067s] [  1%] Built target epos2_bridge_interfaces__rs
[0.067s] [  3%] Built target epos2_bridge_interfaces__rosidl_generator_type_description
[0.101s] [  5%] Built target epos2_bridge_interfaces__cpp
[0.101s] [  5%] Built target ament_cmake_python_copy_epos2_bridge_interfaces
[0.101s] [ 25%] Built target epos2_bridge_interfaces__rosidl_generator_c
[0.128s] [ 34%] Built target epos2_bridge_interfaces__rosidl_typesupport_introspection_c
[0.143s] [ 43%] Built target epos2_bridge_interfaces__rosidl_typesupport_introspection_cpp
[0.145s] [ 52%] Built target epos2_bridge_interfaces__rosidl_typesupport_c
[0.147s] [ 61%] Built target epos2_bridge_interfaces__rosidl_typesupport_fastrtps_c
[0.147s] [ 70%] Built target epos2_bridge_interfaces__rosidl_typesupport_cpp
[0.152s] [ 80%] Built target epos2_bridge_interfaces__rosidl_typesupport_fastrtps_cpp
[0.176s] [ 80%] Built target epos2_bridge_interfaces
[0.206s] [ 81%] Built target epos2_bridge_interfaces__py
[0.269s] [ 89%] Built target epos2_bridge_interfaces__rosidl_generator_py
[0.307s] [ 92%] Built target epos2_bridge_interfaces_s__rosidl_typesupport_fastrtps_c
[0.308s] [100%] Built target epos2_bridge_interfaces_s__rosidl_typesupport_introspection_c
[0.308s] [100%] Built target epos2_bridge_interfaces_s__rosidl_typesupport_c
[0.337s] running egg_info
[0.347s] writing epos2_bridge_interfaces.egg-info/PKG-INFO
[0.347s] writing dependency_links to epos2_bridge_interfaces.egg-info/dependency_links.txt
[0.347s] writing top-level names to epos2_bridge_interfaces.egg-info/top_level.txt
[0.383s] reading manifest file 'epos2_bridge_interfaces.egg-info/SOURCES.txt'
[0.384s] writing manifest file 'epos2_bridge_interfaces.egg-info/SOURCES.txt'
[0.413s] [100%] Built target ament_cmake_python_build_epos2_bridge_interfaces_egg
[0.423s] Invoked command in '/home/gsylvia/agrobot-reverse-engineering/Agrobot/build/epos2_bridge_interfaces' returned '0': CMAKE_PREFIX_PATH=${CMAKE_PREFIX_PATH}:/opt/ros/jazzy /usr/bin/cmake --build /home/gsylvia/agrobot-reverse-engineering/Agrobot/build/epos2_bridge_interfaces -- -j16 -l16
[0.425s] Invoking command in '/home/gsylvia/agrobot-reverse-engineering/Agrobot/build/epos2_bridge_interfaces': CMAKE_PREFIX_PATH=${CMAKE_PREFIX_PATH}:/opt/ros/jazzy /usr/bin/cmake --install /home/gsylvia/agrobot-reverse-engineering/Agrobot/build/epos2_bridge_interfaces
[0.433s] -- Install configuration: ""
[0.433s] -- Up-to-date: /home/gsylvia/agrobot-reverse-engineering/Agrobot/install/epos2_bridge_interfaces/share/ament_index/resource_index/rosidl_interfaces/epos2_bridge_interfaces
[0.433s] -- Up-to-date: /home/gsylvia/agrobot-reverse-engineering/Agrobot/install/epos2_bridge_interfaces/share/epos2_bridge_interfaces/srv/MoveDelta.json
[0.433s] -- Up-to-date: /home/gsylvia/agrobot-reverse-engineering/Agrobot/install/epos2_bridge_interfaces/share/epos2_bridge_interfaces/srv/MoveAbsolute.json
[0.433s] -- Up-to-date: /home/gsylvia/agrobot-reverse-engineering/Agrobot/install/epos2_bridge_interfaces/share/epos2_bridge_interfaces/srv/MoveAbsoluteTimed.json
[0.433s] -- Up-to-date: /home/gsylvia/agrobot-reverse-engineering/Agrobot/install/epos2_bridge_interfaces/include/epos2_bridge_interfaces/epos2_bridge_interfaces
[0.433s] -- Up-to-date: /home/gsylvia/agrobot-reverse-engineering/Agrobot/install/epos2_bridge_interfaces/include/epos2_bridge_interfaces/epos2_bridge_interfaces/srv
[0.433s] -- Up-to-date: /home/gsylvia/agrobot-reverse-engineering/Agrobot/install/epos2_bridge_interfaces/include/epos2_bridge_interfaces/epos2_bridge_interfaces/srv/move_absolute_timed.h
[0.433s] -- Up-to-date: /home/gsylvia/agrobot-reverse-engineering/Agrobot/install/epos2_bridge_interfaces/include/epos2_bridge_interfaces/epos2_bridge_interfaces/srv/detail
[0.433s] -- Up-to-date: /home/gsylvia/agrobot-reverse-engineering/Agrobot/install/epos2_bridge_interfaces/include/epos2_bridge_interfaces/epos2_bridge_interfaces/srv/detail/move_absolute__struct.h
[0.433s] -- Up-to-date: /home/gsylvia/agrobot-reverse-engineering/Agrobot/install/epos2_bridge_interfaces/include/epos2_bridge_interfaces/epos2_bridge_interfaces/srv/detail/move_absolute__functions.c
[0.433s] -- Up-to-date: /home/gsylvia/agrobot-reverse-engineering/Agrobot/install/epos2_bridge_interfaces/include/epos2_bridge_interfaces/epos2_bridge_interfaces/srv/detail/move_absolute_timed__functions.c
[0.434s] -- Up-to-date: /home/gsylvia/agrobot-reverse-engineering/Agrobot/install/epos2_bridge_interfaces/include/epos2_bridge_interfaces/epos2_bridge_interfaces/srv/detail/move_delta__description.c
[0.434s] -- Up-to-date: /home/gsylvia/agrobot-reverse-engineering/Agrobot/install/epos2_bridge_interfaces/include/epos2_bridge_interfaces/epos2_bridge_interfaces/srv/detail/move_delta__functions.h
[0.434s] -- Up-to-date: /home/gsylvia/agrobot-reverse-engineering/Agrobot/install/epos2_bridge_interfaces/include/epos2_bridge_interfaces/epos2_bridge_interfaces/srv/detail/move_absolute__type_support.h
[0.434s] -- Up-to-date: /home/gsylvia/agrobot-reverse-engineering/Agrobot/install/epos2_bridge_interfaces/include/epos2_bridge_interfaces/epos2_bridge_interfaces/srv/detail/move_absolute_timed__struct.h
[0.434s] -- Up-to-date: /home/gsylvia/agrobot-reverse-engineering/Agrobot/install/epos2_bridge_interfaces/include/epos2_bridge_interfaces/epos2_bridge_interfaces/srv/detail/move_delta__functions.c
[0.434s] -- Up-to-date: /home/gsylvia/agrobot-reverse-engineering/Agrobot/install/epos2_bridge_interfaces/include/epos2_bridge_interfaces/epos2_bridge_interfaces/srv/detail/move_absolute_timed__type_support.c
[0.434s] -- Up-to-date: /home/gsylvia/agrobot-reverse-engineering/Agrobot/install/epos2_bridge_interfaces/include/epos2_bridge_interfaces/epos2_bridge_interfaces/srv/detail/move_delta__type_support.c
[0.434s] -- Up-to-date: /home/gsylvia/agrobot-reverse-engineering/Agrobot/install/epos2_bridge_interfaces/include/epos2_bridge_interfaces/epos2_bridge_interfaces/srv/detail/move_absolute__description.c
[0.434s] -- Up-to-date: /home/gsylvia/agrobot-reverse-engineering/Agrobot/install/epos2_bridge_interfaces/include/epos2_bridge_interfaces/epos2_bridge_interfaces/srv/detail/move_absolute__functions.h
[0.434s] -- Up-to-date: /home/gsylvia/agrobot-reverse-engineering/Agrobot/install/epos2_bridge_interfaces/include/epos2_bridge_interfaces/epos2_bridge_interfaces/srv/detail/move_absolute_timed__type_support.h
[0.434s] -- Up-to-date: /home/gsylvia/agrobot-reverse-engineering/Agrobot/install/epos2_bridge_interfaces/include/epos2_bridge_interfaces/epos2_bridge_interfaces/srv/detail/move_absolute__type_support.c
[0.434s] -- Up-to-date: /home/gsylvia/agrobot-reverse-engineering/Agrobot/install/epos2_bridge_interfaces/include/epos2_bridge_interfaces/epos2_bridge_interfaces/srv/detail/move_delta__struct.h
[0.434s] -- Up-to-date: /home/gsylvia/agrobot-reverse-engineering/Agrobot/install/epos2_bridge_interfaces/include/epos2_bridge_interfaces/epos2_bridge_interfaces/srv/detail/move_absolute_timed__description.c
[0.434s] -- Up-to-date: /home/gsylvia/agrobot-reverse-engineering/Agrobot/install/epos2_bridge_interfaces/include/epos2_bridge_interfaces/epos2_bridge_interfaces/srv/detail/move_delta__type_support.h
[0.434s] -- Up-to-date: /home/gsylvia/agrobot-reverse-engineering/Agrobot/install/epos2_bridge_interfaces/include/epos2_bridge_interfaces/epos2_bridge_interfaces/srv/detail/move_absolute_timed__functions.h
[0.434s] -- Up-to-date: /home/gsylvia/agrobot-reverse-engineering/Agrobot/install/epos2_bridge_interfaces/include/epos2_bridge_interfaces/epos2_bridge_interfaces/srv/move_absolute.h
[0.434s] -- Up-to-date: /home/gsylvia/agrobot-reverse-engineering/Agrobot/install/epos2_bridge_interfaces/include/epos2_bridge_interfaces/epos2_bridge_interfaces/srv/move_delta.h
[0.434s] -- Up-to-date: /home/gsylvia/agrobot-reverse-engineering/Agrobot/install/epos2_bridge_interfaces/include/epos2_bridge_interfaces/epos2_bridge_interfaces/msg
[0.434s] -- Up-to-date: /home/gsylvia/agrobot-reverse-engineering/Agrobot/install/epos2_bridge_interfaces/include/epos2_bridge_interfaces/epos2_bridge_interfaces/msg/rosidl_generator_c__visibility_control.h
[0.434s] -- Up-to-date: /home/gsylvia/agrobot-reverse-engineering/Agrobot/install/epos2_bridge_interfaces/share/epos2_bridge_interfaces/environment/library_path.sh
[0.434s] -- Up-to-date: /home/gsylvia/agrobot-reverse-engineering/Agrobot/install/epos2_bridge_interfaces/share/epos2_bridge_interfaces/environment/library_path.dsv
[0.435s] -- Up-to-date: /home/gsylvia/agrobot-reverse-engineering/Agrobot/install/epos2_bridge_interfaces/lib/libepos2_bridge_interfaces__rosidl_generator_c.so
[0.435s] -- Up-to-date: /home/gsylvia/agrobot-reverse-engineering/Agrobot/install/epos2_bridge_interfaces/include/epos2_bridge_interfaces/epos2_bridge_interfaces
[0.435s] -- Up-to-date: /home/gsylvia/agrobot-reverse-engineering/Agrobot/install/epos2_bridge_interfaces/include/epos2_bridge_interfaces/epos2_bridge_interfaces/srv
[0.435s] -- Up-to-date: /home/gsylvia/agrobot-reverse-engineering/Agrobot/install/epos2_bridge_interfaces/include/epos2_bridge_interfaces/epos2_bridge_interfaces/srv/detail
[0.435s] -- Up-to-date: /home/gsylvia/agrobot-reverse-engineering/Agrobot/install/epos2_bridge_interfaces/include/epos2_bridge_interfaces/epos2_bridge_interfaces/srv/detail/move_absolute_timed__rosidl_typesupport_fastrtps_c.h
[0.435s] -- Up-to-date: /home/gsylvia/agrobot-reverse-engineering/Agrobot/install/epos2_bridge_interfaces/include/epos2_bridge_interfaces/epos2_bridge_interfaces/srv/detail/move_delta__rosidl_typesupport_fastrtps_c.h
[0.436s] -- Up-to-date: /home/gsylvia/agrobot-reverse-engineering/Agrobot/install/epos2_bridge_interfaces/include/epos2_bridge_interfaces/epos2_bridge_interfaces/srv/detail/move_absolute__rosidl_typesupport_fastrtps_c.h
[0.436s] -- Up-to-date: /home/gsylvia/agrobot-reverse-engineering/Agrobot/install/epos2_bridge_interfaces/include/epos2_bridge_interfaces/epos2_bridge_interfaces/msg
[0.436s] -- Up-to-date: /home/gsylvia/agrobot-reverse-engineering/Agrobot/install/epos2_bridge_interfaces/include/epos2_bridge_interfaces/epos2_bridge_interfaces/msg/rosidl_typesupport_fastrtps_c__visibility_control.h
[0.436s] -- Up-to-date: /home/gsylvia/agrobot-reverse-engineering/Agrobot/install/epos2_bridge_interfaces/lib/libepos2_bridge_interfaces__rosidl_typesupport_fastrtps_c.so
[0.436s] -- Up-to-date: /home/gsylvia/agrobot-reverse-engineering/Agrobot/install/epos2_bridge_interfaces/include/epos2_bridge_interfaces/epos2_bridge_interfaces
[0.436s] -- Up-to-date: /home/gsylvia/agrobot-reverse-engineering/Agrobot/install/epos2_bridge_interfaces/include/epos2_bridge_interfaces/epos2_bridge_interfaces/srv
[0.436s] -- Up-to-date: /home/gsylvia/agrobot-reverse-engineering/Agrobot/install/epos2_bridge_interfaces/include/epos2_bridge_interfaces/epos2_bridge_interfaces/srv/detail
[0.437s] -- Up-to-date: /home/gsylvia/agrobot-reverse-engineering/Agrobot/install/epos2_bridge_interfaces/include/epos2_bridge_interfaces/epos2_bridge_interfaces/srv/detail/move_absolute_timed__rosidl_typesupport_introspection_c.h
[0.437s] -- Up-to-date: /home/gsylvia/agrobot-reverse-engineering/Agrobot/install/epos2_bridge_interfaces/include/epos2_bridge_interfaces/epos2_bridge_interfaces/srv/detail/move_absolute__rosidl_typesupport_introspection_c.h
[0.437s] -- Up-to-date: /home/gsylvia/agrobot-reverse-engineering/Agrobot/install/epos2_bridge_interfaces/include/epos2_bridge_interfaces/epos2_bridge_interfaces/srv/detail/move_absolute_timed__type_support.c
[0.437s] -- Up-to-date: /home/gsylvia/agrobot-reverse-engineering/Agrobot/install/epos2_bridge_interfaces/include/epos2_bridge_interfaces/epos2_bridge_interfaces/srv/detail/move_delta__type_support.c
[0.437s] -- Up-to-date: /home/gsylvia/agrobot-reverse-engineering/Agrobot/install/epos2_bridge_interfaces/include/epos2_bridge_interfaces/epos2_bridge_interfaces/srv/detail/move_delta__rosidl_typesupport_introspection_c.h
[0.437s] -- Up-to-date: /home/gsylvia/agrobot-reverse-engineering/Agrobot/install/epos2_bridge_interfaces/include/epos2_bridge_interfaces/epos2_bridge_interfaces/srv/detail/move_absolute__type_support.c
[0.437s] -- Up-to-date: /home/gsylvia/agrobot-reverse-engineering/Agrobot/install/epos2_bridge_interfaces/include/epos2_bridge_interfaces/epos2_bridge_interfaces/msg
[0.437s] -- Up-to-date: /home/gsylvia/agrobot-reverse-engineering/Agrobot/install/epos2_bridge_interfaces/include/epos2_bridge_interfaces/epos2_bridge_interfaces/msg/rosidl_typesupport_introspection_c__visibility_control.h
[0.437s] -- Up-to-date: /home/gsylvia/agrobot-reverse-engineering/Agrobot/install/epos2_bridge_interfaces/lib/libepos2_bridge_interfaces__rosidl_typesupport_introspection_c.so
[0.438s] -- Up-to-date: /home/gsylvia/agrobot-reverse-engineering/Agrobot/install/epos2_bridge_interfaces/lib/libepos2_bridge_interfaces__rosidl_typesupport_c.so
[0.438s] -- Up-to-date: /home/gsylvia/agrobot-reverse-engineering/Agrobot/install/epos2_bridge_interfaces/include/epos2_bridge_interfaces/epos2_bridge_interfaces
[0.438s] -- Up-to-date: /home/gsylvia/agrobot-reverse-engineering/Agrobot/install/epos2_bridge_interfaces/include/epos2_bridge_interfaces/epos2_bridge_interfaces/srv
[0.438s] -- Up-to-date: /home/gsylvia/agrobot-reverse-engineering/Agrobot/install/epos2_bridge_interfaces/include/epos2_bridge_interfaces/epos2_bridge_interfaces/srv/move_absolute.hpp
[0.438s] -- Up-to-date: /home/gsylvia/agrobot-reverse-engineering/Agrobot/install/epos2_bridge_interfaces/include/epos2_bridge_interfaces/epos2_bridge_interfaces/srv/move_delta.hpp
[0.438s] -- Up-to-date: /home/gsylvia/agrobot-reverse-engineering/Agrobot/install/epos2_bridge_interfaces/include/epos2_bridge_interfaces/epos2_bridge_interfaces/srv/detail
[0.438s] -- Up-to-date: /home/gsylvia/agrobot-reverse-engineering/Agrobot/install/epos2_bridge_interfaces/include/epos2_bridge_interfaces/epos2_bridge_interfaces/srv/detail/move_delta__builder.hpp
[0.438s] -- Up-to-date: /home/gsylvia/agrobot-reverse-engineering/Agrobot/install/epos2_bridge_interfaces/include/epos2_bridge_interfaces/epos2_bridge_interfaces/srv/detail/move_delta__struct.hpp
[0.439s] -- Up-to-date: /home/gsylvia/agrobot-reverse-engineering/Agrobot/install/epos2_bridge_interfaces/include/epos2_bridge_interfaces/epos2_bridge_interfaces/srv/detail/move_absolute__struct.hpp
[0.439s] -- Up-to-date: /home/gsylvia/agrobot-reverse-engineering/Agrobot/install/epos2_bridge_interfaces/include/epos2_bridge_interfaces/epos2_bridge_interfaces/srv/detail/move_delta__type_support.hpp
[0.439s] -- Up-to-date: /home/gsylvia/agrobot-reverse-engineering/Agrobot/install/epos2_bridge_interfaces/include/epos2_bridge_interfaces/epos2_bridge_interfaces/srv/detail/move_absolute__type_support.hpp
[0.439s] -- Up-to-date: /home/gsylvia/agrobot-reverse-engineering/Agrobot/install/epos2_bridge_interfaces/include/epos2_bridge_interfaces/epos2_bridge_interfaces/srv/detail/move_absolute__builder.hpp
[0.439s] -- Up-to-date: /home/gsylvia/agrobot-reverse-engineering/Agrobot/install/epos2_bridge_interfaces/include/epos2_bridge_interfaces/epos2_bridge_interfaces/srv/detail/move_absolute_timed__struct.hpp
[0.439s] -- Up-to-date: /home/gsylvia/agrobot-reverse-engineering/Agrobot/install/epos2_bridge_interfaces/include/epos2_bridge_interfaces/epos2_bridge_interfaces/srv/detail/move_absolute_timed__builder.hpp
[0.439s] -- Up-to-date: /home/gsylvia/agrobot-reverse-engineering/Agrobot/install/epos2_bridge_interfaces/include/epos2_bridge_interfaces/epos2_bridge_interfaces/srv/detail/move_absolute__traits.hpp
[0.439s] -- Up-to-date: /home/gsylvia/agrobot-reverse-engineering/Agrobot/install/epos2_bridge_interfaces/include/epos2_bridge_interfaces/epos2_bridge_interfaces/srv/detail/move_absolute_timed__type_support.hpp
[0.439s] -- Up-to-date: /home/gsylvia/agrobot-reverse-engineering/Agrobot/install/epos2_bridge_interfaces/include/epos2_bridge_interfaces/epos2_bridge_interfaces/srv/detail/move_absolute_timed__traits.hpp
[0.439s] -- Up-to-date: /home/gsylvia/agrobot-reverse-engineering/Agrobot/install/epos2_bridge_interfaces/include/epos2_bridge_interfaces/epos2_bridge_interfaces/srv/detail/move_delta__traits.hpp
[0.439s] -- Up-to-date: /home/gsylvia/agrobot-reverse-engineering/Agrobot/install/epos2_bridge_interfaces/include/epos2_bridge_interfaces/epos2_bridge_interfaces/srv/move_absolute_timed.hpp
[0.439s] -- Up-to-date: /home/gsylvia/agrobot-reverse-engineering/Agrobot/install/epos2_bridge_interfaces/include/epos2_bridge_interfaces/epos2_bridge_interfaces/msg
[0.439s] -- Up-to-date: /home/gsylvia/agrobot-reverse-engineering/Agrobot/install/epos2_bridge_interfaces/include/epos2_bridge_interfaces/epos2_bridge_interfaces/msg/rosidl_generator_cpp__visibility_control.hpp
[0.439s] -- Up-to-date: /home/gsylvia/agrobot-reverse-engineering/Agrobot/install/epos2_bridge_interfaces/include/epos2_bridge_interfaces/epos2_bridge_interfaces
[0.439s] -- Up-to-date: /home/gsylvia/agrobot-reverse-engineering/Agrobot/install/epos2_bridge_interfaces/include/epos2_bridge_interfaces/epos2_bridge_interfaces/srv
[0.440s] -- Up-to-date: /home/gsylvia/agrobot-reverse-engineering/Agrobot/install/epos2_bridge_interfaces/include/epos2_bridge_interfaces/epos2_bridge_interfaces/srv/detail
[0.440s] -- Up-to-date: /home/gsylvia/agrobot-reverse-engineering/Agrobot/install/epos2_bridge_interfaces/include/epos2_bridge_interfaces/epos2_bridge_interfaces/srv/detail/move_absolute_timed__rosidl_typesupport_fastrtps_cpp.hpp
[0.440s] -- Up-to-date: /home/gsylvia/agrobot-reverse-engineering/Agrobot/install/epos2_bridge_interfaces/include/epos2_bridge_interfaces/epos2_bridge_interfaces/srv/detail/dds_fastrtps
[0.440s] -- Up-to-date: /home/gsylvia/agrobot-reverse-engineering/Agrobot/install/epos2_bridge_interfaces/include/epos2_bridge_interfaces/epos2_bridge_interfaces/srv/detail/move_absolute__rosidl_typesupport_fastrtps_cpp.hpp
[0.440s] -- Up-to-date: /home/gsylvia/agrobot-reverse-engineering/Agrobot/install/epos2_bridge_interfaces/include/epos2_bridge_interfaces/epos2_bridge_interfaces/srv/detail/move_delta__rosidl_typesupport_fastrtps_cpp.hpp
[0.440s] -- Up-to-date: /home/gsylvia/agrobot-reverse-engineering/Agrobot/install/epos2_bridge_interfaces/include/epos2_bridge_interfaces/epos2_bridge_interfaces/msg
[0.440s] -- Up-to-date: /home/gsylvia/agrobot-reverse-engineering/Agrobot/install/epos2_bridge_interfaces/include/epos2_bridge_interfaces/epos2_bridge_interfaces/msg/rosidl_typesupport_fastrtps_cpp__visibility_control.h
[0.440s] -- Up-to-date: /home/gsylvia/agrobot-reverse-engineering/Agrobot/install/epos2_bridge_interfaces/lib/libepos2_bridge_interfaces__rosidl_typesupport_fastrtps_cpp.so
[0.440s] -- Up-to-date: /home/gsylvia/agrobot-reverse-engineering/Agrobot/install/epos2_bridge_interfaces/include/epos2_bridge_interfaces/epos2_bridge_interfaces
[0.440s] -- Up-to-date: /home/gsylvia/agrobot-reverse-engineering/Agrobot/install/epos2_bridge_interfaces/include/epos2_bridge_interfaces/epos2_bridge_interfaces/srv
[0.440s] -- Up-to-date: /home/gsylvia/agrobot-reverse-engineering/Agrobot/install/epos2_bridge_interfaces/include/epos2_bridge_interfaces/epos2_bridge_interfaces/srv/detail
[0.440s] -- Up-to-date: /home/gsylvia/agrobot-reverse-engineering/Agrobot/install/epos2_bridge_interfaces/include/epos2_bridge_interfaces/epos2_bridge_interfaces/srv/detail/move_delta__rosidl_typesupport_introspection_cpp.hpp
[0.440s] -- Up-to-date: /home/gsylvia/agrobot-reverse-engineering/Agrobot/install/epos2_bridge_interfaces/include/epos2_bridge_interfaces/epos2_bridge_interfaces/srv/detail/move_absolute__rosidl_typesupport_introspection_cpp.hpp
[0.440s] -- Up-to-date: /home/gsylvia/agrobot-reverse-engineering/Agrobot/install/epos2_bridge_interfaces/include/epos2_bridge_interfaces/epos2_bridge_interfaces/srv/detail/move_absolute_timed__rosidl_typesupport_introspection_cpp.hpp
[0.440s] -- Up-to-date: /home/gsylvia/agrobot-reverse-engineering/Agrobot/install/epos2_bridge_interfaces/include/epos2_bridge_interfaces/epos2_bridge_interfaces/srv/detail/move_delta__type_support.cpp
[0.440s] -- Up-to-date: /home/gsylvia/agrobot-reverse-engineering/Agrobot/install/epos2_bridge_interfaces/include/epos2_bridge_interfaces/epos2_bridge_interfaces/srv/detail/move_absolute_timed__type_support.cpp
[0.440s] -- Up-to-date: /home/gsylvia/agrobot-reverse-engineering/Agrobot/install/epos2_bridge_interfaces/include/epos2_bridge_interfaces/epos2_bridge_interfaces/srv/detail/move_absolute__type_support.cpp
[0.440s] -- Up-to-date: /home/gsylvia/agrobot-reverse-engineering/Agrobot/install/epos2_bridge_interfaces/lib/libepos2_bridge_interfaces__rosidl_typesupport_introspection_cpp.so
[0.443s] -- Up-to-date: /home/gsylvia/agrobot-reverse-engineering/Agrobot/install/epos2_bridge_interfaces/lib/libepos2_bridge_interfaces__rosidl_typesupport_cpp.so
[0.443s] -- Up-to-date: /home/gsylvia/agrobot-reverse-engineering/Agrobot/install/epos2_bridge_interfaces/share/epos2_bridge_interfaces/environment/pythonpath.sh
[0.443s] -- Up-to-date: /home/gsylvia/agrobot-reverse-engineering/Agrobot/install/epos2_bridge_interfaces/share/epos2_bridge_interfaces/environment/pythonpath.dsv
[0.443s] -- Up-to-date: /home/gsylvia/agrobot-reverse-engineering/Agrobot/install/epos2_bridge_interfaces/lib/python3.12/site-packages/epos2_bridge_interfaces-0.0.1-py3.12.egg-info
[0.443s] -- Installing: /home/gsylvia/agrobot-reverse-engineering/Agrobot/install/epos2_bridge_interfaces/lib/python3.12/site-packages/epos2_bridge_interfaces-0.0.1-py3.12.egg-info/PKG-INFO
[0.443s] -- Installing: /home/gsylvia/agrobot-reverse-engineering/Agrobot/install/epos2_bridge_interfaces/lib/python3.12/site-packages/epos2_bridge_interfaces-0.0.1-py3.12.egg-info/dependency_links.txt
[0.443s] -- Installing: /home/gsylvia/agrobot-reverse-engineering/Agrobot/install/epos2_bridge_interfaces/lib/python3.12/site-packages/epos2_bridge_interfaces-0.0.1-py3.12.egg-info/top_level.txt
[0.443s] -- Installing: /home/gsylvia/agrobot-reverse-engineering/Agrobot/install/epos2_bridge_interfaces/lib/python3.12/site-packages/epos2_bridge_interfaces-0.0.1-py3.12.egg-info/SOURCES.txt
[0.443s] -- Up-to-date: /home/gsylvia/agrobot-reverse-engineering/Agrobot/install/epos2_bridge_interfaces/lib/python3.12/site-packages/epos2_bridge_interfaces
[0.443s] -- Up-to-date: /home/gsylvia/agrobot-reverse-engineering/Agrobot/install/epos2_bridge_interfaces/lib/python3.12/site-packages/epos2_bridge_interfaces/epos2_bridge_interfaces_s__rosidl_typesupport_introspection_c.so
[0.443s] -- Up-to-date: /home/gsylvia/agrobot-reverse-engineering/Agrobot/install/epos2_bridge_interfaces/lib/python3.12/site-packages/epos2_bridge_interfaces/_epos2_bridge_interfaces_s.ep.rosidl_typesupport_fastrtps_c.c
[0.443s] -- Up-to-date: /home/gsylvia/agrobot-reverse-engineering/Agrobot/install/epos2_bridge_interfaces/lib/python3.12/site-packages/epos2_bridge_interfaces/_epos2_bridge_interfaces_s.ep.rosidl_typesupport_c.c
[0.443s] -- Up-to-date: /home/gsylvia/agrobot-reverse-engineering/Agrobot/install/epos2_bridge_interfaces/lib/python3.12/site-packages/epos2_bridge_interfaces/srv
[0.443s] -- Up-to-date: /home/gsylvia/agrobot-reverse-engineering/Agrobot/install/epos2_bridge_interfaces/lib/python3.12/site-packages/epos2_bridge_interfaces/srv/_move_delta.py
[0.443s] -- Up-to-date: /home/gsylvia/agrobot-reverse-engineering/Agrobot/install/epos2_bridge_interfaces/lib/python3.12/site-packages/epos2_bridge_interfaces/srv/_move_absolute_timed_s.c
[0.443s] -- Up-to-date: /home/gsylvia/agrobot-reverse-engineering/Agrobot/install/epos2_bridge_interfaces/lib/python3.12/site-packages/epos2_bridge_interfaces/srv/_move_absolute_timed.py
[0.444s] -- Up-to-date: /home/gsylvia/agrobot-reverse-engineering/Agrobot/install/epos2_bridge_interfaces/lib/python3.12/site-packages/epos2_bridge_interfaces/srv/_move_absolute_s.c
[0.444s] -- Up-to-date: /home/gsylvia/agrobot-reverse-engineering/Agrobot/install/epos2_bridge_interfaces/lib/python3.12/site-packages/epos2_bridge_interfaces/srv/__init__.py
[0.444s] -- Up-to-date: /home/gsylvia/agrobot-reverse-engineering/Agrobot/install/epos2_bridge_interfaces/lib/python3.12/site-packages/epos2_bridge_interfaces/srv/_move_delta_s.c
[0.444s] -- Up-to-date: /home/gsylvia/agrobot-reverse-engineering/Agrobot/install/epos2_bridge_interfaces/lib/python3.12/site-packages/epos2_bridge_interfaces/srv/_move_absolute.py
[0.444s] -- Up-to-date: /home/gsylvia/agrobot-reverse-engineering/Agrobot/install/epos2_bridge_interfaces/lib/python3.12/site-packages/epos2_bridge_interfaces/__init__.py
[0.444s] -- Up-to-date: /home/gsylvia/agrobot-reverse-engineering/Agrobot/install/epos2_bridge_interfaces/lib/python3.12/site-packages/epos2_bridge_interfaces/epos2_bridge_interfaces_s__rosidl_typesupport_c.so
[0.444s] -- Up-to-date: /home/gsylvia/agrobot-reverse-engineering/Agrobot/install/epos2_bridge_interfaces/lib/python3.12/site-packages/epos2_bridge_interfaces/epos2_bridge_interfaces_s__rosidl_typesupport_fastrtps_c.so
[0.444s] -- Up-to-date: /home/gsylvia/agrobot-reverse-engineering/Agrobot/install/epos2_bridge_interfaces/lib/python3.12/site-packages/epos2_bridge_interfaces/_epos2_bridge_interfaces_s.ep.rosidl_typesupport_introspection_c.c
[0.479s] Listing '/home/gsylvia/agrobot-reverse-engineering/Agrobot/install/epos2_bridge_interfaces/lib/python3.12/site-packages/epos2_bridge_interfaces'...
[0.479s] Listing '/home/gsylvia/agrobot-reverse-engineering/Agrobot/install/epos2_bridge_interfaces/lib/python3.12/site-packages/epos2_bridge_interfaces/srv'...
[0.484s] -- Up-to-date: /home/gsylvia/agrobot-reverse-engineering/Agrobot/install/epos2_bridge_interfaces/lib/python3.12/site-packages/epos2_bridge_interfaces/epos2_bridge_interfaces_s__rosidl_typesupport_fastrtps_c.so
[0.485s] -- Up-to-date: /home/gsylvia/agrobot-reverse-engineering/Agrobot/install/epos2_bridge_interfaces/lib/python3.12/site-packages/epos2_bridge_interfaces/epos2_bridge_interfaces_s__rosidl_typesupport_introspection_c.so
[0.486s] -- Up-to-date: /home/gsylvia/agrobot-reverse-engineering/Agrobot/install/epos2_bridge_interfaces/lib/python3.12/site-packages/epos2_bridge_interfaces/epos2_bridge_interfaces_s__rosidl_typesupport_c.so
[0.487s] -- Up-to-date: /home/gsylvia/agrobot-reverse-engineering/Agrobot/install/epos2_bridge_interfaces/lib/libepos2_bridge_interfaces__rosidl_generator_py.so
[0.487s] -- Up-to-date: /home/gsylvia/agrobot-reverse-engineering/Agrobot/install/epos2_bridge_interfaces/share/epos2_bridge_interfaces/rust
[0.487s] -- Up-to-date: /home/gsylvia/agrobot-reverse-engineering/Agrobot/install/epos2_bridge_interfaces/share/epos2_bridge_interfaces/rust/build.rs
[0.487s] -- Up-to-date: /home/gsylvia/agrobot-reverse-engineering/Agrobot/install/epos2_bridge_interfaces/share/epos2_bridge_interfaces/rust/Cargo.toml
[0.488s] -- Up-to-date: /home/gsylvia/agrobot-reverse-engineering/Agrobot/install/epos2_bridge_interfaces/share/epos2_bridge_interfaces/rust/src
[0.488s] -- Up-to-date: /home/gsylvia/agrobot-reverse-engineering/Agrobot/install/epos2_bridge_interfaces/share/epos2_bridge_interfaces/rust/src/srv.rs
[0.488s] -- Up-to-date: /home/gsylvia/agrobot-reverse-engineering/Agrobot/install/epos2_bridge_interfaces/share/epos2_bridge_interfaces/rust/src/srv
[0.488s] -- Up-to-date: /home/gsylvia/agrobot-reverse-engineering/Agrobot/install/epos2_bridge_interfaces/share/epos2_bridge_interfaces/rust/src/srv/rmw.rs
[0.488s] -- Up-to-date: /home/gsylvia/agrobot-reverse-engineering/Agrobot/install/epos2_bridge_interfaces/share/epos2_bridge_interfaces/rust/src/lib.rs
[0.488s] -- Up-to-date: /home/gsylvia/agrobot-reverse-engineering/Agrobot/install/epos2_bridge_interfaces/share/epos2_bridge_interfaces/srv/MoveDelta.idl
[0.488s] -- Up-to-date: /home/gsylvia/agrobot-reverse-engineering/Agrobot/install/epos2_bridge_interfaces/share/epos2_bridge_interfaces/srv/MoveAbsolute.idl
[0.488s] -- Up-to-date: /home/gsylvia/agrobot-reverse-engineering/Agrobot/install/epos2_bridge_interfaces/share/epos2_bridge_interfaces/srv/MoveAbsoluteTimed.idl
[0.488s] -- Up-to-date: /home/gsylvia/agrobot-reverse-engineering/Agrobot/install/epos2_bridge_interfaces/share/epos2_bridge_interfaces/srv/MoveDelta.srv
[0.488s] -- Up-to-date: /home/gsylvia/agrobot-reverse-engineering/Agrobot/install/epos2_bridge_interfaces/share/epos2_bridge_interfaces/srv/MoveAbsolute.srv
[0.488s] -- Up-to-date: /home/gsylvia/agrobot-reverse-engineering/Agrobot/install/epos2_bridge_interfaces/share/epos2_bridge_interfaces/srv/MoveAbsoluteTimed.srv
[0.488s] -- Up-to-date: /home/gsylvia/agrobot-reverse-engineering/Agrobot/install/epos2_bridge_interfaces/share/ament_index/resource_index/package_run_dependencies/epos2_bridge_interfaces
[0.488s] -- Up-to-date: /home/gsylvia/agrobot-reverse-engineering/Agrobot/install/epos2_bridge_interfaces/share/ament_index/resource_index/parent_prefix_path/epos2_bridge_interfaces
[0.488s] -- Up-to-date: /home/gsylvia/agrobot-reverse-engineering/Agrobot/install/epos2_bridge_interfaces/share/epos2_bridge_interfaces/environment/ament_prefix_path.sh
[0.488s] -- Up-to-date: /home/gsylvia/agrobot-reverse-engineering/Agrobot/install/epos2_bridge_interfaces/share/epos2_bridge_interfaces/environment/ament_prefix_path.dsv
[0.488s] -- Up-to-date: /home/gsylvia/agrobot-reverse-engineering/Agrobot/install/epos2_bridge_interfaces/share/epos2_bridge_interfaces/environment/path.sh
[0.488s] -- Up-to-date: /home/gsylvia/agrobot-reverse-engineering/Agrobot/install/epos2_bridge_interfaces/share/epos2_bridge_interfaces/environment/path.dsv
[0.488s] -- Up-to-date: /home/gsylvia/agrobot-reverse-engineering/Agrobot/install/epos2_bridge_interfaces/share/epos2_bridge_interfaces/local_setup.bash
[0.488s] -- Up-to-date: /home/gsylvia/agrobot-reverse-engineering/Agrobot/install/epos2_bridge_interfaces/share/epos2_bridge_interfaces/local_setup.sh
[0.488s] -- Up-to-date: /home/gsylvia/agrobot-reverse-engineering/Agrobot/install/epos2_bridge_interfaces/share/epos2_bridge_interfaces/local_setup.zsh
[0.488s] -- Up-to-date: /home/gsylvia/agrobot-reverse-engineering/Agrobot/install/epos2_bridge_interfaces/share/epos2_bridge_interfaces/local_setup.dsv
[0.488s] -- Installing: /home/gsylvia/agrobot-reverse-engineering/Agrobot/install/epos2_bridge_interfaces/share/epos2_bridge_interfaces/package.dsv
[0.489s] -- Up-to-date: /home/gsylvia/agrobot-reverse-engineering/Agrobot/install/epos2_bridge_interfaces/share/ament_index/resource_index/packages/epos2_bridge_interfaces
[0.489s] -- Up-to-date: /home/gsylvia/agrobot-reverse-engineering/Agrobot/install/epos2_bridge_interfaces/share/epos2_bridge_interfaces/cmake/export_epos2_bridge_interfaces__rosidl_generator_cExport.cmake
[0.489s] -- Up-to-date: /home/gsylvia/agrobot-reverse-engineering/Agrobot/install/epos2_bridge_interfaces/share/epos2_bridge_interfaces/cmake/export_epos2_bridge_interfaces__rosidl_generator_cExport-noconfig.cmake
[0.490s] -- Up-to-date: /home/gsylvia/agrobot-reverse-engineering/Agrobot/install/epos2_bridge_interfaces/share/epos2_bridge_interfaces/cmake/export_epos2_bridge_interfaces__rosidl_typesupport_fastrtps_cExport.cmake
[0.490s] -- Up-to-date: /home/gsylvia/agrobot-reverse-engineering/Agrobot/install/epos2_bridge_interfaces/share/epos2_bridge_interfaces/cmake/export_epos2_bridge_interfaces__rosidl_typesupport_fastrtps_cExport-noconfig.cmake
[0.490s] -- Up-to-date: /home/gsylvia/agrobot-reverse-engineering/Agrobot/install/epos2_bridge_interfaces/share/epos2_bridge_interfaces/cmake/epos2_bridge_interfaces__rosidl_typesupport_introspection_cExport.cmake
[0.491s] -- Up-to-date: /home/gsylvia/agrobot-reverse-engineering/Agrobot/install/epos2_bridge_interfaces/share/epos2_bridge_interfaces/cmake/epos2_bridge_interfaces__rosidl_typesupport_introspection_cExport-noconfig.cmake
[0.491s] -- Up-to-date: /home/gsylvia/agrobot-reverse-engineering/Agrobot/install/epos2_bridge_interfaces/share/epos2_bridge_interfaces/cmake/epos2_bridge_interfaces__rosidl_typesupport_cExport.cmake
[0.491s] -- Up-to-date: /home/gsylvia/agrobot-reverse-engineering/Agrobot/install/epos2_bridge_interfaces/share/epos2_bridge_interfaces/cmake/epos2_bridge_interfaces__rosidl_typesupport_cExport-noconfig.cmake
[0.492s] -- Up-to-date: /home/gsylvia/agrobot-reverse-engineering/Agrobot/install/epos2_bridge_interfaces/share/epos2_bridge_interfaces/cmake/export_epos2_bridge_interfaces__rosidl_generator_cppExport.cmake
[0.493s] -- Up-to-date: /home/gsylvia/agrobot-reverse-engineering/Agrobot/install/epos2_bridge_interfaces/share/epos2_bridge_interfaces/cmake/export_epos2_bridge_interfaces__rosidl_typesupport_fastrtps_cppExport.cmake
[0.493s] -- Up-to-date: /home/gsylvia/agrobot-reverse-engineering/Agrobot/install/epos2_bridge_interfaces/share/epos2_bridge_interfaces/cmake/export_epos2_bridge_interfaces__rosidl_typesupport_fastrtps_cppExport-noconfig.cmake
[0.493s] -- Up-to-date: /home/gsylvia/agrobot-reverse-engineering/Agrobot/install/epos2_bridge_interfaces/share/epos2_bridge_interfaces/cmake/epos2_bridge_interfaces__rosidl_typesupport_introspection_cppExport.cmake
[0.493s] -- Up-to-date: /home/gsylvia/agrobot-reverse-engineering/Agrobot/install/epos2_bridge_interfaces/share/epos2_bridge_interfaces/cmake/epos2_bridge_interfaces__rosidl_typesupport_introspection_cppExport-noconfig.cmake
[0.494s] -- Up-to-date: /home/gsylvia/agrobot-reverse-engineering/Agrobot/install/epos2_bridge_interfaces/share/epos2_bridge_interfaces/cmake/epos2_bridge_interfaces__rosidl_typesupport_cppExport.cmake
[0.494s] -- Up-to-date: /home/gsylvia/agrobot-reverse-engineering/Agrobot/install/epos2_bridge_interfaces/share/epos2_bridge_interfaces/cmake/epos2_bridge_interfaces__rosidl_typesupport_cppExport-noconfig.cmake
[0.494s] -- Up-to-date: /home/gsylvia/agrobot-reverse-engineering/Agrobot/install/epos2_bridge_interfaces/share/epos2_bridge_interfaces/cmake/export_epos2_bridge_interfaces__rosidl_generator_pyExport.cmake
[0.495s] -- Up-to-date: /home/gsylvia/agrobot-reverse-engineering/Agrobot/install/epos2_bridge_interfaces/share/epos2_bridge_interfaces/cmake/export_epos2_bridge_interfaces__rosidl_generator_pyExport-noconfig.cmake
[0.495s] -- Up-to-date: /home/gsylvia/agrobot-reverse-engineering/Agrobot/install/epos2_bridge_interfaces/share/epos2_bridge_interfaces/cmake/rosidl_cmake-extras.cmake
[0.495s] -- Up-to-date: /home/gsylvia/agrobot-reverse-engineering/Agrobot/install/epos2_bridge_interfaces/share/epos2_bridge_interfaces/cmake/ament_cmake_export_dependencies-extras.cmake
[0.495s] -- Up-to-date: /home/gsylvia/agrobot-reverse-engineering/Agrobot/install/epos2_bridge_interfaces/share/epos2_bridge_interfaces/cmake/ament_cmake_export_include_directories-extras.cmake
[0.495s] -- Up-to-date: /home/gsylvia/agrobot-reverse-engineering/Agrobot/install/epos2_bridge_interfaces/share/epos2_bridge_interfaces/cmake/ament_cmake_export_libraries-extras.cmake
[0.495s] -- Up-to-date: /home/gsylvia/agrobot-reverse-engineering/Agrobot/install/epos2_bridge_interfaces/share/epos2_bridge_interfaces/cmake/ament_cmake_export_targets-extras.cmake
[0.495s] -- Up-to-date: /home/gsylvia/agrobot-reverse-engineering/Agrobot/install/epos2_bridge_interfaces/share/epos2_bridge_interfaces/cmake/rosidl_cmake_export_typesupport_targets-extras.cmake
[0.495s] -- Up-to-date: /home/gsylvia/agrobot-reverse-engineering/Agrobot/install/epos2_bridge_interfaces/share/epos2_bridge_interfaces/cmake/rosidl_cmake_export_typesupport_libraries-extras.cmake
[0.496s] -- Up-to-date: /home/gsylvia/agrobot-reverse-engineering/Agrobot/install/epos2_bridge_interfaces/share/epos2_bridge_interfaces/cmake/rosidl_cmake_aggregate_target-extras.cmake
[0.496s] -- Up-to-date: /home/gsylvia/agrobot-reverse-engineering/Agrobot/install/epos2_bridge_interfaces/share/epos2_bridge_interfaces/cmake/epos2_bridge_interfacesConfig.cmake
[0.496s] -- Up-to-date: /home/gsylvia/agrobot-reverse-engineering/Agrobot/install/epos2_bridge_interfaces/share/epos2_bridge_interfaces/cmake/epos2_bridge_interfacesConfig-version.cmake
[0.496s] -- Up-to-date: /home/gsylvia/agrobot-reverse-engineering/Agrobot/install/epos2_bridge_interfaces/share/epos2_bridge_interfaces/package.xml
[0.498s] Invoked command in '/home/gsylvia/agrobot-reverse-engineering/Agrobot/build/epos2_bridge_interfaces' returned '0': CMAKE_PREFIX_PATH=${CMAKE_PREFIX_PATH}:/opt/ros/jazzy /usr/bin/cmake --install /home/gsylvia/agrobot-reverse-engineering/Agrobot/build/epos2_bridge_interfaces
